Component: ARM Compiler 5.06 update 2 (build 183) Tool: armlink [4d35b7]

==============================================================================

Section Cross References

    init.o(.text) refers to misc.o(.text) for NVIC_PriorityGroupConfig
    init.o(.text) refers to time.o(.text) for SysTick_Configuration
    init.o(.text) refers to i2c_soft.o(.text) for I2c_Soft_Init
    init.o(.text) refers to pwm_out.o(.text) for PWM_Out_Init
    init.o(.text) refers to mpu6050.o(.text) for MPU6050_Init
    init.o(.text) refers to led.o(.text) for LED_Init
    init.o(.text) refers to parameter.o(.text) for Para_Init
    init.o(.text) refers to ak8975.o(.text) for HMC5883L_SetUp
    init.o(.text) refers to bmp.o(.text) for MS5611_Init_FC
    init.o(.text) refers to usart.o(.text) for Usart1_Init
    init.o(.text) refers to dma.o(.text) for MYDMA_Config
    init.o(.text) refers to stm32f4xx_usart.o(.text) for USART_DMACmd
    init.o(.text) refers to flash.o(.text) for READ_PARM
    init.o(.text) refers to usart.o(.bss) for SendBuff1
    scheduler.o(.text) refers to time.o(.text) for Get_Cycle_T
    scheduler.o(.text) refers to f2d.o(x$fpl$f2d) for __aeabi_f2d
    scheduler.o(.text) refers to dleqf.o(x$fpl$dleqf) for __aeabi_cdcmple
    scheduler.o(.text) refers to drleqf.o(x$fpl$drleqf) for __aeabi_cdrcmple
    scheduler.o(.text) refers to mpu6050.o(.text) for MPU6050_Read
    scheduler.o(.text) refers to dflt_clz.o(x$fpl$dfltu) for __aeabi_ui2d
    scheduler.o(.text) refers to imu.o(.text) for IMUupdate
    scheduler.o(.text) refers to ctrl.o(.text) for CTRL_1
    scheduler.o(.text) refers to rc.o(.text) for RC_Duty
    scheduler.o(.text) refers to usart.o(.text) for GOL_LINK_TASK
    scheduler.o(.text) refers to stm32f4xx_dma.o(.text) for DMA_GetFlagStatus
    scheduler.o(.text) refers to dmul.o(x$fpl$dmul) for __aeabi_dmul
    scheduler.o(.text) refers to dfix.o(x$fpl$dfix) for __aeabi_d2iz
    scheduler.o(.text) refers to scheduler.o(.bss) for loop
    scheduler.o(.text) refers to scheduler.o(.data) for inner_loop_time
    scheduler.o(.text) refers to mpu6050.o(.bss) for mpu6050_fc
    scheduler.o(.text) refers to imu.o(.data) for Pit_fc
    scheduler.o(.text) refers to usart.o(.data) for NAV_BOARD_CONNECT
    scheduler.o(.text) refers to fly_mode.o(.bss) for mode
    scheduler.o(.text) refers to ctrl.o(.bss) for ctrl_2
    scheduler.o(.text) refers to usart.o(.bss) for flow_debug
    scheduler.o(.text) refers to ddiv.o(x$fpl$ddiv) for __aeabi_ddiv
    scheduler.o(.text) refers to height_ctrl1.o(.data) for ultra_speed
    scheduler.o(.text) refers to height_ctrl1.o(.bss) for hc_value
    scheduler.o(.text) refers to bmp.o(.bss) for baro
    scheduler.o(.text) refers to bmp.o(.data) for baroAlt
    scheduler.o(.text) refers to ctrl.o(.data) for thr_value
    scheduler.o(.text) refers to alt_fushion.o(.data) for ALT_POS_SONAR2
    scheduler.o(.text) refers to alt_fushion.o(.bss) for acc_body
    scheduler.o(.text) refers to pos_ctrl.o(.bss) for nav_spd_ctrl
    scheduler.o(.text) refers to stm32f4xx_usart.o(.text) for USART_DMACmd
    scheduler.o(.text) refers to dma.o(.text) for MYDMA_Enable
    scheduler.o(.text) refers to d2f.o(x$fpl$d2f) for __aeabi_d2f
    scheduler.o(.text) refers to anotc_baro_ctrl.o(.text) for baro_ctrl
    scheduler.o(.text) refers to pos_ctrl.o(.text) for Positon_control
    scheduler.o(.text) refers to mymath.o(.text) for my_deathzoom_rc
    scheduler.o(.text) refers to rc.o(.bss) for RX_CH_FIX_PWM
    scheduler.o(.text) refers to fly_mode.o(.text) for mode_check
    scheduler.o(.text) refers to ak8975.o(.text) for ANO_AK8975_Read
    scheduler.o(.text) refers to led.o(.text) for LEDRGB
    scheduler.o(.text) refers to time.o(.data) for time_1ms
    parameter.o(.text) refers to ctrl.o(.text) for Ctrl_Para_Init
    parameter.o(.text) refers to mpu6050.o(.bss) for mpu6050
    parameter.o(.text) refers to parameter.o(.bss) for sensor_setup
    parameter.o(.text) refers to ak8975.o(.data) for ak8975
    parameter.o(.text) refers to ctrl.o(.bss) for ctrl_1
    parameter.o(.text) refers to parameter.o(.constdata) for .constdata
    parameter.o(.text) refers to parameter.o(.data) for flash_init_error
    fly_mode.o(.text) refers to usart.o(.bss) for Rc_Get_PWM
    fly_mode.o(.text) refers to height_ctrl1.o(.data) for height_ctrl_mode
    fly_mode.o(.text) refers to fly_mode.o(.bss) for mode
    fly_mode.o(.text) refers to fly_mode.o(.data) for mode_state
    main.o(.text) refers to init.o(.text) for All_Init
    main.o(.text) refers to scheduler.o(.text) for Duty_Loop
    main.o(.text) refers to main.o(.data) for Init_Finish
    stm32f4xx_it.o(.text) refers to time.o(.text) for sys_time
    stm32f4xx_it.o(.text) refers to time.o(.data) for sysTickUptime
    iic_hml.o(.text) refers to stm32f4xx_rcc.o(.text) for RCC_AHB1PeriphClockCmd
    iic_hml.o(.text) refers to stm32f4xx_gpio.o(.text) for GPIO_Init
    iic_hml.o(.text) refers to time.o(.text) for Delay_us
[...]
    MS5611_Init_FC                           0x0801f3a9   Thumb Code    18  bmp.o(.text)
    MS561101BA_GetTemperature                0x0801f3bb   Thumb Code    12  bmp.o(.text)
    MS561101BA_get_altitude                  0x0801f3c7   Thumb Code   328  bmp.o(.text)
    MS561101BA_getPressure                   0x0801f50f   Thumb Code   830  bmp.o(.text)
    MS5611_ThreadNew                         0x0801f84d   Thumb Code   172  bmp.o(.text)
    WaitBaroInitOffset                       0x0801f8f9   Thumb Code    58  bmp.o(.text)
    baro_compensate                          0x0801f985   Thumb Code   274  anotc_baro_ctrl.o(.text)
    fusion_prepare                           0x0801fa97   Thumb Code   178  anotc_baro_ctrl.o(.text)
    acc_fusion                               0x0801fb49   Thumb Code   388  anotc_baro_ctrl.o(.text)
    baro_ctrl                                0x0801fccd   Thumb Code   876  anotc_baro_ctrl.o(.text)
    Ultrasonic_Init                          0x08020081   Thumb Code    12  ultrasonic.o(.text)
    Ultra_Duty                               0x0802008d   Thumb Code    80  ultrasonic.o(.text)
    sonar_filter_oldx                        0x080200dd   Thumb Code   416  ultrasonic.o(.text)
    Ultra_Get                                0x0802027d   Thumb Code   152  ultrasonic.o(.text)
    kf_oldx                                  0x08020bed   Thumb Code  3726  kf_oldx.o(.text)
    kf_oldx_initialize                       0x08021a7b   Thumb Code    10  kf_oldx.o(.text)
    kf_oldx_terminate                        0x08021a85   Thumb Code     2  kf_oldx.o(.text)
    rt_InitInfAndNaN                         0x08021a99   Thumb Code    66  rt_nonfinite.o(.text)
    rtIsInf                                  0x08021adb   Thumb Code    66  rt_nonfinite.o(.text)
    rtIsInfF                                 0x08021b1d   Thumb Code    40  rt_nonfinite.o(.text)
    rtIsNaN                                  0x08021b45   Thumb Code    40  rt_nonfinite.o(.text)
    rtIsNaNF                                 0x08021b6d   Thumb Code    18  rt_nonfinite.o(.text)
    rtGetInfF                                0x08021b99   Thumb Code    14  rtgetinf.o(.text)
    rtGetInf                                 0x08021ba7   Thumb Code   130  rtgetinf.o(.text)
    rtGetMinusInfF                           0x08021c29   Thumb Code    12  rtgetinf.o(.text)
    rtGetMinusInf                            0x08021c35   Thumb Code   130  rtgetinf.o(.text)
    rtGetNaNF                                0x08021ccd   Thumb Code    48  rtgetnan.o(.text)
    rtGetNaN                                 0x08021cfd   Thumb Code   134  rtgetnan.o(.text)
    __aeabi_ldivmod                          0x08021d95   Thumb Code     0  llsdiv.o(.text)
    _ll_sdiv                                 0x08021d95   Thumb Code    72  llsdiv.o(.text)
    __aeabi_memcpy4                          0x08021ddd   Thumb Code     0  rt_memcpy_w.o(.text)
    __aeabi_memcpy8                          0x08021ddd   Thumb Code     0  rt_memcpy_w.o(.text)
    __rt_memcpy_w                            0x08021ddd   Thumb Code   100  rt_memcpy_w.o(.text)
    _memcpy_lastbytes_aligned                0x08021e25   Thumb Code     0  rt_memcpy_w.o(.text)
    __aeabi_memclr4                          0x08021e41   Thumb Code     0  rt_memclr_w.o(.text)
    __aeabi_memclr8                          0x08021e41   Thumb Code     0  rt_memclr_w.o(.text)
    __rt_memclr_w                            0x08021e41   Thumb Code    78  rt_memclr_w.o(.text)
    _memset_w                                0x08021e45   Thumb Code     0  rt_memclr_w.o(.text)
    __use_two_region_memory                  0x08021e8f   Thumb Code     2  heapauxi.o(.text)
    __rt_heap_escrow$2region                 0x08021e91   Thumb Code     2  heapauxi.o(.text)
    __rt_heap_expand$2region                 0x08021e93   Thumb Code     2  heapauxi.o(.text)
    __aeabi_uldivmod                         0x08021e95   Thumb Code     0  lludivv7m.o(.text)
    _ll_udiv                                 0x08021e95   Thumb Code   238  lludivv7m.o(.text)
    __read_errno                             0x08021f83   Thumb Code    10  _rserrno.o(.text)
    __set_errno                              0x08021f8d   Thumb Code    12  _rserrno.o(.text)
    __aeabi_errno_addr                       0x08021f99   Thumb Code     8  rt_errno_addr_intlibspace.o(.text)
    __errno$intlibspace                      0x08021f99   Thumb Code     0  rt_errno_addr_intlibspace.o(.text)
    __rt_errno_addr$intlibspace              0x08021f99   Thumb Code     0  rt_errno_addr_intlibspace.o(.text)
    __user_libspace                          0x08021fa1   Thumb Code     8  libspace.o(.text)
    __user_perproc_libspace                  0x08021fa1   Thumb Code     0  libspace.o(.text)
    __user_perthread_libspace                0x08021fa1   Thumb Code     0  libspace.o(.text)
    __user_setup_stackheap                   0x08021fa9   Thumb Code    74  sys_stackheap_outer.o(.text)
    exit                                     0x08021ff3   Thumb Code    18  exit.o(.text)
    _sys_exit                                0x08022005   Thumb Code     8  sys_exit.o(.text)
    __I$use$semihosting                      0x08022011   Thumb Code     0  use_no_semi.o(.text)
    __use_no_semihosting_swi                 0x08022011   Thumb Code     2  use_no_semi.o(.text)
    __ARM_fpclassify                         0x08022013   Thumb Code    48  fpclassify.o(i.__ARM_fpclassify)
    __semihosting_library_function           0x08022013   Thumb Code     0  indicate_semi.o(.text)
    __ARM_fpclassifyf                        0x08022043   Thumb Code    38  fpclassifyf.o(i.__ARM_fpclassifyf)
    __hardfp_asin                            0x08022069   Thumb Code   770  asin.o(i.__hardfp_asin)
    __hardfp_asinf                           0x080223c9   Thumb Code   258  asinf.o(i.__hardfp_asinf)
    __hardfp_atan                            0x080224f9   Thumb Code   622  atan.o(i.__hardfp_atan)
    __hardfp_atan2                           0x080227d1   Thumb Code   432  atan2.o(i.__hardfp_atan2)
    __hardfp_atan2f                          0x080229c1   Thumb Code   502  atan2f.o(i.__hardfp_atan2f)
    __hardfp_cos                             0x08022c11   Thumb Code   180  cos.o(i.__hardfp_cos)
    __hardfp_fabs                            0x08022cd9   Thumb Code    20  fabs.o(i.__hardfp_fabs)
    __hardfp_floor                           0x08022cf1   Thumb Code   252  floor.o(i.__hardfp_floor)
    __hardfp_pow                             0x08022e09   Thumb Code  3072  pow.o(i.__hardfp_pow)
    __hardfp_sin                             0x08023a59   Thumb Code   180  sin.o(i.__hardfp_sin)
    __hardfp_sqrt                            0x08023b21   Thumb Code   122  sqrt.o(i.__hardfp_sqrt)
    __hardfp_sqrtf                           0x08023b9b   Thumb Code    58  sqrtf.o(i.__hardfp_sqrtf)
    __ieee754_rem_pio2                       0x08023bd9   Thumb Code   938  rred.o(i.__ieee754_rem_pio2)
    __kernel_cos                             0x08024011   Thumb Code   322  cos_i.o(i.__kernel_cos)
    __kernel_poly                            0x08024181   Thumb Code   248  poly.o(i.__kernel_poly)
    __kernel_sin                             0x08024279   Thumb Code   280  sin_i.o(i.__kernel_sin)
    __mathlib_dbl_divzero                    0x080243a9   Thumb Code    28  dunder.o(i.__mathlib_dbl_divzero)
    __mathlib_dbl_infnan                     0x080243d9   Thumb Code    20  dunder.o(i.__mathlib_dbl_infnan)
    __mathlib_dbl_infnan2                    0x080243ed   Thumb Code    20  dunder.o(i.__mathlib_dbl_infnan2)
    __mathlib_dbl_invalid                    0x08024401   Thumb Code    24  dunder.o(i.__mathlib_dbl_invalid)
    __mathlib_dbl_overflow                   0x08024421   Thumb Code    24  dunder.o(i.__mathlib_dbl_overflow)
    __mathlib_dbl_underflow                  0x08024441   Thumb Code    24  dunder.o(i.__mathlib_dbl_underflow)
    __mathlib_flt_infnan                     0x08024461   Thumb Code     6  funder.o(i.__mathlib_flt_infnan)
    __mathlib_flt_infnan2                    0x08024467   Thumb Code     6  funder.o(i.__mathlib_flt_infnan2)
    __mathlib_flt_invalid                    0x0802446d   Thumb Code    10  funder.o(i.__mathlib_flt_invalid)
    __mathlib_flt_underflow                  0x0802447d   Thumb Code    10  funder.o(i.__mathlib_flt_underflow)
    atan                                     0x0802448d   Thumb Code    16  atan.o(i.atan)
    fabs                                     0x0802449d   Thumb Code    24  fabs.o(i.fabs)
    sqrt                                     0x080244b5   Thumb Code   110  sqrt.o(i.sqrt)
    sqrtf                                    0x08024523   Thumb Code    62  sqrtf.o(i.sqrtf)
    __aeabi_dneg                             0x08024561   Thumb Code     0  basic.o(x$fpl$basic)
    _dneg                                    0x08024561   Thumb Code     6  basic.o(x$fpl$basic)
    __aeabi_fneg                             0x08024567   Thumb Code     0  basic.o(x$fpl$basic)
    _fneg                                    0x08024567   Thumb Code     6  basic.o(x$fpl$basic)
    _dabs                                    0x0802456d   Thumb Code     6  basic.o(x$fpl$basic)
    _fabs                                    0x08024573   Thumb Code     6  basic.o(x$fpl$basic)
    __aeabi_d2f                              0x08024579   Thumb Code     0  d2f.o(x$fpl$d2f)
    _d2f                                     0x08024579   Thumb Code    98  d2f.o(x$fpl$d2f)
    __aeabi_dadd                             0x080245dd   Thumb Code     0  daddsub_clz.o(x$fpl$dadd)
    _dadd                                    0x080245dd   Thumb Code   332  daddsub_clz.o(x$fpl$dadd)
    __fpl_dcheck_NaN1                        0x0802472d   Thumb Code    10  dcheck1.o(x$fpl$dcheck1)
    __fpl_dcmp_Inf                           0x0802473d   Thumb Code    24  dcmpi.o(x$fpl$dcmpinf)
    __aeabi_ddiv                             0x08024755   Thumb Code     0  ddiv.o(x$fpl$ddiv)
    _ddiv                                    0x08024755   Thumb Code   552  ddiv.o(x$fpl$ddiv)
    __aeabi_cdcmpeq                          0x08024a05   Thumb Code     0  deqf.o(x$fpl$deqf)
    _dcmpeq                                  0x08024a05   Thumb Code   120  deqf.o(x$fpl$deqf)
    __aeabi_d2iz                             0x08024a7d   Thumb Code     0  dfix.o(x$fpl$dfix)
    _dfix                                    0x08024a7d   Thumb Code    94  dfix.o(x$fpl$dfix)
    __aeabi_i2d                              0x08024adb   Thumb Code     0  dflt_clz.o(x$fpl$dflt)
    _dflt                                    0x08024adb   Thumb Code    46  dflt_clz.o(x$fpl$dflt)
    __aeabi_ui2d                             0x08024b09   Thumb Code     0  dflt_clz.o(x$fpl$dfltu)
    _dfltu                                   0x08024b09   Thumb Code    38  dflt_clz.o(x$fpl$dfltu)
    __aeabi_cdcmple                          0x08024b31   Thumb Code     0  dleqf.o(x$fpl$dleqf)
    _dcmple                                  0x08024b31   Thumb Code   120  dleqf.o(x$fpl$dleqf)
    __fpl_dcmple_InfNaN                      0x08024b93   Thumb Code     0  dleqf.o(x$fpl$dleqf)
    __aeabi_dmul                             0x08024ba9   Thumb Code     0  dmul.o(x$fpl$dmul)
    _dmul                                    0x08024ba9   Thumb Code   332  dmul.o(x$fpl$dmul)
    __fpl_dnaninf                            0x08024cfd   Thumb Code   156  dnaninf.o(x$fpl$dnaninf)
    __fpl_dretinf                            0x08024d99   Thumb Code    12  dretinf.o(x$fpl$dretinf)
    __aeabi_cdrcmple                         0x08024da5   Thumb Code     0  drleqf.o(x$fpl$drleqf)
    _drcmple                                 0x08024da5   Thumb Code   108  drleqf.o(x$fpl$drleqf)
    __aeabi_drsub                            0x08024e11   Thumb Code     0  daddsub_clz.o(x$fpl$drsb)
    _drsb                                    0x08024e11   Thumb Code    22  daddsub_clz.o(x$fpl$drsb)
    _dsqrt                                   0x08024e29   Thumb Code   404  dsqrt_umaal.o(x$fpl$dsqrt)
    __aeabi_dsub                             0x08024fc1   Thumb Code     0  daddsub_clz.o(x$fpl$dsub)
    _dsub                                    0x08024fc1   Thumb Code   464  daddsub_clz.o(x$fpl$dsub)
    __aeabi_f2d                              0x08025195   Thumb Code     0  f2d.o(x$fpl$f2d)
    _f2d                                     0x08025195   Thumb Code    86  f2d.o(x$fpl$f2d)
    __aeabi_ul2f                             0x080251eb   Thumb Code     0  ffltll_clz.o(x$fpl$ffltll)
    _ll_uto_f                                0x080251eb   Thumb Code     6  ffltll_clz.o(x$fpl$ffltll)
    __aeabi_l2f                              0x080251f1   Thumb Code     0  ffltll_clz.o(x$fpl$ffltll)
    _ll_sto_f                                0x080251f1   Thumb Code    90  ffltll_clz.o(x$fpl$ffltll)
    __fpl_fnaninf                            0x0802524b   Thumb Code   140  fnaninf.o(x$fpl$fnaninf)
    _fp_init                                 0x080252d7   Thumb Code    10  fpinit.o(x$fpl$fpinit)
    __fplib_config_fpu_vfp                   0x080252df   Thumb Code     0  fpinit.o(x$fpl$fpinit)
    __fplib_config_pureend_doubles           0x080252df   Thumb Code     0  fpinit.o(x$fpl$fpinit)
    __fpl_fretinf                            0x080252e1   Thumb Code    10  fretinf.o(x$fpl$fretinf)
    __fpl_return_NaN                         0x080252eb   Thumb Code   100  retnan.o(x$fpl$retnan)
    __ARM_scalbn                             0x0802534f   Thumb Code    92  scalbn.o(x$fpl$scalbn)
    __fpl_cmpreturn                          0x080253ab   Thumb Code    48  trapv.o(x$fpl$trapveneer)
    __I$use$fp                               0x080253da   Number         0  usenofp.o(x$fpl$usenofp)
    sinTable                                 0x0802540c   Data        2052  fastmath.o(.constdata)
    __mathlib_zero                           0x08025ee0   Data           8  qnan.o(.constdata)
    Region$$Table$$Base                      0x08025fd8   Number         0  anon$$obj.o(Region$$Table)
    Region$$Table$$Limit                     0x08025ff8   Number         0  anon$$obj.o(Region$$Table)
    loop_cnt                                 0x20000000   Data           2  scheduler.o(.data)
    inner_loop_time                          0x20000004   Data           4  scheduler.o(.data)
    inner_loop_time_yaw                      0x20000008   Data           4  scheduler.o(.data)
    Rol_fc1                                  0x2000000c   Data           4  scheduler.o(.data)
    Pit_fc1                                  0x20000010   Data           4  scheduler.o(.data)
    Yaw_fc1                                  0x20000014   Data           4  scheduler.o(.data)
    outer_loop_time                          0x20000018   Data           4  scheduler.o(.data)
    pos_time                                 0x2000001c   Data           4  scheduler.o(.data)
    baro_task_time                           0x20000020   Data           4  scheduler.o(.data)
    UART_UP_LOAD_SEL                         0x20000024   Data           1  scheduler.o(.data)
    force_flow_ble_debug                     0x20000025   Data           1  scheduler.o(.data)
    flash_init_error                         0x20000032   Data           1  parameter.o(.data)
    ero                                      0x20000033   Data           6  fly_mode.o(.data)
    mode_state                               0x20000039   Data           1  fly_mode.o(.data)
    mode_state_old                           0x2000003a   Data           1  fly_mode.o(.data)
    Init_Finish                              0x2000003b   Data           1  main.o(.data)
    I2C_FastMode                             0x2000003c   Data           1  i2c_soft.o(.data)
    sysTickUptime                            0x20000040   Data           4  time.o(.data)
    time_1h                                  0x20000044   Data           4  time.o(.data)
    time_1m                                  0x20000048   Data           4  time.o(.data)
    time_1s                                  0x2000004c   Data           4  time.o(.data)
    time_1ms                                 0x20000050   Data           4  time.o(.data)
    motor_cal                                0x20000054   Data           1  pwm_out.o(.data)
    PMW_T                                    0x20000055   Data           1  pwm_out.o(.data)
    CH_out_Mapping                           0x20000056   Data           8  pwm_out.o(.data)
    sel                                      0x2000005e   Data           1  pwm_out.o(.data)
    W25QXX_TYPE                              0x20000060   Data           2  flash.o(.data)
    FLASH_SIZE                               0x20000064   Data           4  flash.o(.data)
    SystemCoreClock                          0x20000078   Data           4  system_stm32f4xx.o(.data)
    AHBPrescTable                            0x2000007c   Data          16  system_stm32f4xx.o(.data)
    Roll                                     0x2000008c   Data           4  imu.o(.data)
    Pitch                                    0x20000090   Data           4  imu.o(.data)
    Yaw                                      0x20000094   Data           4  imu.o(.data)
    Roll_mid_down                            0x20000098   Data           4  imu.o(.data)
    Pitch_mid_down                           0x2000009c   Data           4  imu.o(.data)
    Yaw_mid_down                             0x200000a0   Data           4  imu.o(.data)
    Rol_fc                                   0x200000a4   Data           4  imu.o(.data)
    Pit_fc                                   0x200000a8   Data           4  imu.o(.data)
    Yaw_fc                                   0x200000ac   Data           4  imu.o(.data)
    ref_q                                    0x200000b0   Data          16  imu.o(.data)
    norm_acc                                 0x200000c0   Data           4  imu.o(.data)
    norm_q                                   0x200000c4   Data           4  imu.o(.data)
    norm_acc_lpf                             0x200000c8   Data           4  imu.o(.data)
    mag_norm                                 0x200000cc   Data           4  imu.o(.data)
    mag_norm_xyz                             0x200000d0   Data           4  imu.o(.data)
    acc_ng_cali                              0x200000d4   Data           1  imu.o(.data)
    yaw_mag                                  0x200000d8   Data           4  imu.o(.data)
    Yaw_fc_q                                 0x200000dc   Data           4  imu.o(.data)
    beta                                     0x200000e0   Data           4  imu.o(.data)
    q0_m_fc                                  0x200000e4   Data           4  imu.o(.data)
    q1_m_fc                                  0x200000e8   Data           4  imu.o(.data)
    q2_m_fc                                  0x200000ec   Data           4  imu.o(.data)
    q3_m_fc                                  0x200000f0   Data           4  imu.o(.data)
    q0_fc                                    0x200000f4   Data           4  imu.o(.data)
    q1_fc                                    0x200000f8   Data           4  imu.o(.data)
    q2_fc                                    0x200000fc   Data           4  imu.o(.data)
    q3_fc                                    0x20000100   Data           4  imu.o(.data)
    ref_q_imd_down_fc                        0x20000104   Data          16  imu.o(.data)
    init_q                                   0x20000114   Data           1  imu.o(.data)
    ALT_POS_BMP                              0x20000120   Data           4  alt_fushion.o(.data)
    ALT_VEL_BMP                              0x20000124   Data           4  alt_fushion.o(.data)
    ALT_POS_SONAR                            0x20000128   Data           4  alt_fushion.o(.data)
    ALT_VEL_SONAR                            0x2000012c   Data           4  alt_fushion.o(.data)
    ALT_POS_SONAR2                           0x20000130   Data           4  alt_fushion.o(.data)
    ALT_POS_SONAR3                           0x20000134   Data           4  alt_fushion.o(.data)
    ALT_POS_BMP_EKF                          0x20000138   Data           4  alt_fushion.o(.data)
    ALT_VEL_BMP_EKF                          0x2000013c   Data           4  alt_fushion.o(.data)
    ALT_POS_BMP_UKF_OLDX                     0x20000140   Data           4  alt_fushion.o(.data)
    ALT_VEL_BMP_UKF_OLDX                     0x20000144   Data           4  alt_fushion.o(.data)
    ALT_ACC_BMP_UKF_OLDX                     0x20000148   Data           4  alt_fushion.o(.data)
    P_baro                                   0x20000150   Data          72  alt_fushion.o(.data)
    P_barob                                  0x20000198   Data         128  alt_fushion.o(.data)
    gh                                       0x20000218   Data           4  alt_fushion.o(.data)
    ga                                       0x2000021c   Data           4  alt_fushion.o(.data)
    gwa                                      0x20000220   Data           4  alt_fushion.o(.data)
    P_kf_baro                                0x20000228   Data          72  alt_fushion.o(.data)
    r_baro_ukf                               0x20000270   Data          16  alt_fushion.o(.data)
    q_baro_ukf                               0x20000280   Data          16  alt_fushion.o(.data)
    dead_accz                                0x20000290   Data           4  alt_fushion.o(.data)
    acc_off_baro                             0x20000294   Data           4  alt_fushion.o(.data)
    acc_scale_bmp                            0x20000298   Data           4  alt_fushion.o(.data)
    k_flt_accz                               0x2000029c   Data           4  alt_fushion.o(.data)
    acc_bmp                                  0x200002a0   Data           4  alt_fushion.o(.data)
    X_apo_height                             0x200002a4   Data           8  alt_fushion.o(.data)
    P_apo_k_height                           0x200002ac   Data          16  alt_fushion.o(.data)
    k_bais                                   0x200002bc   Data           4  alt_fushion.o(.data)
    k_bais2                                  0x200002c0   Data           4  alt_fushion.o(.data)
    r_baro                                   0x200002c4   Data           4  alt_fushion.o(.data)
    r_acc                                    0x200002c8   Data           4  alt_fushion.o(.data)
    x_tst                                    0x200002cc   Data           8  alt_fushion.o(.data)
    p_tst                                    0x200002d4   Data           8  alt_fushion.o(.data)
    kf_tst                                   0x200002dc   Data           8  alt_fushion.o(.data)
    k_acc_bais                               0x200002e4   Data           4  alt_fushion.o(.data)
    w_z_baro                                 0x200002e8   Data           4  alt_fushion.o(.data)
    w_acc_bias                               0x200002ec   Data           4  alt_fushion.o(.data)
    flag_ero                                 0x200002f0   Data           4  alt_fushion.o(.data)
    Alt_Offset_m1                            0x200002f4   Data           4  alt_fushion.o(.data)
    en_bias_fix                              0x200002f8   Data           4  alt_fushion.o(.data)
    flt_body_acc                             0x200002fc   Data           4  alt_fushion.o(.data)
    k_body_acc                               0x20000300   Data           4  alt_fushion.o(.data)
    K_SONAR                                  0x20000304   Data           4  alt_fushion.o(.data)
    acc_est                                  0x20000308   Data           4  alt_fushion.o(.data)
    acc_est_imu                              0x2000030c   Data           4  alt_fushion.o(.data)
    fast_atan_table                          0x20000328   Data        1028  mymath.o(.data)
    inner_set                                0x20000738   Data           4  ctrl.o(.data)
    en_h_inf                                 0x2000073c   Data           1  ctrl.o(.data)
    k_rc_gyro_spd                            0x20000740   Data           4  ctrl.o(.data)
    thr_value                                0x20000744   Data           4  ctrl.o(.data)
    Thr_Low                                  0x20000748   Data           1  ctrl.o(.data)
    Thr_Weight                               0x2000074c   Data           4  ctrl.o(.data)
    force_Thr_low                            0x20000750   Data           1  ctrl.o(.data)
    motor_out                                0x20000752   Data           8  ctrl.o(.data)
    nav_circle                               0x20000768   Data           8  pos_ctrl.o(.data)
    nav_circle_last                          0x20000770   Data           8  pos_ctrl.o(.data)
    circle_check                             0x20000778   Data           4  pos_ctrl.o(.data)
    circle_lfp                               0x2000077c   Data           4  pos_ctrl.o(.data)
    k_back_step                              0x20000780   Data           4  pos_ctrl.o(.data)
    nav                                      0x20000784   Data           8  pos_ctrl.o(.data)
    GPS_angle                                0x2000078c   Data           8  pos_ctrl.o(.data)
    target_position                          0x20000794   Data           8  pos_ctrl.o(.data)
    now_position                             0x2000079c   Data           8  pos_ctrl.o(.data)
    actual_speed                             0x200007a4   Data           8  pos_ctrl.o(.data)
    tar_speed                                0x200007ac   Data           8  pos_ctrl.o(.data)
    tar_speed_avoidc                         0x200007b4   Data           8  pos_ctrl.o(.data)
    d_flow_watch                             0x200007bc   Data           8  pos_ctrl.o(.data)
    integrator                               0x200007c4   Data           8  pos_ctrl.o(.data)
    k_break                                  0x200007cc   Data           4  pos_ctrl.o(.data)
    k_flt_break                              0x200007d0   Data           4  pos_ctrl.o(.data)
    cnt_sb_sample_max                        0x200007d4   Data           1  pos_ctrl.o(.data)
    scale_flow_rc                            0x200007d8   Data           4  pos_ctrl.o(.data)
    r_circle                                 0x200007dc   Data           4  pos_ctrl.o(.data)
    d_angle                                  0x200007e0   Data           4  pos_ctrl.o(.data)
    circle_angle                             0x200007e4   Data           4  pos_ctrl.o(.data)
    exp_center_cycle                         0x200007e8   Data          20  pos_ctrl.o(.data)
    line_test_num                            0x200007fc   Data           2  pos_ctrl.o(.data)
    tan_test_num                             0x200007fe   Data           4  pos_ctrl.o(.data)
    yaw_qr_off                               0x20000804   Data           4  pos_ctrl.o(.data)
    out_timer_nav                            0x20000808   Data           4  pos_ctrl.o(.data)
    in_timer_nav                             0x2000080c   Data           4  pos_ctrl.o(.data)
    mode_change                              0x20000810   Data           1  pos_ctrl.o(.data)
    AUTO_UP_CUARVE                           0x20000812   Data          18  pos_ctrl.o(.data)
    AUTO_DOWN_CUARVE                         0x20000824   Data          12  pos_ctrl.o(.data)
    AUTO_DOWN_CUARVE1                        0x20000830   Data          12  pos_ctrl.o(.data)
    SONAR_SET_HIGHT                          0x2000083c   Data           4  pos_ctrl.o(.data)
    AUTO_FLY_HEIGHT                          0x20000840   Data           4  pos_ctrl.o(.data)
    SONAR_CHECK_DEAD                         0x20000844   Data           4  pos_ctrl.o(.data)
    AUTO_LAND_HEIGHT_1                       0x20000848   Data           4  pos_ctrl.o(.data)
    AUTO_LAND_HEIGHT_2                       0x2000084c   Data           4  pos_ctrl.o(.data)
    AUTO_LAND_HEIGHT_3                       0x20000850   Data           4  pos_ctrl.o(.data)
    MINE_LAND_HIGH                           0x20000854   Data           4  pos_ctrl.o(.data)
    AUTO_LAND_SPEED_DEAD                     0x20000858   Data           4  pos_ctrl.o(.data)
    state_v                                  0x2000085c   Data           1  pos_ctrl.o(.data)
    baro_ground_high                         0x20000860   Data           4  pos_ctrl.o(.data)
    height_ctrl_mode                         0x200008b4   Data           1  height_ctrl1.o(.data)
    ultra_distance                           0x200008b8   Data           4  height_ctrl1.o(.data)
    exp_height                               0x200008bc   Data           4  height_ctrl1.o(.data)
    set_height_e                             0x200008c0   Data           4  height_ctrl1.o(.data)
    set_height_em                            0x200008c4   Data           4  height_ctrl1.o(.data)
    set_speed_t                              0x200008c8   Data           4  height_ctrl1.o(.data)
    set_speed                                0x200008cc   Data           4  height_ctrl1.o(.data)
    exp_speed                                0x200008d0   Data           4  height_ctrl1.o(.data)
    fb_speed                                 0x200008d4   Data           4  height_ctrl1.o(.data)
    exp_acc                                  0x200008d8   Data           4  height_ctrl1.o(.data)
    fb_acc                                   0x200008dc   Data           4  height_ctrl1.o(.data)
    fb_speed_old                             0x200008e0   Data           4  height_ctrl1.o(.data)
    rng_time1                                0x200008e4   Data           4  height_ctrl1.o(.data)
    HOLD_THR                                 0x200008e8   Data           4  height_ctrl1.o(.data)
    ALT_HOLD_THR_RANGE_SCALE                 0x200008ec   Data           4  height_ctrl1.o(.data)
    exp_spd_zv                               0x200008f0   Data           4  height_ctrl1.o(.data)
    thr_use                                  0x200008f4   Data           4  height_ctrl1.o(.data)
    thr_in_view                              0x200008f8   Data           4  height_ctrl1.o(.data)
    exp_height_speed                         0x200008fc   Data           4  height_ctrl1.o(.data)
    exp_height_speed_safe                    0x20000900   Data           4  height_ctrl1.o(.data)
    exp_height_safe                          0x20000904   Data           4  height_ctrl1.o(.data)
    ultra_speed                              0x20000908   Data           4  height_ctrl1.o(.data)
    ultra_speed_safe                         0x2000090c   Data           4  height_ctrl1.o(.data)
    ultra_dis_lpf                            0x20000910   Data           4  height_ctrl1.o(.data)
    ultra_dis_lpf_safe                       0x20000914   Data           4  height_ctrl1.o(.data)
    ultra_ctrl_out_safe                      0x20000918   Data           4  height_ctrl1.o(.data)
    ultra_ctrl_out                           0x2000091c   Data           4  height_ctrl1.o(.data)
    ultra_ctrl_out_use                       0x20000920   Data           4  height_ctrl1.o(.data)
    baro_speed_ano                           0x20000924   Data           4  height_ctrl1.o(.data)
    height_ctrl_out                          0x20000928   Data           4  height_ctrl1.o(.data)
    wz_acc                                   0x2000092c   Data           4  height_ctrl1.o(.data)
    adrc_out                                 0x20000930   Data           4  height_ctrl1.o(.data)
    baro_cnt                                 0x20000934   Data           4  height_ctrl1.o(.data)
    switch_r                                 0x20000938   Data           1  height_ctrl1.o(.data)
    wz_acc_ukf                               0x2000093c   Data           4  height_ctrl1.o(.data)
    sonar_spd                                0x20000940   Data           4  height_ctrl1.o(.data)
    BARO_HIHG_NUM                            0x20000944   Data           1  height_ctrl1.o(.data)
    baro_h_cnt                               0x20000946   Data           4  height_ctrl1.o(.data)
    baro_h_cnt1                              0x2000094a   Data           4  height_ctrl1.o(.data)
    k_temp                                   0x20000950   Data           4  height_ctrl1.o(.data)
    hs_ctrl_cnt_max                          0x20000954   Data           2  height_ctrl1.o(.data)
    hold_alt_flag                            0x20000956   Data           1  height_ctrl1.o(.data)
    out_timer_high                           0x20000958   Data           4  height_ctrl1.o(.data)
    in_timer_high                            0x2000095c   Data           4  height_ctrl1.o(.data)
    baro_only_move                           0x20000960   Data           4  height_ctrl1.o(.data)
    baro_only_move_flt                       0x20000964   Data           4  height_ctrl1.o(.data)
    ano_temp                                 0x20000968   Data           4  height_ctrl1.o(.data)
    k_acc_ukf                                0x2000096c   Data           4  height_ctrl1.o(.data)
    mid_usp                                  0x20000970   Data           1  height_ctrl1.o(.data)
    EN_TUO_ACC_FIX_H                         0x20000971   Data           1  height_ctrl1.o(.data)
    off_inner                                0x20000974   Data           4  height_ctrl1.o(.data)
    wz_acc_ukf1                              0x20000978   Data           4  height_ctrl1.o(.data)
    wz_acc1                                  0x2000097c   Data           4  height_ctrl1.o(.data)
    ultra_speed_bmp                          0x20000980   Data           4  height_ctrl1.o(.data)
    tilted_fix1                              0x20000984   Data           4  height_ctrl1.o(.data)
    k_d                                      0x20000988   Data           4  height_ctrl1.o(.data)
    p1                                       0x2000098c   Data           4  height_ctrl1.o(.data)
    p2                                       0x20000990   Data           4  height_ctrl1.o(.data)
    speed_ctrl_sel                           0x20000994   Data           1  height_ctrl1.o(.data)
    speed_spd_sel                            0x20000995   Data           1  height_ctrl1.o(.data)
    wz_speed_old                             0x20000998   Data           4  height_ctrl1.o(.data)
    wz_acc_mms2                              0x2000099c   Data           4  height_ctrl1.o(.data)
    height_thrv                              0x200009a0   Data           4  height_ctrl1.o(.data)
    wz_speed_pid_v_view                      0x200009a4   Data           4  height_ctrl1.o(.data)
    wz_speed_pid_v_view_eso                  0x200009a8   Data           4  height_ctrl1.o(.data)
    d_view                                   0x200009ac   Data           4  height_ctrl1.o(.data)
    ero_view                                 0x200009b0   Data           8  height_ctrl1.o(.data)
    baro_ctrl_start                          0x200009b8   Data           1  height_ctrl1.o(.data)
    baro_height                              0x200009bc   Data           4  height_ctrl1.o(.data)
    ultra_sp_test                            0x200009c0   Data           8  height_ctrl1.o(.data)
    k_dh                                     0x200009c8   Data           4  height_ctrl1.o(.data)
    flt_eso                                  0x20000a1c   Data           4  eso.o(.data)
    np                                       0x20000a20   Data           4  eso.o(.data)
    L1                                       0x20000a24   Data           4  eso.o(.data)
    dt_flow_rx                               0x20000a58   Data           4  usart.o(.data)
    data_rate_gol_link                       0x20000a5c   Data           2  usart.o(.data)
    LOCK                                     0x20000a5e   Data           1  usart.o(.data)
    KEY                                      0x20000a5f   Data           8  usart.o(.data)
    KEY_SEL                                  0x20000a67   Data           4  usart.o(.data)
    NAV_BOARD_CONNECT                        0x20000a6b   Data           1  usart.o(.data)
    imu_loss_cnt                             0x20000a6c   Data           4  usart.o(.data)
    baro_matlab_data                         0x20000a70   Data           8  usart.o(.data)
    POS_UKF_X                                0x20000a78   Data           4  usart.o(.data)
    POS_UKF_Y                                0x20000a7c   Data           4  usart.o(.data)
    VEL_UKF_X                                0x20000a80   Data           4  usart.o(.data)
    VEL_UKF_Y                                0x20000a84   Data           4  usart.o(.data)
    k_scale_pix                              0x20000a88   Data           4  usart.o(.data)
    pos_kf_state                             0x20000a8c   Data           3  usart.o(.data)
    TxCounter                                0x20000a8f   Data           1  usart.o(.data)
    count                                    0x20000a90   Data           1  usart.o(.data)
    RxState                                  0x20000a91   Data           1  usart.o(.data)
    RxBufferNum                              0x20000a92   Data           1  usart.o(.data)
    RxBufferCnt                              0x20000a93   Data           1  usart.o(.data)
    RxLen                                    0x20000a94   Data           1  usart.o(.data)
    com_data                                 0x20000a95   Data           1  usart.o(.data)
    PWM_DJI                                  0x20000a98   Data           8  usart.o(.data)
    TxCounter5                               0x20000aa0   Data           1  usart.o(.data)
    count5                                   0x20000aa1   Data           1  usart.o(.data)
    RxState5                                 0x20000aa2   Data           1  usart.o(.data)
    RxBufferNum5                             0x20000aa3   Data           1  usart.o(.data)
    RxBufferCnt5                             0x20000aa4   Data           1  usart.o(.data)
    RxLen5                                   0x20000aa5   Data           1  usart.o(.data)
    BLE_UP1                                  0x20000aa8   Data          20  usart.o(.data)
    BLE_TEST                                 0x20000abc   Data          20  usart.o(.data)
    BLE_BAUD                                 0x20000ad0   Data          20  usart.o(.data)
    BLE_RENEW                                0x20000ae4   Data          20  usart.o(.data)
    BLE_RATE                                 0x20000af8   Data          20  usart.o(.data)
    SET_PIN                                  0x20000b0c   Data          20  usart.o(.data)
    app_connect_fc_loss                      0x20000b20   Data           4  usart.o(.data)
    app_connect_fc                           0x20000b24   Data           1  usart.o(.data)
    lock_tx                                  0x20000b25   Data           1  usart.o(.data)
    RxState_app                              0x20000b26   Data           1  usart.o(.data)
    RxBufferNum_app                          0x20000b27   Data           1  usart.o(.data)
    RxBufferCnt_app                          0x20000b28   Data           1  usart.o(.data)
    RxLen_app                                0x20000b29   Data           1  usart.o(.data)
    RxState4                                 0x20000b2c   Data           1  usart.o(.data)
    RxBufferNum4                             0x20000b2d   Data           1  usart.o(.data)
    RxBufferCnt4                             0x20000b2e   Data           1  usart.o(.data)
    RxLen4                                   0x20000b2f   Data           1  usart.o(.data)
    rate_gps_board                           0x20000b34   Data           4  usart.o(.data)
    RxState3                                 0x20000b38   Data           1  usart.o(.data)
    RxBufferNum3                             0x20000b39   Data           1  usart.o(.data)
    RxBufferCnt3                             0x20000b3a   Data           1  usart.o(.data)
    RxLen3                                   0x20000b3b   Data           1  usart.o(.data)
    Angle_Yun                                0x20000b40   Data           8  usart.o(.data)
    SendBuff1_cnt                            0x20000b48   Data           1  usart.o(.data)
    nrf_uart_cnt                             0x20000b4a   Data           2  usart.o(.data)
    sd_pub_sel                               0x20000b4c   Data           1  usart.o(.data)
    CH_in_Mapping                            0x20000b68   Data           8  rc.o(.data)
    rc_lose                                  0x20000b70   Data           1  rc.o(.data)
    NS                                       0x20000b71   Data           1  rc.o(.data)
    CH_Error                                 0x20000b72   Data           8  rc.o(.data)
    NS_cnt                                   0x20000b7a   Data           2  rc.o(.data)
    MAX_CH                                   0x20000b7c   Data          16  rc.o(.data)
    MIN_CH                                   0x20000b8c   Data          16  rc.o(.data)
    CH_DIR                                   0x20000b9c   Data           8  rc.o(.data)
    filter_A                                 0x20000ba4   Data           4  rc.o(.data)
    fly_ready                                0x20000ba8   Data           1  rc.o(.data)
    thr_stick_low                            0x20000ba9   Data           1  rc.o(.data)
    ready_cnt                                0x20000baa   Data           2  rc.o(.data)
    mag_cali_cnt                             0x20000bac   Data           2  rc.o(.data)
    locked_cnt                               0x20000bae   Data           2  rc.o(.data)
    mpu6050_ok                               0x20000bb0   Data           1  mpu6050.o(.data)
    acc_sum_cnt                              0x20000bb2   Data           2  mpu6050.o(.data)
    gyro_sum_cnt                             0x20000bb4   Data           2  mpu6050.o(.data)
    filter_cnt                               0x20000bb6   Data           1  mpu6050.o(.data)
    filter_cnt_old                           0x20000bb7   Data           1  mpu6050.o(.data)
    test_ang                                 0x20000bb8   Data           4  mpu6050.o(.data)
    test_ang_old                             0x20000bbc   Data           4  mpu6050.o(.data)
    test_ang_d                               0x20000bc0   Data           4  mpu6050.o(.data)
    test_fli_a                               0x20000bc4   Data           4  mpu6050.o(.data)
    test_i                                   0x20000bc8   Data           4  mpu6050.o(.data)
    ak8975                                   0x20000bd0   Data          48  ak8975.o(.data)
    ak8975_fc                                0x20000c00   Data          48  ak8975.o(.data)
    ak8975_ok                                0x20000c80   Data           1  ak8975.o(.data)
    hml_fix                                  0x20000c81   Data           1  ak8975.o(.data)
    Mag_CALIBRATED                           0x20000c82   Data           1  ak8975.o(.data)
    Mag_CALIBRATED_R                         0x20000c83   Data           1  ak8975.o(.data)
    HMC5883_lastx                            0x20000c84   Data           4  ak8975.o(.data)
    HMC5883_lasty                            0x20000c88   Data           4  ak8975.o(.data)
    HMC5883_lastz                            0x20000c8c   Data           4  ak8975.o(.data)
    HMC5883_maxx                             0x20000c90   Data           2  ak8975.o(.data)
    HMC5883_maxy                             0x20000c92   Data           2  ak8975.o(.data)
    HMC5883_maxz                             0x20000c94   Data           2  ak8975.o(.data)
    HMC5883_minx                             0x20000c96   Data           2  ak8975.o(.data)
    HMC5883_miny                             0x20000c98   Data           2  ak8975.o(.data)
    HMC5883_minz                             0x20000c9a   Data           2  ak8975.o(.data)
    MS5611_Temperature                       0x20000cd0   Data           4  bmp.o(.data)
    MS5611_Pressure                          0x20000cd4   Data           4  bmp.o(.data)
    MS5611_Altitude                          0x20000cd8   Data           4  bmp.o(.data)
    MS5611_VerticalSpeed                     0x20000cdc   Data           4  bmp.o(.data)
    baro_alt_speed_ano                       0x20000ce0   Data           4  bmp.o(.data)
    baroAlt                                  0x20000ce4   Data           4  bmp.o(.data)
    baroAlt_fc                               0x20000ce8   Data           4  bmp.o(.data)
    baro_set                                 0x20000cec   Data           1  bmp.o(.data)
    paOffsetNum                              0x20000d08   Data           8  bmp.o(.data)
    paInitCnt                                0x20000d10   Data           2  bmp.o(.data)
    paOffsetInited                           0x20000d12   Data           1  bmp.o(.data)
    Baro_ALT_Updated                         0x20000d13   Data           1  bmp.o(.data)
    MS5611_Delay_us                          0x20000d14   Data          36  bmp.o(.data)
    for_fly_ready                            0x20000d46   Data           1  bmp.o(.data)
    angle_baro                               0x20000d48   Data           4  bmp.o(.data)
    sonar_av_cnt                             0x20000d60   Data           2  anotc_baro_ctrl.o(.data)
    sonar_f_set                              0x20000d64   Data          24  anotc_baro_ctrl.o(.data)
    baro_av_cnt                              0x20000d7c   Data           2  anotc_baro_ctrl.o(.data)
    baro_f_set                               0x20000d80   Data          24  anotc_baro_ctrl.o(.data)
    sonar_weight                             0x20000d98   Data           4  anotc_baro_ctrl.o(.data)
    wz_speed                                 0x20000d9c   Data           4  anotc_baro_ctrl.o(.data)
    baro_com_val                             0x20000da0   Data           4  anotc_baro_ctrl.o(.data)
    ultra_start_f                            0x20000db8   Data           1  ultrasonic.o(.data)
    ultra_distance_old                       0x20000dba   Data           2  ultrasonic.o(.data)
    measure_num                              0x20000dbc   Data           1  ultrasonic.o(.data)
    rtInf                                    0x20000dc0   Data           8  rt_nonfinite.o(.data)
    rtMinusInf                               0x20000dc8   Data           8  rt_nonfinite.o(.data)
    rtNaN                                    0x20000dd0   Data           8  rt_nonfinite.o(.data)
    rtInfF                                   0x20000dd8   Data           4  rt_nonfinite.o(.data)
    rtMinusInfF                              0x20000ddc   Data           4  rt_nonfinite.o(.data)
    rtNaNF                                   0x20000de0   Data           4  rt_nonfinite.o(.data)
    Rc_Pwm_In                                0x20000de4   Data          16  scheduler.o(.bss)
    loop                                     0x20000df4   Data          16  scheduler.o(.bss)
    test                                     0x20000e04   Data          20  scheduler.o(.bss)
    sensor_setup                             0x20000e18   Data          64  parameter.o(.bss)
    pid_setup                                0x20000e58   Data         192  parameter.o(.bss)
    mode_value                               0x20000f18   Data          10  fly_mode.o(.bss)
    mode                                     0x20000f22   Data          86  fly_mode.o(.bss)
    Cycle_T                                  0x20000f78   Data         240  time.o(.bss)
    W25QXX_BUFFER                            0x20001068   Data        4096  flash.o(.bss)
    FLASH_READ_BUF                           0x20002068   Data         100  flash.o(.bss)
    FLASH_Buffer                             0x200020cc   Data         100  flash.o(.bss)
    reference_v                              0x20002130   Data          12  imu.o(.bss)
    ref                                      0x2000213c   Data          60  imu.o(.bss)
    reference_vr_imd_down                    0x20002178   Data          12  imu.o(.bss)
    reference_vr                             0x20002184   Data          12  imu.o(.bss)
    q_nav                                    0x20002190   Data          16  imu.o(.bss)
    ref_q_imd_down                           0x200021a0   Data          16  imu.o(.bss)
    mag_sim_3d                               0x200021b0   Data          12  imu.o(.bss)
    acc_3d_hg                                0x200021bc   Data          12  imu.o(.bss)
    acc_ng                                   0x200021c8   Data          12  imu.o(.bss)
    acc_ng_offset                            0x200021d4   Data          12  imu.o(.bss)
    reference_vr_imd_down_fc                 0x200021e0   Data          12  imu.o(.bss)
    X_ukf_baro                               0x200021f8   Data          24  alt_fushion.o(.bss)
    X_ukf_barob                              0x20002210   Data          32  alt_fushion.o(.bss)
    X_kf_baro                                0x20002230   Data          24  alt_fushion.o(.bss)
    acc_body                                 0x20002248   Data          12  alt_fushion.o(.bss)
    acc_bias                                 0x20002254   Data          12  alt_fushion.o(.bss)
    accel_bias_corr                          0x20002260   Data          12  alt_fushion.o(.bss)
    e_R                                      0x2000226c   Data          12  quar.o(.bss)
    exp_angle                                0x20002278   Data          12  quar.o(.bss)
    ero_angle_px4                            0x20002284   Data          16  quar.o(.bss)
    angle_now                                0x20002294   Data          12  quar.o(.bss)
    Q_control                                0x200022a0   Data          32  quar.o(.bss)
    R_control_set                            0x200022c0   Data          36  quar.o(.bss)
    R_control_ero                            0x200022e4   Data          36  quar.o(.bss)
    R_control_now                            0x20002308   Data          36  quar.o(.bss)
    R_control_now_t                          0x2000232c   Data          36  quar.o(.bss)
    ctrl_1                                   0x20002350   Data         196  ctrl.o(.bss)
    ctrl_2                                   0x20002414   Data         196  ctrl.o(.bss)
    except_A                                 0x200024d8   Data          12  ctrl.o(.bss)
    ctrl_angle_offset                        0x200024e4   Data          12  ctrl.o(.bss)
    compensation                             0x200024f0   Data          12  ctrl.o(.bss)
    except_AS                                0x200024fc   Data          12  ctrl.o(.bss)
    g_old                                    0x20002508   Data          28  ctrl.o(.bss)
    motor                                    0x20002524   Data          16  ctrl.o(.bss)
    posture_value                            0x20002534   Data          16  ctrl.o(.bss)
    curve                                    0x20002544   Data          16  ctrl.o(.bss)
    circle                                   0x20002554   Data          88  pos_ctrl.o(.bss)
    track                                    0x200025ac   Data          88  pos_ctrl.o(.bss)
    marker                                   0x20002604   Data          76  pos_ctrl.o(.bss)
    out_back_step                            0x20002650   Data          12  pos_ctrl.o(.bss)
    acc_temp                                 0x2000265c   Data          12  pos_ctrl.o(.bss)
    nav_pos_pid                              0x20002668   Data          28  pos_ctrl.o(.bss)
    nav_spd_pid                              0x20002684   Data          28  pos_ctrl.o(.bss)
    nav_acc_pid                              0x200026a0   Data          28  pos_ctrl.o(.bss)
    nav_pos_ctrl                             0x200026bc   Data          80  pos_ctrl.o(.bss)
    nav_spd_ctrl                             0x2000270c   Data          80  pos_ctrl.o(.bss)
    nav_acc_ctrl                             0x2000275c   Data          80  pos_ctrl.o(.bss)
    cnt                                      0x200027ac   Data          20  pos_ctrl.o(.bss)
    nav_land                                 0x200027c0   Data          12  pos_ctrl.o(.bss)
    Rc_Pwm_Inr_mine                          0x200027cc   Data          16  pos_ctrl.o(.bss)
    Rc_Pwm_Out_mine                          0x200027dc   Data          16  pos_ctrl.o(.bss)
    angle_imu_dj                             0x200027ec   Data          12  pos_ctrl.o(.bss)
    hc_value                                 0x200027f8   Data          24  height_ctrl1.o(.bss)
    wz_speed_pid_v                           0x20002810   Data          36  height_ctrl1.o(.bss)
    wz_speed_pid_v_safe                      0x20002834   Data          36  height_ctrl1.o(.bss)
    wz_speed_pid_v_eso                       0x20002858   Data          36  height_ctrl1.o(.bss)
    ultra_ctrl                               0x2000287c   Data          36  height_ctrl1.o(.bss)
    ultra_ctrl_safe                          0x200028a0   Data          36  height_ctrl1.o(.bss)
    wz_speed_pid                             0x200028c4   Data          16  height_ctrl1.o(.bss)
    wz_speed_pid_safe                        0x200028d4   Data          16  height_ctrl1.o(.bss)
    wz_speed_pid_use                         0x200028e4   Data          16  height_ctrl1.o(.bss)
    ultra_pid_safe                           0x200028f4   Data          16  height_ctrl1.o(.bss)
    ultra_pid                                0x20002904   Data          16  height_ctrl1.o(.bss)
    ultra_pid_use                            0x20002914   Data          16  height_ctrl1.o(.bss)
    baro_speed_arr                           0x20002924   Data         204  height_ctrl1.o(.bss)
    baro_h_arr                               0x200029f0   Data         404  height_ctrl1.o(.bss)
    baro_h_arr1                              0x20002b84   Data         404  height_ctrl1.o(.bss)
    ESO_BMP                                  0x20002d18   Data         132  eso.o(.bss)
    eso_att_outter                           0x20002d9c   Data         528  eso.o(.bss)
    eso_att_inner                            0x20002fac   Data         528  eso.o(.bss)
    eso_att_outter_c                         0x200031bc   Data         528  eso.o(.bss)
    eso_att_inner_c                          0x200033cc   Data         528  eso.o(.bss)
    eso_pos_spd                              0x200035dc   Data         396  eso.o(.bss)
    eso_pos                                  0x20003768   Data         396  eso.o(.bss)
    BLE_DEBUG                                0x200038f4   Data          32  usart.o(.bss)
    m100                                     0x20003914   Data         100  usart.o(.bss)
    color                                    0x20003978   Data          20  usart.o(.bss)
    HPID                                     0x2000398c   Data          18  usart.o(.bss)
    SPID                                     0x2000399e   Data          18  usart.o(.bss)
    FIX_PID                                  0x200039b0   Data          18  usart.o(.bss)
    NAV_PID                                  0x200039c2   Data          18  usart.o(.bss)
    HPID_app                                 0x200039d4   Data          18  usart.o(.bss)
    SPID_app                                 0x200039e6   Data          18  usart.o(.bss)
    FIX_PID_app                              0x200039f8   Data          18  usart.o(.bss)
    NAV_PID_app                              0x20003a0a   Data          18  usart.o(.bss)
    pid                                      0x20003a1c   Data         320  usart.o(.bss)
    Rc_Get                                   0x20003b5c   Data          26  usart.o(.bss)
    Rc_Get_PWM                               0x20003b76   Data          26  usart.o(.bss)
    plane                                    0x20003b90   Data         116  usart.o(.bss)
    slam                                     0x20003c04   Data          20  usart.o(.bss)
    imu_nav                                  0x20003c18   Data         100  usart.o(.bss)
    flow_debug                               0x20003c7c   Data          40  usart.o(.bss)
    flow_matlab_data                         0x20003ca4   Data          16  usart.o(.bss)
    uart_time                                0x20003cb4   Data          40  usart.o(.bss)
    TxBuffer                                 0x20003cdc   Data         256  usart.o(.bss)
    Rx_Buf                                   0x20003ddc   Data         256  usart.o(.bss)
    RxBuffer                                 0x20003edc   Data          50  usart.o(.bss)
    mark_map                                 0x20003f10   Data         200  usart.o(.bss)
    TxBuffer5                                0x20003fd8   Data         256  usart.o(.bss)
    Rx_Buf5                                  0x200040d8   Data         256  usart.o(.bss)
    RxBuffer5                                0x200041d8   Data          50  usart.o(.bss)
    DEBUG                                    0x2000420c   Data         140  usart.o(.bss)
    Rx_Buf_app                               0x20004298   Data         256  usart.o(.bss)
    RxBuffer_app                             0x20004398   Data          50  usart.o(.bss)
    Rx_Buf4                                  0x200043ca   Data         256  usart.o(.bss)
    RxBuffer4                                0x200044ca   Data          50  usart.o(.bss)
    Rx_Buf3                                  0x200044fc   Data         256  usart.o(.bss)
    RxBuffer3                                0x200045fc   Data          50  usart.o(.bss)
    SendBuff1                                0x2000462e   Data          96  usart.o(.bss)
    SendBuff2                                0x2000468e   Data          40  usart.o(.bss)
    SendBuff3                                0x200046b6   Data          32  usart.o(.bss)
    SendBuff4                                0x200046d6   Data         192  usart.o(.bss)
    sd_save                                  0x20004798   Data         300  usart.o(.bss)
    RX_CH                                    0x200048c4   Data          16  rc.o(.bss)
    CH                                       0x200048d4   Data          16  rc.o(.bss)
    RX_CH_PWM                                0x200048e4   Data          16  rc.o(.bss)
    RX_CH_FIX                                0x200048f4   Data          16  rc.o(.bss)
    RX_CH_FIX_PWM                            0x20004904   Data          16  rc.o(.bss)
    CH_Old                                   0x20004914   Data          32  rc.o(.bss)
    CH_filter                                0x20004934   Data          32  rc.o(.bss)
    CH_filter_Old                            0x20004954   Data          32  rc.o(.bss)
    CH_filter_D                              0x20004974   Data          32  rc.o(.bss)
    CLR_CH_Error                             0x20004994   Data          16  rc.o(.bss)
    mpu6050                                  0x200049b4   Data         128  mpu6050.o(.bss)
    mpu6050_fc                               0x20004a34   Data         128  mpu6050.o(.bss)
    mpu6050_buffer                           0x20004ab4   Data          14  mpu6050.o(.bss)
    sum_temp                                 0x20004ac4   Data          28  mpu6050.o(.bss)
    FILT_BUF                                 0x20004ae0   Data         154  mpu6050.o(.bss)
    mpu6050_tmp                              0x20004b7c   Data          28  mpu6050.o(.bss)
    mpu_fil_tmp                              0x20004b98   Data          28  mpu6050.o(.bss)
    HMC5883_FIFO                             0x20004ca8   Data          66  ak8975.o(.bss)
    baro                                     0x20004cf8   Data          20  bmp.o(.bss)
    sonar_av_arr                             0x20004d18   Data         200  anotc_baro_ctrl.o(.bss)
    sonar                                    0x20004de0   Data          24  anotc_baro_ctrl.o(.bss)
    sonar_fusion                             0x20004df8   Data          68  anotc_baro_ctrl.o(.bss)
    baro_av_arr                              0x20004e3c   Data         400  anotc_baro_ctrl.o(.bss)
    baro_p                                   0x20004fcc   Data          24  anotc_baro_ctrl.o(.bss)
    baro_fusion                              0x20004fe4   Data          68  anotc_baro_ctrl.o(.bss)
    ultra                                    0x20005028   Data          20  ultrasonic.o(.bss)
    Distance                                 0x2000503c   Data         100  ultrasonic.o(.bss)
    __libspace_start                         0x200050a0   Data          96  libspace.o(.bss)
    __temporary_stack_top$libspace           0x20005100   Data           0  libspace.o(.bss)



==============================================================================

Memory Map of the image

  Image Entry point : 0x08000189

  Load Region LR_IROM1 (Base: 0x08000000, Size: 0x00026ddc, Max: 0x00100000, ABSOLUTE, COMPRESSED[0x00026630])

    Execution Region ER_IROM1 (Base: 0x08000000, Size: 0x00025ff8, Max: 0x00100000, ABSOLUTE)

    Base Addr    Size         Type   Attr      Idx    E Section Name        Object

    0x08000000   0x00000188   Data   RO          802    RESET               startup_stm32f4xx.o
    0x08000188   0x00000008   Code   RO         1391  * !!!main             c_w.l(__main.o)
    0x08000190   0x00000034   Code   RO         1813    !!!scatter          c_w.l(__scatter.o)
    0x080001c4   0x0000005a   Code   RO         1811    !!dczerorl2         c_w.l(__dczerorl2.o)
    0x0800021e   0x00000002   PAD
    0x08000220   0x0000001c   Code   RO         1815    !!handler_zi        c_w.l(__scatter_zi.o)
    0x0800023c   0x00000002   Code   RO         1676    .ARM.Collect$$libinit$$00000000  c_w.l(libinit.o)
    0x0800023e   0x00000004   Code   RO         1685    .ARM.Collect$$libinit$$00000001  c_w.l(libinit2.o)
    0x08000242   0x00000000   Code   RO         1688    .ARM.Collect$$libinit$$00000004  c_w.l(libinit2.o)
    0x08000242   0x00000000   Code   RO         1691    .ARM.Collect$$libinit$$0000000A  c_w.l(libinit2.o)
    0x08000242   0x00000000   Code   RO         1693    .ARM.Collect$$libinit$$0000000C  c_w.l(libinit2.o)
    0x08000242   0x00000000   Code   RO         1695    .ARM.Collect$$libinit$$0000000E  c_w.l(libinit2.o)
    0x08000242   0x00000000   Code   RO         1698    .ARM.Collect$$libinit$$00000011  c_w.l(libinit2.o)
    0x08000242   0x00000000   Code   RO         1700    .ARM.Collect$$libinit$$00000013  c_w.l(libinit2.o)
    0x08000242   0x00000000   Code   RO         1702    .ARM.Collect$$libinit$$00000015  c_w.l(libinit2.o)
    0x08000242   0x00000000   Code   RO         1704    .ARM.Collect$$libinit$$00000017  c_w.l(libinit2.o)
    0x08000242   0x00000000   Code   RO         1706    .ARM.Collect$$libinit$$00000019  c_w.l(libinit2.o)
    0x08000242   0x00000000   Code   RO         1708    .ARM.Collect$$libinit$$0000001B  c_w.l(libinit2.o)
    0x08000242   0x00000000   Code   RO         1710    .ARM.Collect$$libinit$$0000001D  c_w.l(libinit2.o)
    0x08000242   0x00000000   Code   RO         1712    .ARM.Collect$$libinit$$0000001F  c_w.l(libinit2.o)
    0x08000242   0x00000000   Code   RO         1714    .ARM.Collect$$libinit$$00000021  c_w.l(libinit2.o)
    0x08000242   0x00000000   Code   RO         1716    .ARM.Collect$$libinit$$00000023  c_w.l(libinit2.o)
    0x08000242   0x00000000   Code   RO         1718    .ARM.Collect$$libinit$$00000025  c_w.l(libinit2.o)
    0x08000242   0x00000000   Code   RO         1722    .ARM.Collect$$libinit$$0000002C  c_w.l(libinit2.o)
    0x08000242   0x00000000   Code   RO         1724    .ARM.Collect$$libinit$$0000002E  c_w.l(libinit2.o)
    0x08000242   0x00000000   Code   RO         1726    .ARM.Collect$$libinit$$00000030  c_w.l(libinit2.o)
    0x08000242   0x00000000   Code   RO         1728    .ARM.Collect$$libinit$$00000032  c_w.l(libinit2.o)
    0x08000242   0x00000002   Code   RO         1729    .ARM.Collect$$libinit$$00000033  c_w.l(libinit2.o)
    0x08000244   0x00000002   Code   RO         1761    .ARM.Collect$$libshutdown$$00000000  c_w.l(libshutdown.o)
    0x08000246   0x00000000   Code   RO         1778    .ARM.Collect$$libshutdown$$00000002  c_w.l(libshutdown2.o)
    0x08000246   0x00000000   Code   RO         1780    .ARM.Collect$$libshutdown$$00000004  c_w.l(libshutdown2.o)
    0x08000246   0x00000000   Code   RO         1783    .ARM.Collect$$libshutdown$$00000007  c_w.l(libshutdown2.o)
    0x08000246   0x00000000   Code   RO         1786    .ARM.Collect$$libshutdown$$0000000A  c_w.l(libshutdown2.o)
    0x08000246   0x00000000   Code   RO         1788    .ARM.Collect$$libshutdown$$0000000C  c_w.l(libshutdown2.o)
    0x08000246   0x00000000   Code   RO         1791    .ARM.Collect$$libshutdown$$0000000F  c_w.l(libshutdown2.o)
    0x08000246   0x00000002   Code   RO         1792    .ARM.Collect$$libshutdown$$00000010  c_w.l(libshutdown2.o)
    0x08000248   0x00000000   Code   RO         1567    .ARM.Collect$$rtentry$$00000000  c_w.l(__rtentry.o)
    0x08000248   0x00000000   Code   RO         1637    .ARM.Collect$$rtentry$$00000002  c_w.l(__rtentry2.o)
    0x08000248   0x00000006   Code   RO         1649    .ARM.Collect$$rtentry$$00000004  c_w.l(__rtentry4.o)
    0x0800024e   0x00000000   Code   RO         1639    .ARM.Collect$$rtentry$$00000009  c_w.l(__rtentry2.o)
    0x0800024e   0x00000004   Code   RO         1640    .ARM.Collect$$rtentry$$0000000A  c_w.l(__rtentry2.o)
    0x08000252   0x00000000   Code   RO         1642    .ARM.Collect$$rtentry$$0000000C  c_w.l(__rtentry2.o)
    0x08000252   0x00000008   Code   RO         1643    .ARM.Collect$$rtentry$$0000000D  c_w.l(__rtentry2.o)
    0x0800025a   0x00000002   Code   RO         1679    .ARM.Collect$$rtexit$$00000000  c_w.l(rtexit.o)
    0x0800025c   0x00000000   Code   RO         1733    .ARM.Collect$$rtexit$$00000002  c_w.l(rtexit2.o)
    0x0800025c   0x00000004   Code   RO         1734    .ARM.Collect$$rtexit$$00000003  c_w.l(rtexit2.o)
    0x08000260   0x00000006   Code   RO         1735    .ARM.Collect$$rtexit$$00000004  c_w.l(rtexit2.o)
    0x08000266   0x00000002   PAD
    0x08000268   0x000000e4   Code   RO            2    .text               init.o
    0x0800034c   0x00000efc   Code   RO          204    .text               scheduler.o
    0x08001248   0x00000348   Code   RO          249    .text               parameter.o
    0x08001590   0x000000e8   Code   RO          302    .text               fly_mode.o
    0x08001678   0x00000014   Code   RO          329    .text               main.o
    0x0800168c   0x0000002c   Code   RO          351    .text               stm32f4xx_it.o
    0x080016b8   0x00000424   Code   RO          367    .text               iic_hml.o
    0x08001adc   0x000003a8   Code   RO          386    .text               i2c_soft.o
    0x08001e84   0x00000280   Code   RO          412    .text               time.o
    0x08002104   0x000003cc   Code   RO          484    .text               pwm_out.o
    0x080024d0   0x0000006c   Code   RO          509    .text               led.o
    0x0800253c   0x000009f4   Code   RO          530    .text               flash.o
    0x08002f30   0x000000e0   Code   RO          553    .text               misc.o
    0x08003010   0x000003a8   Code   RO          601    .text               stm32f4xx_dma.o
    0x080033b8   0x000004bc   Code   RO          633    .text               stm32f4xx_flash.o
    0x08003874   0x0000025c   Code   RO          649    .text               stm32f4xx_gpio.o
    0x08003ad0   0x00000588   Code   RO          697    .text               stm32f4xx_rcc.o
    0x08004058   0x000003f8   Code   RO          715    .text               stm32f4xx_spi.o
    0x08004450   0x00000ca2   Code   RO          747    .text               stm32f4xx_tim.o
    0x080050f2   0x00000002   PAD
    0x080050f4   0x0000041a   Code   RO          763    .text               stm32f4xx_usart.o
    0x0800550e   0x00000002   PAD
    0x08005510   0x00000210   Code   RO          779    .text               system_stm32f4xx.o
    0x08005720   0x00000040   Code   RO          803    .text               startup_stm32f4xx.o
    0x08005760   0x000024fc   Code   RO          808    .text               imu.o
    0x08007c5c   0x00000b04   Code   RO          843    .text               alt_fushion.o
    0x08008760   0x00000870   Code   RO          884    .text               mymath.o
    0x08008fd0   0x00000594   Code   RO          903    .text               filter.o
    0x08009564   0x000013f8   Code   RO          919    .text               fastmath.o
    0x0800a95c   0x000021d0   Code   RO          935    .text               quar.o
    0x0800cb2c   0x00001e5c   Code   RO          966    .text               ctrl.o
    0x0800e988   0x00002b80   Code   RO          989    .text               pos_ctrl.o
    0x08011508   0x00001d18   Code   RO         1014    .text               height_ctrl1.o
    0x08013220   0x00001af0   Code   RO         1038    .text               eso.o
    0x08014d10   0x00008b04   Code   RO         1061    .text               usart.o
    0x0801d814   0x00000634   Code   RO         1120    .text               rc.o
    0x0801de48   0x000000e8   Code   RO         1147    .text               dma.o
    0x0801df30   0x00000998   Code   RO         1163    .text               mpu6050.o
    0x0801e8c8   0x00000940   Code   RO         1187    .text               ak8975.o
    0x0801f208   0x0000077c   Code   RO         1217    .text               bmp.o
    0x0801f984   0x000006fc   Code   RO         1248    .text               anotc_baro_ctrl.o
    0x08020080   0x000002c0   Code   RO         1275    .text               ultrasonic.o
    0x08020340   0x00001758   Code   RO         1297    .text               kf_oldx.lib(kf_oldx.o)
    0x08021a98   0x00000100   Code   RO         1333    .text               kf_oldx.lib(rt_nonfinite.o)
    0x08021b98   0x00000134   Code   RO         1357    .text               kf_oldx.lib(rtgetinf.o)
    0x08021ccc   0x000000c8   Code   RO         1369    .text               kf_oldx.lib(rtgetnan.o)
    0x08021d94   0x00000048   Code   RO         1383    .text               c_w.l(llsdiv.o)
    0x08021ddc   0x00000064   Code   RO         1385    .text               c_w.l(rt_memcpy_w.o)
    0x08021e40   0x0000004e   Code   RO         1387    .text               c_w.l(rt_memclr_w.o)
    0x08021e8e   0x00000006   Code   RO         1389    .text               c_w.l(heapauxi.o)
    0x08021e94   0x000000ee   Code   RO         1568    .text               c_w.l(lludivv7m.o)
    0x08021f82   0x00000016   Code   RO         1570    .text               c_w.l(_rserrno.o)
    0x08021f98   0x00000008   Code   RO         1658    .text               c_w.l(rt_errno_addr_intlibspace.o)
    0x08021fa0   0x00000008   Code   RO         1662    .text               c_w.l(libspace.o)
    0x08021fa8   0x0000004a   Code   RO         1665    .text               c_w.l(sys_stackheap_outer.o)
    0x08021ff2   0x00000012   Code   RO         1669    .text               c_w.l(exit.o)
    0x08022004   0x0000000c   Code   RO         1749    .text               c_w.l(sys_exit.o)
    0x08022010   0x00000002   Code   RO         1766    .text               c_w.l(use_no_semi.o)
    0x08022012   0x00000000   Code   RO         1768    .text               c_w.l(indicate_semi.o)
    0x08022012   0x00000030   Code   RO         1604    i.__ARM_fpclassify  m_wm.l(fpclassify.o)
    0x08022042   0x00000026   Code   RO         1606    i.__ARM_fpclassifyf  m_wm.l(fpclassifyf.o)
    0x08022068   0x00000360   Code   RO         1429    i.__hardfp_asin     m_wm.l(asin.o)
    0x080223c8   0x0000012c   Code   RO         1443    i.__hardfp_asinf    m_wm.l(asinf.o)
    0x080224f4   0x00000004   PAD
    0x080224f8   0x000002d8   Code   RO         1455    i.__hardfp_atan     m_wm.l(atan.o)
    0x080227d0   0x000001f0   Code   RO         1469    i.__hardfp_atan2    m_wm.l(atan2.o)
    0x080229c0   0x00000250   Code   RO         1481    i.__hardfp_atan2f   m_wm.l(atan2f.o)
    0x08022c10   0x000000c8   Code   RO         1493    i.__hardfp_cos      m_wm.l(cos.o)
    0x08022cd8   0x00000014   Code   RO         1505    i.__hardfp_fabs     m_wm.l(fabs.o)
    0x08022cec   0x00000004   PAD
    0x08022cf0   0x00000118   Code   RO         1511    i.__hardfp_floor    m_wm.l(floor.o)
    0x08022e08   0x00000c50   Code   RO         1517    i.__hardfp_pow      m_wm.l(pow.o)
    0x08023a58   0x000000c8   Code   RO         1531    i.__hardfp_sin      m_wm.l(sin.o)
    0x08023b20   0x0000007a   Code   RO         1543    i.__hardfp_sqrt     m_wm.l(sqrt.o)
    0x08023b9a   0x0000003a   Code   RO         1555    i.__hardfp_sqrtf    m_wm.l(sqrtf.o)
    0x08023bd4   0x00000004   PAD
    0x08023bd8   0x00000438   Code   RO         1625    i.__ieee754_rem_pio2  m_wm.l(rred.o)
    0x08024010   0x00000170   Code   RO         1587    i.__kernel_cos      m_wm.l(cos_i.o)
    0x08024180   0x000000f8   Code   RO         1622    i.__kernel_poly     m_wm.l(poly.o)
    0x08024278   0x00000130   Code   RO         1630    i.__kernel_sin      m_wm.l(sin_i.o)
    0x080243a8   0x00000030   Code   RO         1590    i.__mathlib_dbl_divzero  m_wm.l(dunder.o)
    0x080243d8   0x00000014   Code   RO         1591    i.__mathlib_dbl_infnan  m_wm.l(dunder.o)
    0x080243ec   0x00000014   Code   RO         1592    i.__mathlib_dbl_infnan2  m_wm.l(dunder.o)
    0x08024400   0x00000020   Code   RO         1593    i.__mathlib_dbl_invalid  m_wm.l(dunder.o)
    0x08024420   0x00000020   Code   RO         1594    i.__mathlib_dbl_overflow  m_wm.l(dunder.o)
    0x08024440   0x00000020   Code   RO         1596    i.__mathlib_dbl_underflow  m_wm.l(dunder.o)
    0x08024460   0x00000006   Code   RO         1609    i.__mathlib_flt_infnan  m_wm.l(funder.o)
    0x08024466   0x00000006   Code   RO         1610    i.__mathlib_flt_infnan2  m_wm.l(funder.o)
    0x0802446c   0x00000010   Code   RO         1611    i.__mathlib_flt_invalid  m_wm.l(funder.o)
    0x0802447c   0x00000010   Code   RO         1614    i.__mathlib_flt_underflow  m_wm.l(funder.o)
    0x0802448c   0x00000010   Code   RO         1457    i.atan              m_wm.l(atan.o)
    0x0802449c   0x00000018   Code   RO         1507    i.fabs              m_wm.l(fabs.o)
    0x080244b4   0x0000006e   Code   RO         1545    i.sqrt              m_wm.l(sqrt.o)
    0x08024522   0x0000003e   Code   RO         1557    i.sqrtf             m_wm.l(sqrtf.o)
    0x08024560   0x00000018   Code   RO         1393    x$fpl$basic         fz_wm.l(basic.o)
    0x08024578   0x00000062   Code   RO         1395    x$fpl$d2f           fz_wm.l(d2f.o)
    0x080245da   0x00000002   PAD
    0x080245dc   0x00000150   Code   RO         1397    x$fpl$dadd          fz_wm.l(daddsub_clz.o)
    0x0802472c   0x00000010   Code   RO         1660    x$fpl$dcheck1       fz_wm.l(dcheck1.o)
    0x0802473c   0x00000018   Code   RO         1572    x$fpl$dcmpinf       fz_wm.l(dcmpi.o)
    0x08024754   0x000002b0   Code   RO         1404    x$fpl$ddiv          fz_wm.l(ddiv.o)
    0x08024a04   0x00000078   Code   RO         1407    x$fpl$deqf          fz_wm.l(deqf.o)
    0x08024a7c   0x0000005e   Code   RO         1409    x$fpl$dfix          fz_wm.l(dfix.o)
    0x08024ada   0x0000002e   Code   RO         1414    x$fpl$dflt          fz_wm.l(dflt_clz.o)
    0x08024b08   0x00000026   Code   RO         1413    x$fpl$dfltu         fz_wm.l(dflt_clz.o)
    0x08024b2e   0x00000002   PAD
    0x08024b30   0x00000078   Code   RO         1419    x$fpl$dleqf         fz_wm.l(dleqf.o)
    0x08024ba8   0x00000154   Code   RO         1421    x$fpl$dmul          fz_wm.l(dmul.o)
    0x08024cfc   0x0000009c   Code   RO         1574    x$fpl$dnaninf       fz_wm.l(dnaninf.o)
    0x08024d98   0x0000000c   Code   RO         1576    x$fpl$dretinf       fz_wm.l(dretinf.o)
    0x08024da4   0x0000006c   Code   RO         1423    x$fpl$drleqf        fz_wm.l(drleqf.o)
    0x08024e10   0x00000016   Code   RO         1398    x$fpl$drsb          fz_wm.l(daddsub_clz.o)
    0x08024e26   0x00000002   PAD
    0x08024e28   0x00000198   Code   RO         1578    x$fpl$dsqrt         fz_wm.l(dsqrt_umaal.o)
    0x08024fc0   0x000001d4   Code   RO         1399    x$fpl$dsub          fz_wm.l(daddsub_clz.o)
    0x08025194   0x00000056   Code   RO         1425    x$fpl$f2d           fz_wm.l(f2d.o)
    0x080251ea   0x00000060   Code   RO         1427    x$fpl$ffltll        fz_wm.l(ffltll_clz.o)
    0x0802524a   0x0000008c   Code   RO         1580    x$fpl$fnaninf       fz_wm.l(fnaninf.o)
    0x080252d6   0x0000000a   Code   RO         1747    x$fpl$fpinit        fz_wm.l(fpinit.o)
    0x080252e0   0x0000000a   Code   RO         1582    x$fpl$fretinf       fz_wm.l(fretinf.o)
    0x080252ea   0x00000064   Code   RO         1677    x$fpl$retnan        fz_wm.l(retnan.o)
    0x0802534e   0x0000005c   Code   RO         1584    x$fpl$scalbn        fz_wm.l(scalbn.o)
    0x080253aa   0x00000030   Code   RO         1730    x$fpl$trapveneer    fz_wm.l(trapv.o)
    0x080253da   0x00000000   Code   RO         1586    x$fpl$usenofp       fz_wm.l(usenofp.o)
    0x080253da   0x00000002   PAD
    0x080253dc   0x00000030   Data   RO          251    .constdata          parameter.o
    0x0802540c   0x00000880   Data   RO          920    .constdata          fastmath.o
    0x08025c8c   0x00000024   Data   RO          937    .constdata          quar.o
    0x08025cb0   0x00000004   Data   RO          991    .constdata          pos_ctrl.o
    0x08025cb4   0x00000004   PAD
    0x08025cb8   0x00000084   Data   RO         1298    .constdata          kf_oldx.lib(kf_oldx.o)
    0x08025d3c   0x00000004   PAD
    0x08025d40   0x00000050   Data   RO         1432    .constdata          m_wm.l(asin.o)
    0x08025d90   0x00000098   Data   RO         1458    .constdata          m_wm.l(atan.o)
    0x08025e28   0x00000088   Data   RO         1520    .constdata          m_wm.l(pow.o)
    0x08025eb0   0x00000030   Data   RO         1588    .constdata          m_wm.l(cos_i.o)
    0x08025ee0   0x00000008   Data   RO         1624    .constdata          m_wm.l(qnan.o)
    0x08025ee8   0x000000c8   Data   RO         1627    .constdata          m_wm.l(rred.o)
    0x08025fb0   0x00000028   Data   RO         1631    .constdata          m_wm.l(sin_i.o)
    0x08025fd8   0x00000020   Data   RO         1809    Region$$Table       anon$$obj.o


    Execution Region RW_IRAM1 (Base: 0x20000000, Size: 0x00005d00, Max: 0x00020000, ABSOLUTE, COMPRESSED[0x00000638])

    Base Addr    Size         Type   Attr      Idx    E Section Name        Object

    0x20000000   0x00000032   Data   RW          206    .data               scheduler.o
    0x20000032   0x00000001   Data   RW          252    .data               parameter.o
    0x20000033   0x00000008   Data   RW          304    .data               fly_mode.o
    0x2000003b   0x00000001   Data   RW          330    .data               main.o
    0x2000003c   0x00000001   Data   RW          387    .data               i2c_soft.o
    0x2000003d   0x00000003   PAD
    0x20000040   0x00000014   Data   RW          414    .data               time.o
    0x20000054   0x0000000b   Data   RW          485    .data               pwm_out.o
    0x2000005f   0x00000001   Data   RW          510    .data               led.o
    0x20000060   0x00000008   Data   RW          532    .data               flash.o
    0x20000068   0x00000010   Data   RW          698    .data               stm32f4xx_rcc.o
    0x20000078   0x00000014   Data   RW          780    .data               system_stm32f4xx.o
    0x2000008c   0x00000092   Data   RW          810    .data               imu.o
    0x2000011e   0x00000002   PAD
    0x20000120   0x00000208   Data   RW          845    .data               alt_fushion.o
    0x20000328   0x00000404   Data   RW          885    .data               mymath.o
    0x2000072c   0x0000000c   Data   RW          904    .data               filter.o
    0x20000738   0x00000030   Data   RW          968    .data               ctrl.o
    0x20000768   0x0000014a   Data   RW          992    .data               pos_ctrl.o
    0x200008b2   0x00000002   PAD
    0x200008b4   0x00000168   Data   RW         1016    .data               height_ctrl1.o
    0x20000a1c   0x0000003c   Data   RW         1040    .data               eso.o
    0x20000a58   0x0000010f   Data   RW         1063    .data               usart.o
    0x20000b67   0x00000001   PAD
    0x20000b68   0x00000048   Data   RW         1122    .data               rc.o
    0x20000bb0   0x0000001c   Data   RW         1165    .data               mpu6050.o
    0x20000bcc   0x00000004   PAD
    0x20000bd0   0x00000100   Data   RW         1189    .data               ak8975.o
    0x20000cd0   0x0000008d   Data   RW         1219    .data               bmp.o
    0x20000d5d   0x00000003   PAD
    0x20000d60   0x00000058   Data   RW         1250    .data               anotc_baro_ctrl.o
    0x20000db8   0x00000006   Data   RW         1277    .data               ultrasonic.o
    0x20000dbe   0x00000002   PAD
    0x20000dc0   0x00000024   Data   RW         1334    .data               kf_oldx.lib(rt_nonfinite.o)
    0x20000de4   0x00000034   Zero   RW          205    .bss                scheduler.o
    0x20000e18   0x00000100   Zero   RW          250    .bss                parameter.o
    0x20000f18   0x00000060   Zero   RW          303    .bss                fly_mode.o
    0x20000f78   0x000000f0   Zero   RW          413    .bss                time.o
    0x20001068   0x000010c8   Zero   RW          531    .bss                flash.o
    0x20002130   0x000000c8   Zero   RW          809    .bss                imu.o
    0x200021f8   0x00000074   Zero   RW          844    .bss                alt_fushion.o
    0x2000226c   0x000000e4   Zero   RW          936    .bss                quar.o
    0x20002350   0x00000204   Zero   RW          967    .bss                ctrl.o
    0x20002554   0x000002a4   Zero   RW          990    .bss                pos_ctrl.o
    0x200027f8   0x00000520   Zero   RW         1015    .bss                height_ctrl1.o
    0x20002d18   0x00000bdc   Zero   RW         1039    .bss                eso.o
    0x200038f4   0x00000fd0   Zero   RW         1062    .bss                usart.o
    0x200048c4   0x000000f0   Zero   RW         1121    .bss                rc.o
    0x200049b4   0x00000200   Zero   RW         1164    .bss                mpu6050.o
    0x20004bb4   0x00000004   PAD
    0x20004bb8   0x00000140   Zero   RW         1188    .bss                ak8975.o
    0x20004cf8   0x00000020   Zero   RW         1218    .bss                bmp.o
    0x20004d18   0x00000310   Zero   RW         1249    .bss                anotc_baro_ctrl.o
    0x20005028   0x00000078   Zero   RW         1276    .bss                ultrasonic.o
    0x200050a0   0x00000060   Zero   RW         1663    .bss                c_w.l(libspace.o)
    0x20005100   0x00000400   Zero   RW          801    HEAP                startup_stm32f4xx.o
    0x20005500   0x00000800   Zero   RW          800    STACK               startup_stm32f4xx.o


==============================================================================

Image component sizes


      Code (inc. data)   RO Data    RW Data    ZI Data      Debug   Object Name

      2368        122          0        256        320       8353   ak8975.o
      2820        286          0        520        116      10020   alt_fushion.o
      1788        170          0         88        784       6367   anotc_baro_ctrl.o
      1916        182          0        141         32       7043   bmp.o
      7772        496          0         48        516       5640   ctrl.o
       232          4          0          0          0       1380   dma.o
      6896        234          0         60       3036      11646   eso.o
      5112        288       2176          0          0      11903   fastmath.o
      1428         36          0         12          0       3755   filter.o
      2548        126          0          8       4296       7327   flash.o
       232         28          0          8         96      10405   fly_mode.o
      7448        836          0        360       1312      10523   height_ctrl1.o
       936         10          0          1          0       4478   i2c_soft.o
      1060         14          0          0          0       4755   iic_hml.o
      9468        394          0        146        200       9552   imu.o
       228         28          0          0          0     295601   init.o
       108         10          0          1          0        642   led.o
        20          4          0          1          0        653   main.o
       224         20          0          0          0       1925   misc.o
      2456        118          0         28        512      16666   mpu6050.o
      2160        152          0       1028          0       6825   mymath.o
       840         32         48          1        256       4254   parameter.o
     11136        888          4        330        676      10879   pos_ctrl.o
       972         30          0         11          0       2664   pwm_out.o
      8656        150         36          0        228      12048   quar.o
      1588        148          0         72        240       3519   rc.o
      3836        428          0         50         52       4457   scheduler.o
        64         26        392          0       3072        888   startup_stm32f4xx.o
       936         32          0          0          0       6501   stm32f4xx_dma.o
      1212         26          0          0          0       7193   stm32f4xx_flash.o
       604         36          0          0          0       4229   stm32f4xx_gpio.o
        44          4          0          0          0       1349   stm32f4xx_it.o
      1416         48          0         16          0      11159   stm32f4xx_rcc.o
      1016         22          0          0          0       6953   stm32f4xx_spi.o
      3234         60          0          0          0      23124   stm32f4xx_tim.o
      1050         26          0          0          0       7968   stm32f4xx_usart.o
       528         46          0         20          0       1987   system_stm32f4xx.o
       640         38          0         20        240      22341   time.o
       704         44          0          6        120       2231   ultrasonic.o
     35588       1462          0        271       4048      36018   usart.o

    ----------------------------------------------------------------------
    131288       7104       2692       3520      20156     605221   Object Totals
         0          0         32          0          0          0   (incl. Generated)
         4          0          4         17          4          0   (incl. Padding)

    ----------------------------------------------------------------------

      Code (inc. data)   RO Data    RW Data    ZI Data      Debug   Library Member Name

        90          0          0          0          0          0   __dczerorl2.o
         8          0          0          0          0         68   __main.o
         0          0          0          0          0          0   __rtentry.o
        12          0          0          0          0          0   __rtentry2.o
         6          0          0          0          0          0   __rtentry4.o
        52          8          0          0          0          0   __scatter.o
        28          0          0          0          0          0   __scatter_zi.o
        22          0          0          0          0        100   _rserrno.o
        18          0          0          0          0         80   exit.o
         6          0          0          0          0        152   heapauxi.o
         0          0          0          0          0          0   indicate_semi.o
         2          0          0          0          0          0   libinit.o
         6          0          0          0          0          0   libinit2.o
         2          0          0          0          0          0   libshutdown.o
         2          0          0          0          0          0   libshutdown2.o
         8          4          0          0         96         68   libspace.o
        72          0          0          0          0         76   llsdiv.o
       238          0          0          0          0        100   lludivv7m.o
         8          4          0          0          0         68   rt_errno_addr_intlibspace.o
        78          0          0          0          0         80   rt_memclr_w.o
       100          0          0          0          0         80   rt_memcpy_w.o
         2          0          0          0          0          0   rtexit.o
        10          0          0          0          0          0   rtexit2.o
        12          4          0          0          0         68   sys_exit.o
        74          0          0          0          0         80   sys_stackheap_outer.o
         2          0          0          0          0         68   use_no_semi.o
        24          0          0          0          0        164   basic.o
        98          4          0          0          0        140   d2f.o
       826         16          0          0          0        492   daddsub_clz.o
        16          4          0          0          0        116   dcheck1.o
        24          0          0          0          0        116   dcmpi.o
       688        140          0          0          0        256   ddiv.o
       120          4          0          0          0        140   deqf.o
        94          4          0          0          0        140   dfix.o
        84          0          0          0          0        232   dflt_clz.o
       120          4          0          0          0        140   dleqf.o
       340         12          0          0          0        152   dmul.o
       156          4          0          0          0        140   dnaninf.o
        12          0          0          0          0        116   dretinf.o
       108          0          0          0          0        128   drleqf.o
       408         56          0          0          0        168   dsqrt_umaal.o
        86          4          0          0          0        132   f2d.o
        96          0          0          0          0        132   ffltll_clz.o
       140          4          0          0          0        132   fnaninf.o
        10          0          0          0          0        116   fpinit.o
        10          0          0          0          0        116   fretinf.o
       100          0          0          0          0        116   retnan.o
        92          0          0          0          0        116   scalbn.o
        48          0          0          0          0        116   trapv.o
         0          0          0          0          0          0   usenofp.o
      5976        170        132          0          0       6610   kf_oldx.o
       256         26          0         36          0       1984   rt_nonfinite.o
       308         22          0          0          0       1934   rtgetinf.o
       200         18          0          0          0       1305   rtgetnan.o
       864         94         80          0          0        280   asin.o
       300         42          0          0          0        176   asinf.o
       744        106        152          0          0        352   atan.o
       496         64          0          0          0        192   atan2.o
       592         90          0          0          0        184   atan2f.o
       200         20          0          0          0        164   cos.o
       368         46         48          0          0        200   cos_i.o
       184         44          0          0          0        744   dunder.o
        44          0          0          0          0        248   fabs.o
       280         28          0          0          0        156   floor.o
        48          0          0          0          0        124   fpclassify.o
        38          0          0          0          0        116   fpclassifyf.o
        44         12          0          0          0        464   funder.o
       248          0          0          0          0        152   poly.o
      3152        296        136          0          0        352   pow.o
         0          0          8          0          0          0   qnan.o
      1080        142        200          0          0        188   rred.o
       200         20          0          0          0        164   sin.o
       304         24         40          0          0        208   sin_i.o
       232          0          0          0          0        296   sqrt.o
       120          0          0          0          0        272   sqrtf.o

    ----------------------------------------------------------------------
     20860       1544        800         36         96      21569   Library Totals
        24          4          4          0          0          0   (incl. Padding)

    ----------------------------------------------------------------------

      Code (inc. data)   RO Data    RW Data    ZI Data      Debug   Library Name

       858         20          0          0         96       1088   c_w.l
      3700        256          0          0          0       3616   fz_wm.l
      6740        236        132         36          0      11833   kf_oldx.lib
      9538       1028        664          0          0       5032   m_wm.l

    ----------------------------------------------------------------------
     20860       1544        800         36         96      21569   Library Totals

    ----------------------------------------------------------------------

==============================================================================


      Code (inc. data)   RO Data    RW Data    ZI Data      Debug   

    152148       8648       3492       3556      20252     611022   Grand Totals
    152148       8648       3492       1592      20252     611022   ELF Image Totals (compressed)
    152148       8648       3492       1592          0          0   ROM Totals

==============================================================================

    Total RO  Size (Code + RO Data)               155640 ( 151.99kB)
    Total RW  Size (RW Data + ZI Data)             23808 (  23.25kB)
    Total ROM Size (Code + RO Data + RW Data)     157232 ( 153.55kB)

==============================================================================

