<html>
<body>
<pre>
<h1>µVision Build Log</h1>
<h2>Tool Versions:</h2>
IDE-Version: ¦ÌVision V5.20.0.0
Copyright (C) 2016 ARM Ltd and ARM Germany GmbH. All rights reserved.
License Information: 1 1, 1, LIC=FYKWF-63T69-Z86FH-W1RGM-U5XIU-9UT4S
 
Tool Versions:
Toolchain:       MDK-ARM Plus  Version: 5.20
Toolchain Path:  d:\Keil_v5\ARM\ARMCC\Bin
C Compiler:      Armcc.exe V5.06 update 2 (build 183)
Assembler:       Armasm.exe V5.06 update 2 (build 183)
Linker/Locator:  ArmLink.exe V5.06 update 2 (build 183)
Library Manager: ArmAr.exe V5.06 update 2 (build 183)
Hex Converter:   FromElf.exe V5.06 update 2 (build 183)
CPU DLL:         SARMCM3.DLL V5.20
Dialog DLL:      DCM.DLL V1.13.7.0
Target DLL:      STLink\ST-LINKIII-KEIL_SWO.dll V2.0.18.0
Dialog DLL:      TCM.DLL V1.14.9.0
 
<h2>Project:</h2>
D:\·É¿Ø\OLDX_FC2.0\Back_FC\F407_FC.uvprojx
Project File Date:  04/17/2017

<h2>Output:</h2>
*** Using Compiler 'V5.06 update 2 (build 183)', folder: 'd:\Keil_v5\ARM\ARMCC\Bin'
Build target 'OLD-X FC 2.0'
compiling parameter.c...
compiling init.c...
compiling scheduler.c...
compiling fly_mode.c...
compiling main.c...
compiling stm32f4xx_it.c...
compiling time.c...
compiling iic_hml.c...
compiling pwm_out.c...
compiling led.c...
compiling flash.c...
compiling imu.c...
compiling alt_fushion.c...
compiling filter.c...
compiling bmp.c...
compiling ctrl.c...
compiling quar.c...
compiling pos_ctrl.c...
compiling eso.c...
compiling height_ctrl1.c...
compiling mpu6050.c...
compiling rc.c...
compiling usart.c...
compiling ak8975.c...
compiling anotc_baro_ctrl.c...
compiling ultrasonic.c...
linking...
Program Size: Code=146516 RO-data=3356 RW-data=3520 ZI-data=20256  
FromELF: creating hex file...
After Build - User command #1: fromelf --bin .\build\F407_FC.axf --output TEST.ANO
".\build\F407_FC.axf" - 0 Error(s), 0 Warning(s).

<h2>Software Packages used:</h2>

Package Vendor: ARM
                http://www.keil.com/pack/ARM.CMSIS.4.5.0.pack
                ARM::CMSIS:CORE:4.3.0
                CMSIS (Cortex Microcontroller Software Interface Standard)
   * Component: CORE Version: 4.3.0

<h2>Collection of Component include folders:</h2>
  D:\·É¿Ø\OLDX_FC2.0\Back_FC\RTE
  d:\Keil_v5\ARM\PACK\ARM\CMSIS\4.5.0\CMSIS\Include
  d:\Keil_v5\ARM\PACK\Keil\STM32F4xx_DFP\2.9.0\Drivers\CMSIS\Device\ST\STM32F4xx\Include

<h2>Collection of Component Files used:</h2>

   * Component: ARM::CMSIS:CORE:4.3.0
Build Time Elapsed:  00:00:12
</pre>
</body>
</html>
