Component: ARM Compiler 5.06 update 2 (build 183) Tool: armlink [4d35b7]

==============================================================================

Section Cross References

    scheduler.o(.text) refers to time.o(.text) for Get_Cycle_T
    scheduler.o(.text) refers to f2d.o(x$fpl$f2d) for __aeabi_f2d
    scheduler.o(.text) refers to dleqf.o(x$fpl$dleqf) for __aeabi_cdcmple
    scheduler.o(.text) refers to drleqf.o(x$fpl$drleqf) for __aeabi_cdrcmple
    scheduler.o(.text) refers to mpu6050.o(.text) for MPU6050_Read
    scheduler.o(.text) refers to dflt_clz.o(x$fpl$dfltu) for __aeabi_ui2d
    scheduler.o(.text) refers to imu.o(.text) for IMUupdate
    scheduler.o(.text) refers to ctrl.o(.text) for CTRL_1
    scheduler.o(.text) refers to rc.o(.text) for RC_Duty
    scheduler.o(.text) refers to usart.o(.text) for GOL_LINK_TASK
    scheduler.o(.text) refers to stm32f4xx_dma.o(.text) for DMA_GetFlagStatus
    scheduler.o(.text) refers to data_transfer.o(.text) for ANO_DT_Data_Exchange
    scheduler.o(.text) refers to dmul.o(x$fpl$dmul) for __aeabi_dmul
    scheduler.o(.text) refers to dfix.o(x$fpl$dfix) for __aeabi_d2iz
    scheduler.o(.text) refers to scheduler.o(.bss) for loop
    scheduler.o(.text) refers to scheduler.o(.data) for inner_loop_time
    scheduler.o(.text) refers to mpu6050.o(.bss) for mpu6050_fc
    scheduler.o(.text) refers to imu.o(.data) for Pit_fc
    scheduler.o(.text) refers to usart.o(.data) for NAV_BOARD_CONNECT
    scheduler.o(.text) refers to fly_mode.o(.bss) for mode
    scheduler.o(.text) refers to ctrl.o(.bss) for ctrl_2
    scheduler.o(.text) refers to usart.o(.bss) for flow_debug
    scheduler.o(.text) refers to ddiv.o(x$fpl$ddiv) for __aeabi_ddiv
    scheduler.o(.text) refers to height_ctrl.o(.bss) for hc_value
    scheduler.o(.text) refers to bmp.o(.bss) for baro
    scheduler.o(.text) refers to ctrl.o(.data) for thr_value
    scheduler.o(.text) refers to alt_fushion.o(.data) for ALT_POS_SONAR2
    scheduler.o(.text) refers to alt_fushion.o(.bss) for acc_body
    scheduler.o(.text) refers to height_ctrl.o(.data) for ultra_speed
    scheduler.o(.text) refers to pos_ctrl.o(.bss) for nav_spd_ctrl
    scheduler.o(.text) refers to stm32f4xx_usart.o(.text) for USART_DMACmd
    scheduler.o(.text) refers to dma.o(.text) for MYDMA_Enable
    scheduler.o(.text) refers to d2f.o(x$fpl$d2f) for __aeabi_d2f
    scheduler.o(.text) refers to anotc_baro_ctrl.o(.text) for baro_ctrl
    scheduler.o(.text) refers to pos_ctrl.o(.text) for AUTO_LAND_FLYUP
    scheduler.o(.text) refers to mymath.o(.text) for my_deathzoom_rc
    scheduler.o(.text) refers to rc.o(.bss) for RX_CH_FIX_PWM
    scheduler.o(.text) refers to rc.o(.data) for fly_ready
    scheduler.o(.text) refers to fly_mode.o(.text) for mode_check
    scheduler.o(.text) refers to ak8975.o(.text) for ANO_AK8975_Read
    scheduler.o(.text) refers to ultrasonic.o(.text) for Ultra_Duty
    scheduler.o(.text) refers to led.o(.text) for LEDRGB
    scheduler.o(.text) refers to pos_ctrl.o(.data) for state_v
    scheduler.o(.text) refers to time.o(.data) for time_1ms
    init.o(.text) refers to misc.o(.text) for NVIC_PriorityGroupConfig
    init.o(.text) refers to time.o(.text) for SysTick_Configuration
    init.o(.text) refers to i2c_soft.o(.text) for I2c_Soft_Init
    init.o(.text) refers to pwm_out.o(.text) for PWM_Out_Init
    init.o(.text) refers to mpu6050.o(.text) for MPU6050_Init
    init.o(.text) refers to led.o(.text) for LED_Init
    init.o(.text) refers to ak8975.o(.text) for HMC5883L_SetUp
    init.o(.text) refers to bmp.o(.text) for MS5611_Init_FC
    init.o(.text) refers to usart.o(.text) for Usart1_Init
    init.o(.text) refers to dma.o(.text) for MYDMA_Config
    init.o(.text) refers to stm32f4xx_usart.o(.text) for USART_DMACmd
    init.o(.text) refers to ultrasonic.o(.text) for Ultrasonic_Init
    init.o(.text) refers to flash.o(.text) for READ_PARM
    init.o(.text) refers to parameter.o(.text) for Para_Init
    init.o(.text) refers to init.o(.data) for mcuID
    init.o(.text) refers to usart.o(.bss) for SendBuff1
    init.o(.text) refers to fly_mode.o(.bss) for mode
    parameter.o(.text) refers to ctrl.o(.text) for Ctrl_Para_Init
    parameter.o(.text) refers to f2d.o(x$fpl$f2d) for __aeabi_f2d
    parameter.o(.text) refers to dflt_clz.o(x$fpl$dfltu) for __aeabi_ui2d
    parameter.o(.text) refers to ddiv.o(x$fpl$ddiv) for __aeabi_ddiv
    parameter.o(.text) refers to dleqf.o(x$fpl$dleqf) for __aeabi_cdcmple
    parameter.o(.text) refers to drleqf.o(x$fpl$drleqf) for __aeabi_cdrcmple
    parameter.o(.text) refers to dmul.o(x$fpl$dmul) for __aeabi_dmul
    parameter.o(.text) refers to d2f.o(x$fpl$d2f) for __aeabi_d2f
    parameter.o(.text) refers to mpu6050.o(.bss) for mpu6050
    parameter.o(.text) refers to parameter.o(.bss) for sensor_setup
    parameter.o(.text) refers to ak8975.o(.data) for ak8975
    parameter.o(.text) refers to ctrl.o(.bss) for ctrl_1
[...]
    _memset_w                                0x08025fd5   Thumb Code     0  rt_memclr_w.o(.text)
    __use_two_region_memory                  0x0802601f   Thumb Code     2  heapauxi.o(.text)
    __rt_heap_escrow$2region                 0x08026021   Thumb Code     2  heapauxi.o(.text)
    __rt_heap_expand$2region                 0x08026023   Thumb Code     2  heapauxi.o(.text)
    __aeabi_uldivmod                         0x08026025   Thumb Code     0  lludivv7m.o(.text)
    _ll_udiv                                 0x08026025   Thumb Code   238  lludivv7m.o(.text)
    __read_errno                             0x08026113   Thumb Code    10  _rserrno.o(.text)
    __set_errno                              0x0802611d   Thumb Code    12  _rserrno.o(.text)
    __aeabi_errno_addr                       0x08026129   Thumb Code     8  rt_errno_addr_intlibspace.o(.text)
    __errno$intlibspace                      0x08026129   Thumb Code     0  rt_errno_addr_intlibspace.o(.text)
    __rt_errno_addr$intlibspace              0x08026129   Thumb Code     0  rt_errno_addr_intlibspace.o(.text)
    __user_libspace                          0x08026131   Thumb Code     8  libspace.o(.text)
    __user_perproc_libspace                  0x08026131   Thumb Code     0  libspace.o(.text)
    __user_perthread_libspace                0x08026131   Thumb Code     0  libspace.o(.text)
    __user_setup_stackheap                   0x08026139   Thumb Code    74  sys_stackheap_outer.o(.text)
    exit                                     0x08026183   Thumb Code    18  exit.o(.text)
    _sys_exit                                0x08026195   Thumb Code     8  sys_exit.o(.text)
    __I$use$semihosting                      0x080261a1   Thumb Code     0  use_no_semi.o(.text)
    __use_no_semihosting_swi                 0x080261a1   Thumb Code     2  use_no_semi.o(.text)
    __ARM_fpclassify                         0x080261a3   Thumb Code    48  fpclassify.o(i.__ARM_fpclassify)
    __semihosting_library_function           0x080261a3   Thumb Code     0  indicate_semi.o(.text)
    __ARM_fpclassifyf                        0x080261d3   Thumb Code    38  fpclassifyf.o(i.__ARM_fpclassifyf)
    __hardfp_asin                            0x080261f9   Thumb Code   770  asin.o(i.__hardfp_asin)
    __hardfp_asinf                           0x08026559   Thumb Code   258  asinf.o(i.__hardfp_asinf)
    __hardfp_atan                            0x08026689   Thumb Code   622  atan.o(i.__hardfp_atan)
    __hardfp_atan2                           0x08026961   Thumb Code   432  atan2.o(i.__hardfp_atan2)
    __hardfp_atan2f                          0x08026b51   Thumb Code   502  atan2f.o(i.__hardfp_atan2f)
    __hardfp_cos                             0x08026da1   Thumb Code   180  cos.o(i.__hardfp_cos)
    __hardfp_fabs                            0x08026e69   Thumb Code    20  fabs.o(i.__hardfp_fabs)
    __hardfp_floor                           0x08026e81   Thumb Code   252  floor.o(i.__hardfp_floor)
    __hardfp_pow                             0x08026f99   Thumb Code  3072  pow.o(i.__hardfp_pow)
    __hardfp_sin                             0x08027be9   Thumb Code   180  sin.o(i.__hardfp_sin)
    __hardfp_sqrt                            0x08027cb1   Thumb Code   122  sqrt.o(i.__hardfp_sqrt)
    __hardfp_sqrtf                           0x08027d2b   Thumb Code    58  sqrtf.o(i.__hardfp_sqrtf)
    __ieee754_rem_pio2                       0x08027d69   Thumb Code   938  rred.o(i.__ieee754_rem_pio2)
    __kernel_cos                             0x080281a1   Thumb Code   322  cos_i.o(i.__kernel_cos)
    __kernel_poly                            0x08028311   Thumb Code   248  poly.o(i.__kernel_poly)
    __kernel_sin                             0x08028409   Thumb Code   280  sin_i.o(i.__kernel_sin)
    __mathlib_dbl_divzero                    0x08028539   Thumb Code    28  dunder.o(i.__mathlib_dbl_divzero)
    __mathlib_dbl_infnan                     0x08028569   Thumb Code    20  dunder.o(i.__mathlib_dbl_infnan)
    __mathlib_dbl_infnan2                    0x0802857d   Thumb Code    20  dunder.o(i.__mathlib_dbl_infnan2)
    __mathlib_dbl_invalid                    0x08028591   Thumb Code    24  dunder.o(i.__mathlib_dbl_invalid)
    __mathlib_dbl_overflow                   0x080285b1   Thumb Code    24  dunder.o(i.__mathlib_dbl_overflow)
    __mathlib_dbl_underflow                  0x080285d1   Thumb Code    24  dunder.o(i.__mathlib_dbl_underflow)
    __mathlib_flt_infnan                     0x080285f1   Thumb Code     6  funder.o(i.__mathlib_flt_infnan)
    __mathlib_flt_infnan2                    0x080285f7   Thumb Code     6  funder.o(i.__mathlib_flt_infnan2)
    __mathlib_flt_invalid                    0x080285fd   Thumb Code    10  funder.o(i.__mathlib_flt_invalid)
    __mathlib_flt_underflow                  0x0802860d   Thumb Code    10  funder.o(i.__mathlib_flt_underflow)
    atan                                     0x0802861d   Thumb Code    16  atan.o(i.atan)
    fabs                                     0x0802862d   Thumb Code    24  fabs.o(i.fabs)
    sqrt                                     0x08028645   Thumb Code   110  sqrt.o(i.sqrt)
    sqrtf                                    0x080286b3   Thumb Code    62  sqrtf.o(i.sqrtf)
    __aeabi_dneg                             0x080286f1   Thumb Code     0  basic.o(x$fpl$basic)
    _dneg                                    0x080286f1   Thumb Code     6  basic.o(x$fpl$basic)
    __aeabi_fneg                             0x080286f7   Thumb Code     0  basic.o(x$fpl$basic)
    _fneg                                    0x080286f7   Thumb Code     6  basic.o(x$fpl$basic)
    _dabs                                    0x080286fd   Thumb Code     6  basic.o(x$fpl$basic)
    _fabs                                    0x08028703   Thumb Code     6  basic.o(x$fpl$basic)
    __aeabi_d2f                              0x08028709   Thumb Code     0  d2f.o(x$fpl$d2f)
    _d2f                                     0x08028709   Thumb Code    98  d2f.o(x$fpl$d2f)
    __aeabi_dadd                             0x0802876d   Thumb Code     0  daddsub_clz.o(x$fpl$dadd)
    _dadd                                    0x0802876d   Thumb Code   332  daddsub_clz.o(x$fpl$dadd)
    __fpl_dcheck_NaN1                        0x080288bd   Thumb Code    10  dcheck1.o(x$fpl$dcheck1)
    __fpl_dcmp_Inf                           0x080288cd   Thumb Code    24  dcmpi.o(x$fpl$dcmpinf)
    __aeabi_ddiv                             0x080288e5   Thumb Code     0  ddiv.o(x$fpl$ddiv)
    _ddiv                                    0x080288e5   Thumb Code   552  ddiv.o(x$fpl$ddiv)
    __aeabi_cdcmpeq                          0x08028b95   Thumb Code     0  deqf.o(x$fpl$deqf)
    _dcmpeq                                  0x08028b95   Thumb Code   120  deqf.o(x$fpl$deqf)
    __aeabi_d2iz                             0x08028c0d   Thumb Code     0  dfix.o(x$fpl$dfix)
    _dfix                                    0x08028c0d   Thumb Code    94  dfix.o(x$fpl$dfix)
    __aeabi_i2d                              0x08028c6b   Thumb Code     0  dflt_clz.o(x$fpl$dflt)
    _dflt                                    0x08028c6b   Thumb Code    46  dflt_clz.o(x$fpl$dflt)
    __aeabi_ui2d                             0x08028c99   Thumb Code     0  dflt_clz.o(x$fpl$dfltu)
    _dfltu                                   0x08028c99   Thumb Code    38  dflt_clz.o(x$fpl$dfltu)
    __aeabi_cdcmple                          0x08028cc1   Thumb Code     0  dleqf.o(x$fpl$dleqf)
    _dcmple                                  0x08028cc1   Thumb Code   120  dleqf.o(x$fpl$dleqf)
    __fpl_dcmple_InfNaN                      0x08028d23   Thumb Code     0  dleqf.o(x$fpl$dleqf)
    __aeabi_dmul                             0x08028d39   Thumb Code     0  dmul.o(x$fpl$dmul)
    _dmul                                    0x08028d39   Thumb Code   332  dmul.o(x$fpl$dmul)
    __fpl_dnaninf                            0x08028e8d   Thumb Code   156  dnaninf.o(x$fpl$dnaninf)
    __fpl_dretinf                            0x08028f29   Thumb Code    12  dretinf.o(x$fpl$dretinf)
    __aeabi_cdrcmple                         0x08028f35   Thumb Code     0  drleqf.o(x$fpl$drleqf)
    _drcmple                                 0x08028f35   Thumb Code   108  drleqf.o(x$fpl$drleqf)
    __aeabi_drsub                            0x08028fa1   Thumb Code     0  daddsub_clz.o(x$fpl$drsb)
    _drsb                                    0x08028fa1   Thumb Code    22  daddsub_clz.o(x$fpl$drsb)
    _dsqrt                                   0x08028fb9   Thumb Code   404  dsqrt_umaal.o(x$fpl$dsqrt)
    __aeabi_dsub                             0x08029151   Thumb Code     0  daddsub_clz.o(x$fpl$dsub)
    _dsub                                    0x08029151   Thumb Code   464  daddsub_clz.o(x$fpl$dsub)
    __aeabi_f2d                              0x08029325   Thumb Code     0  f2d.o(x$fpl$f2d)
    _f2d                                     0x08029325   Thumb Code    86  f2d.o(x$fpl$f2d)
    __aeabi_ul2f                             0x0802937b   Thumb Code     0  ffltll_clz.o(x$fpl$ffltll)
    _ll_uto_f                                0x0802937b   Thumb Code     6  ffltll_clz.o(x$fpl$ffltll)
    __aeabi_l2f                              0x08029381   Thumb Code     0  ffltll_clz.o(x$fpl$ffltll)
    _ll_sto_f                                0x08029381   Thumb Code    90  ffltll_clz.o(x$fpl$ffltll)
    __fpl_fnaninf                            0x080293db   Thumb Code   140  fnaninf.o(x$fpl$fnaninf)
    _fp_init                                 0x08029467   Thumb Code    10  fpinit.o(x$fpl$fpinit)
    __fplib_config_fpu_vfp                   0x0802946f   Thumb Code     0  fpinit.o(x$fpl$fpinit)
    __fplib_config_pureend_doubles           0x0802946f   Thumb Code     0  fpinit.o(x$fpl$fpinit)
    __fpl_fretinf                            0x08029471   Thumb Code    10  fretinf.o(x$fpl$fretinf)
    __fpl_return_NaN                         0x0802947b   Thumb Code   100  retnan.o(x$fpl$retnan)
    __ARM_scalbn                             0x080294df   Thumb Code    92  scalbn.o(x$fpl$scalbn)
    __fpl_cmpreturn                          0x0802953b   Thumb Code    48  trapv.o(x$fpl$trapveneer)
    __I$use$fp                               0x0802956a   Number         0  usenofp.o(x$fpl$usenofp)
    sinTable                                 0x080295b4   Data        2052  fastmath.o(.constdata)
    __mathlib_zero                           0x0802a0a0   Data           8  qnan.o(.constdata)
    Region$$Table$$Base                      0x0802a198   Number         0  anon$$obj.o(Region$$Table)
    Region$$Table$$Limit                     0x0802a1b8   Number         0  anon$$obj.o(Region$$Table)
    loop_cnt                                 0x20000000   Data           2  scheduler.o(.data)
    yaw_use_fc                               0x20000002   Data           1  scheduler.o(.data)
    inner_loop_time                          0x20000004   Data           4  scheduler.o(.data)
    inner_loop_time_yaw                      0x20000008   Data           4  scheduler.o(.data)
    Rol_fc1                                  0x2000000c   Data           4  scheduler.o(.data)
    Pit_fc1                                  0x20000010   Data           4  scheduler.o(.data)
    Yaw_fc1                                  0x20000014   Data           4  scheduler.o(.data)
    outer_loop_time                          0x20000018   Data           4  scheduler.o(.data)
    pos_time                                 0x2000001c   Data           4  scheduler.o(.data)
    baro_task_time                           0x20000020   Data           4  scheduler.o(.data)
    UART_UP_LOAD_SEL                         0x20000024   Data           1  scheduler.o(.data)
    UART_UP_LOAD_SEL_FORCE                   0x20000025   Data           1  scheduler.o(.data)
    force_flow_ble_debug                     0x20000026   Data           1  scheduler.o(.data)
    mcuID                                    0x20000037   Data           3  init.o(.data)
    ble_imu_force                            0x2000003a   Data           1  init.o(.data)
    flash_init_error                         0x2000003c   Data           1  parameter.o(.data)
    k_pid                                    0x20000040   Data           4  parameter.o(.data)
    k_sensitivity                            0x20000044   Data           4  parameter.o(.data)
    ero                                      0x20000048   Data           6  fly_mode.o(.data)
    mode_state                               0x2000004e   Data           1  fly_mode.o(.data)
    mode_state_old                           0x2000004f   Data           1  fly_mode.o(.data)
    Init_Finish                              0x20000050   Data           1  main.o(.data)
    motor_cal                                0x20000052   Data           1  pwm_out.o(.data)
    BEEP_RATE                                0x20000054   Data           2  pwm_out.o(.data)
    PMW_T                                    0x20000056   Data           1  pwm_out.o(.data)
    CH_out_Mapping                           0x20000057   Data           8  pwm_out.o(.data)
    sel                                      0x2000005f   Data           1  pwm_out.o(.data)
    I2C_FastMode                             0x20000060   Data           1  i2c_soft.o(.data)
    W25QXX_TYPE                              0x20000064   Data           2  flash.o(.data)
    FLASH_SIZE                               0x20000068   Data           4  flash.o(.data)
    LENGTH_OF_DRONE                          0x2000006c   Data           2  flash.o(.data)
    SONAR_HEIGHT                             0x20000070   Data           4  flash.o(.data)
    sysTickUptime                            0x20000074   Data           4  time.o(.data)
    time_1h                                  0x20000078   Data           4  time.o(.data)
    time_1m                                  0x2000007c   Data           4  time.o(.data)
    time_1s                                  0x20000080   Data           4  time.o(.data)
    time_1ms                                 0x20000084   Data           4  time.o(.data)
    SystemCoreClock                          0x2000009c   Data           4  system_stm32f4xx.o(.data)
    AHBPrescTable                            0x200000a0   Data          16  system_stm32f4xx.o(.data)
    Roll                                     0x200000b0   Data           4  imu.o(.data)
    Pitch                                    0x200000b4   Data           4  imu.o(.data)
    Yaw                                      0x200000b8   Data           4  imu.o(.data)
    Roll_mid_down                            0x200000bc   Data           4  imu.o(.data)
    Pitch_mid_down                           0x200000c0   Data           4  imu.o(.data)
    Yaw_mid_down                             0x200000c4   Data           4  imu.o(.data)
    Rol_fc                                   0x200000c8   Data           4  imu.o(.data)
    Pit_fc                                   0x200000cc   Data           4  imu.o(.data)
    Yaw_fc                                   0x200000d0   Data           4  imu.o(.data)
    ref_q                                    0x200000d4   Data          16  imu.o(.data)
    norm_acc                                 0x200000e4   Data           4  imu.o(.data)
    norm_q                                   0x200000e8   Data           4  imu.o(.data)
    norm_acc_lpf                             0x200000ec   Data           4  imu.o(.data)
    mag_norm                                 0x200000f0   Data           4  imu.o(.data)
    mag_norm_xyz                             0x200000f4   Data           4  imu.o(.data)
    acc_ng_cali                              0x200000f8   Data           1  imu.o(.data)
    yaw_mag                                  0x200000fc   Data           4  imu.o(.data)
    Yaw_fc_q                                 0x20000100   Data           4  imu.o(.data)
    beta                                     0x20000104   Data           4  imu.o(.data)
    q0_m_fc                                  0x20000108   Data           4  imu.o(.data)
    q1_m_fc                                  0x2000010c   Data           4  imu.o(.data)
    q2_m_fc                                  0x20000110   Data           4  imu.o(.data)
    q3_m_fc                                  0x20000114   Data           4  imu.o(.data)
    q0_fc                                    0x20000118   Data           4  imu.o(.data)
    q1_fc                                    0x2000011c   Data           4  imu.o(.data)
    q2_fc                                    0x20000120   Data           4  imu.o(.data)
    q3_fc                                    0x20000124   Data           4  imu.o(.data)
    ref_q_imd_down_fc                        0x20000128   Data          16  imu.o(.data)
    init_q                                   0x20000138   Data           1  imu.o(.data)
    ALT_POS_BMP                              0x20000148   Data           4  alt_fushion.o(.data)
    ALT_VEL_BMP                              0x2000014c   Data           4  alt_fushion.o(.data)
    ALT_POS_SONAR                            0x20000150   Data           4  alt_fushion.o(.data)
    ALT_VEL_SONAR                            0x20000154   Data           4  alt_fushion.o(.data)
    ALT_POS_SONAR2                           0x20000158   Data           4  alt_fushion.o(.data)
    ALT_POS_SONAR3                           0x2000015c   Data           4  alt_fushion.o(.data)
    ALT_POS_BMP_EKF                          0x20000160   Data           4  alt_fushion.o(.data)
    ALT_VEL_BMP_EKF                          0x20000164   Data           4  alt_fushion.o(.data)
    ALT_POS_BMP_UKF_OLDX                     0x20000168   Data           4  alt_fushion.o(.data)
    ALT_VEL_BMP_UKF_OLDX                     0x2000016c   Data           4  alt_fushion.o(.data)
    ALT_ACC_BMP_UKF_OLDX                     0x20000170   Data           4  alt_fushion.o(.data)
    P_baro                                   0x20000178   Data          72  alt_fushion.o(.data)
    P_barob                                  0x200001c0   Data         128  alt_fushion.o(.data)
    gh                                       0x20000240   Data           4  alt_fushion.o(.data)
    ga                                       0x20000244   Data           4  alt_fushion.o(.data)
    gwa                                      0x20000248   Data           4  alt_fushion.o(.data)
    P_kf_baro                                0x20000250   Data          72  alt_fushion.o(.data)
    r_baro_ukf                               0x20000298   Data          16  alt_fushion.o(.data)
    q_baro_ukf                               0x200002a8   Data          16  alt_fushion.o(.data)
    dead_accz                                0x200002b8   Data           4  alt_fushion.o(.data)
    acc_off_baro                             0x200002bc   Data           4  alt_fushion.o(.data)
    acc_scale_bmp                            0x200002c0   Data           4  alt_fushion.o(.data)
    k_flt_accz                               0x200002c4   Data           4  alt_fushion.o(.data)
    acc_bmp                                  0x200002c8   Data           4  alt_fushion.o(.data)
    X_apo_height                             0x200002cc   Data           8  alt_fushion.o(.data)
    P_apo_k_height                           0x200002d4   Data          16  alt_fushion.o(.data)
    k_bais                                   0x200002e4   Data           4  alt_fushion.o(.data)
    k_bais2                                  0x200002e8   Data           4  alt_fushion.o(.data)
    r_baro                                   0x200002ec   Data           4  alt_fushion.o(.data)
    r_acc                                    0x200002f0   Data           4  alt_fushion.o(.data)
    x_tst                                    0x200002f4   Data           8  alt_fushion.o(.data)
    p_tst                                    0x200002fc   Data           8  alt_fushion.o(.data)
    kf_tst                                   0x20000304   Data           8  alt_fushion.o(.data)
    k_acc_bais                               0x2000030c   Data           4  alt_fushion.o(.data)
    w_z_baro                                 0x20000310   Data           4  alt_fushion.o(.data)
    w_acc_bias                               0x20000314   Data           4  alt_fushion.o(.data)
    flag_ero                                 0x20000318   Data           4  alt_fushion.o(.data)
    Alt_Offset_m1                            0x2000031c   Data           4  alt_fushion.o(.data)
    en_bias_fix                              0x20000320   Data           4  alt_fushion.o(.data)
    flt_body_acc                             0x20000324   Data           4  alt_fushion.o(.data)
    k_body_acc                               0x20000328   Data           4  alt_fushion.o(.data)
    K_SONAR                                  0x2000032c   Data           4  alt_fushion.o(.data)
    acc_est                                  0x20000330   Data           4  alt_fushion.o(.data)
    acc_est_imu                              0x20000334   Data           4  alt_fushion.o(.data)
    sonar_av_cnt                             0x20000354   Data           2  anotc_baro_ctrl.o(.data)
    sonar_f_set                              0x20000358   Data          24  anotc_baro_ctrl.o(.data)
    baro_av_cnt                              0x20000370   Data           2  anotc_baro_ctrl.o(.data)
    baro_f_set                               0x20000374   Data          24  anotc_baro_ctrl.o(.data)
    sonar_weight                             0x2000038c   Data           4  anotc_baro_ctrl.o(.data)
    wz_speed                                 0x20000390   Data           4  anotc_baro_ctrl.o(.data)
    baro_com_val                             0x20000394   Data           4  anotc_baro_ctrl.o(.data)
    fast_atan_table                          0x200003a0   Data        1028  mymath.o(.data)
    ACC_LOWPASS_TAU                          0x200007a4   Data           4  filter.o(.data)
    ACC_LOWPASS_SAMPLE_TIME                  0x200007a8   Data           4  filter.o(.data)
    ACC_LOWPASS_A                            0x200007ac   Data           4  filter.o(.data)
    ACC_LOWPASS_GX1                          0x200007b0   Data           4  filter.o(.data)
    ACC_LOWPASS_GX2                          0x200007b4   Data           4  filter.o(.data)
    ACC_LOWPASS_GX3                          0x200007b8   Data           4  filter.o(.data)
    BARO_LOWPASS_TAU                         0x200007bc   Data           4  filter.o(.data)
    BARO_LOWPASS_SAMPLE_TIME                 0x200007c0   Data           4  filter.o(.data)
    BARO_LOWPASS_A                           0x200007c4   Data           4  filter.o(.data)
    BARO_LOWPASS_GX1                         0x200007c8   Data           4  filter.o(.data)
    BARO_LOWPASS_GX2                         0x200007cc   Data           4  filter.o(.data)
    BARO_LOWPASS_GX3                         0x200007d0   Data           4  filter.o(.data)
    inner_set                                0x200007e4   Data           4  ctrl.o(.data)
    en_h_inf                                 0x200007e8   Data           1  ctrl.o(.data)
    k_rc_gyro_spd                            0x200007ec   Data           4  ctrl.o(.data)
    thr_view                                 0x200007f0   Data           4  ctrl.o(.data)
    thr_value                                0x200007f4   Data           4  ctrl.o(.data)
    Thr_Low                                  0x200007f8   Data           1  ctrl.o(.data)
    Thr_Weight                               0x200007fc   Data           4  ctrl.o(.data)
    force_Thr_low                            0x20000800   Data           1  ctrl.o(.data)
    cnt_for_low                              0x20000802   Data           2  ctrl.o(.data)
    motor_out                                0x20000804   Data           8  ctrl.o(.data)
    height_ctrl_mode                         0x2000081c   Data           1  height_ctrl.o(.data)
    ultra_distance                           0x20000820   Data           4  height_ctrl.o(.data)
    exp_height                               0x20000824   Data           4  height_ctrl.o(.data)
    set_height_e                             0x20000828   Data           4  height_ctrl.o(.data)
    set_height_em                            0x2000082c   Data           4  height_ctrl.o(.data)
    set_speed_t                              0x20000830   Data           4  height_ctrl.o(.data)
    set_speed                                0x20000834   Data           4  height_ctrl.o(.data)
    exp_speed                                0x20000838   Data           4  height_ctrl.o(.data)
    fb_speed                                 0x2000083c   Data           4  height_ctrl.o(.data)
    exp_acc                                  0x20000840   Data           4  height_ctrl.o(.data)
    fb_acc                                   0x20000844   Data           4  height_ctrl.o(.data)
    fb_speed_old                             0x20000848   Data           4  height_ctrl.o(.data)
    rng_time1                                0x2000084c   Data           4  height_ctrl.o(.data)
    HOLD_THR                                 0x20000850   Data           4  height_ctrl.o(.data)
    ALT_HOLD_THR_RANGE_SCALE                 0x20000854   Data           4  height_ctrl.o(.data)
    exp_spd_zv                               0x20000858   Data           4  height_ctrl.o(.data)
    thr_use                                  0x2000085c   Data           4  height_ctrl.o(.data)
    thr_in_view                              0x20000860   Data           4  height_ctrl.o(.data)
    exp_height_speed                         0x20000864   Data           4  height_ctrl.o(.data)
    exp_height_speed_safe                    0x20000868   Data           4  height_ctrl.o(.data)
    exp_height_safe                          0x2000086c   Data           4  height_ctrl.o(.data)
    ultra_speed                              0x20000870   Data           4  height_ctrl.o(.data)
    ultra_speed_safe                         0x20000874   Data           4  height_ctrl.o(.data)
    ultra_dis_lpf                            0x20000878   Data           4  height_ctrl.o(.data)
    ultra_dis_lpf_safe                       0x2000087c   Data           4  height_ctrl.o(.data)
    ultra_ctrl_out_safe                      0x20000880   Data           4  height_ctrl.o(.data)
    ultra_ctrl_out                           0x20000884   Data           4  height_ctrl.o(.data)
    ultra_ctrl_out_use                       0x20000888   Data           4  height_ctrl.o(.data)
    baro_speed_ano                           0x2000088c   Data           4  height_ctrl.o(.data)
    height_ctrl_out                          0x20000890   Data           4  height_ctrl.o(.data)
    wz_acc                                   0x20000894   Data           4  height_ctrl.o(.data)
    adrc_out                                 0x20000898   Data           4  height_ctrl.o(.data)
    baro_cnt                                 0x2000089c   Data           4  height_ctrl.o(.data)
    switch_r                                 0x200008a0   Data           1  height_ctrl.o(.data)
    wz_acc_ukf                               0x200008a4   Data           4  height_ctrl.o(.data)
    sonar_spd                                0x200008a8   Data           4  height_ctrl.o(.data)
    BARO_HIHG_NUM                            0x200008ac   Data           1  height_ctrl.o(.data)
    baro_h_cnt                               0x200008ae   Data           4  height_ctrl.o(.data)
    baro_h_cnt1                              0x200008b2   Data           4  height_ctrl.o(.data)
    k_temp                                   0x200008b8   Data           4  height_ctrl.o(.data)
    hs_ctrl_cnt_max                          0x200008bc   Data           2  height_ctrl.o(.data)
    hold_alt_flag                            0x200008be   Data           1  height_ctrl.o(.data)
    out_timer_high                           0x200008c0   Data           4  height_ctrl.o(.data)
    in_timer_high                            0x200008c4   Data           4  height_ctrl.o(.data)
    baro_only_move                           0x200008c8   Data           4  height_ctrl.o(.data)
    baro_only_move_flt                       0x200008cc   Data           4  height_ctrl.o(.data)
    ano_temp                                 0x200008d0   Data           4  height_ctrl.o(.data)
    k_acc_ukf                                0x200008d4   Data           4  height_ctrl.o(.data)
    mid_usp                                  0x200008d8   Data           1  height_ctrl.o(.data)
    EN_TUO_ACC_FIX_H                         0x200008d9   Data           1  height_ctrl.o(.data)
    off_inner                                0x200008dc   Data           4  height_ctrl.o(.data)
    wz_acc_ukf1                              0x200008e0   Data           4  height_ctrl.o(.data)
    wz_acc1                                  0x200008e4   Data           4  height_ctrl.o(.data)
    ultra_speed_bmp                          0x200008e8   Data           4  height_ctrl.o(.data)
    tilted_fix1                              0x200008ec   Data           4  height_ctrl.o(.data)
    k_d                                      0x200008f0   Data           4  height_ctrl.o(.data)
    p1                                       0x200008f4   Data           4  height_ctrl.o(.data)
    p2                                       0x200008f8   Data           4  height_ctrl.o(.data)
    speed_ctrl_sel                           0x200008fc   Data           1  height_ctrl.o(.data)
    speed_spd_sel                            0x200008fd   Data           1  height_ctrl.o(.data)
    wz_speed_old                             0x20000900   Data           4  height_ctrl.o(.data)
    wz_acc_mms2                              0x20000904   Data           4  height_ctrl.o(.data)
    height_thrv                              0x20000908   Data           4  height_ctrl.o(.data)
    wz_speed_pid_v_view                      0x2000090c   Data           4  height_ctrl.o(.data)
    wz_speed_pid_v_view_eso                  0x20000910   Data           4  height_ctrl.o(.data)
    d_view                                   0x20000914   Data           4  height_ctrl.o(.data)
    ero_view                                 0x20000918   Data           8  height_ctrl.o(.data)
    baro_ctrl_start                          0x20000920   Data           1  height_ctrl.o(.data)
    baro_height                              0x20000924   Data           4  height_ctrl.o(.data)
    ultra_sp_test                            0x20000928   Data           8  height_ctrl.o(.data)
    k_dh                                     0x20000930   Data           4  height_ctrl.o(.data)
    nav_circle                               0x20000984   Data           8  pos_ctrl.o(.data)
    nav_circle_last                          0x2000098c   Data           8  pos_ctrl.o(.data)
    circle_check                             0x20000994   Data           4  pos_ctrl.o(.data)
    circle_lfp                               0x20000998   Data           4  pos_ctrl.o(.data)
    k_back_step                              0x2000099c   Data           4  pos_ctrl.o(.data)
    nav                                      0x200009a0   Data           8  pos_ctrl.o(.data)
    GPS_angle                                0x200009a8   Data           8  pos_ctrl.o(.data)
    target_position                          0x200009b0   Data           8  pos_ctrl.o(.data)
    now_position                             0x200009b8   Data           8  pos_ctrl.o(.data)
    actual_speed                             0x200009c0   Data           8  pos_ctrl.o(.data)
    tar_speed                                0x200009c8   Data           8  pos_ctrl.o(.data)
    tar_speed_avoidc                         0x200009d0   Data           8  pos_ctrl.o(.data)
    d_flow_watch                             0x200009d8   Data           8  pos_ctrl.o(.data)
    integrator                               0x200009e0   Data           8  pos_ctrl.o(.data)
    k_break                                  0x200009e8   Data           4  pos_ctrl.o(.data)
    k_flt_break                              0x200009ec   Data           4  pos_ctrl.o(.data)
    cnt_sb_sample_max                        0x200009f0   Data           1  pos_ctrl.o(.data)
    scale_flow_rc                            0x200009f4   Data           4  pos_ctrl.o(.data)
    r_circle                                 0x200009f8   Data           4  pos_ctrl.o(.data)
    d_angle                                  0x200009fc   Data           4  pos_ctrl.o(.data)
    circle_angle                             0x20000a00   Data           4  pos_ctrl.o(.data)
    exp_center_cycle                         0x20000a04   Data          20  pos_ctrl.o(.data)
    line_test_num                            0x20000a18   Data           2  pos_ctrl.o(.data)
    tan_test_num                             0x20000a1a   Data           4  pos_ctrl.o(.data)
    pos_exp_test                             0x20000a1e   Data           1  pos_ctrl.o(.data)
    yaw_qr_off                               0x20000a20   Data           4  pos_ctrl.o(.data)
    out_timer_nav                            0x20000a24   Data           4  pos_ctrl.o(.data)
    in_timer_nav                             0x20000a28   Data           4  pos_ctrl.o(.data)
    mode_change                              0x20000a2c   Data           1  pos_ctrl.o(.data)
    state_v                                  0x20000a2d   Data           1  pos_ctrl.o(.data)
    force_pass                               0x20000a2e   Data           1  pos_ctrl.o(.data)
    AUTO_UP_CUARVE                           0x20000a30   Data          18  pos_ctrl.o(.data)
    AUTO_DOWN_CUARVE                         0x20000a42   Data          12  pos_ctrl.o(.data)
    AUTO_DOWN_CUARVE1                        0x20000a4e   Data          12  pos_ctrl.o(.data)
    dt_flow_rx                               0x20000aac   Data           4  usart.o(.data)
    data_rate_gol_link                       0x20000ab0   Data           2  usart.o(.data)
    LOCK                                     0x20000ab2   Data           1  usart.o(.data)
    KEY                                      0x20000ab3   Data           8  usart.o(.data)
    KEY_SEL                                  0x20000abb   Data           4  usart.o(.data)
    NAV_BOARD_CONNECT                        0x20000abf   Data           1  usart.o(.data)
    imu_loss_cnt                             0x20000ac0   Data           4  usart.o(.data)
    baro_matlab_data                         0x20000ac4   Data           8  usart.o(.data)
    POS_UKF_X                                0x20000acc   Data           4  usart.o(.data)
    POS_UKF_Y                                0x20000ad0   Data           4  usart.o(.data)
    VEL_UKF_X                                0x20000ad4   Data           4  usart.o(.data)
    VEL_UKF_Y                                0x20000ad8   Data           4  usart.o(.data)
    k_scale_pix                              0x20000adc   Data           4  usart.o(.data)
    pos_kf_state                             0x20000ae0   Data           3  usart.o(.data)
    TxCounter                                0x20000ae3   Data           1  usart.o(.data)
    count                                    0x20000ae4   Data           1  usart.o(.data)
    RxState                                  0x20000ae5   Data           1  usart.o(.data)
    RxBufferNum                              0x20000ae6   Data           1  usart.o(.data)
    RxBufferCnt                              0x20000ae7   Data           1  usart.o(.data)
    RxLen                                    0x20000ae8   Data           1  usart.o(.data)
    com_data                                 0x20000ae9   Data           1  usart.o(.data)
    PWM_DJI                                  0x20000aec   Data           8  usart.o(.data)
    TxCounter5                               0x20000af4   Data           1  usart.o(.data)
    count5                                   0x20000af5   Data           1  usart.o(.data)
    RxState5                                 0x20000af6   Data           1  usart.o(.data)
    RxBufferNum5                             0x20000af7   Data           1  usart.o(.data)
    RxBufferCnt5                             0x20000af8   Data           1  usart.o(.data)
    RxLen5                                   0x20000af9   Data           1  usart.o(.data)
    BLE_UP1                                  0x20000afc   Data          20  usart.o(.data)
    BLE_TEST                                 0x20000b10   Data          20  usart.o(.data)
    BLE_BAUD                                 0x20000b24   Data          20  usart.o(.data)
    BLE_RENEW                                0x20000b38   Data          20  usart.o(.data)
    BLE_RATE                                 0x20000b4c   Data          20  usart.o(.data)
    SET_PIN                                  0x20000b60   Data          20  usart.o(.data)
    app_connect_fc_loss                      0x20000b74   Data           4  usart.o(.data)
    app_connect_fc                           0x20000b78   Data           1  usart.o(.data)
    lock_tx                                  0x20000b79   Data           1  usart.o(.data)
    RxState_app                              0x20000b7a   Data           1  usart.o(.data)
    RxBufferNum_app                          0x20000b7b   Data           1  usart.o(.data)
    RxBufferCnt_app                          0x20000b7c   Data           1  usart.o(.data)
    RxLen_app                                0x20000b7d   Data           1  usart.o(.data)
    time_rc                                  0x20000b80   Data           4  usart.o(.data)
    rc_board_connect                         0x20000b84   Data           1  usart.o(.data)
    rc_board_connect_lose_cnt                0x20000b86   Data           2  usart.o(.data)
    RxState4                                 0x20000b88   Data           1  usart.o(.data)
    RxBufferNum4                             0x20000b89   Data           1  usart.o(.data)
    RxBufferCnt4                             0x20000b8a   Data           1  usart.o(.data)
    RxLen4                                   0x20000b8b   Data           1  usart.o(.data)
    rate_gps_board                           0x20000b90   Data           4  usart.o(.data)
    RxState3                                 0x20000b94   Data           1  usart.o(.data)
    RxBufferNum3                             0x20000b95   Data           1  usart.o(.data)
    RxBufferCnt3                             0x20000b96   Data           1  usart.o(.data)
    RxLen3                                   0x20000b97   Data           1  usart.o(.data)
    Angle_Yun                                0x20000b9c   Data           8  usart.o(.data)
    SendBuff1_cnt                            0x20000ba4   Data           1  usart.o(.data)
    nrf_uart_cnt                             0x20000ba6   Data           2  usart.o(.data)
    sd_pub_sel                               0x20000ba8   Data           1  usart.o(.data)
    checkdata_to_send                        0x20000bd0   Data           1  data_transfer.o(.data)
    checksum_to_send                         0x20000bd1   Data           1  data_transfer.o(.data)
    fly_mode                                 0x20000bd2   Data           1  data_transfer.o(.data)
    off_flow_pos                             0x20000bd4   Data           8  data_transfer.o(.data)
    flash_save_en_cnt                        0x20000bdc   Data           2  data_transfer.o(.data)
    CH_in_Mapping                            0x20000bf8   Data           8  rc.o(.data)
    rc_lose                                  0x20000c00   Data           1  rc.o(.data)
    NS                                       0x20000c01   Data           1  rc.o(.data)
    CH_Error                                 0x20000c02   Data           8  rc.o(.data)
    NS_cnt                                   0x20000c0a   Data           2  rc.o(.data)
    MAX_CH                                   0x20000c0c   Data          16  rc.o(.data)
    MIN_CH                                   0x20000c1c   Data          16  rc.o(.data)
    CH_DIR                                   0x20000c2c   Data           8  rc.o(.data)
    filter_A                                 0x20000c34   Data           4  rc.o(.data)
    fly_ready                                0x20000c38   Data           1  rc.o(.data)
    thr_stick_low                            0x20000c39   Data           1  rc.o(.data)
    ready_cnt                                0x20000c3a   Data           2  rc.o(.data)
    mag_cali_cnt                             0x20000c3c   Data           2  rc.o(.data)
    locked_cnt                               0x20000c3e   Data           2  rc.o(.data)
    mpu6050_ok                               0x20000c40   Data           1  mpu6050.o(.data)
    acc_sum_cnt                              0x20000c42   Data           2  mpu6050.o(.data)
    gyro_sum_cnt                             0x20000c44   Data           2  mpu6050.o(.data)
    filter_cnt                               0x20000c46   Data           1  mpu6050.o(.data)
    filter_cnt_old                           0x20000c47   Data           1  mpu6050.o(.data)
    test_ang                                 0x20000c48   Data           4  mpu6050.o(.data)
    test_ang_old                             0x20000c4c   Data           4  mpu6050.o(.data)
    test_ang_d                               0x20000c50   Data           4  mpu6050.o(.data)
    test_fli_a                               0x20000c54   Data           4  mpu6050.o(.data)
    test_i                                   0x20000c58   Data           4  mpu6050.o(.data)
    ak8975                                   0x20000c60   Data          48  ak8975.o(.data)
    ak8975_fc                                0x20000c90   Data          48  ak8975.o(.data)
    ak8975_ok                                0x20000d10   Data           1  ak8975.o(.data)
    hml_fix                                  0x20000d11   Data           1  ak8975.o(.data)
    Mag_CALIBRATED                           0x20000d12   Data           1  ak8975.o(.data)
    Mag_CALIBRATED_R                         0x20000d13   Data           1  ak8975.o(.data)
    HMC5883_lastx                            0x20000d14   Data           4  ak8975.o(.data)
    HMC5883_lasty                            0x20000d18   Data           4  ak8975.o(.data)
    HMC5883_lastz                            0x20000d1c   Data           4  ak8975.o(.data)
    HMC5883_maxx                             0x20000d20   Data           2  ak8975.o(.data)
    HMC5883_maxy                             0x20000d22   Data           2  ak8975.o(.data)
    HMC5883_maxz                             0x20000d24   Data           2  ak8975.o(.data)
    HMC5883_minx                             0x20000d26   Data           2  ak8975.o(.data)
    HMC5883_miny                             0x20000d28   Data           2  ak8975.o(.data)
    HMC5883_minz                             0x20000d2a   Data           2  ak8975.o(.data)
    MS5611_Temperature                       0x20000d60   Data           4  bmp.o(.data)
    MS5611_Pressure                          0x20000d64   Data           4  bmp.o(.data)
    MS5611_Altitude                          0x20000d68   Data           4  bmp.o(.data)
    MS5611_VerticalSpeed                     0x20000d6c   Data           4  bmp.o(.data)
    baro_alt_speed_ano                       0x20000d70   Data           4  bmp.o(.data)
    baroAlt                                  0x20000d74   Data           4  bmp.o(.data)
    baroAlt_fc                               0x20000d78   Data           4  bmp.o(.data)
    baro_set                                 0x20000d7c   Data           1  bmp.o(.data)
    paOffsetNum                              0x20000d98   Data           8  bmp.o(.data)
    paInitCnt                                0x20000da0   Data           2  bmp.o(.data)
    paOffsetInited                           0x20000da2   Data           1  bmp.o(.data)
    Baro_ALT_Updated                         0x20000da3   Data           1  bmp.o(.data)
    MS5611_Delay_us                          0x20000da4   Data          36  bmp.o(.data)
    for_fly_ready                            0x20000dd6   Data           1  bmp.o(.data)
    angle_baro                               0x20000dd8   Data           4  bmp.o(.data)
    ultra_start_f                            0x20000df0   Data           1  ultrasonic.o(.data)
    ultra_distance_old                       0x20000df2   Data           2  ultrasonic.o(.data)
    measure_num                              0x20000df4   Data           1  ultrasonic.o(.data)
    flt_eso                                  0x20000e00   Data           4  eso.o(.data)
    np                                       0x20000e04   Data           4  eso.o(.data)
    L1                                       0x20000e08   Data           4  eso.o(.data)
    rtInf                                    0x20000e40   Data           8  rt_nonfinite.o(.data)
    rtMinusInf                               0x20000e48   Data           8  rt_nonfinite.o(.data)
    rtNaN                                    0x20000e50   Data           8  rt_nonfinite.o(.data)
    rtInfF                                   0x20000e58   Data           4  rt_nonfinite.o(.data)
    rtMinusInfF                              0x20000e5c   Data           4  rt_nonfinite.o(.data)
    rtNaNF                                   0x20000e60   Data           4  rt_nonfinite.o(.data)
    Rc_Pwm_In                                0x20000e64   Data          16  scheduler.o(.bss)
    loop                                     0x20000e74   Data          16  scheduler.o(.bss)
    test                                     0x20000e84   Data          20  scheduler.o(.bss)
    sensor_setup                             0x20000e98   Data          64  parameter.o(.bss)
    pid_setup                                0x20000ed8   Data         192  parameter.o(.bss)
    mode_value                               0x20000f98   Data          10  fly_mode.o(.bss)
    mode                                     0x20000fa2   Data          86  fly_mode.o(.bss)
    W25QXX_BUFFER                            0x20000ff8   Data        4096  flash.o(.bss)
    FLASH_READ_BUF                           0x20001ff8   Data         100  flash.o(.bss)
    FLASH_Buffer                             0x2000205c   Data         100  flash.o(.bss)
    Cycle_T                                  0x200020c0   Data         360  time.o(.bss)
    buf1                                     0x20002228   Data          10  spi.o(.bss)
    reference_v                              0x20002234   Data          12  imu.o(.bss)
    ref                                      0x20002240   Data          60  imu.o(.bss)
    reference_vr_imd_down                    0x2000227c   Data          12  imu.o(.bss)
    reference_vr                             0x20002288   Data          12  imu.o(.bss)
    q_nav                                    0x20002294   Data          16  imu.o(.bss)
    ref_q_imd_down                           0x200022a4   Data          16  imu.o(.bss)
    mag_sim_3d                               0x200022b4   Data          12  imu.o(.bss)
    acc_3d_hg                                0x200022c0   Data          12  imu.o(.bss)
    acc_ng                                   0x200022cc   Data          12  imu.o(.bss)
    acc_ng_offset                            0x200022d8   Data          12  imu.o(.bss)
    reference_vr_imd_down_fc                 0x200022e4   Data          12  imu.o(.bss)
    X_ukf_baro                               0x20002300   Data          24  alt_fushion.o(.bss)
    X_ukf_barob                              0x20002318   Data          32  alt_fushion.o(.bss)
    X_kf_baro                                0x20002338   Data          24  alt_fushion.o(.bss)
    acc_body                                 0x20002350   Data          12  alt_fushion.o(.bss)
    acc_bias                                 0x2000235c   Data          12  alt_fushion.o(.bss)
    accel_bias_corr                          0x20002368   Data          12  alt_fushion.o(.bss)
    eso_h_acc                                0x20002374   Data         144  alt_fushion.o(.bss)
    eso_h_spd                                0x20002404   Data         144  alt_fushion.o(.bss)
    sonar_av_arr                             0x200025cc   Data         200  anotc_baro_ctrl.o(.bss)
    sonar                                    0x20002694   Data          24  anotc_baro_ctrl.o(.bss)
    sonar_fusion                             0x200026ac   Data          68  anotc_baro_ctrl.o(.bss)
    baro_av_arr                              0x200026f0   Data         400  anotc_baro_ctrl.o(.bss)
    baro_p                                   0x20002880   Data          24  anotc_baro_ctrl.o(.bss)
    baro_fusion                              0x20002898   Data          68  anotc_baro_ctrl.o(.bss)
    firstOrderFilters                        0x200028dc   Data         400  filter.o(.bss)
    e_R                                      0x20002a6c   Data          12  quar.o(.bss)
    exp_angle                                0x20002a78   Data          12  quar.o(.bss)
    ero_angle_px4                            0x20002a84   Data          16  quar.o(.bss)
    angle_now                                0x20002a94   Data          12  quar.o(.bss)
    Q_control                                0x20002aa0   Data          32  quar.o(.bss)
    R_control_set                            0x20002ac0   Data          36  quar.o(.bss)
    R_control_ero                            0x20002ae4   Data          36  quar.o(.bss)
    R_control_now                            0x20002b08   Data          36  quar.o(.bss)
    R_control_now_t                          0x20002b2c   Data          36  quar.o(.bss)
    ctrl_1                                   0x20002b50   Data         196  ctrl.o(.bss)
    ctrl_2                                   0x20002c14   Data         196  ctrl.o(.bss)
    except_A                                 0x20002cd8   Data          12  ctrl.o(.bss)
    ctrl_angle_offset                        0x20002ce4   Data          12  ctrl.o(.bss)
    compensation                             0x20002cf0   Data          12  ctrl.o(.bss)
    except_AS                                0x20002cfc   Data          12  ctrl.o(.bss)
    g_old                                    0x20002d08   Data          28  ctrl.o(.bss)
    motor                                    0x20002d24   Data          16  ctrl.o(.bss)
    posture_value                            0x20002d34   Data          16  ctrl.o(.bss)
    curve                                    0x20002d44   Data          16  ctrl.o(.bss)
    hc_value                                 0x20002d54   Data          24  height_ctrl.o(.bss)
    wz_speed_pid_v                           0x20002d6c   Data          36  height_ctrl.o(.bss)
    wz_speed_pid_v_safe                      0x20002d90   Data          36  height_ctrl.o(.bss)
    wz_speed_pid_v_eso                       0x20002db4   Data          36  height_ctrl.o(.bss)
    ultra_ctrl                               0x20002dd8   Data          36  height_ctrl.o(.bss)
    ultra_ctrl_safe                          0x20002dfc   Data          36  height_ctrl.o(.bss)
    wz_speed_pid                             0x20002e20   Data          16  height_ctrl.o(.bss)
    wz_speed_pid_safe                        0x20002e30   Data          16  height_ctrl.o(.bss)
    wz_speed_pid_use                         0x20002e40   Data          16  height_ctrl.o(.bss)
    ultra_pid_safe                           0x20002e50   Data          16  height_ctrl.o(.bss)
    ultra_pid                                0x20002e60   Data          16  height_ctrl.o(.bss)
    ultra_pid_use                            0x20002e70   Data          16  height_ctrl.o(.bss)
    baro_speed_arr                           0x20002e80   Data         204  height_ctrl.o(.bss)
    baro_h_arr                               0x20002f4c   Data         404  height_ctrl.o(.bss)
    baro_h_arr1                              0x200030e0   Data         404  height_ctrl.o(.bss)
    circle                                   0x20003274   Data          92  pos_ctrl.o(.bss)
    track                                    0x200032d0   Data          92  pos_ctrl.o(.bss)
    marker                                   0x2000332c   Data          76  pos_ctrl.o(.bss)
    out_back_step                            0x20003378   Data          12  pos_ctrl.o(.bss)
    acc_temp                                 0x20003384   Data          12  pos_ctrl.o(.bss)
    nav_pos_pid                              0x20003390   Data          28  pos_ctrl.o(.bss)
    nav_spd_pid                              0x200033ac   Data          28  pos_ctrl.o(.bss)
    nav_acc_pid                              0x200033c8   Data          28  pos_ctrl.o(.bss)
    nav_pos_ctrl                             0x200033e4   Data          80  pos_ctrl.o(.bss)
    nav_spd_ctrl                             0x20003434   Data          80  pos_ctrl.o(.bss)
    nav_acc_ctrl                             0x20003484   Data          80  pos_ctrl.o(.bss)
    DEBUG                                    0x200034e8   Data         140  usart.o(.bss)
    BLE_DEBUG                                0x20003574   Data          32  usart.o(.bss)
    m100                                     0x20003594   Data         100  usart.o(.bss)
    color                                    0x200035f8   Data          20  usart.o(.bss)
    HPID                                     0x2000360c   Data          18  usart.o(.bss)
    SPID                                     0x2000361e   Data          18  usart.o(.bss)
    FIX_PID                                  0x20003630   Data          18  usart.o(.bss)
    NAV_PID                                  0x20003642   Data          18  usart.o(.bss)
    HPID_app                                 0x20003654   Data          18  usart.o(.bss)
    SPID_app                                 0x20003666   Data          18  usart.o(.bss)
    FIX_PID_app                              0x20003678   Data          18  usart.o(.bss)
    NAV_PID_app                              0x2000368a   Data          18  usart.o(.bss)
    pid                                      0x2000369c   Data         320  usart.o(.bss)
    smart                                    0x200037dc   Data          52  usart.o(.bss)
    smart_in                                 0x20003810   Data          52  usart.o(.bss)
    Rc_Get                                   0x20003844   Data          26  usart.o(.bss)
    Rc_Get_PWM                               0x2000385e   Data          26  usart.o(.bss)
    plane                                    0x20003878   Data         116  usart.o(.bss)
    slam                                     0x200038ec   Data          20  usart.o(.bss)
    imu_nav                                  0x20003900   Data         100  usart.o(.bss)
    flow_debug                               0x20003964   Data          40  usart.o(.bss)
    flow_matlab_data                         0x2000398c   Data          16  usart.o(.bss)
    uart_time                                0x2000399c   Data          40  usart.o(.bss)
    TxBuffer                                 0x200039c4   Data         256  usart.o(.bss)
    Rx_Buf                                   0x20003ac4   Data         256  usart.o(.bss)
    RxBuffer                                 0x20003bc4   Data          50  usart.o(.bss)
    imu_board                                0x20003bf8   Data          20  usart.o(.bss)
    mark_map                                 0x20003c0c   Data         200  usart.o(.bss)
    TxBuffer5                                0x20003cd4   Data         256  usart.o(.bss)
    Rx_Buf5                                  0x20003dd4   Data         256  usart.o(.bss)
    RxBuffer5                                0x20003ed4   Data          50  usart.o(.bss)
    Rx_Buf_app                               0x20003f06   Data         256  usart.o(.bss)
    RxBuffer_app                             0x20004006   Data          50  usart.o(.bss)
    Rx_Buf4                                  0x20004038   Data         256  usart.o(.bss)
    RxBuffer4                                0x20004138   Data          50  usart.o(.bss)
    Rx_Buf3                                  0x2000416a   Data         256  usart.o(.bss)
    RxBuffer3                                0x2000426a   Data          50  usart.o(.bss)
    SendBuff1                                0x2000429c   Data          96  usart.o(.bss)
    SendBuff2                                0x200042fc   Data          40  usart.o(.bss)
    SendBuff3                                0x20004324   Data          32  usart.o(.bss)
    SendBuff4                                0x20004344   Data         192  usart.o(.bss)
    sd_save                                  0x20004404   Data         300  usart.o(.bss)
    f                                        0x20004530   Data          21  data_transfer.o(.bss)
    data_to_send                             0x20004545   Data          50  data_transfer.o(.bss)
    RX_CH                                    0x200045b4   Data          16  rc.o(.bss)
    CH                                       0x200045c4   Data          16  rc.o(.bss)
    RX_CH_PWM                                0x200045d4   Data          16  rc.o(.bss)
    RX_CH_FIX                                0x200045e4   Data          16  rc.o(.bss)
    RX_CH_FIX_PWM                            0x200045f4   Data          16  rc.o(.bss)
    CH_Old                                   0x20004604   Data          32  rc.o(.bss)
    CH_filter                                0x20004624   Data          32  rc.o(.bss)
    CH_filter_Old                            0x20004644   Data          32  rc.o(.bss)
    CH_filter_D                              0x20004664   Data          32  rc.o(.bss)
    CLR_CH_Error                             0x20004684   Data          16  rc.o(.bss)
    mpu6050                                  0x200046a4   Data         128  mpu6050.o(.bss)
    mpu6050_fc                               0x20004724   Data         128  mpu6050.o(.bss)
    mpu6050_buffer                           0x200047a4   Data          14  mpu6050.o(.bss)
    sum_temp                                 0x200047b4   Data          28  mpu6050.o(.bss)
    FILT_BUF                                 0x200047d0   Data         154  mpu6050.o(.bss)
    mpu6050_tmp                              0x2000486c   Data          28  mpu6050.o(.bss)
    mpu_fil_tmp                              0x20004888   Data          28  mpu6050.o(.bss)
    HMC5883_FIFO                             0x20004998   Data          66  ak8975.o(.bss)
    baro                                     0x200049e8   Data          48  bmp.o(.bss)
    ultra                                    0x20004a24   Data          48  ultrasonic.o(.bss)
    Distance                                 0x20004a54   Data         100  ultrasonic.o(.bss)
    eso_att_outter_c                         0x20004ac4   Data         576  eso.o(.bss)
    eso_att_inner_c                          0x20004d04   Data         576  eso.o(.bss)
    eso_pos_spd                              0x20004f44   Data         432  eso.o(.bss)
    eso_pos                                  0x200050f4   Data         432  eso.o(.bss)
    __libspace_start                         0x200052a4   Data          96  libspace.o(.bss)
    __temporary_stack_top$libspace           0x20005304   Data           0  libspace.o(.bss)



==============================================================================

Memory Map of the image

  Image Entry point : 0x08000189

  Load Region LR_IROM1 (Base: 0x08000000, Size: 0x0002b01c, Max: 0x00100000, ABSOLUTE, COMPRESSED[0x0002a7f8])

    Execution Region ER_IROM1 (Base: 0x08000000, Size: 0x0002a1b8, Max: 0x00100000, ABSOLUTE)

    Base Addr    Size         Type   Attr      Idx    E Section Name        Object

    0x08000000   0x00000188   Data   RO          830    RESET               startup_stm32f4xx.o
    0x08000188   0x00000008   Code   RO         1532  * !!!main             c_w.l(__main.o)
    0x08000190   0x00000034   Code   RO         1954    !!!scatter          c_w.l(__scatter.o)
    0x080001c4   0x0000005a   Code   RO         1952    !!dczerorl2         c_w.l(__dczerorl2.o)
    0x0800021e   0x00000002   PAD
    0x08000220   0x0000001c   Code   RO         1956    !!handler_zi        c_w.l(__scatter_zi.o)
    0x0800023c   0x00000002   Code   RO         1817    .ARM.Collect$$libinit$$00000000  c_w.l(libinit.o)
    0x0800023e   0x00000004   Code   RO         1826    .ARM.Collect$$libinit$$00000001  c_w.l(libinit2.o)
    0x08000242   0x00000000   Code   RO         1829    .ARM.Collect$$libinit$$00000004  c_w.l(libinit2.o)
    0x08000242   0x00000000   Code   RO         1832    .ARM.Collect$$libinit$$0000000A  c_w.l(libinit2.o)
    0x08000242   0x00000000   Code   RO         1834    .ARM.Collect$$libinit$$0000000C  c_w.l(libinit2.o)
    0x08000242   0x00000000   Code   RO         1836    .ARM.Collect$$libinit$$0000000E  c_w.l(libinit2.o)
    0x08000242   0x00000000   Code   RO         1839    .ARM.Collect$$libinit$$00000011  c_w.l(libinit2.o)
    0x08000242   0x00000000   Code   RO         1841    .ARM.Collect$$libinit$$00000013  c_w.l(libinit2.o)
    0x08000242   0x00000000   Code   RO         1843    .ARM.Collect$$libinit$$00000015  c_w.l(libinit2.o)
    0x08000242   0x00000000   Code   RO         1845    .ARM.Collect$$libinit$$00000017  c_w.l(libinit2.o)
    0x08000242   0x00000000   Code   RO         1847    .ARM.Collect$$libinit$$00000019  c_w.l(libinit2.o)
    0x08000242   0x00000000   Code   RO         1849    .ARM.Collect$$libinit$$0000001B  c_w.l(libinit2.o)
    0x08000242   0x00000000   Code   RO         1851    .ARM.Collect$$libinit$$0000001D  c_w.l(libinit2.o)
    0x08000242   0x00000000   Code   RO         1853    .ARM.Collect$$libinit$$0000001F  c_w.l(libinit2.o)
    0x08000242   0x00000000   Code   RO         1855    .ARM.Collect$$libinit$$00000021  c_w.l(libinit2.o)
    0x08000242   0x00000000   Code   RO         1857    .ARM.Collect$$libinit$$00000023  c_w.l(libinit2.o)
    0x08000242   0x00000000   Code   RO         1859    .ARM.Collect$$libinit$$00000025  c_w.l(libinit2.o)
    0x08000242   0x00000000   Code   RO         1863    .ARM.Collect$$libinit$$0000002C  c_w.l(libinit2.o)
    0x08000242   0x00000000   Code   RO         1865    .ARM.Collect$$libinit$$0000002E  c_w.l(libinit2.o)
    0x08000242   0x00000000   Code   RO         1867    .ARM.Collect$$libinit$$00000030  c_w.l(libinit2.o)
    0x08000242   0x00000000   Code   RO         1869    .ARM.Collect$$libinit$$00000032  c_w.l(libinit2.o)
    0x08000242   0x00000002   Code   RO         1870    .ARM.Collect$$libinit$$00000033  c_w.l(libinit2.o)
    0x08000244   0x00000002   Code   RO         1902    .ARM.Collect$$libshutdown$$00000000  c_w.l(libshutdown.o)
    0x08000246   0x00000000   Code   RO         1919    .ARM.Collect$$libshutdown$$00000002  c_w.l(libshutdown2.o)
    0x08000246   0x00000000   Code   RO         1921    .ARM.Collect$$libshutdown$$00000004  c_w.l(libshutdown2.o)
    0x08000246   0x00000000   Code   RO         1924    .ARM.Collect$$libshutdown$$00000007  c_w.l(libshutdown2.o)
    0x08000246   0x00000000   Code   RO         1927    .ARM.Collect$$libshutdown$$0000000A  c_w.l(libshutdown2.o)
    0x08000246   0x00000000   Code   RO         1929    .ARM.Collect$$libshutdown$$0000000C  c_w.l(libshutdown2.o)
    0x08000246   0x00000000   Code   RO         1932    .ARM.Collect$$libshutdown$$0000000F  c_w.l(libshutdown2.o)
    0x08000246   0x00000002   Code   RO         1933    .ARM.Collect$$libshutdown$$00000010  c_w.l(libshutdown2.o)
    0x08000248   0x00000000   Code   RO         1708    .ARM.Collect$$rtentry$$00000000  c_w.l(__rtentry.o)
    0x08000248   0x00000000   Code   RO         1778    .ARM.Collect$$rtentry$$00000002  c_w.l(__rtentry2.o)
    0x08000248   0x00000006   Code   RO         1790    .ARM.Collect$$rtentry$$00000004  c_w.l(__rtentry4.o)
    0x0800024e   0x00000000   Code   RO         1780    .ARM.Collect$$rtentry$$00000009  c_w.l(__rtentry2.o)
    0x0800024e   0x00000004   Code   RO         1781    .ARM.Collect$$rtentry$$0000000A  c_w.l(__rtentry2.o)
    0x08000252   0x00000000   Code   RO         1783    .ARM.Collect$$rtentry$$0000000C  c_w.l(__rtentry2.o)
    0x08000252   0x00000008   Code   RO         1784    .ARM.Collect$$rtentry$$0000000D  c_w.l(__rtentry2.o)
    0x0800025a   0x00000002   Code   RO         1820    .ARM.Collect$$rtexit$$00000000  c_w.l(rtexit.o)
    0x0800025c   0x00000000   Code   RO         1874    .ARM.Collect$$rtexit$$00000002  c_w.l(rtexit2.o)
    0x0800025c   0x00000004   Code   RO         1875    .ARM.Collect$$rtexit$$00000003  c_w.l(rtexit2.o)
    0x08000260   0x00000006   Code   RO         1876    .ARM.Collect$$rtexit$$00000004  c_w.l(rtexit2.o)
    0x08000266   0x00000002   PAD
    0x08000268   0x000015d8   Code   RO            2    .text               scheduler.o
    0x08001840   0x00000130   Code   RO          217    .text               init.o
    0x08001970   0x00000570   Code   RO          257    .text               parameter.o
    0x08001ee0   0x000000e8   Code   RO          310    .text               fly_mode.o
    0x08001fc8   0x00000014   Code   RO          337    .text               main.o
    0x08001fdc   0x0000002c   Code   RO          359    .text               stm32f4xx_it.o
    0x08002008   0x000003cc   Code   RO          375    .text               pwm_out.o
    0x080023d4   0x00000424   Code   RO          445    .text               iic_hml.o
    0x080027f8   0x000003a8   Code   RO          464    .text               i2c_soft.o
    0x08002ba0   0x0000006c   Code   RO          490    .text               led.o
    0x08002c0c   0x00000ca8   Code   RO          511    .text               flash.o
    0x080038b4   0x00000280   Code   RO          534    .text               time.o
    0x08003b34   0x000001c4   Code   RO          561    .text               spi.o
    0x08003cf8   0x000000e0   Code   RO          581    .text               misc.o
    0x08003dd8   0x000003a8   Code   RO          629    .text               stm32f4xx_dma.o
    0x08004180   0x000004bc   Code   RO          661    .text               stm32f4xx_flash.o
    0x0800463c   0x0000025c   Code   RO          677    .text               stm32f4xx_gpio.o
    0x08004898   0x00000588   Code   RO          725    .text               stm32f4xx_rcc.o
    0x08004e20   0x000003f8   Code   RO          743    .text               stm32f4xx_spi.o
    0x08005218   0x00000ca2   Code   RO          775    .text               stm32f4xx_tim.o
    0x08005eba   0x00000002   PAD
    0x08005ebc   0x0000041a   Code   RO          791    .text               stm32f4xx_usart.o
    0x080062d6   0x00000002   PAD
    0x080062d8   0x00000210   Code   RO          807    .text               system_stm32f4xx.o
    0x080064e8   0x00000040   Code   RO          831    .text               startup_stm32f4xx.o
    0x08006528   0x000024e0   Code   RO          836    .text               imu.o
    0x08008a08   0x00000ef8   Code   RO          871    .text               alt_fushion.o
    0x08009900   0x00000668   Code   RO          913    .text               anotc_baro_ctrl.o
    0x08009f68   0x00000910   Code   RO          940    .text               mymath.o
    0x0800a878   0x00000790   Code   RO          959    .text               filter.o
    0x0800b008   0x000013f8   Code   RO          981    .text               fastmath.o
    0x0800c400   0x000021d0   Code   RO          997    .text               quar.o
    0x0800e5d0   0x00001f78   Code   RO         1036    .text               ctrl.o
    0x08010548   0x00001e64   Code   RO         1059    .text               height_ctrl.o
    0x080123ac   0x00003a60   Code   RO         1083    .text               pos_ctrl.o
    0x08015e0c   0x00008398   Code   RO         1108    .text               usart.o
    0x0801e1a4   0x000028d4   Code   RO         1171    .text               data_transfer.o
    0x08020a78   0x0000066c   Code   RO         1196    .text               rc.o
    0x080210e4   0x000000e8   Code   RO         1223    .text               dma.o
    0x080211cc   0x00000998   Code   RO         1239    .text               mpu6050.o
    0x08021b64   0x0000092c   Code   RO         1263    .text               ak8975.o
    0x08022490   0x0000077c   Code   RO         1294    .text               bmp.o
    0x08022c0c   0x000003b8   Code   RO         1325    .text               ultrasonic.o
    0x08022fc4   0x00001758   Code   RO         1347    .text               kf_oldx.lib(kf_oldx.o)
    0x0802471c   0x0000150c   Code   RO         1384    .text               eso.lib(eso.o)
    0x08025c28   0x00000100   Code   RO         1474    .text               kf_oldx.lib(rt_nonfinite.o)
    0x08025d28   0x00000134   Code   RO         1498    .text               kf_oldx.lib(rtgetinf.o)
    0x08025e5c   0x000000c8   Code   RO         1510    .text               kf_oldx.lib(rtgetnan.o)
    0x08025f24   0x00000048   Code   RO         1524    .text               c_w.l(llsdiv.o)
    0x08025f6c   0x00000064   Code   RO         1526    .text               c_w.l(rt_memcpy_w.o)
    0x08025fd0   0x0000004e   Code   RO         1528    .text               c_w.l(rt_memclr_w.o)
    0x0802601e   0x00000006   Code   RO         1530    .text               c_w.l(heapauxi.o)
    0x08026024   0x000000ee   Code   RO         1709    .text               c_w.l(lludivv7m.o)
    0x08026112   0x00000016   Code   RO         1711    .text               c_w.l(_rserrno.o)
    0x08026128   0x00000008   Code   RO         1799    .text               c_w.l(rt_errno_addr_intlibspace.o)
    0x08026130   0x00000008   Code   RO         1803    .text               c_w.l(libspace.o)
    0x08026138   0x0000004a   Code   RO         1806    .text               c_w.l(sys_stackheap_outer.o)
    0x08026182   0x00000012   Code   RO         1810    .text               c_w.l(exit.o)
    0x08026194   0x0000000c   Code   RO         1890    .text               c_w.l(sys_exit.o)
    0x080261a0   0x00000002   Code   RO         1907    .text               c_w.l(use_no_semi.o)
    0x080261a2   0x00000000   Code   RO         1909    .text               c_w.l(indicate_semi.o)
    0x080261a2   0x00000030   Code   RO         1745    i.__ARM_fpclassify  m_wm.l(fpclassify.o)
    0x080261d2   0x00000026   Code   RO         1747    i.__ARM_fpclassifyf  m_wm.l(fpclassifyf.o)
    0x080261f8   0x00000360   Code   RO         1570    i.__hardfp_asin     m_wm.l(asin.o)
    0x08026558   0x0000012c   Code   RO         1584    i.__hardfp_asinf    m_wm.l(asinf.o)
    0x08026684   0x00000004   PAD
    0x08026688   0x000002d8   Code   RO         1596    i.__hardfp_atan     m_wm.l(atan.o)
    0x08026960   0x000001f0   Code   RO         1610    i.__hardfp_atan2    m_wm.l(atan2.o)
    0x08026b50   0x00000250   Code   RO         1622    i.__hardfp_atan2f   m_wm.l(atan2f.o)
    0x08026da0   0x000000c8   Code   RO         1634    i.__hardfp_cos      m_wm.l(cos.o)
    0x08026e68   0x00000014   Code   RO         1646    i.__hardfp_fabs     m_wm.l(fabs.o)
    0x08026e7c   0x00000004   PAD
    0x08026e80   0x00000118   Code   RO         1652    i.__hardfp_floor    m_wm.l(floor.o)
    0x08026f98   0x00000c50   Code   RO         1658    i.__hardfp_pow      m_wm.l(pow.o)
    0x08027be8   0x000000c8   Code   RO         1672    i.__hardfp_sin      m_wm.l(sin.o)
    0x08027cb0   0x0000007a   Code   RO         1684    i.__hardfp_sqrt     m_wm.l(sqrt.o)
    0x08027d2a   0x0000003a   Code   RO         1696    i.__hardfp_sqrtf    m_wm.l(sqrtf.o)
    0x08027d64   0x00000004   PAD
    0x08027d68   0x00000438   Code   RO         1766    i.__ieee754_rem_pio2  m_wm.l(rred.o)
    0x080281a0   0x00000170   Code   RO         1728    i.__kernel_cos      m_wm.l(cos_i.o)
    0x08028310   0x000000f8   Code   RO         1763    i.__kernel_poly     m_wm.l(poly.o)
    0x08028408   0x00000130   Code   RO         1771    i.__kernel_sin      m_wm.l(sin_i.o)
    0x08028538   0x00000030   Code   RO         1731    i.__mathlib_dbl_divzero  m_wm.l(dunder.o)
    0x08028568   0x00000014   Code   RO         1732    i.__mathlib_dbl_infnan  m_wm.l(dunder.o)
    0x0802857c   0x00000014   Code   RO         1733    i.__mathlib_dbl_infnan2  m_wm.l(dunder.o)
    0x08028590   0x00000020   Code   RO         1734    i.__mathlib_dbl_invalid  m_wm.l(dunder.o)
    0x080285b0   0x00000020   Code   RO         1735    i.__mathlib_dbl_overflow  m_wm.l(dunder.o)
    0x080285d0   0x00000020   Code   RO         1737    i.__mathlib_dbl_underflow  m_wm.l(dunder.o)
    0x080285f0   0x00000006   Code   RO         1750    i.__mathlib_flt_infnan  m_wm.l(funder.o)
    0x080285f6   0x00000006   Code   RO         1751    i.__mathlib_flt_infnan2  m_wm.l(funder.o)
    0x080285fc   0x00000010   Code   RO         1752    i.__mathlib_flt_invalid  m_wm.l(funder.o)
    0x0802860c   0x00000010   Code   RO         1755    i.__mathlib_flt_underflow  m_wm.l(funder.o)
    0x0802861c   0x00000010   Code   RO         1598    i.atan              m_wm.l(atan.o)
    0x0802862c   0x00000018   Code   RO         1648    i.fabs              m_wm.l(fabs.o)
    0x08028644   0x0000006e   Code   RO         1686    i.sqrt              m_wm.l(sqrt.o)
    0x080286b2   0x0000003e   Code   RO         1698    i.sqrtf             m_wm.l(sqrtf.o)
    0x080286f0   0x00000018   Code   RO         1534    x$fpl$basic         fz_wm.l(basic.o)
    0x08028708   0x00000062   Code   RO         1536    x$fpl$d2f           fz_wm.l(d2f.o)
    0x0802876a   0x00000002   PAD
    0x0802876c   0x00000150   Code   RO         1538    x$fpl$dadd          fz_wm.l(daddsub_clz.o)
    0x080288bc   0x00000010   Code   RO         1801    x$fpl$dcheck1       fz_wm.l(dcheck1.o)
    0x080288cc   0x00000018   Code   RO         1713    x$fpl$dcmpinf       fz_wm.l(dcmpi.o)
    0x080288e4   0x000002b0   Code   RO         1545    x$fpl$ddiv          fz_wm.l(ddiv.o)
    0x08028b94   0x00000078   Code   RO         1548    x$fpl$deqf          fz_wm.l(deqf.o)
    0x08028c0c   0x0000005e   Code   RO         1550    x$fpl$dfix          fz_wm.l(dfix.o)
    0x08028c6a   0x0000002e   Code   RO         1555    x$fpl$dflt          fz_wm.l(dflt_clz.o)
    0x08028c98   0x00000026   Code   RO         1554    x$fpl$dfltu         fz_wm.l(dflt_clz.o)
    0x08028cbe   0x00000002   PAD
    0x08028cc0   0x00000078   Code   RO         1560    x$fpl$dleqf         fz_wm.l(dleqf.o)
    0x08028d38   0x00000154   Code   RO         1562    x$fpl$dmul          fz_wm.l(dmul.o)
    0x08028e8c   0x0000009c   Code   RO         1715    x$fpl$dnaninf       fz_wm.l(dnaninf.o)
    0x08028f28   0x0000000c   Code   RO         1717    x$fpl$dretinf       fz_wm.l(dretinf.o)
    0x08028f34   0x0000006c   Code   RO         1564    x$fpl$drleqf        fz_wm.l(drleqf.o)
    0x08028fa0   0x00000016   Code   RO         1539    x$fpl$drsb          fz_wm.l(daddsub_clz.o)
    0x08028fb6   0x00000002   PAD
    0x08028fb8   0x00000198   Code   RO         1719    x$fpl$dsqrt         fz_wm.l(dsqrt_umaal.o)
    0x08029150   0x000001d4   Code   RO         1540    x$fpl$dsub          fz_wm.l(daddsub_clz.o)
    0x08029324   0x00000056   Code   RO         1566    x$fpl$f2d           fz_wm.l(f2d.o)
    0x0802937a   0x00000060   Code   RO         1568    x$fpl$ffltll        fz_wm.l(ffltll_clz.o)
    0x080293da   0x0000008c   Code   RO         1721    x$fpl$fnaninf       fz_wm.l(fnaninf.o)
    0x08029466   0x0000000a   Code   RO         1888    x$fpl$fpinit        fz_wm.l(fpinit.o)
    0x08029470   0x0000000a   Code   RO         1723    x$fpl$fretinf       fz_wm.l(fretinf.o)
    0x0802947a   0x00000064   Code   RO         1818    x$fpl$retnan        fz_wm.l(retnan.o)
    0x080294de   0x0000005c   Code   RO         1725    x$fpl$scalbn        fz_wm.l(scalbn.o)
    0x0802953a   0x00000030   Code   RO         1871    x$fpl$trapveneer    fz_wm.l(trapv.o)
    0x0802956a   0x00000000   Code   RO         1727    x$fpl$usenofp       fz_wm.l(usenofp.o)
    0x0802956a   0x00000002   PAD
    0x0802956c   0x00000030   Data   RO          259    .constdata          parameter.o
    0x0802959c   0x00000018   Data   RO          873    .constdata          alt_fushion.o
    0x080295b4   0x00000880   Data   RO          982    .constdata          fastmath.o
    0x08029e34   0x00000024   Data   RO          999    .constdata          quar.o
    0x08029e58   0x0000001c   Data   RO         1085    .constdata          pos_ctrl.o
    0x08029e74   0x00000004   PAD
    0x08029e78   0x00000084   Data   RO         1348    .constdata          kf_oldx.lib(kf_oldx.o)
    0x08029efc   0x00000004   PAD
    0x08029f00   0x00000050   Data   RO         1573    .constdata          m_wm.l(asin.o)
    0x08029f50   0x00000098   Data   RO         1599    .constdata          m_wm.l(atan.o)
    0x08029fe8   0x00000088   Data   RO         1661    .constdata          m_wm.l(pow.o)
    0x0802a070   0x00000030   Data   RO         1729    .constdata          m_wm.l(cos_i.o)
    0x0802a0a0   0x00000008   Data   RO         1765    .constdata          m_wm.l(qnan.o)
    0x0802a0a8   0x000000c8   Data   RO         1768    .constdata          m_wm.l(rred.o)
    0x0802a170   0x00000028   Data   RO         1772    .constdata          m_wm.l(sin_i.o)
    0x0802a198   0x00000020   Data   RO         1950    Region$$Table       anon$$obj.o


    Execution Region RW_IRAM1 (Base: 0x20000000, Size: 0x00005f08, Max: 0x00020000, ABSOLUTE, COMPRESSED[0x00000640])

    Base Addr    Size         Type   Attr      Idx    E Section Name        Object

    0x20000000   0x00000037   Data   RW            4    .data               scheduler.o
    0x20000037   0x00000004   Data   RW          218    .data               init.o
    0x2000003b   0x00000001   PAD
    0x2000003c   0x0000000c   Data   RW          260    .data               parameter.o
    0x20000048   0x00000008   Data   RW          312    .data               fly_mode.o
    0x20000050   0x00000001   Data   RW          338    .data               main.o
    0x20000051   0x00000001   PAD
    0x20000052   0x0000000e   Data   RW          376    .data               pwm_out.o
    0x20000060   0x00000001   Data   RW          465    .data               i2c_soft.o
    0x20000061   0x00000001   Data   RW          491    .data               led.o
    0x20000062   0x00000002   PAD
    0x20000064   0x00000010   Data   RW          513    .data               flash.o
    0x20000074   0x00000014   Data   RW          536    .data               time.o
    0x20000088   0x00000001   Data   RW          563    .data               spi.o
    0x20000089   0x00000010   Data   RW          726    .data               stm32f4xx_rcc.o
    0x20000099   0x00000003   PAD
    0x2000009c   0x00000014   Data   RW          808    .data               system_stm32f4xx.o
    0x200000b0   0x00000092   Data   RW          838    .data               imu.o
    0x20000142   0x00000006   PAD
    0x20000148   0x0000020c   Data   RW          874    .data               alt_fushion.o
    0x20000354   0x0000004c   Data   RW          915    .data               anotc_baro_ctrl.o
    0x200003a0   0x00000404   Data   RW          941    .data               mymath.o
    0x200007a4   0x0000003d   Data   RW          961    .data               filter.o
    0x200007e1   0x00000003   PAD
    0x200007e4   0x00000038   Data   RW         1038    .data               ctrl.o
    0x2000081c   0x00000168   Data   RW         1061    .data               height_ctrl.o
    0x20000984   0x00000126   Data   RW         1086    .data               pos_ctrl.o
    0x20000aaa   0x00000002   PAD
    0x20000aac   0x00000124   Data   RW         1110    .data               usart.o
    0x20000bd0   0x00000028   Data   RW         1173    .data               data_transfer.o
    0x20000bf8   0x00000048   Data   RW         1198    .data               rc.o
    0x20000c40   0x0000001c   Data   RW         1241    .data               mpu6050.o
    0x20000c5c   0x00000004   PAD
    0x20000c60   0x00000100   Data   RW         1265    .data               ak8975.o
    0x20000d60   0x0000008d   Data   RW         1296    .data               bmp.o
    0x20000ded   0x00000003   PAD
    0x20000df0   0x0000000d   Data   RW         1327    .data               ultrasonic.o
    0x20000dfd   0x00000003   PAD
    0x20000e00   0x00000040   Data   RW         1386    .data               eso.lib(eso.o)
    0x20000e40   0x00000024   Data   RW         1475    .data               kf_oldx.lib(rt_nonfinite.o)
    0x20000e64   0x00000034   Zero   RW            3    .bss                scheduler.o
    0x20000e98   0x00000100   Zero   RW          258    .bss                parameter.o
    0x20000f98   0x00000060   Zero   RW          311    .bss                fly_mode.o
    0x20000ff8   0x000010c8   Zero   RW          512    .bss                flash.o
    0x200020c0   0x00000168   Zero   RW          535    .bss                time.o
    0x20002228   0x0000000a   Zero   RW          562    .bss                spi.o
    0x20002232   0x00000002   PAD
    0x20002234   0x000000c8   Zero   RW          837    .bss                imu.o
    0x200022fc   0x00000004   PAD
    0x20002300   0x000002cc   Zero   RW          872    .bss                alt_fushion.o
    0x200025cc   0x00000310   Zero   RW          914    .bss                anotc_baro_ctrl.o
    0x200028dc   0x00000190   Zero   RW          960    .bss                filter.o
    0x20002a6c   0x000000e4   Zero   RW          998    .bss                quar.o
    0x20002b50   0x00000204   Zero   RW         1037    .bss                ctrl.o
    0x20002d54   0x00000520   Zero   RW         1060    .bss                height_ctrl.o
    0x20003274   0x00000274   Zero   RW         1084    .bss                pos_ctrl.o
    0x200034e8   0x00001048   Zero   RW         1109    .bss                usart.o
    0x20004530   0x00000083   Zero   RW         1172    .bss                data_transfer.o
    0x200045b3   0x00000001   PAD
    0x200045b4   0x000000f0   Zero   RW         1197    .bss                rc.o
    0x200046a4   0x00000200   Zero   RW         1240    .bss                mpu6050.o
    0x200048a4   0x00000004   PAD
    0x200048a8   0x00000140   Zero   RW         1264    .bss                ak8975.o
    0x200049e8   0x0000003c   Zero   RW         1295    .bss                bmp.o
    0x20004a24   0x000000a0   Zero   RW         1326    .bss                ultrasonic.o
    0x20004ac4   0x000007e0   Zero   RW         1385    .bss                eso.lib(eso.o)
    0x200052a4   0x00000060   Zero   RW         1804    .bss                c_w.l(libspace.o)
    0x20005304   0x00000004   PAD
    0x20005308   0x00000400   Zero   RW          829    HEAP                startup_stm32f4xx.o
    0x20005708   0x00000800   Zero   RW          828    STACK               startup_stm32f4xx.o


==============================================================================

Image component sizes


      Code (inc. data)   RO Data    RW Data    ZI Data      Debug   Object Name

      2348        124          0        256        320       8002   ak8975.o
      3832        402         24        524        716      10660   alt_fushion.o
      1640        162          0         76        784       6198   anotc_baro_ctrl.o
      1916        182          0        141         60       7143   bmp.o
      8056        536          0         56        516       5749   ctrl.o
     10452        486          0         40        131      13436   data_transfer.o
       232          4          0          0          0       1380   dma.o
      5112        288       2176          0          0      11903   fastmath.o
      1936         92          0         61        400       6127   filter.o
      3240        170          0         16       4296       7548   flash.o
       232         28          0          8         96      10863   fly_mode.o
      7780        854          0        360       1312      10615   height_ctrl.o
       936         10          0          1          0       4478   i2c_soft.o
      1060         14          0          0          0       4755   iic_hml.o
      9440        392          0        146        200       9532   imu.o
       304         42          0          4          0       1472   init.o
       108         10          0          1          0        642   led.o
        20          4          0          1          0        653   main.o
       224         20          0          0          0       1925   misc.o
      2456        118          0         28        512      16662   mpu6050.o
      2320        150          0       1028          0       7384   mymath.o
      1392        132         48         12        256       4490   parameter.o
     14944       1182         28        294        628      11887   pos_ctrl.o
       972         30          0         14          0       3651   pwm_out.o
      8656        150         36          0        228      12024   quar.o
      1644        148          0         72        240       3603   rc.o
      5592        602          0         55         52     301424   scheduler.o
       452         20          0          1         10       2130   spi.o
        64         26        392          0       3072        888   startup_stm32f4xx.o
       936         32          0          0          0       6501   stm32f4xx_dma.o
      1212         26          0          0          0       7193   stm32f4xx_flash.o
       604         36          0          0          0       4229   stm32f4xx_gpio.o
        44          4          0          0          0       1349   stm32f4xx_it.o
      1416         48          0         16          0      11159   stm32f4xx_rcc.o
      1016         22          0          0          0       6953   stm32f4xx_spi.o
      3234         60          0          0          0      23124   stm32f4xx_tim.o
      1050         26          0          0          0       7968   stm32f4xx_usart.o
       528         46          0         20          0       1987   system_stm32f4xx.o
       640         38          0         20        360      21388   time.o
       952         52          0         13        160       3137   ultrasonic.o
     33688       1466          0        292       4168      35670   usart.o

    ----------------------------------------------------------------------
    142684       8234       2740       3584      18528     617882   Object Totals
         0          0         32          0          0          0   (incl. Generated)
         4          0          4         28         11          0   (incl. Padding)

    ----------------------------------------------------------------------

      Code (inc. data)   RO Data    RW Data    ZI Data      Debug   Library Member Name

        90          0          0          0          0          0   __dczerorl2.o
         8          0          0          0          0         68   __main.o
         0          0          0          0          0          0   __rtentry.o
        12          0          0          0          0          0   __rtentry2.o
         6          0          0          0          0          0   __rtentry4.o
        52          8          0          0          0          0   __scatter.o
        28          0          0          0          0          0   __scatter_zi.o
        22          0          0          0          0        100   _rserrno.o
        18          0          0          0          0         80   exit.o
         6          0          0          0          0        152   heapauxi.o
         0          0          0          0          0          0   indicate_semi.o
         2          0          0          0          0          0   libinit.o
         6          0          0          0          0          0   libinit2.o
         2          0          0          0          0          0   libshutdown.o
         2          0          0          0          0          0   libshutdown2.o
         8          4          0          0         96         68   libspace.o
        72          0          0          0          0         76   llsdiv.o
       238          0          0          0          0        100   lludivv7m.o
         8          4          0          0          0         68   rt_errno_addr_intlibspace.o
        78          0          0          0          0         80   rt_memclr_w.o
       100          0          0          0          0         80   rt_memcpy_w.o
         2          0          0          0          0          0   rtexit.o
        10          0          0          0          0          0   rtexit2.o
        12          4          0          0          0         68   sys_exit.o
        74          0          0          0          0         80   sys_stackheap_outer.o
         2          0          0          0          0         68   use_no_semi.o
      5388        194          0         64       2016     226145   eso.o
        24          0          0          0          0        164   basic.o
        98          4          0          0          0        140   d2f.o
       826         16          0          0          0        492   daddsub_clz.o
        16          4          0          0          0        116   dcheck1.o
        24          0          0          0          0        116   dcmpi.o
       688        140          0          0          0        256   ddiv.o
       120          4          0          0          0        140   deqf.o
        94          4          0          0          0        140   dfix.o
        84          0          0          0          0        232   dflt_clz.o
       120          4          0          0          0        140   dleqf.o
       340         12          0          0          0        152   dmul.o
       156          4          0          0          0        140   dnaninf.o
        12          0          0          0          0        116   dretinf.o
       108          0          0          0          0        128   drleqf.o
       408         56          0          0          0        168   dsqrt_umaal.o
        86          4          0          0          0        132   f2d.o
        96          0          0          0          0        132   ffltll_clz.o
       140          4          0          0          0        132   fnaninf.o
        10          0          0          0          0        116   fpinit.o
        10          0          0          0          0        116   fretinf.o
       100          0          0          0          0        116   retnan.o
        92          0          0          0          0        116   scalbn.o
        48          0          0          0          0        116   trapv.o
         0          0          0          0          0          0   usenofp.o
      5976        170        132          0          0       6610   kf_oldx.o
       256         26          0         36          0       1984   rt_nonfinite.o
       308         22          0          0          0       1934   rtgetinf.o
       200         18          0          0          0       1305   rtgetnan.o
       864         94         80          0          0        280   asin.o
       300         42          0          0          0        176   asinf.o
       744        106        152          0          0        352   atan.o
       496         64          0          0          0        192   atan2.o
       592         90          0          0          0        184   atan2f.o
       200         20          0          0          0        164   cos.o
       368         46         48          0          0        200   cos_i.o
       184         44          0          0          0        744   dunder.o
        44          0          0          0          0        248   fabs.o
       280         28          0          0          0        156   floor.o
        48          0          0          0          0        124   fpclassify.o
        38          0          0          0          0        116   fpclassifyf.o
        44         12          0          0          0        464   funder.o
       248          0          0          0          0        152   poly.o
      3152        296        136          0          0        352   pow.o
         0          0          8          0          0          0   qnan.o
      1080        142        200          0          0        188   rred.o
       200         20          0          0          0        164   sin.o
       304         24         40          0          0        208   sin_i.o
       232          0          0          0          0        296   sqrt.o
       120          0          0          0          0        272   sqrtf.o

    ----------------------------------------------------------------------
     26248       1738        800        100       2116     247714   Library Totals
        24          4          4          0          4          0   (incl. Padding)

    ----------------------------------------------------------------------

      Code (inc. data)   RO Data    RW Data    ZI Data      Debug   Library Name

       858         20          0          0         96       1088   c_w.l
      5388        194          0         64       2016     226145   eso.lib
      3700        256          0          0          0       3616   fz_wm.l
      6740        236        132         36          0      11833   kf_oldx.lib
      9538       1028        664          0          0       5032   m_wm.l

    ----------------------------------------------------------------------
     26248       1738        800        100       2116     247714   Library Totals

    ----------------------------------------------------------------------

==============================================================================


      Code (inc. data)   RO Data    RW Data    ZI Data      Debug   

    168932       9972       3540       3684      20644     849228   Grand Totals
    168932       9972       3540       1600      20644     849228   ELF Image Totals (compressed)
    168932       9972       3540       1600          0          0   ROM Totals

==============================================================================

    Total RO  Size (Code + RO Data)               172472 ( 168.43kB)
    Total RW  Size (RW Data + ZI Data)             24328 (  23.76kB)
    Total ROM Size (Code + RO Data + RW Data)     174072 ( 169.99kB)

==============================================================================

