Component: ARM Compiler 5.06 update 2 (build 183) Tool: armlink [4d35b7]

==============================================================================

Section Cross References

    scheduler.o(.text) refers to bmp.o(.text) for MS5611_ThreadNew
    scheduler.o(.text) refers to time.o(.text) for Get_Cycle_T
    scheduler.o(.text) refers to f2d.o(x$fpl$f2d) for __aeabi_f2d
    scheduler.o(.text) refers to dleqf.o(x$fpl$dleqf) for __aeabi_cdcmple
    scheduler.o(.text) refers to drleqf.o(x$fpl$drleqf) for __aeabi_cdrcmple
    scheduler.o(.text) refers to mpu6050.o(.text) for MPU6050_Read
    scheduler.o(.text) refers to dflt_clz.o(x$fpl$dfltu) for __aeabi_ui2d
    scheduler.o(.text) refers to imu.o(.text) for IMUupdate
    scheduler.o(.text) refers to ctrl.o(.text) for CTRL_1
    scheduler.o(.text) refers to rc.o(.text) for RC_Duty
    scheduler.o(.text) refers to usart.o(.text) for GOL_LINK_TASK
    scheduler.o(.text) refers to stm32f4xx_dma.o(.text) for DMA_GetFlagStatus
    scheduler.o(.text) refers to data_transfer.o(.text) for ANO_DT_Data_Exchange
    scheduler.o(.text) refers to scheduler.o(.bss) for loop
    scheduler.o(.text) refers to bmp.o(.data) for baroAlt_fc
    scheduler.o(.text) refers to bmp.o(.bss) for baro
    scheduler.o(.text) refers to scheduler.o(.data) for inner_loop_time
    scheduler.o(.text) refers to mpu6050.o(.bss) for mpu6050_fc
    scheduler.o(.text) refers to imu.o(.data) for Pit_fc
    scheduler.o(.text) refers to usart.o(.data) for NAV_BOARD_CONNECT
    scheduler.o(.text) refers to fly_mode.o(.bss) for mode_oldx
    scheduler.o(.text) refers to ctrl.o(.bss) for ctrl_2
    scheduler.o(.text) refers to dmul.o(x$fpl$dmul) for __aeabi_dmul
    scheduler.o(.text) refers to dfix.o(x$fpl$dfix) for __aeabi_d2iz
    scheduler.o(.text) refers to ddiv.o(x$fpl$ddiv) for __aeabi_ddiv
    scheduler.o(.text) refers to usart.o(.bss) for flow_debug
    scheduler.o(.text) refers to height_ctrl.o(.bss) for wz_speed_pid_v
    scheduler.o(.text) refers to ctrl.o(.data) for thr_value
    scheduler.o(.text) refers to alt_fushion.o(.data) for ALT_VEL_BMP
    scheduler.o(.text) refers to alt_fushion.o(.bss) for acc_body
    scheduler.o(.text) refers to height_ctrl.o(.data) for ultra_speed
    scheduler.o(.text) refers to pos_ctrl.o(.bss) for nav_spd_ctrl
    scheduler.o(.text) refers to stm32f4xx_usart.o(.text) for USART_DMACmd
    scheduler.o(.text) refers to dma.o(.text) for MYDMA_Enable
    scheduler.o(.text) refers to d2f.o(x$fpl$d2f) for __aeabi_d2f
    scheduler.o(.text) refers to anotc_baro_ctrl.o(.text) for baro_ctrl
    scheduler.o(.text) refers to pos_ctrl.o(.text) for Positon_control
    scheduler.o(.text) refers to mymath.o(.text) for my_deathzoom1
    scheduler.o(.text) refers to pwm_out.o(.bss) for aux
    scheduler.o(.text) refers to fabs.o(i.__hardfp_fabs) for __hardfp_fabs
    scheduler.o(.text) refers to tan.o(i.__hardfp_tan) for __hardfp_tan
    scheduler.o(.text) refers to daddsub_clz.o(x$fpl$dadd) for __aeabi_dadd
    scheduler.o(.text) refers to pwm_out.o(.text) for SetPwm_AUX
    scheduler.o(.text) refers to fly_mode.o(.text) for mode_check
    scheduler.o(.text) refers to ak8975.o(.text) for ANO_AK8975_Read
    scheduler.o(.text) refers to rc.o(.bss) for RX_CH_FIX_PWM
    scheduler.o(.text) refers to rc.o(.data) for fly_ready
    scheduler.o(.text) refers to ak8975.o(.data) for ak8975_fc
    scheduler.o(.text) refers to pos_ctrl.o(.data) for state_v
    scheduler.o(.text) refers to led.o(.text) for LEDRGB
    scheduler.o(.text) refers to stm32f4xx_gpio.o(.text) for GPIO_ResetBits
    scheduler.o(.text) refers to time.o(.data) for time_1ms
    init.o(.text) refers to misc.o(.text) for NVIC_PriorityGroupConfig
    init.o(.text) refers to time.o(.text) for SysTick_Configuration
    init.o(.text) refers to i2c_soft.o(.text) for I2c_Soft_Init
    init.o(.text) refers to pwm_out.o(.text) for PWM_Out_Init
    init.o(.text) refers to mpu6050.o(.text) for MPU6050_Init
    init.o(.text) refers to led.o(.text) for LED_Init
    init.o(.text) refers to ak8975.o(.text) for HMC5883L_SetUp
    init.o(.text) refers to bmp.o(.text) for MS5611_Init_FC
    init.o(.text) refers to usart.o(.text) for Usart1_Init
    init.o(.text) refers to dma.o(.text) for MYDMA_Config
    init.o(.text) refers to stm32f4xx_usart.o(.text) for USART_DMACmd
    init.o(.text) refers to flash.o(.text) for READ_PARM
    init.o(.text) refers to parameter.o(.text) for Para_Init
    init.o(.text) refers to init.o(.data) for mcuID
    init.o(.text) refers to usart.o(.bss) for SendBuff1
    init.o(.text) refers to fly_mode.o(.bss) for mode_oldx
    init.o(.text) refers to ctrl.o(.bss) for fan
    parameter.o(.text) refers to ctrl.o(.text) for Ctrl_Para_Init
    parameter.o(.text) refers to dflt_clz.o(x$fpl$dfltu) for __aeabi_ui2d
    parameter.o(.text) refers to ddiv.o(x$fpl$ddiv) for __aeabi_ddiv
    parameter.o(.text) refers to dleqf.o(x$fpl$dleqf) for __aeabi_cdcmple
[...]
    _ll_sto_f                                0x0802bb31   Thumb Code    90  ffltll_clz.o(x$fpl$ffltll)
    __fpl_fnaninf                            0x0802bb8b   Thumb Code   140  fnaninf.o(x$fpl$fnaninf)
    _fp_init                                 0x0802bc17   Thumb Code    10  fpinit.o(x$fpl$fpinit)
    __fplib_config_fpu_vfp                   0x0802bc1f   Thumb Code     0  fpinit.o(x$fpl$fpinit)
    __fplib_config_pureend_doubles           0x0802bc1f   Thumb Code     0  fpinit.o(x$fpl$fpinit)
    __fpl_fretinf                            0x0802bc21   Thumb Code    10  fretinf.o(x$fpl$fretinf)
    __fpl_return_NaN                         0x0802bc2b   Thumb Code   100  retnan.o(x$fpl$retnan)
    __ARM_scalbn                             0x0802bc8f   Thumb Code    92  scalbn.o(x$fpl$scalbn)
    __fpl_cmpreturn                          0x0802bceb   Thumb Code    48  trapv.o(x$fpl$trapveneer)
    __I$use$fp                               0x0802bd1a   Number         0  usenofp.o(x$fpl$usenofp)
    __mathlib_zero                           0x0802bf60   Data           8  qnan.o(.constdata)
    Region$$Table$$Base                      0x0802c0b8   Number         0  anon$$obj.o(Region$$Table)
    Region$$Table$$Limit                     0x0802c0d8   Number         0  anon$$obj.o(Region$$Table)
    pos_time                                 0x20000000   Data           4  scheduler.o(.data)
    baro_task_time                           0x20000004   Data           4  scheduler.o(.data)
    loop_cnt                                 0x20000008   Data           2  scheduler.o(.data)
    yaw_use_fc                               0x2000000a   Data           1  scheduler.o(.data)
    inner_loop_time                          0x2000000c   Data           4  scheduler.o(.data)
    inner_loop_time_yaw                      0x20000010   Data           4  scheduler.o(.data)
    Rol_fc1                                  0x20000014   Data           4  scheduler.o(.data)
    Pit_fc1                                  0x20000018   Data           4  scheduler.o(.data)
    Yaw_fc1                                  0x2000001c   Data           4  scheduler.o(.data)
    outer_loop_time                          0x20000020   Data           4  scheduler.o(.data)
    UART_UP_LOAD_SEL                         0x20000024   Data           1  scheduler.o(.data)
    UART_UP_LOAD_SEL_FORCE                   0x20000025   Data           1  scheduler.o(.data)
    force_flow_ble_debug                     0x20000026   Data           1  scheduler.o(.data)
    flow_debug_stop                          0x20000027   Data           1  scheduler.o(.data)
    k_dj                                     0x20000028   Data          20  scheduler.o(.data)
    sys_init                                 0x2000004c   Data           3  init.o(.data)
    mcuID                                    0x2000004f   Data           3  init.o(.data)
    ble_imu_force                            0x20000052   Data           1  init.o(.data)
    flash_init_error                         0x20000054   Data           1  parameter.o(.data)
    k_pid                                    0x20000058   Data           4  parameter.o(.data)
    ero                                      0x2000005c   Data           6  fly_mode.o(.data)
    mode_state                               0x20000062   Data           1  fly_mode.o(.data)
    mode_state_old                           0x20000063   Data           1  fly_mode.o(.data)
    height_ctrl_mode_rc                      0x20000064   Data           1  fly_mode.o(.data)
    Init_Finish                              0x2000006e   Data           1  main.o(.data)
    motor_cal                                0x20000070   Data           1  pwm_out.o(.data)
    BEEP_RATE                                0x20000072   Data           2  pwm_out.o(.data)
    PMW_T                                    0x20000074   Data           1  pwm_out.o(.data)
    CH_out_Mapping                           0x20000075   Data           8  pwm_out.o(.data)
    sel                                      0x2000007d   Data           1  pwm_out.o(.data)
    pwm_test                                 0x2000007e   Data           2  pwm_out.o(.data)
    k_sensitivity                            0x20000084   Data          12  flash.o(.data)
    FLASH_SIZE                               0x20000090   Data           4  flash.o(.data)
    LENGTH_OF_DRONE                          0x20000094   Data           2  flash.o(.data)
    H_INT                                    0x20000098   Data           4  flash.o(.data)
    SONAR_HEIGHT                             0x2000009c   Data           4  flash.o(.data)
    need_init_mems                           0x200000a0   Data           1  flash.o(.data)
    SBUS_MIN                                 0x200000a2   Data           2  flash.o(.data)
    SBUS_MAX                                 0x200000a4   Data           2  flash.o(.data)
    SBUS_MID                                 0x200000a6   Data           2  flash.o(.data)
    SBUS_MIN_A                               0x200000a8   Data           2  flash.o(.data)
    SBUS_MAX_A                               0x200000aa   Data           2  flash.o(.data)
    SBUS_MID_A                               0x200000ac   Data           2  flash.o(.data)
    rate                                     0x200000b0   Data           4  iic_hml.o(.data)
    height                                   0x200000b4   Data           4  iic_hml.o(.data)
    z_speed123                               0x200000b8   Data           4  iic_hml.o(.data)
    buf_test                                 0x200000bc   Data           4  iic_hml.o(.data)
    I2C_FastMode                             0x200000c0   Data           1  i2c_soft.o(.data)
    sysTickUptime                            0x200000c4   Data           4  time.o(.data)
    time_1h                                  0x200000c8   Data           4  time.o(.data)
    time_1m                                  0x200000cc   Data           4  time.o(.data)
    time_1s                                  0x200000d0   Data           4  time.o(.data)
    time_1ms                                 0x200000d4   Data           4  time.o(.data)
    SystemCoreClock                          0x200000e8   Data           4  system_stm32f4xx.o(.data)
    AHBPrescTable                            0x200000ec   Data          16  system_stm32f4xx.o(.data)
    Kp_use                                   0x200000fc   Data           4  imu.o(.data)
    Roll                                     0x20000100   Data           4  imu.o(.data)
    Pitch                                    0x20000104   Data           4  imu.o(.data)
    Yaw                                      0x20000108   Data           4  imu.o(.data)
    Roll_mid_down                            0x2000010c   Data           4  imu.o(.data)
    Pitch_mid_down                           0x20000110   Data           4  imu.o(.data)
    Yaw_mid_down                             0x20000114   Data           4  imu.o(.data)
    Rol_fc                                   0x20000118   Data           4  imu.o(.data)
    Pit_fc                                   0x2000011c   Data           4  imu.o(.data)
    Yaw_fc                                   0x20000120   Data           4  imu.o(.data)
    ref_q                                    0x20000124   Data          16  imu.o(.data)
    norm_acc                                 0x20000134   Data           4  imu.o(.data)
    norm_q                                   0x20000138   Data           4  imu.o(.data)
    norm_acc_lpf                             0x2000013c   Data           4  imu.o(.data)
    mag_norm                                 0x20000140   Data           4  imu.o(.data)
    mag_norm_xyz                             0x20000144   Data           4  imu.o(.data)
    acc_ng_cali                              0x20000148   Data           1  imu.o(.data)
    yaw_mag                                  0x2000014c   Data           4  imu.o(.data)
    accConfidenceDecay                       0x20000150   Data           4  imu.o(.data)
    accConfidence                            0x20000154   Data           4  imu.o(.data)
    Yaw_fc_q                                 0x20000158   Data           4  imu.o(.data)
    beta                                     0x2000015c   Data           4  imu.o(.data)
    q0_m_fc                                  0x20000160   Data           4  imu.o(.data)
    q1_m_fc                                  0x20000164   Data           4  imu.o(.data)
    q2_m_fc                                  0x20000168   Data           4  imu.o(.data)
    q3_m_fc                                  0x2000016c   Data           4  imu.o(.data)
    q0_fc                                    0x20000170   Data           4  imu.o(.data)
    q1_fc                                    0x20000174   Data           4  imu.o(.data)
    q2_fc                                    0x20000178   Data           4  imu.o(.data)
    q3_fc                                    0x2000017c   Data           4  imu.o(.data)
    ref_q_imd_down_fc                        0x20000180   Data          16  imu.o(.data)
    init_q                                   0x20000190   Data           1  imu.o(.data)
    ACC_FORWARD_BMP                          0x200001a8   Data           1  alt_fushion.o(.data)
    ACC_FORWARD                              0x200001a9   Data           1  alt_fushion.o(.data)
    en_bmp_avoid_wind                        0x200001aa   Data           1  alt_fushion.o(.data)
    ALT_POS_BMP                              0x20000260   Data           4  alt_fushion.o(.data)
    ALT_VEL_BMP                              0x20000264   Data           4  alt_fushion.o(.data)
    ALT_POS_SONAR                            0x20000268   Data           4  alt_fushion.o(.data)
    ALT_VEL_SONAR                            0x2000026c   Data           4  alt_fushion.o(.data)
    ALT_POS_SONAR2                           0x20000270   Data           4  alt_fushion.o(.data)
    ALT_POS_SONAR3                           0x20000274   Data           4  alt_fushion.o(.data)
    ALT_POS_BMP_EKF                          0x20000278   Data           4  alt_fushion.o(.data)
    ALT_VEL_BMP_EKF                          0x2000027c   Data           4  alt_fushion.o(.data)
    ALT_POS_BMP_UKF_OLDX                     0x20000280   Data           4  alt_fushion.o(.data)
    ALT_VEL_BMP_UKF_OLDX                     0x20000284   Data           4  alt_fushion.o(.data)
    ALT_ACC_BMP_UKF_OLDX                     0x20000288   Data           4  alt_fushion.o(.data)
    P_baro                                   0x20000290   Data          72  alt_fushion.o(.data)
    P_barob                                  0x200002d8   Data         128  alt_fushion.o(.data)
    gh_bmp                                   0x20000358   Data           4  alt_fushion.o(.data)
    k_fp_spd_bmp                             0x2000035c   Data           4  alt_fushion.o(.data)
    gh_bmp1                                  0x20000360   Data           4  alt_fushion.o(.data)
    k_fp_spd_bmp1                            0x20000364   Data           4  alt_fushion.o(.data)
    gh_sonar                                 0x20000368   Data           4  alt_fushion.o(.data)
    k_fp_spd_sonar                           0x2000036c   Data           4  alt_fushion.o(.data)
    ga                                       0x20000370   Data           4  alt_fushion.o(.data)
    gwa                                      0x20000374   Data           4  alt_fushion.o(.data)
    r_baro_new                               0x20000378   Data          16  alt_fushion.o(.data)
    r_sonar_new                              0x20000388   Data          16  alt_fushion.o(.data)
    P_kf_baro                                0x20000398   Data          72  alt_fushion.o(.data)
    P_kf_baro_bmp                            0x200003e0   Data          72  alt_fushion.o(.data)
    r_baro_ukf                               0x20000428   Data          16  alt_fushion.o(.data)
    q_baro_ukf                               0x20000438   Data          16  alt_fushion.o(.data)
    dead_accz                                0x20000448   Data           4  alt_fushion.o(.data)
    acc_off_baro                             0x2000044c   Data           4  alt_fushion.o(.data)
    acc_scale_bmp                            0x20000450   Data           4  alt_fushion.o(.data)
    k_flt_accz                               0x20000454   Data           4  alt_fushion.o(.data)
    acc_bmp                                  0x20000458   Data           4  alt_fushion.o(.data)
    X_apo_height                             0x2000045c   Data           8  alt_fushion.o(.data)
    P_apo_k_height                           0x20000464   Data          16  alt_fushion.o(.data)
    k_bais                                   0x20000474   Data           4  alt_fushion.o(.data)
    k_bais2                                  0x20000478   Data           4  alt_fushion.o(.data)
    r_baro                                   0x2000047c   Data           4  alt_fushion.o(.data)
    r_acc                                    0x20000480   Data           4  alt_fushion.o(.data)
    x_tst                                    0x20000484   Data           8  alt_fushion.o(.data)
    p_tst                                    0x2000048c   Data           8  alt_fushion.o(.data)
    kf_tst                                   0x20000494   Data           8  alt_fushion.o(.data)
    k_acc_bais                               0x2000049c   Data           4  alt_fushion.o(.data)
    w_z_baro                                 0x200004a0   Data           4  alt_fushion.o(.data)
    w_acc_bias                               0x200004a4   Data           4  alt_fushion.o(.data)
    flag_ero                                 0x200004a8   Data           4  alt_fushion.o(.data)
    Alt_Offset_m1                            0x200004ac   Data           4  alt_fushion.o(.data)
    en_bias_fix                              0x200004b0   Data           4  alt_fushion.o(.data)
    flt_body_acc                             0x200004b4   Data           4  alt_fushion.o(.data)
    k_body_acc                               0x200004b8   Data           4  alt_fushion.o(.data)
    K_SONAR                                  0x200004bc   Data           4  alt_fushion.o(.data)
    acc_est                                  0x200004c0   Data           4  alt_fushion.o(.data)
    acc_est_imu                              0x200004c4   Data           4  alt_fushion.o(.data)
    test_bmp                                 0x200004c8   Data           1  alt_fushion.o(.data)
    flag_acc_bias                            0x200004cc   Data           4  alt_fushion.o(.data)
    acc_z_att_corr                           0x200004d0   Data           4  alt_fushion.o(.data)
    speed_estimation                         0x200004d4   Data           4  alt_fushion.o(.data)
    bias_accel                               0x200004d8   Data           4  alt_fushion.o(.data)
    position_estimation                      0x200004dc   Data           4  alt_fushion.o(.data)
    sigmaAcc                                 0x200004e0   Data           4  alt_fushion.o(.data)
    sigmaPos                                 0x200004e4   Data           4  alt_fushion.o(.data)
    gammaAcc                                 0x200004e8   Data           4  alt_fushion.o(.data)
    gammaBiasAcc                             0x200004ec   Data           4  alt_fushion.o(.data)
    baro_flt_sel                             0x200004f0   Data           1  alt_fushion.o(.data)
    W_GPS_DEAD                               0x20000528   Data           4  anotc_baro_ctrl.o(.data)
    W_BMP_DEAD                               0x2000052c   Data           4  anotc_baro_ctrl.o(.data)
    K_BMP_FIX                                0x20000530   Data           4  anotc_baro_ctrl.o(.data)
    test_wind                                0x20000534   Data           1  anotc_baro_ctrl.o(.data)
    sonar_weight                             0x20000538   Data           4  anotc_baro_ctrl.o(.data)
    k_w_bmp                                  0x2000053c   Data           4  anotc_baro_ctrl.o(.data)
    bmp_w                                    0x20000540   Data           4  anotc_baro_ctrl.o(.data)
    wz_speed                                 0x20000544   Data           4  anotc_baro_ctrl.o(.data)
    baro_com_val                             0x20000548   Data           4  anotc_baro_ctrl.o(.data)
    fast_atan_table                          0x20000560   Data        1028  mymath.o(.data)
    ACC_HIGHPASS_TAU                         0x20000964   Data           4  filter.o(.data)
    ACC_LOWPASS_TAU                          0x20000968   Data           4  filter.o(.data)
    ACC_LOWPASS_SAMPLE_TIME                  0x2000096c   Data           4  filter.o(.data)
    ACC_LOWPASS_A                            0x20000970   Data           4  filter.o(.data)
    ACC_LOWPASS_GX1                          0x20000974   Data           4  filter.o(.data)
    ACC_LOWPASS_GX2                          0x20000978   Data           4  filter.o(.data)
    ACC_LOWPASS_GX3                          0x2000097c   Data           4  filter.o(.data)
    BARO_LOWPASS_TAU                         0x20000980   Data           4  filter.o(.data)
    BARO_LOWPASS_SAMPLE_TIME                 0x20000984   Data           4  filter.o(.data)
    BARO_LOWPASS_A                           0x20000988   Data           4  filter.o(.data)
    BARO_LOWPASS_GX1                         0x2000098c   Data           4  filter.o(.data)
    BARO_LOWPASS_GX2                         0x20000990   Data           4  filter.o(.data)
    BARO_LOWPASS_GX3                         0x20000994   Data           4  filter.o(.data)
    FLOW_LOWPASS_TAU                         0x20000998   Data           4  filter.o(.data)
    FLOW_LOWPASS_SAMPLE_TIME                 0x2000099c   Data           4  filter.o(.data)
    FLOW_LOWPASS_A                           0x200009a0   Data           4  filter.o(.data)
    FLOW_LOWPASS_GX1                         0x200009a4   Data           4  filter.o(.data)
    FLOW_LOWPASS_GX2                         0x200009a8   Data           4  filter.o(.data)
    FLOW_LOWPASS_GX3                         0x200009ac   Data           4  filter.o(.data)
    rtInf                                    0x200009c0   Data           8  rt_nonfinite.o(.data)
    rtMinusInf                               0x200009c8   Data           8  rt_nonfinite.o(.data)
    rtNaN                                    0x200009d0   Data           8  rt_nonfinite.o(.data)
    rtInfF                                   0x200009d8   Data           4  rt_nonfinite.o(.data)
    rtMinusInfF                              0x200009dc   Data           4  rt_nonfinite.o(.data)
    rtNaNF                                   0x200009e0   Data           4  rt_nonfinite.o(.data)
    r1                                       0x200009e8   Data           4  pos_ctrl.o(.data)
    r2                                       0x200009ec   Data           4  pos_ctrl.o(.data)
    home_lat                                 0x200009f0   Data           8  pos_ctrl.o(.data)
    home_lon                                 0x200009f8   Data           8  pos_ctrl.o(.data)
    way_point_to_go                          0x20000a00   Data           1  pos_ctrl.o(.data)
    home_set                                 0x20000a01   Data           1  pos_ctrl.o(.data)
    nav_circle                               0x20000a04   Data           8  pos_ctrl.o(.data)
    nav_circle_last                          0x20000a0c   Data           8  pos_ctrl.o(.data)
    circle_check                             0x20000a14   Data           4  pos_ctrl.o(.data)
    circle_lfp                               0x20000a18   Data           4  pos_ctrl.o(.data)
    k_back_step                              0x20000a1c   Data           4  pos_ctrl.o(.data)
    nav                                      0x20000a20   Data           8  pos_ctrl.o(.data)
    GPS_angle                                0x20000a28   Data           8  pos_ctrl.o(.data)
    target_position                          0x20000a30   Data           8  pos_ctrl.o(.data)
    now_position                             0x20000a38   Data           8  pos_ctrl.o(.data)
    actual_speed                             0x20000a40   Data           8  pos_ctrl.o(.data)
    tar_speed                                0x20000a48   Data           8  pos_ctrl.o(.data)
    tar_speed_avoidc                         0x20000a50   Data           8  pos_ctrl.o(.data)
    d_flow_watch                             0x20000a58   Data           8  pos_ctrl.o(.data)
    integrator                               0x20000a60   Data           8  pos_ctrl.o(.data)
    k_break                                  0x20000a68   Data           4  pos_ctrl.o(.data)
    k_flt_break                              0x20000a6c   Data           4  pos_ctrl.o(.data)
    cnt_sb_sample_max                        0x20000a70   Data           1  pos_ctrl.o(.data)
    scale_flow_rc                            0x20000a74   Data           4  pos_ctrl.o(.data)
    r_circle                                 0x20000a78   Data           4  pos_ctrl.o(.data)
    d_angle                                  0x20000a7c   Data           4  pos_ctrl.o(.data)
    circle_angle                             0x20000a80   Data           4  pos_ctrl.o(.data)
    exp_center_cycle                         0x20000a84   Data          20  pos_ctrl.o(.data)
    line_test_num                            0x20000a98   Data           2  pos_ctrl.o(.data)
    tan_test_num                             0x20000a9a   Data           4  pos_ctrl.o(.data)
    pos_exp_test                             0x20000a9e   Data           1  pos_ctrl.o(.data)
    yaw_qr_off                               0x20000aa0   Data           4  pos_ctrl.o(.data)
    out_timer_nav                            0x20000aa4   Data           4  pos_ctrl.o(.data)
    in_timer_nav                             0x20000aa8   Data           4  pos_ctrl.o(.data)
    nav_spd_pid_flt_nav_rc                   0x20000aac   Data           4  pos_ctrl.o(.data)
    off_GPS                                  0x20000ab0   Data           8  pos_ctrl.o(.data)
    circle_p                                 0x20000ab8   Data           4  pos_ctrl.o(.data)
    circle_size                              0x20000abc   Data           4  pos_ctrl.o(.data)
    circle_flt                               0x20000ac0   Data           4  pos_ctrl.o(.data)
    cycle_control                            0x20000ac4   Data           8  pos_ctrl.o(.data)
    mode_change                              0x20000acc   Data           1  pos_ctrl.o(.data)
    state_v                                  0x20000acd   Data           1  pos_ctrl.o(.data)
    force_pass                               0x20000ace   Data           1  pos_ctrl.o(.data)
    AUTO_UP_CUARVE                           0x20000ad0   Data          18  pos_ctrl.o(.data)
    AUTO_DOWN_CUARVE                         0x20000ae2   Data          12  pos_ctrl.o(.data)
    AUTO_DOWN_CUARVE1                        0x20000aee   Data          12  pos_ctrl.o(.data)
    inner_set                                0x20000b54   Data           4  ctrl.o(.data)
    en_h_inf                                 0x20000b58   Data           1  ctrl.o(.data)
    k_rc_gyro_spd                            0x20000b5c   Data           4  ctrl.o(.data)
    thr_view                                 0x20000b60   Data           4  ctrl.o(.data)
    thr_value                                0x20000b64   Data           4  ctrl.o(.data)
    Thr_Low                                  0x20000b68   Data           1  ctrl.o(.data)
    Thr_Weight                               0x20000b6c   Data           4  ctrl.o(.data)
    force_Thr_low                            0x20000b70   Data           1  ctrl.o(.data)
    cnt_for_low                              0x20000b72   Data           2  ctrl.o(.data)
    motor_out                                0x20000b74   Data           8  ctrl.o(.data)
    height_ctrl_mode                         0x20000b90   Data           1  height_ctrl.o(.data)
    ultra_distance                           0x20000b94   Data           4  height_ctrl.o(.data)
    exp_height                               0x20000b98   Data           4  height_ctrl.o(.data)
    set_height_e                             0x20000b9c   Data           4  height_ctrl.o(.data)
    set_height_em                            0x20000ba0   Data           4  height_ctrl.o(.data)
    set_speed_t                              0x20000ba4   Data           4  height_ctrl.o(.data)
    set_speed                                0x20000ba8   Data           4  height_ctrl.o(.data)
    exp_speed                                0x20000bac   Data           4  height_ctrl.o(.data)
    fb_speed                                 0x20000bb0   Data           4  height_ctrl.o(.data)
    exp_acc                                  0x20000bb4   Data           4  height_ctrl.o(.data)
    fb_acc                                   0x20000bb8   Data           4  height_ctrl.o(.data)
    fb_speed_old                             0x20000bbc   Data           4  height_ctrl.o(.data)
    rng_time1                                0x20000bc0   Data           4  height_ctrl.o(.data)
    HOLD_THR                                 0x20000bc4   Data           4  height_ctrl.o(.data)
    ALT_HOLD_THR_RANGE_SCALE                 0x20000bc8   Data           4  height_ctrl.o(.data)
    exp_spd_zv                               0x20000bcc   Data           4  height_ctrl.o(.data)
    thr_use                                  0x20000bd0   Data           4  height_ctrl.o(.data)
    thr_in_view                              0x20000bd4   Data           4  height_ctrl.o(.data)
    exp_height_speed                         0x20000bd8   Data           4  height_ctrl.o(.data)
    exp_height_speed_safe                    0x20000bdc   Data           4  height_ctrl.o(.data)
    exp_height_safe                          0x20000be0   Data           4  height_ctrl.o(.data)
    ultra_speed                              0x20000be4   Data           4  height_ctrl.o(.data)
    ultra_speed_safe                         0x20000be8   Data           4  height_ctrl.o(.data)
    ultra_dis_lpf                            0x20000bec   Data           4  height_ctrl.o(.data)
    ultra_dis_lpf_safe                       0x20000bf0   Data           4  height_ctrl.o(.data)
    ultra_ctrl_out_safe                      0x20000bf4   Data           4  height_ctrl.o(.data)
    ultra_ctrl_out                           0x20000bf8   Data           4  height_ctrl.o(.data)
    ultra_ctrl_out_use                       0x20000bfc   Data           4  height_ctrl.o(.data)
    baro_speed_ano                           0x20000c00   Data           4  height_ctrl.o(.data)
    height_ctrl_out                          0x20000c04   Data           4  height_ctrl.o(.data)
    wz_acc                                   0x20000c08   Data           4  height_ctrl.o(.data)
    adrc_out                                 0x20000c0c   Data           4  height_ctrl.o(.data)
    baro_cnt                                 0x20000c10   Data           4  height_ctrl.o(.data)
    switch_r                                 0x20000c14   Data           1  height_ctrl.o(.data)
    wz_acc_ukf                               0x20000c18   Data           4  height_ctrl.o(.data)
    sonar_spd                                0x20000c1c   Data           4  height_ctrl.o(.data)
    BARO_HIHG_NUM                            0x20000c20   Data           1  height_ctrl.o(.data)
    baro_h_cnt                               0x20000c22   Data           4  height_ctrl.o(.data)
    baro_h_cnt1                              0x20000c26   Data           4  height_ctrl.o(.data)
    k_temp                                   0x20000c2c   Data           4  height_ctrl.o(.data)
    hs_ctrl_cnt_max                          0x20000c30   Data           2  height_ctrl.o(.data)
    hold_alt_flag                            0x20000c32   Data           1  height_ctrl.o(.data)
    out_timer_high                           0x20000c34   Data           4  height_ctrl.o(.data)
    in_timer_high                            0x20000c38   Data           4  height_ctrl.o(.data)
    baro_only_move                           0x20000c3c   Data           4  height_ctrl.o(.data)
    baro_only_move_flt                       0x20000c40   Data           4  height_ctrl.o(.data)
    ano_temp                                 0x20000c44   Data           4  height_ctrl.o(.data)
    k_acc_ukf                                0x20000c48   Data           4  height_ctrl.o(.data)
    mid_usp                                  0x20000c4c   Data           1  height_ctrl.o(.data)
    EN_TUO_ACC_FIX_H                         0x20000c4d   Data           1  height_ctrl.o(.data)
    off_inner                                0x20000c50   Data           4  height_ctrl.o(.data)
    wz_acc_ukf1                              0x20000c54   Data           4  height_ctrl.o(.data)
    wz_acc1                                  0x20000c58   Data           4  height_ctrl.o(.data)
    ultra_speed_bmp                          0x20000c5c   Data           4  height_ctrl.o(.data)
    tilted_fix1                              0x20000c60   Data           4  height_ctrl.o(.data)
    k_flt_z_spd                              0x20000c64   Data           4  height_ctrl.o(.data)
    k_d                                      0x20000c68   Data           4  height_ctrl.o(.data)
    p1                                       0x20000c6c   Data           4  height_ctrl.o(.data)
    p2                                       0x20000c70   Data           4  height_ctrl.o(.data)
    speed_ctrl_sel                           0x20000c74   Data           1  height_ctrl.o(.data)
    speed_spd_sel                            0x20000c75   Data           1  height_ctrl.o(.data)
    wz_speed_old                             0x20000c78   Data           4  height_ctrl.o(.data)
    wz_acc_mms2                              0x20000c7c   Data           4  height_ctrl.o(.data)
    height_thrv                              0x20000c80   Data           4  height_ctrl.o(.data)
    wz_speed_pid_v_view                      0x20000c84   Data           4  height_ctrl.o(.data)
    wz_speed_pid_v_view_eso                  0x20000c88   Data           4  height_ctrl.o(.data)
    d_view                                   0x20000c8c   Data           4  height_ctrl.o(.data)
    ero_view                                 0x20000c90   Data           8  height_ctrl.o(.data)
    H_INT_REG                                0x20000c98   Data           4  height_ctrl.o(.data)
    int_save                                 0x20000c9c   Data           1  height_ctrl.o(.data)
    baro_ctrl_start                          0x20000c9d   Data           1  height_ctrl.o(.data)
    k_flt_pos_z                              0x20000ca0   Data           4  height_ctrl.o(.data)
    baro_height                              0x20000ca4   Data           4  height_ctrl.o(.data)
    ultra_sp_test                            0x20000ca8   Data           8  height_ctrl.o(.data)
    k_dh                                     0x20000cb0   Data           4  height_ctrl.o(.data)
    dt_flow_rx                               0x20000d10   Data           4  usart.o(.data)
    data_rate_gol_link                       0x20000d14   Data           2  usart.o(.data)
    LOCK                                     0x20000d16   Data           1  usart.o(.data)
    KEY                                      0x20000d17   Data           8  usart.o(.data)
    KEY_SEL                                  0x20000d1f   Data           4  usart.o(.data)
    NAV_BOARD_CONNECT                        0x20000d23   Data           1  usart.o(.data)
    imu_loss_cnt                             0x20000d24   Data           4  usart.o(.data)
    baro_matlab_data                         0x20000d28   Data           8  usart.o(.data)
    POS_UKF_X                                0x20000d30   Data           4  usart.o(.data)
    POS_UKF_Y                                0x20000d34   Data           4  usart.o(.data)
    VEL_UKF_X                                0x20000d38   Data           4  usart.o(.data)
    VEL_UKF_Y                                0x20000d3c   Data           4  usart.o(.data)
    k_scale_pix                              0x20000d40   Data           4  usart.o(.data)
    pos_kf_state                             0x20000d44   Data           3  usart.o(.data)
    m100_connect                             0x20000d47   Data           1  usart.o(.data)
    TxCounter                                0x20000d48   Data           1  usart.o(.data)
    count                                    0x20000d49   Data           1  usart.o(.data)
    RxState                                  0x20000d4a   Data           1  usart.o(.data)
    RxBufferNum                              0x20000d4b   Data           1  usart.o(.data)
    RxBufferCnt                              0x20000d4c   Data           1  usart.o(.data)
    RxLen                                    0x20000d4d   Data           1  usart.o(.data)
    com_data                                 0x20000d4e   Data           1  usart.o(.data)
    feed_imu_dog                             0x20000d51   Data           1  usart.o(.data)
    PWM_DJI                                  0x20000d52   Data           8  usart.o(.data)
    TxCounter5                               0x20000d5a   Data           1  usart.o(.data)
    count5                                   0x20000d5b   Data           1  usart.o(.data)
    RxState5                                 0x20000d5c   Data           1  usart.o(.data)
    RxBufferNum5                             0x20000d5d   Data           1  usart.o(.data)
    RxBufferCnt5                             0x20000d5e   Data           1  usart.o(.data)
    RxLen5                                   0x20000d5f   Data           1  usart.o(.data)
    BLE_UP1                                  0x20000d62   Data          20  usart.o(.data)
    BLE_TEST                                 0x20000d76   Data          20  usart.o(.data)
    BLE_BAUD                                 0x20000d8a   Data          20  usart.o(.data)
    BLE_RENEW                                0x20000d9e   Data          20  usart.o(.data)
    BLE_RATE                                 0x20000db2   Data          20  usart.o(.data)
    SET_PIN                                  0x20000dc6   Data          20  usart.o(.data)
    app_connect_fc_loss                      0x20000ddc   Data           4  usart.o(.data)
    app_connect_fc                           0x20000de0   Data           1  usart.o(.data)
    lock_tx                                  0x20000de1   Data           1  usart.o(.data)
    RxState_app                              0x20000de2   Data           1  usart.o(.data)
    RxBufferNum_app                          0x20000de3   Data           1  usart.o(.data)
    RxBufferCnt_app                          0x20000de4   Data           1  usart.o(.data)
    RxLen_app                                0x20000de5   Data           1  usart.o(.data)
    time_rc                                  0x20000de8   Data           4  usart.o(.data)
    rc_board_connect                         0x20000dec   Data           1  usart.o(.data)
    rc_board_connect_lose_cnt                0x20000dee   Data           2  usart.o(.data)
    RxState4                                 0x20000df0   Data           1  usart.o(.data)
    RxBufferNum4                             0x20000df1   Data           1  usart.o(.data)
    RxBufferCnt4                             0x20000df2   Data           1  usart.o(.data)
    RxLen4                                   0x20000df3   Data           1  usart.o(.data)
    rate_gps_board                           0x20000df8   Data           4  usart.o(.data)
    RxState3                                 0x20000dfc   Data           1  usart.o(.data)
    RxBufferNum3                             0x20000dfd   Data           1  usart.o(.data)
    RxBufferCnt3                             0x20000dfe   Data           1  usart.o(.data)
    RxLen3                                   0x20000dff   Data           1  usart.o(.data)
    Angle_Yun                                0x20000e04   Data           8  usart.o(.data)
    SendBuff1_cnt                            0x20000e0c   Data           1  usart.o(.data)
    nrf_uart_cnt                             0x20000e0e   Data           2  usart.o(.data)
    sd_pub_sel                               0x20000e10   Data           1  usart.o(.data)
    checkdata_to_send                        0x20000e44   Data           1  data_transfer.o(.data)
    checksum_to_send                         0x20000e45   Data           1  data_transfer.o(.data)
    fly_mode                                 0x20000e46   Data           1  data_transfer.o(.data)
    off_flow_pos                             0x20000e48   Data           8  data_transfer.o(.data)
    flash_save_en_cnt                        0x20000e50   Data           2  data_transfer.o(.data)
    acc_3d_calibrate_f                       0x20000e52   Data           1  data_transfer.o(.data)
    acc_3d_step                              0x20000e53   Data           1  data_transfer.o(.data)
    CH_in_Mapping                            0x20000e78   Data           8  rc.o(.data)
    rc_lose                                  0x20000e80   Data           1  rc.o(.data)
    NS                                       0x20000e81   Data           1  rc.o(.data)
    CH_Error                                 0x20000e82   Data           8  rc.o(.data)
    NS_cnt                                   0x20000e8a   Data           2  rc.o(.data)
    MAX_CH                                   0x20000e8c   Data          16  rc.o(.data)
    MIN_CH                                   0x20000e9c   Data          16  rc.o(.data)
    CH_DIR                                   0x20000eac   Data           8  rc.o(.data)
    filter_A                                 0x20000eb4   Data           4  rc.o(.data)
    fly_ready                                0x20000eb8   Data           1  rc.o(.data)
    thr_stick_low                            0x20000eb9   Data           1  rc.o(.data)
    ready_cnt                                0x20000eba   Data           2  rc.o(.data)
    mag_cali_cnt                             0x20000ebc   Data           2  rc.o(.data)
    locked_cnt                               0x20000ebe   Data           2  rc.o(.data)
    mpu6050_ok                               0x20000ec0   Data           1  mpu6050.o(.data)
    sum_temp_att                             0x20000ec4   Data           8  mpu6050.o(.data)
    acc_sum_cnt                              0x20000ecc   Data           2  mpu6050.o(.data)
    acc_sum_cnt_3d                           0x20000ece   Data           2  mpu6050.o(.data)
    acc_smple_cnt_3d                         0x20000ed0   Data           2  mpu6050.o(.data)
    gyro_sum_cnt                             0x20000ed2   Data           2  mpu6050.o(.data)
    filter_cnt                               0x20000ed4   Data           1  mpu6050.o(.data)
    filter_cnt_old                           0x20000ed5   Data           1  mpu6050.o(.data)
    test_ang                                 0x20000ed8   Data           4  mpu6050.o(.data)
    test_ang_old                             0x20000edc   Data           4  mpu6050.o(.data)
    test_ang_d                               0x20000ee0   Data           4  mpu6050.o(.data)
    test_fli_a                               0x20000ee4   Data           4  mpu6050.o(.data)
    test_i                                   0x20000ee8   Data           4  mpu6050.o(.data)
    ak8975                                   0x20000ef0   Data          48  ak8975.o(.data)
    ak8975_fc                                0x20000f20   Data          48  ak8975.o(.data)
    ak8975_ok                                0x20000fa0   Data           1  ak8975.o(.data)
    hml_fix                                  0x20000fa1   Data           1  ak8975.o(.data)
    Mag_CALIBRATED                           0x20000fa2   Data           1  ak8975.o(.data)
    Mag_CALIBRATED_R                         0x20000fa3   Data           1  ak8975.o(.data)
    HMC5883_lastx                            0x20000fa4   Data           4  ak8975.o(.data)
    HMC5883_lasty                            0x20000fa8   Data           4  ak8975.o(.data)
    HMC5883_lastz                            0x20000fac   Data           4  ak8975.o(.data)
    HMC5883_maxx                             0x20000fb0   Data           2  ak8975.o(.data)
    HMC5883_maxy                             0x20000fb2   Data           2  ak8975.o(.data)
    HMC5883_maxz                             0x20000fb4   Data           2  ak8975.o(.data)
    HMC5883_minx                             0x20000fb6   Data           2  ak8975.o(.data)
    HMC5883_miny                             0x20000fb8   Data           2  ak8975.o(.data)
    HMC5883_minz                             0x20000fba   Data           2  ak8975.o(.data)
    MS5611_Temperature                       0x20000ff0   Data           4  bmp.o(.data)
    MS5611_Pressure                          0x20000ff4   Data           4  bmp.o(.data)
    MS5611_Altitude                          0x20000ff8   Data           4  bmp.o(.data)
    MS5611_VerticalSpeed                     0x20000ffc   Data           4  bmp.o(.data)
    baro_alt_speed_ano                       0x20001000   Data           4  bmp.o(.data)
    baroAlt                                  0x20001004   Data           4  bmp.o(.data)
    baroAlt_fc                               0x20001008   Data           4  bmp.o(.data)
    baro_set                                 0x2000100c   Data           1  bmp.o(.data)
    paOffsetNum                              0x20001028   Data           8  bmp.o(.data)
    paInitCnt                                0x20001030   Data           2  bmp.o(.data)
    paOffsetInited                           0x20001032   Data           1  bmp.o(.data)
    Baro_ALT_Updated                         0x20001033   Data           1  bmp.o(.data)
    MS5611_Delay_us                          0x20001034   Data          36  bmp.o(.data)
    for_fly_ready                            0x2000105a   Data           1  bmp.o(.data)
    angle_baro                               0x2000105c   Data           4  bmp.o(.data)
    baro_height_old                          0x20001060   Data           4  bmp.o(.data)
    baro_Offset                              0x20001064   Data           4  bmp.o(.data)
    ms5611_ut                                0x20001068   Data           4  bmp.o(.data)
    ms5611_up                                0x2000106c   Data           4  bmp.o(.data)
    t_rxbuf                                  0x20001070   Data           3  bmp.o(.data)
    p_rxbuf                                  0x20001073   Data           3  bmp.o(.data)
    ms5611_ok                                0x20001076   Data           1  bmp.o(.data)
    temperature_5611                         0x20001078   Data           4  bmp.o(.data)
    moavcnt                                  0x2000107c   Data           2  bmp.o(.data)
    ultra_start_f                            0x2000109c   Data           1  ultrasonic.o(.data)
    ultra_distance_old                       0x2000109e   Data           2  ultrasonic.o(.data)
    measure_num                              0x200010a0   Data           1  ultrasonic.o(.data)
    flt_eso                                  0x200010ac   Data           4  eso.o(.data)
    np                                       0x200010b0   Data           4  eso.o(.data)
    L1                                       0x200010b4   Data           4  eso.o(.data)
    Rc_Pwm_In                                0x200010ec   Data          16  scheduler.o(.bss)
    loop                                     0x200010fc   Data          16  scheduler.o(.bss)
    test                                     0x2000110c   Data          20  scheduler.o(.bss)
    sensor_setup                             0x20001120   Data          64  parameter.o(.bss)
    pid_setup                                0x20001160   Data         192  parameter.o(.bss)
    mode_value                               0x20001220   Data          10  fly_mode.o(.bss)
    mode_oldx                                0x2000122a   Data          92  fly_mode.o(.bss)
    module                                   0x20001286   Data          10  fly_mode.o(.bss)
    aux                                      0x20001290   Data          52  pwm_out.o(.bss)
    FLASH_READ_BUF                           0x200012c4   Data         100  flash.o(.bss)
    FLASH_Buffer                             0x20001328   Data         100  flash.o(.bss)
    Cycle_T                                  0x2000138c   Data         360  time.o(.bss)
    reference_v                              0x200014f4   Data          12  imu.o(.bss)
    ref                                      0x20001500   Data          60  imu.o(.bss)
    reference_vr_imd_down                    0x2000153c   Data          12  imu.o(.bss)
    reference_vr                             0x20001548   Data          12  imu.o(.bss)
    q_nav                                    0x20001554   Data          16  imu.o(.bss)
    ref_q_imd_down                           0x20001564   Data          16  imu.o(.bss)
    mag_sim_3d                               0x20001574   Data          12  imu.o(.bss)
    acc_3d_hg                                0x20001580   Data          12  imu.o(.bss)
    acc_ng                                   0x2000158c   Data          12  imu.o(.bss)
    acc_ng_offset                            0x20001598   Data          12  imu.o(.bss)
    reference_vr_imd_down_fc                 0x200015a4   Data          12  imu.o(.bss)
    acc_z_acc                                0x200015c0   Data          12  alt_fushion.o(.bss)
    X_ukf_baro                               0x20001890   Data          24  alt_fushion.o(.bss)
    X_ukf_barob                              0x200018a8   Data          32  alt_fushion.o(.bss)
    X_kf_baro                                0x200018c8   Data          24  alt_fushion.o(.bss)
    state_correct_baro                       0x200018e0   Data          48  alt_fushion.o(.bss)
    state_correct_sonar                      0x20001910   Data          48  alt_fushion.o(.bss)
    X_kf_baro_bmp                            0x20001940   Data          24  alt_fushion.o(.bss)
    acc_body                                 0x20001958   Data          12  alt_fushion.o(.bss)
    acc_body_buf                             0x20001964   Data         240  alt_fushion.o(.bss)
    acc_bias                                 0x20001a54   Data          12  alt_fushion.o(.bss)
    accel_bias_corr                          0x20001a60   Data          12  alt_fushion.o(.bss)
    eso_h_acc                                0x20001a6c   Data         144  alt_fushion.o(.bss)
    eso_h_spd                                0x20001afc   Data         144  alt_fushion.o(.bss)
    sonar                                    0x20001c54   Data          24  anotc_baro_ctrl.o(.bss)
    sonar_fusion                             0x20001c6c   Data          68  anotc_baro_ctrl.o(.bss)
    baro_p                                   0x20001cb0   Data          24  anotc_baro_ctrl.o(.bss)
    baro_fusion                              0x20001cc8   Data          68  anotc_baro_ctrl.o(.bss)
    med_filter_tmp                           0x20001d18   Data        6000  filter.o(.bss)
    med_filter_out                           0x20003488   Data         120  filter.o(.bss)
    med_fil_cnt                              0x20003500   Data          30  filter.o(.bss)
    firstOrderFilters                        0x20003520   Data         400  filter.o(.bss)
    e_R                                      0x200036b0   Data          12  quar.o(.bss)
    exp_angle                                0x200036bc   Data          12  quar.o(.bss)
    ero_angle_px4                            0x200036c8   Data          16  quar.o(.bss)
    angle_now                                0x200036d8   Data          12  quar.o(.bss)
    Q_control                                0x200036e4   Data          32  quar.o(.bss)
    R_control_set                            0x20003704   Data          36  quar.o(.bss)
    R_control_ero                            0x20003728   Data          36  quar.o(.bss)
    R_control_now                            0x2000374c   Data          36  quar.o(.bss)
    R_control_now_t                          0x20003770   Data          36  quar.o(.bss)
    way_point                                0x20003798   Data         480  pos_ctrl.o(.bss)
    robot_land                               0x20003978   Data          12  pos_ctrl.o(.bss)
    circle                                   0x20003984   Data          92  pos_ctrl.o(.bss)
    track                                    0x200039e0   Data          92  pos_ctrl.o(.bss)
    marker                                   0x20003a3c   Data          76  pos_ctrl.o(.bss)
    out_back_step                            0x20003a88   Data          12  pos_ctrl.o(.bss)
    acc_temp                                 0x20003a94   Data          12  pos_ctrl.o(.bss)
    nav_pos_pid                              0x20003aa0   Data          28  pos_ctrl.o(.bss)
    nav_spd_pid                              0x20003abc   Data          28  pos_ctrl.o(.bss)
    nav_acc_pid                              0x20003ad8   Data          28  pos_ctrl.o(.bss)
    nav_pos_ctrl                             0x20003af4   Data          80  pos_ctrl.o(.bss)
    nav_spd_ctrl                             0x20003b44   Data          80  pos_ctrl.o(.bss)
    nav_acc_ctrl                             0x20003b94   Data          80  pos_ctrl.o(.bss)
    ctrl_1                                   0x20003bf8   Data         196  ctrl.o(.bss)
    ctrl_2                                   0x20003cbc   Data         196  ctrl.o(.bss)
    fan                                      0x20003d80   Data         104  ctrl.o(.bss)
    except_A                                 0x20003de8   Data          12  ctrl.o(.bss)
    ctrl_angle_offset                        0x20003df4   Data          12  ctrl.o(.bss)
    compensation                             0x20003e00   Data          12  ctrl.o(.bss)
    except_AS                                0x20003e0c   Data          12  ctrl.o(.bss)
    g_old                                    0x20003e18   Data          28  ctrl.o(.bss)
    motor                                    0x20003e34   Data          16  ctrl.o(.bss)
    posture_value                            0x20003e44   Data          16  ctrl.o(.bss)
    curve                                    0x20003e54   Data          16  ctrl.o(.bss)
    view_out                                 0x20003e64   Data          12  ctrl.o(.bss)
    hc_value                                 0x20003e70   Data          24  height_ctrl.o(.bss)
    wz_speed_pid_v                           0x20003e88   Data          36  height_ctrl.o(.bss)
    wz_speed_pid_v_safe                      0x20003eac   Data          36  height_ctrl.o(.bss)
    wz_speed_pid_v_eso                       0x20003ed0   Data          36  height_ctrl.o(.bss)
    ultra_ctrl                               0x20003ef4   Data          36  height_ctrl.o(.bss)
    ultra_ctrl_safe                          0x20003f18   Data          36  height_ctrl.o(.bss)
    wz_speed_pid                             0x20003f3c   Data          16  height_ctrl.o(.bss)
    wz_speed_pid_safe                        0x20003f4c   Data          16  height_ctrl.o(.bss)
    wz_speed_pid_use                         0x20003f5c   Data          16  height_ctrl.o(.bss)
    ultra_pid_safe                           0x20003f6c   Data          16  height_ctrl.o(.bss)
    ultra_pid                                0x20003f7c   Data          16  height_ctrl.o(.bss)
    ultra_pid_use                            0x20003f8c   Data          16  height_ctrl.o(.bss)
    baro_speed_arr                           0x20003f9c   Data         204  height_ctrl.o(.bss)
    baro_h_arr                               0x20004068   Data         404  height_ctrl.o(.bss)
    baro_h_arr1                              0x200041fc   Data         404  height_ctrl.o(.bss)
    DEBUG                                    0x20004390   Data         140  usart.o(.bss)
    BLE_DEBUG                                0x2000441c   Data          32  usart.o(.bss)
    m100                                     0x20004440   Data         144  usart.o(.bss)
    color                                    0x200044d0   Data          20  usart.o(.bss)
    HPID                                     0x200044e4   Data          18  usart.o(.bss)
    SPID                                     0x200044f6   Data          18  usart.o(.bss)
    FIX_PID                                  0x20004508   Data          18  usart.o(.bss)
    NAV_PID                                  0x2000451a   Data          18  usart.o(.bss)
    HPID_app                                 0x2000452c   Data          18  usart.o(.bss)
    SPID_app                                 0x2000453e   Data          18  usart.o(.bss)
    FIX_PID_app                              0x20004550   Data          18  usart.o(.bss)
    NAV_PID_app                              0x20004562   Data          18  usart.o(.bss)
    pid                                      0x20004574   Data         320  usart.o(.bss)
    smart                                    0x200046b4   Data          72  usart.o(.bss)
    smart_in                                 0x200046fc   Data          72  usart.o(.bss)
    Rc_Get                                   0x20004744   Data          34  usart.o(.bss)
    Rc_Get_PWM                               0x20004766   Data          34  usart.o(.bss)
    Rc_Get_SBUS                              0x20004788   Data          34  usart.o(.bss)
    plane                                    0x200047ac   Data         116  usart.o(.bss)
    slam                                     0x20004820   Data          20  usart.o(.bss)
    imu_nav                                  0x20004834   Data         100  usart.o(.bss)
    flow_debug                               0x20004898   Data          40  usart.o(.bss)
    flow_matlab_data                         0x200048c0   Data          16  usart.o(.bss)
    uart_time                                0x200048d0   Data          40  usart.o(.bss)
    pi_flow                                  0x200048f8   Data         324  usart.o(.bss)
    debug_pi_flow                            0x20004a3c   Data          80  usart.o(.bss)
    TxBuffer                                 0x20004a8c   Data         256  usart.o(.bss)
    Rx_Buf                                   0x20004b8c   Data         256  usart.o(.bss)
    RxBuffer                                 0x20004c8c   Data          50  usart.o(.bss)
    imu_board                                0x20004cc0   Data          20  usart.o(.bss)
    robot                                    0x20004cd4   Data         172  usart.o(.bss)
    mark_map                                 0x20004d80   Data         200  usart.o(.bss)
    TxBuffer5                                0x20004e48   Data         256  usart.o(.bss)
    Rx_Buf5                                  0x20004f48   Data         256  usart.o(.bss)
    RxBuffer5                                0x20005048   Data          50  usart.o(.bss)
    sbus_data_i_check                        0x2000507a   Data          50  usart.o(.bss)
    Rx_Buf_app                               0x200050ac   Data         256  usart.o(.bss)
    RxBuffer_app                             0x200051ac   Data          50  usart.o(.bss)
    Rx_Buf4                                  0x200051de   Data         256  usart.o(.bss)
    RxBuffer4                                0x200052de   Data          50  usart.o(.bss)
    Rx_Buf3                                  0x20005310   Data         256  usart.o(.bss)
    RxBuffer3                                0x20005410   Data          50  usart.o(.bss)
    SendBuff1                                0x20005442   Data          96  usart.o(.bss)
    SendBuff2                                0x200054a2   Data          40  usart.o(.bss)
    SendBuff3                                0x200054ca   Data          32  usart.o(.bss)
    SendBuff4                                0x200054ea   Data         192  usart.o(.bss)
    sd_save                                  0x200055ac   Data         300  usart.o(.bss)
    f                                        0x200056d8   Data          21  data_transfer.o(.bss)
    data_to_send                             0x200056ed   Data          50  data_transfer.o(.bss)
    test_up                                  0x20005720   Data          20  data_transfer.o(.bss)
    RX_CH                                    0x20005770   Data          16  rc.o(.bss)
    CH                                       0x20005780   Data          16  rc.o(.bss)
    RX_CH_PWM                                0x20005790   Data          16  rc.o(.bss)
    RX_CH_FIX                                0x200057a0   Data          16  rc.o(.bss)
    RX_CH_FIX_PWM                            0x200057b0   Data          16  rc.o(.bss)
    CH_Old                                   0x200057c0   Data          32  rc.o(.bss)
    CH_filter                                0x200057e0   Data          32  rc.o(.bss)
    CH_filter_Old                            0x20005800   Data          32  rc.o(.bss)
    CH_filter_D                              0x20005820   Data          32  rc.o(.bss)
    CLR_CH_Error                             0x20005840   Data          16  rc.o(.bss)
    mpu6050                                  0x20005860   Data         160  mpu6050.o(.bss)
    mpu6050_fc                               0x20005900   Data         160  mpu6050.o(.bss)
    mpu6050_buffer                           0x200059a0   Data          14  mpu6050.o(.bss)
    sum_temp                                 0x200059b0   Data          28  mpu6050.o(.bss)
    sum_temp_3d                              0x200059cc   Data          28  mpu6050.o(.bss)
    FILT_BUF                                 0x200059e8   Data         154  mpu6050.o(.bss)
    mpu6050_tmp                              0x20005a84   Data          28  mpu6050.o(.bss)
    mpu_fil_tmp                              0x20005aa0   Data          28  mpu6050.o(.bss)
    HMC5883_FIFO                             0x20005bb8   Data          66  ak8975.o(.bss)
    baro                                     0x20005c08   Data          52  bmp.o(.bss)
    ms5611_prom                              0x200060f8   Data          16  bmp.o(.bss)
    mo_av_baro                               0x20006108   Data          20  bmp.o(.bss)
    ultra                                    0x2000611c   Data          52  ultrasonic.o(.bss)
    Distance                                 0x20006150   Data         100  ultrasonic.o(.bss)
    eso_att_outter_c                         0x200061c0   Data         576  eso.o(.bss)
    eso_att_inner_c                          0x20006400   Data         576  eso.o(.bss)
    eso_pos_spd                              0x20006640   Data         432  eso.o(.bss)
    eso_pos                                  0x200067f0   Data         432  eso.o(.bss)
    hml_lsq                                  0x200069a0   Data         168  cycle_cal_oldx.o(.bss)
    __libspace_start                         0x20006a48   Data          96  libspace.o(.bss)
    __temporary_stack_top$libspace           0x20006aa8   Data           0  libspace.o(.bss)



==============================================================================

Memory Map of the image

  Image Entry point : 0x08000189

  Load Region LR_IROM1 (Base: 0x08000000, Size: 0x0002d1c4, Max: 0x00100000, ABSOLUTE, COMPRESSED[0x0002c814])

    Execution Region ER_IROM1 (Base: 0x08000000, Size: 0x0002c0d8, Max: 0x00100000, ABSOLUTE)

    Base Addr    Size         Type   Attr      Idx    E Section Name        Object

    0x08000000   0x00000188   Data   RO          857    RESET               startup_stm32f4xx.o
    0x08000188   0x00000008   Code   RO         1568  * !!!main             c_w.l(__main.o)
    0x08000190   0x00000034   Code   RO         1982    !!!scatter          c_w.l(__scatter.o)
    0x080001c4   0x0000005a   Code   RO         1980    !!dczerorl2         c_w.l(__dczerorl2.o)
    0x0800021e   0x00000002   PAD
    0x08000220   0x0000001c   Code   RO         1984    !!handler_zi        c_w.l(__scatter_zi.o)
    0x0800023c   0x00000002   Code   RO         1845    .ARM.Collect$$libinit$$00000000  c_w.l(libinit.o)
    0x0800023e   0x00000004   Code   RO         1854    .ARM.Collect$$libinit$$00000001  c_w.l(libinit2.o)
    0x08000242   0x00000000   Code   RO         1857    .ARM.Collect$$libinit$$00000004  c_w.l(libinit2.o)
    0x08000242   0x00000000   Code   RO         1860    .ARM.Collect$$libinit$$0000000A  c_w.l(libinit2.o)
    0x08000242   0x00000000   Code   RO         1862    .ARM.Collect$$libinit$$0000000C  c_w.l(libinit2.o)
    0x08000242   0x00000000   Code   RO         1864    .ARM.Collect$$libinit$$0000000E  c_w.l(libinit2.o)
    0x08000242   0x00000000   Code   RO         1867    .ARM.Collect$$libinit$$00000011  c_w.l(libinit2.o)
    0x08000242   0x00000000   Code   RO         1869    .ARM.Collect$$libinit$$00000013  c_w.l(libinit2.o)
    0x08000242   0x00000000   Code   RO         1871    .ARM.Collect$$libinit$$00000015  c_w.l(libinit2.o)
    0x08000242   0x00000000   Code   RO         1873    .ARM.Collect$$libinit$$00000017  c_w.l(libinit2.o)
    0x08000242   0x00000000   Code   RO         1875    .ARM.Collect$$libinit$$00000019  c_w.l(libinit2.o)
    0x08000242   0x00000000   Code   RO         1877    .ARM.Collect$$libinit$$0000001B  c_w.l(libinit2.o)
    0x08000242   0x00000000   Code   RO         1879    .ARM.Collect$$libinit$$0000001D  c_w.l(libinit2.o)
    0x08000242   0x00000000   Code   RO         1881    .ARM.Collect$$libinit$$0000001F  c_w.l(libinit2.o)
    0x08000242   0x00000000   Code   RO         1883    .ARM.Collect$$libinit$$00000021  c_w.l(libinit2.o)
    0x08000242   0x00000000   Code   RO         1885    .ARM.Collect$$libinit$$00000023  c_w.l(libinit2.o)
    0x08000242   0x00000000   Code   RO         1887    .ARM.Collect$$libinit$$00000025  c_w.l(libinit2.o)
    0x08000242   0x00000000   Code   RO         1891    .ARM.Collect$$libinit$$0000002C  c_w.l(libinit2.o)
    0x08000242   0x00000000   Code   RO         1893    .ARM.Collect$$libinit$$0000002E  c_w.l(libinit2.o)
    0x08000242   0x00000000   Code   RO         1895    .ARM.Collect$$libinit$$00000030  c_w.l(libinit2.o)
    0x08000242   0x00000000   Code   RO         1897    .ARM.Collect$$libinit$$00000032  c_w.l(libinit2.o)
    0x08000242   0x00000002   Code   RO         1898    .ARM.Collect$$libinit$$00000033  c_w.l(libinit2.o)
    0x08000244   0x00000002   Code   RO         1930    .ARM.Collect$$libshutdown$$00000000  c_w.l(libshutdown.o)
    0x08000246   0x00000000   Code   RO         1947    .ARM.Collect$$libshutdown$$00000002  c_w.l(libshutdown2.o)
    0x08000246   0x00000000   Code   RO         1949    .ARM.Collect$$libshutdown$$00000004  c_w.l(libshutdown2.o)
    0x08000246   0x00000000   Code   RO         1952    .ARM.Collect$$libshutdown$$00000007  c_w.l(libshutdown2.o)
    0x08000246   0x00000000   Code   RO         1955    .ARM.Collect$$libshutdown$$0000000A  c_w.l(libshutdown2.o)
    0x08000246   0x00000000   Code   RO         1957    .ARM.Collect$$libshutdown$$0000000C  c_w.l(libshutdown2.o)
    0x08000246   0x00000000   Code   RO         1960    .ARM.Collect$$libshutdown$$0000000F  c_w.l(libshutdown2.o)
    0x08000246   0x00000002   Code   RO         1961    .ARM.Collect$$libshutdown$$00000010  c_w.l(libshutdown2.o)
    0x08000248   0x00000000   Code   RO         1730    .ARM.Collect$$rtentry$$00000000  c_w.l(__rtentry.o)
    0x08000248   0x00000000   Code   RO         1806    .ARM.Collect$$rtentry$$00000002  c_w.l(__rtentry2.o)
    0x08000248   0x00000006   Code   RO         1818    .ARM.Collect$$rtentry$$00000004  c_w.l(__rtentry4.o)
    0x0800024e   0x00000000   Code   RO         1808    .ARM.Collect$$rtentry$$00000009  c_w.l(__rtentry2.o)
    0x0800024e   0x00000004   Code   RO         1809    .ARM.Collect$$rtentry$$0000000A  c_w.l(__rtentry2.o)
    0x08000252   0x00000000   Code   RO         1811    .ARM.Collect$$rtentry$$0000000C  c_w.l(__rtentry2.o)
    0x08000252   0x00000008   Code   RO         1812    .ARM.Collect$$rtentry$$0000000D  c_w.l(__rtentry2.o)
    0x0800025a   0x00000002   Code   RO         1848    .ARM.Collect$$rtexit$$00000000  c_w.l(rtexit.o)
    0x0800025c   0x00000000   Code   RO         1902    .ARM.Collect$$rtexit$$00000002  c_w.l(rtexit2.o)
    0x0800025c   0x00000004   Code   RO         1903    .ARM.Collect$$rtexit$$00000003  c_w.l(rtexit2.o)
    0x08000260   0x00000006   Code   RO         1904    .ARM.Collect$$rtexit$$00000004  c_w.l(rtexit2.o)
    0x08000266   0x00000002   PAD
    0x08000268   0x00001fd0   Code   RO            2    .text               scheduler.o
    0x08002238   0x000001ec   Code   RO          229    .text               init.o
    0x08002424   0x00000544   Code   RO          281    .text               parameter.o
    0x08002968   0x00000190   Code   RO          334    .text               fly_mode.o
    0x08002af8   0x00000028   Code   RO          361    .text               stm32f4xx_it.o
    0x08002b20   0x00000014   Code   RO          377    .text               main.o
    0x08002b34   0x00000838   Code   RO          400    .text               pwm_out.o
    0x0800336c   0x00001138   Code   RO          487    .text               flash.o
    0x080044a4   0x0000080c   Code   RO          511    .text               iic_hml.o
    0x08004cb0   0x000003a8   Code   RO          531    .text               i2c_soft.o
    0x08005058   0x0000006c   Code   RO          553    .text               led.o
    0x080050c4   0x000002dc   Code   RO          577    .text               time.o
    0x080053a0   0x000000e0   Code   RO          640    .text               misc.o
    0x08005480   0x000003a8   Code   RO          672    .text               stm32f4xx_dma.o
    0x08005828   0x000004bc   Code   RO          704    .text               stm32f4xx_flash.o
    0x08005ce4   0x0000025c   Code   RO          720    .text               stm32f4xx_gpio.o
    0x08005f40   0x00000588   Code   RO          752    .text               stm32f4xx_rcc.o
    0x080064c8   0x00000ca2   Code   RO          802    .text               stm32f4xx_tim.o
    0x0800716a   0x00000002   PAD
    0x0800716c   0x0000041a   Code   RO          818    .text               stm32f4xx_usart.o
    0x08007586   0x00000002   PAD
    0x08007588   0x00000210   Code   RO          834    .text               system_stm32f4xx.o
    0x08007798   0x00000040   Code   RO          858    .text               startup_stm32f4xx.o
    0x080077d8   0x00000da8   Code   RO          863    .text               imu.o
    0x08008580   0x0000148c   Code   RO          899    .text               alt_fushion.o
    0x08009a0c   0x00000dac   Code   RO          940    .text               anotc_baro_ctrl.o
    0x0800a7b8   0x00000910   Code   RO          971    .text               mymath.o
    0x0800b0c8   0x00000828   Code   RO          990    .text               filter.o
    0x0800b8f0   0x00000c60   Code   RO         1028    .text               quar.o
    0x0800c550   0x00000100   Code   RO         1062    .text               rt_nonfinite.o
    0x0800c650   0x00000134   Code   RO         1089    .text               rtgetinf.o
    0x0800c784   0x000000c8   Code   RO         1105    .text               rtgetnan.o
    0x0800c84c   0x00001404   Code   RO         1117    .text               kf_oldx_nav.o
    0x0800dc50   0x000050d4   Code   RO         1137    .text               pos_ctrl.o
    0x08012d24   0x000023d4   Code   RO         1166    .text               ctrl.o
    0x080150f8   0x000023dc   Code   RO         1190    .text               height_ctrl.o
    0x080174d4   0x00008f2c   Code   RO         1214    .text               usart.o
    0x08020400   0x00003706   Code   RO         1270    .text               data_transfer.o
    0x08023b06   0x00000002   PAD
    0x08023b08   0x00000670   Code   RO         1295    .text               rc.o
    0x08024178   0x000000e8   Code   RO         1322    .text               dma.o
    0x08024260   0x00000f38   Code   RO         1338    .text               mpu6050.o
    0x08025198   0x000008da   Code   RO         1365    .text               ak8975.o
    0x08025a72   0x00000002   PAD
    0x08025a74   0x00000a80   Code   RO         1392    .text               bmp.o
    0x080264f4   0x000003b8   Code   RO         1422    .text               ultrasonic.o
    0x080268ac   0x00001514   Code   RO         1445    .text               eso_oldx.lib(eso.o)
    0x08027dc0   0x00000a18   Code   RO         1536    .text               cycle_cal_oldx.lib(cycle_cal_oldx.o)
    0x080287d8   0x00000048   Code   RO         1560    .text               c_w.l(llsdiv.o)
    0x08028820   0x00000064   Code   RO         1562    .text               c_w.l(rt_memcpy_w.o)
    0x08028884   0x0000004e   Code   RO         1564    .text               c_w.l(rt_memclr_w.o)
    0x080288d2   0x00000006   Code   RO         1566    .text               c_w.l(heapauxi.o)
    0x080288d8   0x000000ee   Code   RO         1731    .text               c_w.l(lludivv7m.o)
    0x080289c6   0x00000016   Code   RO         1733    .text               c_w.l(_rserrno.o)
    0x080289dc   0x00000008   Code   RO         1827    .text               c_w.l(rt_errno_addr_intlibspace.o)
    0x080289e4   0x00000008   Code   RO         1831    .text               c_w.l(libspace.o)
    0x080289ec   0x0000004a   Code   RO         1834    .text               c_w.l(sys_stackheap_outer.o)
    0x08028a36   0x00000012   Code   RO         1838    .text               c_w.l(exit.o)
    0x08028a48   0x0000000c   Code   RO         1918    .text               c_w.l(sys_exit.o)
    0x08028a54   0x00000002   Code   RO         1935    .text               c_w.l(use_no_semi.o)
    0x08028a56   0x00000000   Code   RO         1937    .text               c_w.l(indicate_semi.o)
    0x08028a56   0x00000030   Code   RO         1767    i.__ARM_fpclassify  m_wm.l(fpclassify.o)
    0x08028a86   0x00000026   Code   RO         1769    i.__ARM_fpclassifyf  m_wm.l(fpclassifyf.o)
    0x08028aac   0x00000004   PAD
    0x08028ab0   0x00000360   Code   RO         1606    i.__hardfp_asin     m_wm.l(asin.o)
    0x08028e10   0x0000012c   Code   RO         1620    i.__hardfp_asinf    m_wm.l(asinf.o)
    0x08028f3c   0x00000250   Code   RO         1632    i.__hardfp_atan2f   m_wm.l(atan2f.o)
    0x0802918c   0x00000004   PAD
    0x08029190   0x000000c8   Code   RO         1644    i.__hardfp_cos      m_wm.l(cos.o)
    0x08029258   0x00000014   Code   RO         1656    i.__hardfp_fabs     m_wm.l(fabs.o)
    0x0802926c   0x00000004   PAD
    0x08029270   0x00000118   Code   RO         1662    i.__hardfp_floor    m_wm.l(floor.o)
    0x08029388   0x00000c50   Code   RO         1668    i.__hardfp_pow      m_wm.l(pow.o)
    0x08029fd8   0x000000c8   Code   RO         1682    i.__hardfp_sin      m_wm.l(sin.o)
    0x0802a0a0   0x0000007a   Code   RO         1694    i.__hardfp_sqrt     m_wm.l(sqrt.o)
    0x0802a11a   0x0000003a   Code   RO         1706    i.__hardfp_sqrtf    m_wm.l(sqrtf.o)
    0x0802a154   0x00000004   PAD
    0x0802a158   0x00000080   Code   RO         1718    i.__hardfp_tan      m_wm.l(tan.o)
    0x0802a1d8   0x00000438   Code   RO         1788    i.__ieee754_rem_pio2  m_wm.l(rred.o)
    0x0802a610   0x00000170   Code   RO         1750    i.__kernel_cos      m_wm.l(cos_i.o)
    0x0802a780   0x000000f8   Code   RO         1785    i.__kernel_poly     m_wm.l(poly.o)
    0x0802a878   0x00000130   Code   RO         1793    i.__kernel_sin      m_wm.l(sin_i.o)
    0x0802a9a8   0x00000350   Code   RO         1799    i.__kernel_tan      m_wm.l(tan_i.o)
    0x0802acf8   0x00000030   Code   RO         1753    i.__mathlib_dbl_divzero  m_wm.l(dunder.o)
    0x0802ad28   0x00000014   Code   RO         1754    i.__mathlib_dbl_infnan  m_wm.l(dunder.o)
    0x0802ad3c   0x00000014   Code   RO         1755    i.__mathlib_dbl_infnan2  m_wm.l(dunder.o)
    0x0802ad50   0x00000020   Code   RO         1756    i.__mathlib_dbl_invalid  m_wm.l(dunder.o)
    0x0802ad70   0x00000020   Code   RO         1757    i.__mathlib_dbl_overflow  m_wm.l(dunder.o)
    0x0802ad90   0x00000020   Code   RO         1759    i.__mathlib_dbl_underflow  m_wm.l(dunder.o)
    0x0802adb0   0x00000006   Code   RO         1772    i.__mathlib_flt_infnan  m_wm.l(funder.o)
    0x0802adb6   0x00000006   Code   RO         1773    i.__mathlib_flt_infnan2  m_wm.l(funder.o)
    0x0802adbc   0x00000010   Code   RO         1774    i.__mathlib_flt_invalid  m_wm.l(funder.o)
    0x0802adcc   0x00000010   Code   RO         1777    i.__mathlib_flt_underflow  m_wm.l(funder.o)
    0x0802addc   0x00000018   Code   RO         1658    i.fabs              m_wm.l(fabs.o)
    0x0802adf4   0x0000006e   Code   RO         1696    i.sqrt              m_wm.l(sqrt.o)
    0x0802ae62   0x0000003e   Code   RO         1708    i.sqrtf             m_wm.l(sqrtf.o)
    0x0802aea0   0x00000018   Code   RO         1570    x$fpl$basic         fz_wm.l(basic.o)
    0x0802aeb8   0x00000062   Code   RO         1572    x$fpl$d2f           fz_wm.l(d2f.o)
    0x0802af1a   0x00000002   PAD
    0x0802af1c   0x00000150   Code   RO         1574    x$fpl$dadd          fz_wm.l(daddsub_clz.o)
    0x0802b06c   0x00000010   Code   RO         1829    x$fpl$dcheck1       fz_wm.l(dcheck1.o)
    0x0802b07c   0x00000018   Code   RO         1735    x$fpl$dcmpinf       fz_wm.l(dcmpi.o)
    0x0802b094   0x000002b0   Code   RO         1581    x$fpl$ddiv          fz_wm.l(ddiv.o)
    0x0802b344   0x00000078   Code   RO         1584    x$fpl$deqf          fz_wm.l(deqf.o)
    0x0802b3bc   0x0000005e   Code   RO         1586    x$fpl$dfix          fz_wm.l(dfix.o)
    0x0802b41a   0x0000002e   Code   RO         1591    x$fpl$dflt          fz_wm.l(dflt_clz.o)
    0x0802b448   0x00000026   Code   RO         1590    x$fpl$dfltu         fz_wm.l(dflt_clz.o)
    0x0802b46e   0x00000002   PAD
    0x0802b470   0x00000078   Code   RO         1596    x$fpl$dleqf         fz_wm.l(dleqf.o)
    0x0802b4e8   0x00000154   Code   RO         1598    x$fpl$dmul          fz_wm.l(dmul.o)
    0x0802b63c   0x0000009c   Code   RO         1737    x$fpl$dnaninf       fz_wm.l(dnaninf.o)
    0x0802b6d8   0x0000000c   Code   RO         1739    x$fpl$dretinf       fz_wm.l(dretinf.o)
    0x0802b6e4   0x0000006c   Code   RO         1600    x$fpl$drleqf        fz_wm.l(drleqf.o)
    0x0802b750   0x00000016   Code   RO         1575    x$fpl$drsb          fz_wm.l(daddsub_clz.o)
    0x0802b766   0x00000002   PAD
    0x0802b768   0x00000198   Code   RO         1741    x$fpl$dsqrt         fz_wm.l(dsqrt_umaal.o)
    0x0802b900   0x000001d4   Code   RO         1576    x$fpl$dsub          fz_wm.l(daddsub_clz.o)
    0x0802bad4   0x00000056   Code   RO         1602    x$fpl$f2d           fz_wm.l(f2d.o)
    0x0802bb2a   0x00000060   Code   RO         1604    x$fpl$ffltll        fz_wm.l(ffltll_clz.o)
    0x0802bb8a   0x0000008c   Code   RO         1743    x$fpl$fnaninf       fz_wm.l(fnaninf.o)
    0x0802bc16   0x0000000a   Code   RO         1916    x$fpl$fpinit        fz_wm.l(fpinit.o)
    0x0802bc20   0x0000000a   Code   RO         1745    x$fpl$fretinf       fz_wm.l(fretinf.o)
    0x0802bc2a   0x00000064   Code   RO         1846    x$fpl$retnan        fz_wm.l(retnan.o)
    0x0802bc8e   0x0000005c   Code   RO         1747    x$fpl$scalbn        fz_wm.l(scalbn.o)
    0x0802bcea   0x00000030   Code   RO         1899    x$fpl$trapveneer    fz_wm.l(trapv.o)
    0x0802bd1a   0x00000000   Code   RO         1749    x$fpl$usenofp       fz_wm.l(usenofp.o)
    0x0802bd1a   0x00000002   PAD
    0x0802bd1c   0x00000030   Data   RO          283    .constdata          parameter.o
    0x0802bd4c   0x00000004   PAD
    0x0802bd50   0x00000090   Data   RO          901    .constdata          alt_fushion.o
    0x0802bde0   0x00000024   Data   RO         1030    .constdata          quar.o
    0x0802be04   0x00000004   PAD
    0x0802be08   0x0000003c   Data   RO         1118    .constdata          kf_oldx_nav.o
    0x0802be44   0x00000004   Data   RO         1139    .constdata          pos_ctrl.o
    0x0802be48   0x0000000c   Data   RO         1168    .constdata          ctrl.o
    0x0802be54   0x00000004   PAD
    0x0802be58   0x00000050   Data   RO         1609    .constdata          m_wm.l(asin.o)
    0x0802bea8   0x00000088   Data   RO         1671    .constdata          m_wm.l(pow.o)
    0x0802bf30   0x00000030   Data   RO         1751    .constdata          m_wm.l(cos_i.o)
    0x0802bf60   0x00000008   Data   RO         1787    .constdata          m_wm.l(qnan.o)
    0x0802bf68   0x000000c8   Data   RO         1790    .constdata          m_wm.l(rred.o)
    0x0802c030   0x00000028   Data   RO         1794    .constdata          m_wm.l(sin_i.o)
    0x0802c058   0x00000060   Data   RO         1800    .constdata          m_wm.l(tan_i.o)
    0x0802c0b8   0x00000020   Data   RO         1978    Region$$Table       anon$$obj.o


    Execution Region RW_IRAM1 (Base: 0x20000000, Size: 0x000076a8, Max: 0x00020000, ABSOLUTE, COMPRESSED[0x0000073c])

    Base Addr    Size         Type   Attr      Idx    E Section Name        Object

    0x20000000   0x0000004c   Data   RW            4    .data               scheduler.o
    0x2000004c   0x00000007   Data   RW          230    .data               init.o
    0x20000053   0x00000001   PAD
    0x20000054   0x00000008   Data   RW          284    .data               parameter.o
    0x2000005c   0x00000012   Data   RW          336    .data               fly_mode.o
    0x2000006e   0x00000001   Data   RW          378    .data               main.o
    0x2000006f   0x00000001   PAD
    0x20000070   0x00000011   Data   RW          402    .data               pwm_out.o
    0x20000081   0x00000003   PAD
    0x20000084   0x0000002a   Data   RW          489    .data               flash.o
    0x200000ae   0x00000002   PAD
    0x200000b0   0x00000010   Data   RW          513    .data               iic_hml.o
    0x200000c0   0x00000001   Data   RW          532    .data               i2c_soft.o
    0x200000c1   0x00000001   Data   RW          554    .data               led.o
    0x200000c2   0x00000002   PAD
    0x200000c4   0x00000014   Data   RW          579    .data               time.o
    0x200000d8   0x00000010   Data   RW          753    .data               stm32f4xx_rcc.o
    0x200000e8   0x00000014   Data   RW          835    .data               system_stm32f4xx.o
    0x200000fc   0x000000a8   Data   RW          865    .data               imu.o
    0x200001a4   0x00000004   PAD
    0x200001a8   0x0000037c   Data   RW          902    .data               alt_fushion.o
    0x20000524   0x0000003c   Data   RW          942    .data               anotc_baro_ctrl.o
    0x20000560   0x00000404   Data   RW          972    .data               mymath.o
    0x20000964   0x00000059   Data   RW          992    .data               filter.o
    0x200009bd   0x00000003   PAD
    0x200009c0   0x00000024   Data   RW         1063    .data               rt_nonfinite.o
    0x200009e4   0x00000004   PAD
    0x200009e8   0x0000016a   Data   RW         1140    .data               pos_ctrl.o
    0x20000b52   0x00000002   PAD
    0x20000b54   0x0000003c   Data   RW         1169    .data               ctrl.o
    0x20000b90   0x0000017e   Data   RW         1192    .data               height_ctrl.o
    0x20000d0e   0x00000002   PAD
    0x20000d10   0x00000134   Data   RW         1216    .data               usart.o
    0x20000e44   0x00000034   Data   RW         1272    .data               data_transfer.o
    0x20000e78   0x00000048   Data   RW         1297    .data               rc.o
    0x20000ec0   0x0000002d   Data   RW         1340    .data               mpu6050.o
    0x20000eed   0x00000003   PAD
    0x20000ef0   0x00000100   Data   RW         1367    .data               ak8975.o
    0x20000ff0   0x000000aa   Data   RW         1394    .data               bmp.o
    0x2000109a   0x00000002   PAD
    0x2000109c   0x0000000d   Data   RW         1424    .data               ultrasonic.o
    0x200010a9   0x00000003   PAD
    0x200010ac   0x00000040   Data   RW         1447    .data               eso_oldx.lib(eso.o)
    0x200010ec   0x00000034   Zero   RW            3    .bss                scheduler.o
    0x20001120   0x00000100   Zero   RW          282    .bss                parameter.o
    0x20001220   0x00000070   Zero   RW          335    .bss                fly_mode.o
    0x20001290   0x00000034   Zero   RW          401    .bss                pwm_out.o
    0x200012c4   0x000000c8   Zero   RW          488    .bss                flash.o
    0x2000138c   0x00000168   Zero   RW          578    .bss                time.o
    0x200014f4   0x000000c8   Zero   RW          864    .bss                imu.o
    0x200015bc   0x00000004   PAD
    0x200015c0   0x00000694   Zero   RW          900    .bss                alt_fushion.o
    0x20001c54   0x000000c4   Zero   RW          941    .bss                anotc_baro_ctrl.o
    0x20001d18   0x00001998   Zero   RW          991    .bss                filter.o
    0x200036b0   0x000000e4   Zero   RW         1029    .bss                quar.o
    0x20003794   0x00000004   PAD
    0x20003798   0x00000460   Zero   RW         1138    .bss                pos_ctrl.o
    0x20003bf8   0x00000278   Zero   RW         1167    .bss                ctrl.o
    0x20003e70   0x00000520   Zero   RW         1191    .bss                height_ctrl.o
    0x20004390   0x00001348   Zero   RW         1215    .bss                usart.o
    0x200056d8   0x00000098   Zero   RW         1271    .bss                data_transfer.o
    0x20005770   0x000000f0   Zero   RW         1296    .bss                rc.o
    0x20005860   0x00000268   Zero   RW         1339    .bss                mpu6050.o
    0x20005ac8   0x00000140   Zero   RW         1366    .bss                ak8975.o
    0x20005c08   0x00000514   Zero   RW         1393    .bss                bmp.o
    0x2000611c   0x000000a4   Zero   RW         1423    .bss                ultrasonic.o
    0x200061c0   0x000007e0   Zero   RW         1446    .bss                eso_oldx.lib(eso.o)
    0x200069a0   0x000000a8   Zero   RW         1537    .bss                cycle_cal_oldx.lib(cycle_cal_oldx.o)
    0x20006a48   0x00000060   Zero   RW         1832    .bss                c_w.l(libspace.o)
    0x20006aa8   0x00000400   Zero   RW          856    HEAP                startup_stm32f4xx.o
    0x20006ea8   0x00000800   Zero   RW          855    STACK               startup_stm32f4xx.o


==============================================================================

Image component sizes


      Code (inc. data)   RO Data    RW Data    ZI Data      Debug   Object Name

      2266        122          0        256        320       7998   ak8975.o
      5260        386        144        892       1684      10328   alt_fushion.o
      3500        256          0         60        196       7082   anotc_baro_ctrl.o
      2688        264          0        170       1300       9439   bmp.o
      9172        632         12         60        632       6342   ctrl.o
     14086        646          0         52        152      18888   data_transfer.o
       232          4          0          0          0       1380   dma.o
      2088        122          0         89       6552       6750   filter.o
      4408        274          0         42        200       4235   flash.o
       400         54          0         18        112      10805   fly_mode.o
      9180       1072          0        382       1312      11430   height_ctrl.o
       936         10          0          1          0       4522   i2c_soft.o
      2060         20          0         16          0       9347   iic_hml.o
      3496        260          0        168        200       5460   imu.o
       492         64          0          7          0       2035   init.o
      5124        146         60          0          0       3879   kf_oldx_nav.o
       108         10          0          1          0        642   led.o
        20          4          0          1          0        653   main.o
       224         20          0          0          0       1925   misc.o
      3896        230          0         45        616      17490   mpu6050.o
      2320        150          0       1028          0       7384   mymath.o
      1348        118         48          8        256       4440   parameter.o
     20692       1568          4        362       1120      21630   pos_ctrl.o
      2104         76          0         17         52       5639   pwm_out.o
      3168        110         36          0        228       5317   quar.o
      1648        150          0         72        240       3603   rc.o
       256         26          0         36          0       3248   rt_nonfinite.o
       308         22          0          0          0       2653   rtgetinf.o
       200         18          0          0          0       1281   rtgetnan.o
      8144        784          0         76         52     294192   scheduler.o
        64         26        392          0       3072        888   startup_stm32f4xx.o
       936         32          0          0          0       6501   stm32f4xx_dma.o
      1212         26          0          0          0       7193   stm32f4xx_flash.o
       604         36          0          0          0       4229   stm32f4xx_gpio.o
        40          4          0          0          0       1157   stm32f4xx_it.o
      1416         48          0         16          0      11159   stm32f4xx_rcc.o
      3234         60          0          0          0      23124   stm32f4xx_tim.o
      1050         26          0          0          0       7968   stm32f4xx_usart.o
       528         46          0         20          0       1987   system_stm32f4xx.o
       732         42          0         20        360      21714   time.o
       952         52          0         13        164       3137   ultrasonic.o
     36652       1656          0        308       4936      38332   usart.o

    ----------------------------------------------------------------------
    157252       9672        740       4268      23764     617406   Object Totals
         0          0         32          0          0          0   (incl. Generated)
         8          0         12         32          8          0   (incl. Padding)

    ----------------------------------------------------------------------

      Code (inc. data)   RO Data    RW Data    ZI Data      Debug   Library Member Name

        90          0          0          0          0          0   __dczerorl2.o
         8          0          0          0          0         68   __main.o
         0          0          0          0          0          0   __rtentry.o
        12          0          0          0          0          0   __rtentry2.o
         6          0          0          0          0          0   __rtentry4.o
        52          8          0          0          0          0   __scatter.o
        28          0          0          0          0          0   __scatter_zi.o
        22          0          0          0          0        100   _rserrno.o
        18          0          0          0          0         80   exit.o
         6          0          0          0          0        152   heapauxi.o
         0          0          0          0          0          0   indicate_semi.o
         2          0          0          0          0          0   libinit.o
         6          0          0          0          0          0   libinit2.o
         2          0          0          0          0          0   libshutdown.o
         2          0          0          0          0          0   libshutdown2.o
         8          4          0          0         96         68   libspace.o
        72          0          0          0          0         76   llsdiv.o
       238          0          0          0          0        100   lludivv7m.o
         8          4          0          0          0         68   rt_errno_addr_intlibspace.o
        78          0          0          0          0         80   rt_memclr_w.o
       100          0          0          0          0         80   rt_memcpy_w.o
         2          0          0          0          0          0   rtexit.o
        10          0          0          0          0          0   rtexit2.o
        12          4          0          0          0         68   sys_exit.o
        74          0          0          0          0         80   sys_stackheap_outer.o
         2          0          0          0          0         68   use_no_semi.o
      2584         12          0          0        168       4813   cycle_cal_oldx.o
      5396        194          0         64       2016     226153   eso.o
        24          0          0          0          0        164   basic.o
        98          4          0          0          0        140   d2f.o
       826         16          0          0          0        492   daddsub_clz.o
        16          4          0          0          0        116   dcheck1.o
        24          0          0          0          0        116   dcmpi.o
       688        140          0          0          0        256   ddiv.o
       120          4          0          0          0        140   deqf.o
        94          4          0          0          0        140   dfix.o
        84          0          0          0          0        232   dflt_clz.o
       120          4          0          0          0        140   dleqf.o
       340         12          0          0          0        152   dmul.o
       156          4          0          0          0        140   dnaninf.o
        12          0          0          0          0        116   dretinf.o
       108          0          0          0          0        128   drleqf.o
       408         56          0          0          0        168   dsqrt_umaal.o
        86          4          0          0          0        132   f2d.o
        96          0          0          0          0        132   ffltll_clz.o
       140          4          0          0          0        132   fnaninf.o
        10          0          0          0          0        116   fpinit.o
        10          0          0          0          0        116   fretinf.o
       100          0          0          0          0        116   retnan.o
        92          0          0          0          0        116   scalbn.o
        48          0          0          0          0        116   trapv.o
         0          0          0          0          0          0   usenofp.o
       864         94         80          0          0        280   asin.o
       300         42          0          0          0        176   asinf.o
       592         90          0          0          0        184   atan2f.o
       200         20          0          0          0        164   cos.o
       368         46         48          0          0        200   cos_i.o
       184         44          0          0          0        744   dunder.o
        44          0          0          0          0        248   fabs.o
       280         28          0          0          0        156   floor.o
        48          0          0          0          0        124   fpclassify.o
        38          0          0          0          0        116   fpclassifyf.o
        44         12          0          0          0        464   funder.o
       248          0          0          0          0        152   poly.o
      3152        296        136          0          0        352   pow.o
         0          0          8          0          0          0   qnan.o
      1080        142        200          0          0        188   rred.o
       200         20          0          0          0        164   sin.o
       304         24         40          0          0        208   sin_i.o
       232          0          0          0          0        296   sqrt.o
       120          0          0          0          0        272   sqrtf.o
       128         20          0          0          0        144   tan.o
       848         84         96          0          0        196   tan_i.o

    ----------------------------------------------------------------------
     21840       1448        608         64       2280     240498   Library Totals
        28          4          0          0          0          0   (incl. Padding)

    ----------------------------------------------------------------------

      Code (inc. data)   RO Data    RW Data    ZI Data      Debug   Library Name

       858         20          0          0         96       1088   c_w.l
      2584         12          0          0        168       4813   cycle_cal_oldx.lib
      5396        194          0         64       2016     226153   eso_oldx.lib
      3700        256          0          0          0       3616   fz_wm.l
      9274        962        608          0          0       4828   m_wm.l

    ----------------------------------------------------------------------
     21840       1448        608         64       2280     240498   Library Totals

    ----------------------------------------------------------------------

==============================================================================


      Code (inc. data)   RO Data    RW Data    ZI Data      Debug   

    179092      11120       1348       4332      26044     842336   Grand Totals
    179092      11120       1348       1852      26044     842336   ELF Image Totals (compressed)
    179092      11120       1348       1852          0          0   ROM Totals

==============================================================================

    Total RO  Size (Code + RO Data)               180440 ( 176.21kB)
    Total RW  Size (RW Data + ZI Data)             30376 (  29.66kB)
    Total ROM Size (Code + RO Data + RW Data)     182292 ( 178.02kB)

==============================================================================

