Component: ARM Compiler 5.06 update 2 (build 183) Tool: armlink [4d35b7]

==============================================================================

Section Cross References

    scheduler.o(.text) refers to bmp.o(.text) for MS5611_ThreadNew
    scheduler.o(.text) refers to time.o(.text) for Get_Cycle_T
    scheduler.o(.text) refers to f2d.o(x$fpl$f2d) for __aeabi_f2d
    scheduler.o(.text) refers to dleqf.o(x$fpl$dleqf) for __aeabi_cdcmple
    scheduler.o(.text) refers to drleqf.o(x$fpl$drleqf) for __aeabi_cdrcmple
    scheduler.o(.text) refers to mpu6050.o(.text) for MPU6050_Read
    scheduler.o(.text) refers to dflt_clz.o(x$fpl$dfltu) for __aeabi_ui2d
    scheduler.o(.text) refers to imu.o(.text) for IMUupdate
    scheduler.o(.text) refers to ctrl.o(.text) for CTRL_1
    scheduler.o(.text) refers to rc.o(.text) for RC_Duty
    scheduler.o(.text) refers to usart.o(.text) for GOL_LINK_TASK
    scheduler.o(.text) refers to stm32f4xx_dma.o(.text) for DMA_GetFlagStatus
    scheduler.o(.text) refers to data_transfer.o(.text) for ANO_DT_Data_Exchange
    scheduler.o(.text) refers to scheduler.o(.bss) for loop
    scheduler.o(.text) refers to bmp.o(.data) for baroAlt_fc
    scheduler.o(.text) refers to bmp.o(.bss) for baro
    scheduler.o(.text) refers to scheduler.o(.data) for inner_loop_time
    scheduler.o(.text) refers to mpu6050.o(.bss) for mpu6050_fc
    scheduler.o(.text) refers to imu.o(.data) for Pit_fc
    scheduler.o(.text) refers to usart.o(.data) for NAV_BOARD_CONNECT
    scheduler.o(.text) refers to fly_mode.o(.bss) for mode
    scheduler.o(.text) refers to ctrl.o(.bss) for ctrl_2
    scheduler.o(.text) refers to dmul.o(x$fpl$dmul) for __aeabi_dmul
    scheduler.o(.text) refers to dfix.o(x$fpl$dfix) for __aeabi_d2iz
    scheduler.o(.text) refers to ddiv.o(x$fpl$ddiv) for __aeabi_ddiv
    scheduler.o(.text) refers to usart.o(.bss) for flow_debug
    scheduler.o(.text) refers to alt_fushion.o(.bss) for X_kf_baro_bmp
    scheduler.o(.text) refers to height_ctrl.o(.bss) for hc_value
    scheduler.o(.text) refers to ctrl.o(.data) for thr_value
    scheduler.o(.text) refers to alt_fushion.o(.data) for ALT_VEL_BMP_UKF_OLDX
    scheduler.o(.text) refers to height_ctrl.o(.data) for ultra_ctrl_out_use
    scheduler.o(.text) refers to pos_ctrl.o(.bss) for nav_spd_ctrl
    scheduler.o(.text) refers to stm32f4xx_usart.o(.text) for USART_DMACmd
    scheduler.o(.text) refers to dma.o(.text) for MYDMA_Enable
    scheduler.o(.text) refers to d2f.o(x$fpl$d2f) for __aeabi_d2f
    scheduler.o(.text) refers to anotc_baro_ctrl.o(.text) for baro_ctrl
    scheduler.o(.text) refers to pwm_out.o(.text) for SetPwm_AUX
    scheduler.o(.text) refers to pos_ctrl.o(.text) for AUTO_LAND_FLYUP
    scheduler.o(.text) refers to pwm_out.o(.bss) for aux
    scheduler.o(.text) refers to rc.o(.bss) for RX_CH_FIX_PWM
    scheduler.o(.text) refers to mymath.o(.text) for my_deathzoom_rc
    scheduler.o(.text) refers to fly_mode.o(.text) for mode_check
    scheduler.o(.text) refers to ak8975.o(.text) for ANO_AK8975_Read
    scheduler.o(.text) refers to led.o(.text) for LEDRGB
    scheduler.o(.text) refers to rc.o(.data) for fly_ready
    scheduler.o(.text) refers to pos_ctrl.o(.data) for state_v
    scheduler.o(.text) refers to time.o(.data) for time_1ms
    init.o(.text) refers to misc.o(.text) for NVIC_PriorityGroupConfig
    init.o(.text) refers to time.o(.text) for SysTick_Configuration
    init.o(.text) refers to i2c_soft.o(.text) for I2c_Soft_Init
    init.o(.text) refers to pwm_out.o(.text) for PWM_Out_Init
    init.o(.text) refers to mpu6050.o(.text) for MPU6050_Init
    init.o(.text) refers to led.o(.text) for LED_Init
    init.o(.text) refers to ak8975.o(.text) for HMC5883L_SetUp
    init.o(.text) refers to bmp.o(.text) for MS5611_Init_FC
    init.o(.text) refers to usart.o(.text) for Usart1_Init
    init.o(.text) refers to dma.o(.text) for MYDMA_Config
    init.o(.text) refers to stm32f4xx_usart.o(.text) for USART_DMACmd
    init.o(.text) refers to flash.o(.text) for READ_PARM
    init.o(.text) refers to parameter.o(.text) for Para_Init
    init.o(.text) refers to init.o(.data) for mcuID
    init.o(.text) refers to usart.o(.bss) for SendBuff1
    init.o(.text) refers to fly_mode.o(.bss) for mode
    parameter.o(.text) refers to ctrl.o(.text) for Ctrl_Para_Init
    parameter.o(.text) refers to f2d.o(x$fpl$f2d) for __aeabi_f2d
    parameter.o(.text) refers to dflt_clz.o(x$fpl$dfltu) for __aeabi_ui2d
    parameter.o(.text) refers to ddiv.o(x$fpl$ddiv) for __aeabi_ddiv
    parameter.o(.text) refers to dleqf.o(x$fpl$dleqf) for __aeabi_cdcmple
    parameter.o(.text) refers to drleqf.o(x$fpl$drleqf) for __aeabi_cdrcmple
    parameter.o(.text) refers to dmul.o(x$fpl$dmul) for __aeabi_dmul
    parameter.o(.text) refers to d2f.o(x$fpl$d2f) for __aeabi_d2f
    parameter.o(.text) refers to mpu6050.o(.bss) for mpu6050
    parameter.o(.text) refers to parameter.o(.bss) for sensor_setup
[...]
    __hardfp_asin                            0x08022eb1   Thumb Code   770  asin.o(i.__hardfp_asin)
    __hardfp_asinf                           0x08023211   Thumb Code   258  asinf.o(i.__hardfp_asinf)
    __hardfp_atan2f                          0x0802333d   Thumb Code   502  atan2f.o(i.__hardfp_atan2f)
    __hardfp_cos                             0x08023591   Thumb Code   180  cos.o(i.__hardfp_cos)
    __hardfp_fabs                            0x08023659   Thumb Code    20  fabs.o(i.__hardfp_fabs)
    __hardfp_pow                             0x08023671   Thumb Code  3072  pow.o(i.__hardfp_pow)
    __hardfp_sin                             0x080242c1   Thumb Code   180  sin.o(i.__hardfp_sin)
    __hardfp_sqrt                            0x08024389   Thumb Code   122  sqrt.o(i.__hardfp_sqrt)
    __hardfp_sqrtf                           0x08024403   Thumb Code    58  sqrtf.o(i.__hardfp_sqrtf)
    __ieee754_rem_pio2                       0x08024441   Thumb Code   938  rred.o(i.__ieee754_rem_pio2)
    __kernel_cos                             0x08024879   Thumb Code   322  cos_i.o(i.__kernel_cos)
    __kernel_poly                            0x080249e9   Thumb Code   248  poly.o(i.__kernel_poly)
    __kernel_sin                             0x08024ae1   Thumb Code   280  sin_i.o(i.__kernel_sin)
    __mathlib_dbl_divzero                    0x08024c11   Thumb Code    28  dunder.o(i.__mathlib_dbl_divzero)
    __mathlib_dbl_infnan                     0x08024c41   Thumb Code    20  dunder.o(i.__mathlib_dbl_infnan)
    __mathlib_dbl_infnan2                    0x08024c55   Thumb Code    20  dunder.o(i.__mathlib_dbl_infnan2)
    __mathlib_dbl_invalid                    0x08024c69   Thumb Code    24  dunder.o(i.__mathlib_dbl_invalid)
    __mathlib_dbl_overflow                   0x08024c89   Thumb Code    24  dunder.o(i.__mathlib_dbl_overflow)
    __mathlib_dbl_underflow                  0x08024ca9   Thumb Code    24  dunder.o(i.__mathlib_dbl_underflow)
    __mathlib_flt_infnan                     0x08024cc9   Thumb Code     6  funder.o(i.__mathlib_flt_infnan)
    __mathlib_flt_infnan2                    0x08024ccf   Thumb Code     6  funder.o(i.__mathlib_flt_infnan2)
    __mathlib_flt_invalid                    0x08024cd5   Thumb Code    10  funder.o(i.__mathlib_flt_invalid)
    __mathlib_flt_underflow                  0x08024ce5   Thumb Code    10  funder.o(i.__mathlib_flt_underflow)
    fabs                                     0x08024cf5   Thumb Code    24  fabs.o(i.fabs)
    sqrt                                     0x08024d0d   Thumb Code   110  sqrt.o(i.sqrt)
    sqrtf                                    0x08024d7b   Thumb Code    62  sqrtf.o(i.sqrtf)
    __aeabi_dneg                             0x08024db9   Thumb Code     0  basic.o(x$fpl$basic)
    _dneg                                    0x08024db9   Thumb Code     6  basic.o(x$fpl$basic)
    __aeabi_fneg                             0x08024dbf   Thumb Code     0  basic.o(x$fpl$basic)
    _fneg                                    0x08024dbf   Thumb Code     6  basic.o(x$fpl$basic)
    _dabs                                    0x08024dc5   Thumb Code     6  basic.o(x$fpl$basic)
    _fabs                                    0x08024dcb   Thumb Code     6  basic.o(x$fpl$basic)
    __aeabi_d2f                              0x08024dd1   Thumb Code     0  d2f.o(x$fpl$d2f)
    _d2f                                     0x08024dd1   Thumb Code    98  d2f.o(x$fpl$d2f)
    __aeabi_dadd                             0x08024e35   Thumb Code     0  daddsub_clz.o(x$fpl$dadd)
    _dadd                                    0x08024e35   Thumb Code   332  daddsub_clz.o(x$fpl$dadd)
    __fpl_dcheck_NaN1                        0x08024f85   Thumb Code    10  dcheck1.o(x$fpl$dcheck1)
    __fpl_dcmp_Inf                           0x08024f95   Thumb Code    24  dcmpi.o(x$fpl$dcmpinf)
    __aeabi_ddiv                             0x08024fad   Thumb Code     0  ddiv.o(x$fpl$ddiv)
    _ddiv                                    0x08024fad   Thumb Code   552  ddiv.o(x$fpl$ddiv)
    __aeabi_cdcmpeq                          0x0802525d   Thumb Code     0  deqf.o(x$fpl$deqf)
    _dcmpeq                                  0x0802525d   Thumb Code   120  deqf.o(x$fpl$deqf)
    __aeabi_d2iz                             0x080252d5   Thumb Code     0  dfix.o(x$fpl$dfix)
    _dfix                                    0x080252d5   Thumb Code    94  dfix.o(x$fpl$dfix)
    __aeabi_i2d                              0x08025333   Thumb Code     0  dflt_clz.o(x$fpl$dflt)
    _dflt                                    0x08025333   Thumb Code    46  dflt_clz.o(x$fpl$dflt)
    __aeabi_ui2d                             0x08025361   Thumb Code     0  dflt_clz.o(x$fpl$dfltu)
    _dfltu                                   0x08025361   Thumb Code    38  dflt_clz.o(x$fpl$dfltu)
    __aeabi_cdcmple                          0x08025389   Thumb Code     0  dleqf.o(x$fpl$dleqf)
    _dcmple                                  0x08025389   Thumb Code   120  dleqf.o(x$fpl$dleqf)
    __fpl_dcmple_InfNaN                      0x080253eb   Thumb Code     0  dleqf.o(x$fpl$dleqf)
    __aeabi_dmul                             0x08025401   Thumb Code     0  dmul.o(x$fpl$dmul)
    _dmul                                    0x08025401   Thumb Code   332  dmul.o(x$fpl$dmul)
    __fpl_dnaninf                            0x08025555   Thumb Code   156  dnaninf.o(x$fpl$dnaninf)
    __fpl_dretinf                            0x080255f1   Thumb Code    12  dretinf.o(x$fpl$dretinf)
    __aeabi_cdrcmple                         0x080255fd   Thumb Code     0  drleqf.o(x$fpl$drleqf)
    _drcmple                                 0x080255fd   Thumb Code   108  drleqf.o(x$fpl$drleqf)
    __aeabi_drsub                            0x08025669   Thumb Code     0  daddsub_clz.o(x$fpl$drsb)
    _drsb                                    0x08025669   Thumb Code    22  daddsub_clz.o(x$fpl$drsb)
    _dsqrt                                   0x08025681   Thumb Code   404  dsqrt_umaal.o(x$fpl$dsqrt)
    __aeabi_dsub                             0x08025819   Thumb Code     0  daddsub_clz.o(x$fpl$dsub)
    _dsub                                    0x08025819   Thumb Code   464  daddsub_clz.o(x$fpl$dsub)
    __aeabi_f2d                              0x080259ed   Thumb Code     0  f2d.o(x$fpl$f2d)
    _f2d                                     0x080259ed   Thumb Code    86  f2d.o(x$fpl$f2d)
    __aeabi_ul2f                             0x08025a43   Thumb Code     0  ffltll_clz.o(x$fpl$ffltll)
    _ll_uto_f                                0x08025a43   Thumb Code     6  ffltll_clz.o(x$fpl$ffltll)
    __aeabi_l2f                              0x08025a49   Thumb Code     0  ffltll_clz.o(x$fpl$ffltll)
    _ll_sto_f                                0x08025a49   Thumb Code    90  ffltll_clz.o(x$fpl$ffltll)
    __fpl_fnaninf                            0x08025aa3   Thumb Code   140  fnaninf.o(x$fpl$fnaninf)
    _fp_init                                 0x08025b2f   Thumb Code    10  fpinit.o(x$fpl$fpinit)
    __fplib_config_fpu_vfp                   0x08025b37   Thumb Code     0  fpinit.o(x$fpl$fpinit)
    __fplib_config_pureend_doubles           0x08025b37   Thumb Code     0  fpinit.o(x$fpl$fpinit)
    __fpl_fretinf                            0x08025b39   Thumb Code    10  fretinf.o(x$fpl$fretinf)
    __fpl_return_NaN                         0x08025b43   Thumb Code   100  retnan.o(x$fpl$retnan)
    __ARM_scalbn                             0x08025ba7   Thumb Code    92  scalbn.o(x$fpl$scalbn)
    __fpl_cmpreturn                          0x08025c03   Thumb Code    48  trapv.o(x$fpl$trapveneer)
    __I$use$fp                               0x08025c32   Number         0  usenofp.o(x$fpl$usenofp)
    __mathlib_zero                           0x08025dc8   Data           8  qnan.o(.constdata)
    Region$$Table$$Base                      0x08025ec0   Number         0  anon$$obj.o(Region$$Table)
    Region$$Table$$Limit                     0x08025ee0   Number         0  anon$$obj.o(Region$$Table)
    pos_time                                 0x20000000   Data           4  scheduler.o(.data)
    baro_task_time                           0x20000004   Data           4  scheduler.o(.data)
    loop_cnt                                 0x20000008   Data           2  scheduler.o(.data)
    yaw_use_fc                               0x2000000a   Data           1  scheduler.o(.data)
    inner_loop_time                          0x2000000c   Data           4  scheduler.o(.data)
    inner_loop_time_yaw                      0x20000010   Data           4  scheduler.o(.data)
    Rol_fc1                                  0x20000014   Data           4  scheduler.o(.data)
    Pit_fc1                                  0x20000018   Data           4  scheduler.o(.data)
    Yaw_fc1                                  0x2000001c   Data           4  scheduler.o(.data)
    outer_loop_time                          0x20000020   Data           4  scheduler.o(.data)
    UART_UP_LOAD_SEL                         0x20000024   Data           1  scheduler.o(.data)
    UART_UP_LOAD_SEL_FORCE                   0x20000025   Data           1  scheduler.o(.data)
    force_flow_ble_debug                     0x20000026   Data           1  scheduler.o(.data)
    sys_init                                 0x20000035   Data           3  init.o(.data)
    mcuID                                    0x20000038   Data           3  init.o(.data)
    ble_imu_force                            0x2000003b   Data           1  init.o(.data)
    flash_init_error                         0x2000003c   Data           1  parameter.o(.data)
    k_pid                                    0x20000040   Data           4  parameter.o(.data)
    k_sensitivity                            0x20000044   Data           4  parameter.o(.data)
    ero                                      0x20000048   Data           6  fly_mode.o(.data)
    mode_state                               0x2000004e   Data           1  fly_mode.o(.data)
    mode_state_old                           0x2000004f   Data           1  fly_mode.o(.data)
    Init_Finish                              0x20000050   Data           1  main.o(.data)
    motor_cal                                0x20000052   Data           1  pwm_out.o(.data)
    BEEP_RATE                                0x20000054   Data           2  pwm_out.o(.data)
    PMW_T                                    0x20000056   Data           1  pwm_out.o(.data)
    CH_out_Mapping                           0x20000057   Data           8  pwm_out.o(.data)
    sel                                      0x2000005f   Data           1  pwm_out.o(.data)
    FLASH_SIZE                               0x20000064   Data           4  flash.o(.data)
    LENGTH_OF_DRONE                          0x20000068   Data           2  flash.o(.data)
    H_INT                                    0x2000006c   Data           4  flash.o(.data)
    SONAR_HEIGHT                             0x20000070   Data           4  flash.o(.data)
    need_init_mems                           0x20000074   Data           1  flash.o(.data)
    I2C_FastMode                             0x20000075   Data           1  i2c_soft.o(.data)
    sysTickUptime                            0x20000078   Data           4  time.o(.data)
    time_1h                                  0x2000007c   Data           4  time.o(.data)
    time_1m                                  0x20000080   Data           4  time.o(.data)
    time_1s                                  0x20000084   Data           4  time.o(.data)
    time_1ms                                 0x20000088   Data           4  time.o(.data)
    SystemCoreClock                          0x200000a0   Data           4  system_stm32f4xx.o(.data)
    AHBPrescTable                            0x200000a4   Data          16  system_stm32f4xx.o(.data)
    Roll                                     0x200000b4   Data           4  imu.o(.data)
    Pitch                                    0x200000b8   Data           4  imu.o(.data)
    Yaw                                      0x200000bc   Data           4  imu.o(.data)
    Roll_mid_down                            0x200000c0   Data           4  imu.o(.data)
    Pitch_mid_down                           0x200000c4   Data           4  imu.o(.data)
    Yaw_mid_down                             0x200000c8   Data           4  imu.o(.data)
    Rol_fc                                   0x200000cc   Data           4  imu.o(.data)
    Pit_fc                                   0x200000d0   Data           4  imu.o(.data)
    Yaw_fc                                   0x200000d4   Data           4  imu.o(.data)
    ref_q                                    0x200000d8   Data          16  imu.o(.data)
    norm_acc                                 0x200000e8   Data           4  imu.o(.data)
    norm_q                                   0x200000ec   Data           4  imu.o(.data)
    norm_acc_lpf                             0x200000f0   Data           4  imu.o(.data)
    mag_norm                                 0x200000f4   Data           4  imu.o(.data)
    mag_norm_xyz                             0x200000f8   Data           4  imu.o(.data)
    acc_ng_cali                              0x200000fc   Data           1  imu.o(.data)
    yaw_mag                                  0x20000100   Data           4  imu.o(.data)
    Yaw_fc_q                                 0x20000104   Data           4  imu.o(.data)
    beta                                     0x20000108   Data           4  imu.o(.data)
    q0_m_fc                                  0x2000010c   Data           4  imu.o(.data)
    q1_m_fc                                  0x20000110   Data           4  imu.o(.data)
    q2_m_fc                                  0x20000114   Data           4  imu.o(.data)
    q3_m_fc                                  0x20000118   Data           4  imu.o(.data)
    q0_fc                                    0x2000011c   Data           4  imu.o(.data)
    q1_fc                                    0x20000120   Data           4  imu.o(.data)
    q2_fc                                    0x20000124   Data           4  imu.o(.data)
    q3_fc                                    0x20000128   Data           4  imu.o(.data)
    ref_q_imd_down_fc                        0x2000012c   Data          16  imu.o(.data)
    init_q                                   0x2000013c   Data           1  imu.o(.data)
    ALT_POS_BMP                              0x20000148   Data           4  alt_fushion.o(.data)
    ALT_VEL_BMP                              0x2000014c   Data           4  alt_fushion.o(.data)
    ALT_POS_SONAR                            0x20000150   Data           4  alt_fushion.o(.data)
    ALT_VEL_SONAR                            0x20000154   Data           4  alt_fushion.o(.data)
    ALT_POS_SONAR2                           0x20000158   Data           4  alt_fushion.o(.data)
    ALT_POS_SONAR3                           0x2000015c   Data           4  alt_fushion.o(.data)
    ALT_POS_BMP_EKF                          0x20000160   Data           4  alt_fushion.o(.data)
    ALT_VEL_BMP_EKF                          0x20000164   Data           4  alt_fushion.o(.data)
    ALT_POS_BMP_UKF_OLDX                     0x20000168   Data           4  alt_fushion.o(.data)
    ALT_VEL_BMP_UKF_OLDX                     0x2000016c   Data           4  alt_fushion.o(.data)
    ALT_ACC_BMP_UKF_OLDX                     0x20000170   Data           4  alt_fushion.o(.data)
    P_baro                                   0x20000178   Data          72  alt_fushion.o(.data)
    P_barob                                  0x200001c0   Data         128  alt_fushion.o(.data)
    gh_bmp                                   0x20000240   Data           4  alt_fushion.o(.data)
    k_fp_spd_bmp                             0x20000244   Data           4  alt_fushion.o(.data)
    gh_bmp1                                  0x20000248   Data           4  alt_fushion.o(.data)
    k_fp_spd_bmp1                            0x2000024c   Data           4  alt_fushion.o(.data)
    gh_sonar                                 0x20000250   Data           4  alt_fushion.o(.data)
    k_fp_spd_sonar                           0x20000254   Data           4  alt_fushion.o(.data)
    ga                                       0x20000258   Data           4  alt_fushion.o(.data)
    gwa                                      0x2000025c   Data           4  alt_fushion.o(.data)
    r_baro_new                               0x20000260   Data          16  alt_fushion.o(.data)
    r_sonar_new                              0x20000270   Data          16  alt_fushion.o(.data)
    P_kf_baro                                0x20000280   Data          72  alt_fushion.o(.data)
    P_kf_baro_bmp                            0x200002c8   Data          72  alt_fushion.o(.data)
    r_baro_ukf                               0x20000310   Data          16  alt_fushion.o(.data)
    q_baro_ukf                               0x20000320   Data          16  alt_fushion.o(.data)
    dead_accz                                0x20000330   Data           4  alt_fushion.o(.data)
    acc_off_baro                             0x20000334   Data           4  alt_fushion.o(.data)
    acc_scale_bmp                            0x20000338   Data           4  alt_fushion.o(.data)
    k_flt_accz                               0x2000033c   Data           4  alt_fushion.o(.data)
    acc_bmp                                  0x20000340   Data           4  alt_fushion.o(.data)
    X_apo_height                             0x20000344   Data           8  alt_fushion.o(.data)
    P_apo_k_height                           0x2000034c   Data          16  alt_fushion.o(.data)
    k_bais                                   0x2000035c   Data           4  alt_fushion.o(.data)
    k_bais2                                  0x20000360   Data           4  alt_fushion.o(.data)
    r_baro                                   0x20000364   Data           4  alt_fushion.o(.data)
    r_acc                                    0x20000368   Data           4  alt_fushion.o(.data)
    x_tst                                    0x2000036c   Data           8  alt_fushion.o(.data)
    p_tst                                    0x20000374   Data           8  alt_fushion.o(.data)
    kf_tst                                   0x2000037c   Data           8  alt_fushion.o(.data)
    k_acc_bais                               0x20000384   Data           4  alt_fushion.o(.data)
    w_z_baro                                 0x20000388   Data           4  alt_fushion.o(.data)
    w_acc_bias                               0x2000038c   Data           4  alt_fushion.o(.data)
    flag_ero                                 0x20000390   Data           4  alt_fushion.o(.data)
    Alt_Offset_m1                            0x20000394   Data           4  alt_fushion.o(.data)
    en_bias_fix                              0x20000398   Data           4  alt_fushion.o(.data)
    flt_body_acc                             0x2000039c   Data           4  alt_fushion.o(.data)
    k_body_acc                               0x200003a0   Data           4  alt_fushion.o(.data)
    K_SONAR                                  0x200003a4   Data           4  alt_fushion.o(.data)
    acc_est                                  0x200003a8   Data           4  alt_fushion.o(.data)
    acc_est_imu                              0x200003ac   Data           4  alt_fushion.o(.data)
    test_bmp                                 0x200003b0   Data           1  alt_fushion.o(.data)
    flag_acc_bias                            0x200003b4   Data           4  alt_fushion.o(.data)
    acc_z_att_corr                           0x200003b8   Data           4  alt_fushion.o(.data)
    speed_estimation                         0x200003bc   Data           4  alt_fushion.o(.data)
    bias_accel                               0x200003c0   Data           4  alt_fushion.o(.data)
    position_estimation                      0x200003c4   Data           4  alt_fushion.o(.data)
    sigmaAcc                                 0x200003c8   Data           4  alt_fushion.o(.data)
    sigmaPos                                 0x200003cc   Data           4  alt_fushion.o(.data)
    gammaAcc                                 0x200003d0   Data           4  alt_fushion.o(.data)
    gammaBiasAcc                             0x200003d4   Data           4  alt_fushion.o(.data)
    sonar_weight                             0x2000040c   Data           4  anotc_baro_ctrl.o(.data)
    k_w_bmp                                  0x20000410   Data           4  anotc_baro_ctrl.o(.data)
    bmp_w                                    0x20000414   Data           4  anotc_baro_ctrl.o(.data)
    wz_speed                                 0x20000418   Data           4  anotc_baro_ctrl.o(.data)
    baro_com_val                             0x2000041c   Data           4  anotc_baro_ctrl.o(.data)
    fast_atan_table                          0x20000420   Data        1028  mymath.o(.data)
    ACC_HIGHPASS_TAU                         0x20000824   Data           4  filter.o(.data)
    ACC_LOWPASS_TAU                          0x20000828   Data           4  filter.o(.data)
    ACC_LOWPASS_SAMPLE_TIME                  0x2000082c   Data           4  filter.o(.data)
    ACC_LOWPASS_A                            0x20000830   Data           4  filter.o(.data)
    ACC_LOWPASS_GX1                          0x20000834   Data           4  filter.o(.data)
    ACC_LOWPASS_GX2                          0x20000838   Data           4  filter.o(.data)
    ACC_LOWPASS_GX3                          0x2000083c   Data           4  filter.o(.data)
    BARO_LOWPASS_TAU                         0x20000840   Data           4  filter.o(.data)
    BARO_LOWPASS_SAMPLE_TIME                 0x20000844   Data           4  filter.o(.data)
    BARO_LOWPASS_A                           0x20000848   Data           4  filter.o(.data)
    BARO_LOWPASS_GX1                         0x2000084c   Data           4  filter.o(.data)
    BARO_LOWPASS_GX2                         0x20000850   Data           4  filter.o(.data)
    BARO_LOWPASS_GX3                         0x20000854   Data           4  filter.o(.data)
    FLOW_LOWPASS_TAU                         0x20000858   Data           4  filter.o(.data)
    FLOW_LOWPASS_SAMPLE_TIME                 0x2000085c   Data           4  filter.o(.data)
    FLOW_LOWPASS_A                           0x20000860   Data           4  filter.o(.data)
    FLOW_LOWPASS_GX1                         0x20000864   Data           4  filter.o(.data)
    FLOW_LOWPASS_GX2                         0x20000868   Data           4  filter.o(.data)
    FLOW_LOWPASS_GX3                         0x2000086c   Data           4  filter.o(.data)
    inner_set                                0x20000880   Data           4  ctrl.o(.data)
    en_h_inf                                 0x20000884   Data           1  ctrl.o(.data)
    k_rc_gyro_spd                            0x20000888   Data           4  ctrl.o(.data)
    thr_view                                 0x2000088c   Data           4  ctrl.o(.data)
    thr_value                                0x20000890   Data           4  ctrl.o(.data)
    Thr_Low                                  0x20000894   Data           1  ctrl.o(.data)
    Thr_Weight                               0x20000898   Data           4  ctrl.o(.data)
    force_Thr_low                            0x2000089c   Data           1  ctrl.o(.data)
    cnt_for_low                              0x2000089e   Data           2  ctrl.o(.data)
    motor_out                                0x200008a0   Data           8  ctrl.o(.data)
    height_ctrl_mode                         0x200008b8   Data           1  height_ctrl.o(.data)
    ultra_distance                           0x200008bc   Data           4  height_ctrl.o(.data)
    exp_height                               0x200008c0   Data           4  height_ctrl.o(.data)
    set_height_e                             0x200008c4   Data           4  height_ctrl.o(.data)
    set_height_em                            0x200008c8   Data           4  height_ctrl.o(.data)
    set_speed_t                              0x200008cc   Data           4  height_ctrl.o(.data)
    set_speed                                0x200008d0   Data           4  height_ctrl.o(.data)
    exp_speed                                0x200008d4   Data           4  height_ctrl.o(.data)
    fb_speed                                 0x200008d8   Data           4  height_ctrl.o(.data)
    exp_acc                                  0x200008dc   Data           4  height_ctrl.o(.data)
    fb_acc                                   0x200008e0   Data           4  height_ctrl.o(.data)
    fb_speed_old                             0x200008e4   Data           4  height_ctrl.o(.data)
    rng_time1                                0x200008e8   Data           4  height_ctrl.o(.data)
    HOLD_THR                                 0x200008ec   Data           4  height_ctrl.o(.data)
    ALT_HOLD_THR_RANGE_SCALE                 0x200008f0   Data           4  height_ctrl.o(.data)
    exp_spd_zv                               0x200008f4   Data           4  height_ctrl.o(.data)
    thr_use                                  0x200008f8   Data           4  height_ctrl.o(.data)
    thr_in_view                              0x200008fc   Data           4  height_ctrl.o(.data)
    exp_height_speed                         0x20000900   Data           4  height_ctrl.o(.data)
    exp_height_speed_safe                    0x20000904   Data           4  height_ctrl.o(.data)
    exp_height_safe                          0x20000908   Data           4  height_ctrl.o(.data)
    ultra_speed                              0x2000090c   Data           4  height_ctrl.o(.data)
    ultra_speed_safe                         0x20000910   Data           4  height_ctrl.o(.data)
    ultra_dis_lpf                            0x20000914   Data           4  height_ctrl.o(.data)
    ultra_dis_lpf_safe                       0x20000918   Data           4  height_ctrl.o(.data)
    ultra_ctrl_out_safe                      0x2000091c   Data           4  height_ctrl.o(.data)
    ultra_ctrl_out                           0x20000920   Data           4  height_ctrl.o(.data)
    ultra_ctrl_out_use                       0x20000924   Data           4  height_ctrl.o(.data)
    baro_speed_ano                           0x20000928   Data           4  height_ctrl.o(.data)
    height_ctrl_out                          0x2000092c   Data           4  height_ctrl.o(.data)
    wz_acc                                   0x20000930   Data           4  height_ctrl.o(.data)
    adrc_out                                 0x20000934   Data           4  height_ctrl.o(.data)
    baro_cnt                                 0x20000938   Data           4  height_ctrl.o(.data)
    switch_r                                 0x2000093c   Data           1  height_ctrl.o(.data)
    wz_acc_ukf                               0x20000940   Data           4  height_ctrl.o(.data)
    sonar_spd                                0x20000944   Data           4  height_ctrl.o(.data)
    BARO_HIHG_NUM                            0x20000948   Data           1  height_ctrl.o(.data)
    baro_h_cnt                               0x2000094a   Data           4  height_ctrl.o(.data)
    baro_h_cnt1                              0x2000094e   Data           4  height_ctrl.o(.data)
    k_temp                                   0x20000954   Data           4  height_ctrl.o(.data)
    hs_ctrl_cnt_max                          0x20000958   Data           2  height_ctrl.o(.data)
    hold_alt_flag                            0x2000095a   Data           1  height_ctrl.o(.data)
    out_timer_high                           0x2000095c   Data           4  height_ctrl.o(.data)
    in_timer_high                            0x20000960   Data           4  height_ctrl.o(.data)
    baro_only_move                           0x20000964   Data           4  height_ctrl.o(.data)
    baro_only_move_flt                       0x20000968   Data           4  height_ctrl.o(.data)
    ano_temp                                 0x2000096c   Data           4  height_ctrl.o(.data)
    k_acc_ukf                                0x20000970   Data           4  height_ctrl.o(.data)
    mid_usp                                  0x20000974   Data           1  height_ctrl.o(.data)
    EN_TUO_ACC_FIX_H                         0x20000975   Data           1  height_ctrl.o(.data)
    off_inner                                0x20000978   Data           4  height_ctrl.o(.data)
    wz_acc_ukf1                              0x2000097c   Data           4  height_ctrl.o(.data)
    wz_acc1                                  0x20000980   Data           4  height_ctrl.o(.data)
    ultra_speed_bmp                          0x20000984   Data           4  height_ctrl.o(.data)
    tilted_fix1                              0x20000988   Data           4  height_ctrl.o(.data)
    k_flt_z_spd                              0x2000098c   Data           4  height_ctrl.o(.data)
    k_d                                      0x20000990   Data           4  height_ctrl.o(.data)
    p1                                       0x20000994   Data           4  height_ctrl.o(.data)
    p2                                       0x20000998   Data           4  height_ctrl.o(.data)
    speed_ctrl_sel                           0x2000099c   Data           1  height_ctrl.o(.data)
    speed_spd_sel                            0x2000099d   Data           1  height_ctrl.o(.data)
    wz_speed_old                             0x200009a0   Data           4  height_ctrl.o(.data)
    wz_acc_mms2                              0x200009a4   Data           4  height_ctrl.o(.data)
    height_thrv                              0x200009a8   Data           4  height_ctrl.o(.data)
    wz_speed_pid_v_view                      0x200009ac   Data           4  height_ctrl.o(.data)
    wz_speed_pid_v_view_eso                  0x200009b0   Data           4  height_ctrl.o(.data)
    d_view                                   0x200009b4   Data           4  height_ctrl.o(.data)
    ero_view                                 0x200009b8   Data           8  height_ctrl.o(.data)
    H_INT_REG                                0x200009c0   Data           4  height_ctrl.o(.data)
    int_save                                 0x200009c4   Data           1  height_ctrl.o(.data)
    baro_ctrl_start                          0x200009c5   Data           1  height_ctrl.o(.data)
    k_flt_pos_z                              0x200009c8   Data           4  height_ctrl.o(.data)
    baro_height                              0x200009cc   Data           4  height_ctrl.o(.data)
    ultra_sp_test                            0x200009d0   Data           8  height_ctrl.o(.data)
    k_dh                                     0x200009d8   Data           4  height_ctrl.o(.data)
    nav_circle                               0x20000a2c   Data           8  pos_ctrl.o(.data)
    nav_circle_last                          0x20000a34   Data           8  pos_ctrl.o(.data)
    circle_check                             0x20000a3c   Data           4  pos_ctrl.o(.data)
    circle_lfp                               0x20000a40   Data           4  pos_ctrl.o(.data)
    k_back_step                              0x20000a44   Data           4  pos_ctrl.o(.data)
    nav                                      0x20000a48   Data           8  pos_ctrl.o(.data)
    GPS_angle                                0x20000a50   Data           8  pos_ctrl.o(.data)
    target_position                          0x20000a58   Data           8  pos_ctrl.o(.data)
    now_position                             0x20000a60   Data           8  pos_ctrl.o(.data)
    actual_speed                             0x20000a68   Data           8  pos_ctrl.o(.data)
    tar_speed                                0x20000a70   Data           8  pos_ctrl.o(.data)
    tar_speed_avoidc                         0x20000a78   Data           8  pos_ctrl.o(.data)
    d_flow_watch                             0x20000a80   Data           8  pos_ctrl.o(.data)
    integrator                               0x20000a88   Data           8  pos_ctrl.o(.data)
    k_break                                  0x20000a90   Data           4  pos_ctrl.o(.data)
    k_flt_break                              0x20000a94   Data           4  pos_ctrl.o(.data)
    cnt_sb_sample_max                        0x20000a98   Data           1  pos_ctrl.o(.data)
    scale_flow_rc                            0x20000a9c   Data           4  pos_ctrl.o(.data)
    r_circle                                 0x20000aa0   Data           4  pos_ctrl.o(.data)
    d_angle                                  0x20000aa4   Data           4  pos_ctrl.o(.data)
    circle_angle                             0x20000aa8   Data           4  pos_ctrl.o(.data)
    exp_center_cycle                         0x20000aac   Data          20  pos_ctrl.o(.data)
    line_test_num                            0x20000ac0   Data           2  pos_ctrl.o(.data)
    tan_test_num                             0x20000ac2   Data           4  pos_ctrl.o(.data)
    pos_exp_test                             0x20000ac6   Data           1  pos_ctrl.o(.data)
    yaw_qr_off                               0x20000ac8   Data           4  pos_ctrl.o(.data)
    out_timer_nav                            0x20000acc   Data           4  pos_ctrl.o(.data)
    in_timer_nav                             0x20000ad0   Data           4  pos_ctrl.o(.data)
    mode_change                              0x20000ad4   Data           1  pos_ctrl.o(.data)
    state_v                                  0x20000ad5   Data           1  pos_ctrl.o(.data)
    force_pass                               0x20000ad6   Data           1  pos_ctrl.o(.data)
    AUTO_UP_CUARVE                           0x20000ad8   Data          18  pos_ctrl.o(.data)
    AUTO_DOWN_CUARVE                         0x20000aea   Data          12  pos_ctrl.o(.data)
    AUTO_DOWN_CUARVE1                        0x20000af6   Data          12  pos_ctrl.o(.data)
    dt_flow_rx                               0x20000b54   Data           4  usart.o(.data)
    data_rate_gol_link                       0x20000b58   Data           2  usart.o(.data)
    LOCK                                     0x20000b5a   Data           1  usart.o(.data)
    KEY                                      0x20000b5b   Data           8  usart.o(.data)
    KEY_SEL                                  0x20000b63   Data           4  usart.o(.data)
    NAV_BOARD_CONNECT                        0x20000b67   Data           1  usart.o(.data)
    imu_loss_cnt                             0x20000b68   Data           4  usart.o(.data)
    baro_matlab_data                         0x20000b6c   Data           8  usart.o(.data)
    POS_UKF_X                                0x20000b74   Data           4  usart.o(.data)
    POS_UKF_Y                                0x20000b78   Data           4  usart.o(.data)
    VEL_UKF_X                                0x20000b7c   Data           4  usart.o(.data)
    VEL_UKF_Y                                0x20000b80   Data           4  usart.o(.data)
    k_scale_pix                              0x20000b84   Data           4  usart.o(.data)
    pos_kf_state                             0x20000b88   Data           3  usart.o(.data)
    m100_connect                             0x20000b8b   Data           1  usart.o(.data)
    TxCounter                                0x20000b8c   Data           1  usart.o(.data)
    count                                    0x20000b8d   Data           1  usart.o(.data)
    RxState                                  0x20000b8e   Data           1  usart.o(.data)
    RxBufferNum                              0x20000b8f   Data           1  usart.o(.data)
    RxBufferCnt                              0x20000b90   Data           1  usart.o(.data)
    RxLen                                    0x20000b91   Data           1  usart.o(.data)
    com_data                                 0x20000b92   Data           1  usart.o(.data)
    PWM_DJI                                  0x20000b96   Data           8  usart.o(.data)
    TxCounter5                               0x20000b9e   Data           1  usart.o(.data)
    count5                                   0x20000b9f   Data           1  usart.o(.data)
    RxState5                                 0x20000ba0   Data           1  usart.o(.data)
    RxBufferNum5                             0x20000ba1   Data           1  usart.o(.data)
    RxBufferCnt5                             0x20000ba2   Data           1  usart.o(.data)
    RxLen5                                   0x20000ba3   Data           1  usart.o(.data)
    BLE_UP1                                  0x20000ba6   Data          20  usart.o(.data)
    BLE_TEST                                 0x20000bba   Data          20  usart.o(.data)
    BLE_BAUD                                 0x20000bce   Data          20  usart.o(.data)
    BLE_RENEW                                0x20000be2   Data          20  usart.o(.data)
    BLE_RATE                                 0x20000bf6   Data          20  usart.o(.data)
    SET_PIN                                  0x20000c0a   Data          20  usart.o(.data)
    app_connect_fc_loss                      0x20000c20   Data           4  usart.o(.data)
    app_connect_fc                           0x20000c24   Data           1  usart.o(.data)
    lock_tx                                  0x20000c25   Data           1  usart.o(.data)
    RxState_app                              0x20000c26   Data           1  usart.o(.data)
    RxBufferNum_app                          0x20000c27   Data           1  usart.o(.data)
    RxBufferCnt_app                          0x20000c28   Data           1  usart.o(.data)
    RxLen_app                                0x20000c29   Data           1  usart.o(.data)
    time_rc                                  0x20000c2c   Data           4  usart.o(.data)
    rc_board_connect                         0x20000c30   Data           1  usart.o(.data)
    rc_board_connect_lose_cnt                0x20000c32   Data           2  usart.o(.data)
    RxState4                                 0x20000c34   Data           1  usart.o(.data)
    RxBufferNum4                             0x20000c35   Data           1  usart.o(.data)
    RxBufferCnt4                             0x20000c36   Data           1  usart.o(.data)
    RxLen4                                   0x20000c37   Data           1  usart.o(.data)
    rate_gps_board                           0x20000c3c   Data           4  usart.o(.data)
    RxState3                                 0x20000c40   Data           1  usart.o(.data)
    RxBufferNum3                             0x20000c41   Data           1  usart.o(.data)
    RxBufferCnt3                             0x20000c42   Data           1  usart.o(.data)
    RxLen3                                   0x20000c43   Data           1  usart.o(.data)
    Angle_Yun                                0x20000c48   Data           8  usart.o(.data)
    SendBuff1_cnt                            0x20000c50   Data           1  usart.o(.data)
    nrf_uart_cnt                             0x20000c52   Data           2  usart.o(.data)
    sd_pub_sel                               0x20000c54   Data           1  usart.o(.data)
    checkdata_to_send                        0x20000c7c   Data           1  data_transfer.o(.data)
    checksum_to_send                         0x20000c7d   Data           1  data_transfer.o(.data)
    fly_mode                                 0x20000c7e   Data           1  data_transfer.o(.data)
    off_flow_pos                             0x20000c80   Data           8  data_transfer.o(.data)
    flash_save_en_cnt                        0x20000c88   Data           2  data_transfer.o(.data)
    acc_3d_calibrate_f                       0x20000c8a   Data           1  data_transfer.o(.data)
    acc_3d_step                              0x20000c8b   Data           1  data_transfer.o(.data)
    CH_in_Mapping                            0x20000ca4   Data           8  rc.o(.data)
    rc_lose                                  0x20000cac   Data           1  rc.o(.data)
    NS                                       0x20000cad   Data           1  rc.o(.data)
    CH_Error                                 0x20000cae   Data           8  rc.o(.data)
    NS_cnt                                   0x20000cb6   Data           2  rc.o(.data)
    MAX_CH                                   0x20000cb8   Data          16  rc.o(.data)
    MIN_CH                                   0x20000cc8   Data          16  rc.o(.data)
    CH_DIR                                   0x20000cd8   Data           8  rc.o(.data)
    filter_A                                 0x20000ce0   Data           4  rc.o(.data)
    fly_ready                                0x20000ce4   Data           1  rc.o(.data)
    thr_stick_low                            0x20000ce5   Data           1  rc.o(.data)
    ready_cnt                                0x20000ce6   Data           2  rc.o(.data)
    mag_cali_cnt                             0x20000ce8   Data           2  rc.o(.data)
    locked_cnt                               0x20000cea   Data           2  rc.o(.data)
    mpu6050_ok                               0x20000cec   Data           1  mpu6050.o(.data)
    sum_temp_att                             0x20000cf0   Data           8  mpu6050.o(.data)
    acc_sum_cnt                              0x20000cf8   Data           2  mpu6050.o(.data)
    acc_sum_cnt_3d                           0x20000cfa   Data           2  mpu6050.o(.data)
    acc_smple_cnt_3d                         0x20000cfc   Data           2  mpu6050.o(.data)
    gyro_sum_cnt                             0x20000cfe   Data           2  mpu6050.o(.data)
    filter_cnt                               0x20000d00   Data           1  mpu6050.o(.data)
    filter_cnt_old                           0x20000d01   Data           1  mpu6050.o(.data)
    test_ang                                 0x20000d04   Data           4  mpu6050.o(.data)
    test_ang_old                             0x20000d08   Data           4  mpu6050.o(.data)
    test_ang_d                               0x20000d0c   Data           4  mpu6050.o(.data)
    test_fli_a                               0x20000d10   Data           4  mpu6050.o(.data)
    test_i                                   0x20000d14   Data           4  mpu6050.o(.data)
    ak8975                                   0x20000d20   Data          48  ak8975.o(.data)
    ak8975_fc                                0x20000d50   Data          48  ak8975.o(.data)
    ak8975_ok                                0x20000dd0   Data           1  ak8975.o(.data)
    hml_fix                                  0x20000dd1   Data           1  ak8975.o(.data)
    Mag_CALIBRATED                           0x20000dd2   Data           1  ak8975.o(.data)
    Mag_CALIBRATED_R                         0x20000dd3   Data           1  ak8975.o(.data)
    HMC5883_lastx                            0x20000dd4   Data           4  ak8975.o(.data)
    HMC5883_lasty                            0x20000dd8   Data           4  ak8975.o(.data)
    HMC5883_lastz                            0x20000ddc   Data           4  ak8975.o(.data)
    HMC5883_maxx                             0x20000de0   Data           2  ak8975.o(.data)
    HMC5883_maxy                             0x20000de2   Data           2  ak8975.o(.data)
    HMC5883_maxz                             0x20000de4   Data           2  ak8975.o(.data)
    HMC5883_minx                             0x20000de6   Data           2  ak8975.o(.data)
    HMC5883_miny                             0x20000de8   Data           2  ak8975.o(.data)
    HMC5883_minz                             0x20000dea   Data           2  ak8975.o(.data)
    MS5611_Temperature                       0x20000e20   Data           4  bmp.o(.data)
    MS5611_Pressure                          0x20000e24   Data           4  bmp.o(.data)
    MS5611_Altitude                          0x20000e28   Data           4  bmp.o(.data)
    MS5611_VerticalSpeed                     0x20000e2c   Data           4  bmp.o(.data)
    baro_alt_speed_ano                       0x20000e30   Data           4  bmp.o(.data)
    baroAlt                                  0x20000e34   Data           4  bmp.o(.data)
    baroAlt_fc                               0x20000e38   Data           4  bmp.o(.data)
    baro_set                                 0x20000e3c   Data           1  bmp.o(.data)
    paOffsetNum                              0x20000e58   Data           8  bmp.o(.data)
    paInitCnt                                0x20000e60   Data           2  bmp.o(.data)
    paOffsetInited                           0x20000e62   Data           1  bmp.o(.data)
    Baro_ALT_Updated                         0x20000e63   Data           1  bmp.o(.data)
    MS5611_Delay_us                          0x20000e64   Data          36  bmp.o(.data)
    for_fly_ready                            0x20000e8a   Data           1  bmp.o(.data)
    angle_baro                               0x20000e8c   Data           4  bmp.o(.data)
    baro_height_old                          0x20000e90   Data           4  bmp.o(.data)
    baro_Offset                              0x20000e94   Data           4  bmp.o(.data)
    ms5611_ut                                0x20000e98   Data           4  bmp.o(.data)
    ms5611_up                                0x20000e9c   Data           4  bmp.o(.data)
    t_rxbuf                                  0x20000ea0   Data           3  bmp.o(.data)
    p_rxbuf                                  0x20000ea3   Data           3  bmp.o(.data)
    ms5611_ok                                0x20000ea6   Data           1  bmp.o(.data)
    temperature_5611                         0x20000ea8   Data           4  bmp.o(.data)
    moavcnt                                  0x20000eac   Data           2  bmp.o(.data)
    ultra_start_f                            0x20000ecc   Data           1  ultrasonic.o(.data)
    ultra_distance_old                       0x20000ece   Data           2  ultrasonic.o(.data)
    measure_num                              0x20000ed0   Data           1  ultrasonic.o(.data)
    flt_eso                                  0x20000edc   Data           4  eso.o(.data)
    np                                       0x20000ee0   Data           4  eso.o(.data)
    L1                                       0x20000ee4   Data           4  eso.o(.data)
    Rc_Pwm_In                                0x20000f1c   Data          16  scheduler.o(.bss)
    loop                                     0x20000f2c   Data          16  scheduler.o(.bss)
    test                                     0x20000f3c   Data          20  scheduler.o(.bss)
    sensor_setup                             0x20000f50   Data          64  parameter.o(.bss)
    pid_setup                                0x20000f90   Data         192  parameter.o(.bss)
    mode_value                               0x20001050   Data          10  fly_mode.o(.bss)
    mode                                     0x2000105a   Data          86  fly_mode.o(.bss)
    aux                                      0x200010b0   Data          44  pwm_out.o(.bss)
    FLASH_READ_BUF                           0x200010dc   Data         100  flash.o(.bss)
    FLASH_Buffer                             0x20001140   Data         100  flash.o(.bss)
    Cycle_T                                  0x200011a4   Data         360  time.o(.bss)
    buf1                                     0x2000130c   Data          10  spi.o(.bss)
    reference_v                              0x20001318   Data          12  imu.o(.bss)
    ref                                      0x20001324   Data          60  imu.o(.bss)
    reference_vr_imd_down                    0x20001360   Data          12  imu.o(.bss)
    reference_vr                             0x2000136c   Data          12  imu.o(.bss)
    q_nav                                    0x20001378   Data          16  imu.o(.bss)
    ref_q_imd_down                           0x20001388   Data          16  imu.o(.bss)
    mag_sim_3d                               0x20001398   Data          12  imu.o(.bss)
    acc_3d_hg                                0x200013a4   Data          12  imu.o(.bss)
    acc_ng                                   0x200013b0   Data          12  imu.o(.bss)
    acc_ng_offset                            0x200013bc   Data          12  imu.o(.bss)
    reference_vr_imd_down_fc                 0x200013c8   Data          12  imu.o(.bss)
    X_ukf_baro                               0x200013e0   Data          24  alt_fushion.o(.bss)
    X_ukf_barob                              0x200013f8   Data          32  alt_fushion.o(.bss)
    X_kf_baro                                0x20001418   Data          24  alt_fushion.o(.bss)
    state_correct_baro                       0x20001430   Data          48  alt_fushion.o(.bss)
    X_kf_baro_bmp                            0x20001460   Data          24  alt_fushion.o(.bss)
    acc_body                                 0x20001478   Data          12  alt_fushion.o(.bss)
    acc_bias                                 0x20001484   Data          12  alt_fushion.o(.bss)
    accel_bias_corr                          0x20001490   Data          12  alt_fushion.o(.bss)
    eso_h_acc                                0x2000149c   Data         144  alt_fushion.o(.bss)
    eso_h_spd                                0x2000152c   Data         144  alt_fushion.o(.bss)
    sonar                                    0x200016b4   Data          24  anotc_baro_ctrl.o(.bss)
    sonar_fusion                             0x200016cc   Data          68  anotc_baro_ctrl.o(.bss)
    baro_p                                   0x20001710   Data          24  anotc_baro_ctrl.o(.bss)
    baro_fusion                              0x20001728   Data          68  anotc_baro_ctrl.o(.bss)
    firstOrderFilters                        0x20001778   Data         400  filter.o(.bss)
    e_R                                      0x20001908   Data          12  quar.o(.bss)
    exp_angle                                0x20001914   Data          12  quar.o(.bss)
    ero_angle_px4                            0x20001920   Data          16  quar.o(.bss)
    angle_now                                0x20001930   Data          12  quar.o(.bss)
    Q_control                                0x2000193c   Data          32  quar.o(.bss)
    R_control_set                            0x2000195c   Data          36  quar.o(.bss)
    R_control_ero                            0x20001980   Data          36  quar.o(.bss)
    R_control_now                            0x200019a4   Data          36  quar.o(.bss)
    R_control_now_t                          0x200019c8   Data          36  quar.o(.bss)
    ctrl_1                                   0x200019ec   Data         196  ctrl.o(.bss)
    ctrl_2                                   0x20001ab0   Data         196  ctrl.o(.bss)
    except_A                                 0x20001b74   Data          12  ctrl.o(.bss)
    ctrl_angle_offset                        0x20001b80   Data          12  ctrl.o(.bss)
    compensation                             0x20001b8c   Data          12  ctrl.o(.bss)
    except_AS                                0x20001b98   Data          12  ctrl.o(.bss)
    g_old                                    0x20001ba4   Data          28  ctrl.o(.bss)
    motor                                    0x20001bc0   Data          16  ctrl.o(.bss)
    posture_value                            0x20001bd0   Data          16  ctrl.o(.bss)
    curve                                    0x20001be0   Data          16  ctrl.o(.bss)
    hc_value                                 0x20001bf0   Data          24  height_ctrl.o(.bss)
    wz_speed_pid_v                           0x20001c08   Data          36  height_ctrl.o(.bss)
    wz_speed_pid_v_safe                      0x20001c2c   Data          36  height_ctrl.o(.bss)
    wz_speed_pid_v_eso                       0x20001c50   Data          36  height_ctrl.o(.bss)
    ultra_ctrl                               0x20001c74   Data          36  height_ctrl.o(.bss)
    ultra_ctrl_safe                          0x20001c98   Data          36  height_ctrl.o(.bss)
    wz_speed_pid                             0x20001cbc   Data          16  height_ctrl.o(.bss)
    wz_speed_pid_safe                        0x20001ccc   Data          16  height_ctrl.o(.bss)
    wz_speed_pid_use                         0x20001cdc   Data          16  height_ctrl.o(.bss)
    ultra_pid_safe                           0x20001cec   Data          16  height_ctrl.o(.bss)
    ultra_pid                                0x20001cfc   Data          16  height_ctrl.o(.bss)
    ultra_pid_use                            0x20001d0c   Data          16  height_ctrl.o(.bss)
    baro_speed_arr                           0x20001d1c   Data         204  height_ctrl.o(.bss)
    baro_h_arr                               0x20001de8   Data         404  height_ctrl.o(.bss)
    baro_h_arr1                              0x20001f7c   Data         404  height_ctrl.o(.bss)
    circle                                   0x20002110   Data          92  pos_ctrl.o(.bss)
    track                                    0x2000216c   Data          92  pos_ctrl.o(.bss)
    marker                                   0x200021c8   Data          76  pos_ctrl.o(.bss)
    out_back_step                            0x20002214   Data          12  pos_ctrl.o(.bss)
    acc_temp                                 0x20002220   Data          12  pos_ctrl.o(.bss)
    nav_pos_pid                              0x2000222c   Data          28  pos_ctrl.o(.bss)
    nav_spd_pid                              0x20002248   Data          28  pos_ctrl.o(.bss)
    nav_acc_pid                              0x20002264   Data          28  pos_ctrl.o(.bss)
    nav_pos_ctrl                             0x20002280   Data          80  pos_ctrl.o(.bss)
    nav_spd_ctrl                             0x200022d0   Data          80  pos_ctrl.o(.bss)
    nav_acc_ctrl                             0x20002320   Data          80  pos_ctrl.o(.bss)
    DEBUG                                    0x20002384   Data         140  usart.o(.bss)
    BLE_DEBUG                                0x20002410   Data          32  usart.o(.bss)
    m100                                     0x20002430   Data         104  usart.o(.bss)
    color                                    0x20002498   Data          20  usart.o(.bss)
    HPID                                     0x200024ac   Data          18  usart.o(.bss)
    SPID                                     0x200024be   Data          18  usart.o(.bss)
    FIX_PID                                  0x200024d0   Data          18  usart.o(.bss)
    NAV_PID                                  0x200024e2   Data          18  usart.o(.bss)
    HPID_app                                 0x200024f4   Data          18  usart.o(.bss)
    SPID_app                                 0x20002506   Data          18  usart.o(.bss)
    FIX_PID_app                              0x20002518   Data          18  usart.o(.bss)
    NAV_PID_app                              0x2000252a   Data          18  usart.o(.bss)
    pid                                      0x2000253c   Data         320  usart.o(.bss)
    smart                                    0x2000267c   Data          52  usart.o(.bss)
    smart_in                                 0x200026b0   Data          52  usart.o(.bss)
    Rc_Get                                   0x200026e4   Data          26  usart.o(.bss)
    Rc_Get_PWM                               0x200026fe   Data          26  usart.o(.bss)
    plane                                    0x20002718   Data         116  usart.o(.bss)
    slam                                     0x2000278c   Data          20  usart.o(.bss)
    imu_nav                                  0x200027a0   Data         100  usart.o(.bss)
    flow_debug                               0x20002804   Data          40  usart.o(.bss)
    flow_matlab_data                         0x2000282c   Data          16  usart.o(.bss)
    uart_time                                0x2000283c   Data          40  usart.o(.bss)
    TxBuffer                                 0x20002864   Data         256  usart.o(.bss)
    Rx_Buf                                   0x20002964   Data         256  usart.o(.bss)
    RxBuffer                                 0x20002a64   Data          50  usart.o(.bss)
    imu_board                                0x20002a98   Data          20  usart.o(.bss)
    mark_map                                 0x20002aac   Data         200  usart.o(.bss)
    TxBuffer5                                0x20002b74   Data         256  usart.o(.bss)
    Rx_Buf5                                  0x20002c74   Data         256  usart.o(.bss)
    RxBuffer5                                0x20002d74   Data          50  usart.o(.bss)
    Rx_Buf_app                               0x20002da6   Data         256  usart.o(.bss)
    RxBuffer_app                             0x20002ea6   Data          50  usart.o(.bss)
    Rx_Buf4                                  0x20002ed8   Data         256  usart.o(.bss)
    RxBuffer4                                0x20002fd8   Data          50  usart.o(.bss)
    Rx_Buf3                                  0x2000300a   Data         256  usart.o(.bss)
    RxBuffer3                                0x2000310a   Data          50  usart.o(.bss)
    SendBuff1                                0x2000313c   Data          96  usart.o(.bss)
    SendBuff2                                0x2000319c   Data          40  usart.o(.bss)
    SendBuff3                                0x200031c4   Data          32  usart.o(.bss)
    SendBuff4                                0x200031e4   Data         192  usart.o(.bss)
    sd_save                                  0x200032a4   Data         300  usart.o(.bss)
    f                                        0x200033d0   Data          21  data_transfer.o(.bss)
    data_to_send                             0x200033e5   Data          50  data_transfer.o(.bss)
    RX_CH                                    0x20003454   Data          16  rc.o(.bss)
    CH                                       0x20003464   Data          16  rc.o(.bss)
    RX_CH_PWM                                0x20003474   Data          16  rc.o(.bss)
    RX_CH_FIX                                0x20003484   Data          16  rc.o(.bss)
    RX_CH_FIX_PWM                            0x20003494   Data          16  rc.o(.bss)
    CH_Old                                   0x200034a4   Data          32  rc.o(.bss)
    CH_filter                                0x200034c4   Data          32  rc.o(.bss)
    CH_filter_Old                            0x200034e4   Data          32  rc.o(.bss)
    CH_filter_D                              0x20003504   Data          32  rc.o(.bss)
    CLR_CH_Error                             0x20003524   Data          16  rc.o(.bss)
    mpu6050                                  0x20003544   Data         160  mpu6050.o(.bss)
    mpu6050_fc                               0x200035e4   Data         160  mpu6050.o(.bss)
    mpu6050_buffer                           0x20003684   Data          14  mpu6050.o(.bss)
    sum_temp                                 0x20003694   Data          28  mpu6050.o(.bss)
    sum_temp_3d                              0x200036b0   Data          28  mpu6050.o(.bss)
    FILT_BUF                                 0x200036cc   Data         154  mpu6050.o(.bss)
    mpu6050_tmp                              0x20003768   Data          28  mpu6050.o(.bss)
    mpu_fil_tmp                              0x20003784   Data          28  mpu6050.o(.bss)
    HMC5883_FIFO                             0x200038a0   Data          66  ak8975.o(.bss)
    baro                                     0x200038f0   Data          52  bmp.o(.bss)
    ms5611_prom                              0x20003de0   Data          16  bmp.o(.bss)
    mo_av_baro                               0x20003df0   Data          20  bmp.o(.bss)
    ultra                                    0x20003e04   Data          52  ultrasonic.o(.bss)
    Distance                                 0x20003e38   Data         100  ultrasonic.o(.bss)
    eso_att_outter_c                         0x20003ea8   Data         576  eso.o(.bss)
    eso_att_inner_c                          0x200040e8   Data         576  eso.o(.bss)
    eso_pos_spd                              0x20004328   Data         432  eso.o(.bss)
    eso_pos                                  0x200044d8   Data         432  eso.o(.bss)
    hml_lsq                                  0x20004688   Data         168  cycle_cal_oldx.o(.bss)
    __libspace_start                         0x20004730   Data          96  libspace.o(.bss)
    __temporary_stack_top$libspace           0x20004790   Data           0  libspace.o(.bss)



==============================================================================

Memory Map of the image

  Image Entry point : 0x08000189

  Load Region LR_IROM1 (Base: 0x08000000, Size: 0x00026dfc, Max: 0x00100000, ABSOLUTE, COMPRESSED[0x00026544])

    Execution Region ER_IROM1 (Base: 0x08000000, Size: 0x00025ee0, Max: 0x00100000, ABSOLUTE)

    Base Addr    Size         Type   Attr      Idx    E Section Name        Object

    0x08000000   0x00000188   Data   RO          810    RESET               startup_stm32f4xx.o
    0x08000188   0x00000008   Code   RO         1531  * !!!main             c_w.l(__main.o)
    0x08000190   0x00000034   Code   RO         1921    !!!scatter          c_w.l(__scatter.o)
    0x080001c4   0x0000005a   Code   RO         1919    !!dczerorl2         c_w.l(__dczerorl2.o)
    0x0800021e   0x00000002   PAD
    0x08000220   0x0000001c   Code   RO         1923    !!handler_zi        c_w.l(__scatter_zi.o)
    0x0800023c   0x00000002   Code   RO         1784    .ARM.Collect$$libinit$$00000000  c_w.l(libinit.o)
    0x0800023e   0x00000004   Code   RO         1793    .ARM.Collect$$libinit$$00000001  c_w.l(libinit2.o)
    0x08000242   0x00000000   Code   RO         1796    .ARM.Collect$$libinit$$00000004  c_w.l(libinit2.o)
    0x08000242   0x00000000   Code   RO         1799    .ARM.Collect$$libinit$$0000000A  c_w.l(libinit2.o)
    0x08000242   0x00000000   Code   RO         1801    .ARM.Collect$$libinit$$0000000C  c_w.l(libinit2.o)
    0x08000242   0x00000000   Code   RO         1803    .ARM.Collect$$libinit$$0000000E  c_w.l(libinit2.o)
    0x08000242   0x00000000   Code   RO         1806    .ARM.Collect$$libinit$$00000011  c_w.l(libinit2.o)
    0x08000242   0x00000000   Code   RO         1808    .ARM.Collect$$libinit$$00000013  c_w.l(libinit2.o)
    0x08000242   0x00000000   Code   RO         1810    .ARM.Collect$$libinit$$00000015  c_w.l(libinit2.o)
    0x08000242   0x00000000   Code   RO         1812    .ARM.Collect$$libinit$$00000017  c_w.l(libinit2.o)
    0x08000242   0x00000000   Code   RO         1814    .ARM.Collect$$libinit$$00000019  c_w.l(libinit2.o)
    0x08000242   0x00000000   Code   RO         1816    .ARM.Collect$$libinit$$0000001B  c_w.l(libinit2.o)
    0x08000242   0x00000000   Code   RO         1818    .ARM.Collect$$libinit$$0000001D  c_w.l(libinit2.o)
    0x08000242   0x00000000   Code   RO         1820    .ARM.Collect$$libinit$$0000001F  c_w.l(libinit2.o)
    0x08000242   0x00000000   Code   RO         1822    .ARM.Collect$$libinit$$00000021  c_w.l(libinit2.o)
    0x08000242   0x00000000   Code   RO         1824    .ARM.Collect$$libinit$$00000023  c_w.l(libinit2.o)
    0x08000242   0x00000000   Code   RO         1826    .ARM.Collect$$libinit$$00000025  c_w.l(libinit2.o)
    0x08000242   0x00000000   Code   RO         1830    .ARM.Collect$$libinit$$0000002C  c_w.l(libinit2.o)
    0x08000242   0x00000000   Code   RO         1832    .ARM.Collect$$libinit$$0000002E  c_w.l(libinit2.o)
    0x08000242   0x00000000   Code   RO         1834    .ARM.Collect$$libinit$$00000030  c_w.l(libinit2.o)
    0x08000242   0x00000000   Code   RO         1836    .ARM.Collect$$libinit$$00000032  c_w.l(libinit2.o)
    0x08000242   0x00000002   Code   RO         1837    .ARM.Collect$$libinit$$00000033  c_w.l(libinit2.o)
    0x08000244   0x00000002   Code   RO         1869    .ARM.Collect$$libshutdown$$00000000  c_w.l(libshutdown.o)
    0x08000246   0x00000000   Code   RO         1886    .ARM.Collect$$libshutdown$$00000002  c_w.l(libshutdown2.o)
    0x08000246   0x00000000   Code   RO         1888    .ARM.Collect$$libshutdown$$00000004  c_w.l(libshutdown2.o)
    0x08000246   0x00000000   Code   RO         1891    .ARM.Collect$$libshutdown$$00000007  c_w.l(libshutdown2.o)
    0x08000246   0x00000000   Code   RO         1894    .ARM.Collect$$libshutdown$$0000000A  c_w.l(libshutdown2.o)
    0x08000246   0x00000000   Code   RO         1896    .ARM.Collect$$libshutdown$$0000000C  c_w.l(libshutdown2.o)
    0x08000246   0x00000000   Code   RO         1899    .ARM.Collect$$libshutdown$$0000000F  c_w.l(libshutdown2.o)
    0x08000246   0x00000002   Code   RO         1900    .ARM.Collect$$libshutdown$$00000010  c_w.l(libshutdown2.o)
    0x08000248   0x00000000   Code   RO         1673    .ARM.Collect$$rtentry$$00000000  c_w.l(__rtentry.o)
    0x08000248   0x00000000   Code   RO         1745    .ARM.Collect$$rtentry$$00000002  c_w.l(__rtentry2.o)
    0x08000248   0x00000006   Code   RO         1757    .ARM.Collect$$rtentry$$00000004  c_w.l(__rtentry4.o)
    0x0800024e   0x00000000   Code   RO         1747    .ARM.Collect$$rtentry$$00000009  c_w.l(__rtentry2.o)
    0x0800024e   0x00000004   Code   RO         1748    .ARM.Collect$$rtentry$$0000000A  c_w.l(__rtentry2.o)
    0x08000252   0x00000000   Code   RO         1750    .ARM.Collect$$rtentry$$0000000C  c_w.l(__rtentry2.o)
    0x08000252   0x00000008   Code   RO         1751    .ARM.Collect$$rtentry$$0000000D  c_w.l(__rtentry2.o)
    0x0800025a   0x00000002   Code   RO         1787    .ARM.Collect$$rtexit$$00000000  c_w.l(rtexit.o)
    0x0800025c   0x00000000   Code   RO         1841    .ARM.Collect$$rtexit$$00000002  c_w.l(rtexit2.o)
    0x0800025c   0x00000004   Code   RO         1842    .ARM.Collect$$rtexit$$00000003  c_w.l(rtexit2.o)
    0x08000260   0x00000006   Code   RO         1843    .ARM.Collect$$rtexit$$00000004  c_w.l(rtexit2.o)
    0x08000266   0x00000002   PAD
    0x08000268   0x000016c8   Code   RO            2    .text               scheduler.o
    0x08001930   0x00000130   Code   RO          218    .text               init.o
    0x08001a60   0x00000570   Code   RO          266    .text               parameter.o
    0x08001fd0   0x000000e8   Code   RO          319    .text               fly_mode.o
    0x080020b8   0x00000014   Code   RO          346    .text               main.o
    0x080020cc   0x00000028   Code   RO          369    .text               stm32f4xx_it.o
    0x080020f4   0x00000604   Code   RO          385    .text               pwm_out.o
    0x080026f8   0x00000d20   Code   RO          456    .text               flash.o
    0x08003418   0x00000424   Code   RO          480    .text               iic_hml.o
    0x0800383c   0x000003a8   Code   RO          499    .text               i2c_soft.o
    0x08003be4   0x0000006c   Code   RO          525    .text               led.o
    0x08003c50   0x000002dc   Code   RO          546    .text               time.o
    0x08003f2c   0x000001c4   Code   RO          573    .text               spi.o
    0x080040f0   0x000000e0   Code   RO          593    .text               misc.o
    0x080041d0   0x000003a8   Code   RO          625    .text               stm32f4xx_dma.o
    0x08004578   0x000004bc   Code   RO          657    .text               stm32f4xx_flash.o
    0x08004a34   0x0000025c   Code   RO          673    .text               stm32f4xx_gpio.o
    0x08004c90   0x00000588   Code   RO          705    .text               stm32f4xx_rcc.o
    0x08005218   0x000003f8   Code   RO          723    .text               stm32f4xx_spi.o
    0x08005610   0x00000ca2   Code   RO          755    .text               stm32f4xx_tim.o
    0x080062b2   0x00000002   PAD
    0x080062b4   0x0000041a   Code   RO          771    .text               stm32f4xx_usart.o
    0x080066ce   0x00000002   PAD
    0x080066d0   0x00000210   Code   RO          787    .text               system_stm32f4xx.o
    0x080068e0   0x00000040   Code   RO          811    .text               startup_stm32f4xx.o
    0x08006920   0x00000bdc   Code   RO          816    .text               imu.o
    0x080074fc   0x00001230   Code   RO          852    .text               alt_fushion.o
    0x0800872c   0x00000c6c   Code   RO          897    .text               anotc_baro_ctrl.o
    0x08009398   0x00000910   Code   RO          928    .text               mymath.o
    0x08009ca8   0x0000085c   Code   RO          947    .text               filter.o
    0x0800a504   0x00000c60   Code   RO          985    .text               quar.o
    0x0800b164   0x00001fc8   Code   RO         1075    .text               ctrl.o
    0x0800d12c   0x00002110   Code   RO         1098    .text               height_ctrl.o
    0x0800f23c   0x00003a70   Code   RO         1122    .text               pos_ctrl.o
    0x08012cac   0x0000849c   Code   RO         1147    .text               usart.o
    0x0801b148   0x0000297c   Code   RO         1210    .text               data_transfer.o
    0x0801dac4   0x0000066c   Code   RO         1235    .text               rc.o
    0x0801e130   0x000000e8   Code   RO         1262    .text               dma.o
    0x0801e218   0x00000f38   Code   RO         1278    .text               mpu6050.o
    0x0801f150   0x0000092c   Code   RO         1305    .text               ak8975.o
    0x0801fa7c   0x00000b5c   Code   RO         1336    .text               bmp.o
    0x080205d8   0x000003b8   Code   RO         1366    .text               ultrasonic.o
    0x08020990   0x0000031c   Code   RO         1389    .text               oldx_kf2.lib(oldx_kf2.o)
    0x08020cac   0x00001514   Code   RO         1476    .text               eso_oldx.lib(eso.o)
    0x080221c0   0x00000a18   Code   RO         1499    .text               cycle_cal_oldx.lib(cycle_cal_oldx.o)
    0x08022bd8   0x00000048   Code   RO         1523    .text               c_w.l(llsdiv.o)
    0x08022c20   0x00000064   Code   RO         1525    .text               c_w.l(rt_memcpy_w.o)
    0x08022c84   0x0000004e   Code   RO         1527    .text               c_w.l(rt_memclr_w.o)
    0x08022cd2   0x00000006   Code   RO         1529    .text               c_w.l(heapauxi.o)
    0x08022cd8   0x000000ee   Code   RO         1674    .text               c_w.l(lludivv7m.o)
    0x08022dc6   0x00000016   Code   RO         1676    .text               c_w.l(_rserrno.o)
    0x08022ddc   0x00000008   Code   RO         1766    .text               c_w.l(rt_errno_addr_intlibspace.o)
    0x08022de4   0x00000008   Code   RO         1770    .text               c_w.l(libspace.o)
    0x08022dec   0x0000004a   Code   RO         1773    .text               c_w.l(sys_stackheap_outer.o)
    0x08022e36   0x00000012   Code   RO         1777    .text               c_w.l(exit.o)
    0x08022e48   0x0000000c   Code   RO         1857    .text               c_w.l(sys_exit.o)
    0x08022e54   0x00000002   Code   RO         1874    .text               c_w.l(use_no_semi.o)
    0x08022e56   0x00000000   Code   RO         1876    .text               c_w.l(indicate_semi.o)
    0x08022e56   0x00000030   Code   RO         1712    i.__ARM_fpclassify  m_wm.l(fpclassify.o)
    0x08022e86   0x00000026   Code   RO         1714    i.__ARM_fpclassifyf  m_wm.l(fpclassifyf.o)
    0x08022eac   0x00000004   PAD
    0x08022eb0   0x00000360   Code   RO         1567    i.__hardfp_asin     m_wm.l(asin.o)
    0x08023210   0x0000012c   Code   RO         1581    i.__hardfp_asinf    m_wm.l(asinf.o)
    0x0802333c   0x00000250   Code   RO         1593    i.__hardfp_atan2f   m_wm.l(atan2f.o)
    0x0802358c   0x00000004   PAD
    0x08023590   0x000000c8   Code   RO         1605    i.__hardfp_cos      m_wm.l(cos.o)
    0x08023658   0x00000014   Code   RO         1617    i.__hardfp_fabs     m_wm.l(fabs.o)
    0x0802366c   0x00000004   PAD
    0x08023670   0x00000c50   Code   RO         1623    i.__hardfp_pow      m_wm.l(pow.o)
    0x080242c0   0x000000c8   Code   RO         1637    i.__hardfp_sin      m_wm.l(sin.o)
    0x08024388   0x0000007a   Code   RO         1649    i.__hardfp_sqrt     m_wm.l(sqrt.o)
    0x08024402   0x0000003a   Code   RO         1661    i.__hardfp_sqrtf    m_wm.l(sqrtf.o)
    0x0802443c   0x00000004   PAD
    0x08024440   0x00000438   Code   RO         1733    i.__ieee754_rem_pio2  m_wm.l(rred.o)
    0x08024878   0x00000170   Code   RO         1695    i.__kernel_cos      m_wm.l(cos_i.o)
    0x080249e8   0x000000f8   Code   RO         1730    i.__kernel_poly     m_wm.l(poly.o)
    0x08024ae0   0x00000130   Code   RO         1738    i.__kernel_sin      m_wm.l(sin_i.o)
    0x08024c10   0x00000030   Code   RO         1698    i.__mathlib_dbl_divzero  m_wm.l(dunder.o)
    0x08024c40   0x00000014   Code   RO         1699    i.__mathlib_dbl_infnan  m_wm.l(dunder.o)
    0x08024c54   0x00000014   Code   RO         1700    i.__mathlib_dbl_infnan2  m_wm.l(dunder.o)
    0x08024c68   0x00000020   Code   RO         1701    i.__mathlib_dbl_invalid  m_wm.l(dunder.o)
    0x08024c88   0x00000020   Code   RO         1702    i.__mathlib_dbl_overflow  m_wm.l(dunder.o)
    0x08024ca8   0x00000020   Code   RO         1704    i.__mathlib_dbl_underflow  m_wm.l(dunder.o)
    0x08024cc8   0x00000006   Code   RO         1717    i.__mathlib_flt_infnan  m_wm.l(funder.o)
    0x08024cce   0x00000006   Code   RO         1718    i.__mathlib_flt_infnan2  m_wm.l(funder.o)
    0x08024cd4   0x00000010   Code   RO         1719    i.__mathlib_flt_invalid  m_wm.l(funder.o)
    0x08024ce4   0x00000010   Code   RO         1722    i.__mathlib_flt_underflow  m_wm.l(funder.o)
    0x08024cf4   0x00000018   Code   RO         1619    i.fabs              m_wm.l(fabs.o)
    0x08024d0c   0x0000006e   Code   RO         1651    i.sqrt              m_wm.l(sqrt.o)
    0x08024d7a   0x0000003e   Code   RO         1663    i.sqrtf             m_wm.l(sqrtf.o)
    0x08024db8   0x00000018   Code   RO         1678    x$fpl$basic         fz_wm.l(basic.o)
    0x08024dd0   0x00000062   Code   RO         1533    x$fpl$d2f           fz_wm.l(d2f.o)
    0x08024e32   0x00000002   PAD
    0x08024e34   0x00000150   Code   RO         1535    x$fpl$dadd          fz_wm.l(daddsub_clz.o)
    0x08024f84   0x00000010   Code   RO         1768    x$fpl$dcheck1       fz_wm.l(dcheck1.o)
    0x08024f94   0x00000018   Code   RO         1680    x$fpl$dcmpinf       fz_wm.l(dcmpi.o)
    0x08024fac   0x000002b0   Code   RO         1542    x$fpl$ddiv          fz_wm.l(ddiv.o)
    0x0802525c   0x00000078   Code   RO         1545    x$fpl$deqf          fz_wm.l(deqf.o)
    0x080252d4   0x0000005e   Code   RO         1547    x$fpl$dfix          fz_wm.l(dfix.o)
    0x08025332   0x0000002e   Code   RO         1552    x$fpl$dflt          fz_wm.l(dflt_clz.o)
    0x08025360   0x00000026   Code   RO         1551    x$fpl$dfltu         fz_wm.l(dflt_clz.o)
    0x08025386   0x00000002   PAD
    0x08025388   0x00000078   Code   RO         1557    x$fpl$dleqf         fz_wm.l(dleqf.o)
    0x08025400   0x00000154   Code   RO         1559    x$fpl$dmul          fz_wm.l(dmul.o)
    0x08025554   0x0000009c   Code   RO         1682    x$fpl$dnaninf       fz_wm.l(dnaninf.o)
    0x080255f0   0x0000000c   Code   RO         1684    x$fpl$dretinf       fz_wm.l(dretinf.o)
    0x080255fc   0x0000006c   Code   RO         1561    x$fpl$drleqf        fz_wm.l(drleqf.o)
    0x08025668   0x00000016   Code   RO         1536    x$fpl$drsb          fz_wm.l(daddsub_clz.o)
    0x0802567e   0x00000002   PAD
    0x08025680   0x00000198   Code   RO         1686    x$fpl$dsqrt         fz_wm.l(dsqrt_umaal.o)
    0x08025818   0x000001d4   Code   RO         1537    x$fpl$dsub          fz_wm.l(daddsub_clz.o)
    0x080259ec   0x00000056   Code   RO         1563    x$fpl$f2d           fz_wm.l(f2d.o)
    0x08025a42   0x00000060   Code   RO         1565    x$fpl$ffltll        fz_wm.l(ffltll_clz.o)
    0x08025aa2   0x0000008c   Code   RO         1688    x$fpl$fnaninf       fz_wm.l(fnaninf.o)
    0x08025b2e   0x0000000a   Code   RO         1855    x$fpl$fpinit        fz_wm.l(fpinit.o)
    0x08025b38   0x0000000a   Code   RO         1690    x$fpl$fretinf       fz_wm.l(fretinf.o)
    0x08025b42   0x00000064   Code   RO         1785    x$fpl$retnan        fz_wm.l(retnan.o)
    0x08025ba6   0x0000005c   Code   RO         1692    x$fpl$scalbn        fz_wm.l(scalbn.o)
    0x08025c02   0x00000030   Code   RO         1838    x$fpl$trapveneer    fz_wm.l(trapv.o)
    0x08025c32   0x00000000   Code   RO         1694    x$fpl$usenofp       fz_wm.l(usenofp.o)
    0x08025c32   0x00000002   PAD
    0x08025c34   0x00000030   Data   RO          268    .constdata          parameter.o
    0x08025c64   0x00000018   Data   RO          854    .constdata          alt_fushion.o
    0x08025c7c   0x00000024   Data   RO          987    .constdata          quar.o
    0x08025ca0   0x0000001c   Data   RO         1124    .constdata          pos_ctrl.o
    0x08025cbc   0x00000004   PAD
    0x08025cc0   0x00000050   Data   RO         1570    .constdata          m_wm.l(asin.o)
    0x08025d10   0x00000088   Data   RO         1626    .constdata          m_wm.l(pow.o)
    0x08025d98   0x00000030   Data   RO         1696    .constdata          m_wm.l(cos_i.o)
    0x08025dc8   0x00000008   Data   RO         1732    .constdata          m_wm.l(qnan.o)
    0x08025dd0   0x000000c8   Data   RO         1735    .constdata          m_wm.l(rred.o)
    0x08025e98   0x00000028   Data   RO         1739    .constdata          m_wm.l(sin_i.o)
    0x08025ec0   0x00000020   Data   RO         1917    Region$$Table       anon$$obj.o


    Execution Region RW_IRAM1 (Base: 0x20000000, Size: 0x00005390, Max: 0x00020000, ABSOLUTE, COMPRESSED[0x00000664])

    Base Addr    Size         Type   Attr      Idx    E Section Name        Object

    0x20000000   0x00000035   Data   RW            4    .data               scheduler.o
    0x20000035   0x00000007   Data   RW          219    .data               init.o
    0x2000003c   0x0000000c   Data   RW          269    .data               parameter.o
    0x20000048   0x00000008   Data   RW          321    .data               fly_mode.o
    0x20000050   0x00000001   Data   RW          347    .data               main.o
    0x20000051   0x00000001   PAD
    0x20000052   0x0000000f   Data   RW          387    .data               pwm_out.o
    0x20000061   0x00000003   PAD
    0x20000064   0x00000011   Data   RW          458    .data               flash.o
    0x20000075   0x00000001   Data   RW          500    .data               i2c_soft.o
    0x20000076   0x00000001   Data   RW          526    .data               led.o
    0x20000077   0x00000001   PAD
    0x20000078   0x00000014   Data   RW          548    .data               time.o
    0x2000008c   0x00000001   Data   RW          575    .data               spi.o
    0x2000008d   0x00000010   Data   RW          706    .data               stm32f4xx_rcc.o
    0x2000009d   0x00000003   PAD
    0x200000a0   0x00000014   Data   RW          788    .data               system_stm32f4xx.o
    0x200000b4   0x00000090   Data   RW          818    .data               imu.o
    0x20000144   0x00000004   PAD
    0x20000148   0x000002c0   Data   RW          855    .data               alt_fushion.o
    0x20000408   0x00000018   Data   RW          899    .data               anotc_baro_ctrl.o
    0x20000420   0x00000404   Data   RW          929    .data               mymath.o
    0x20000824   0x00000059   Data   RW          949    .data               filter.o
    0x2000087d   0x00000003   PAD
    0x20000880   0x00000038   Data   RW         1077    .data               ctrl.o
    0x200008b8   0x00000174   Data   RW         1100    .data               height_ctrl.o
    0x20000a2c   0x00000126   Data   RW         1125    .data               pos_ctrl.o
    0x20000b52   0x00000002   PAD
    0x20000b54   0x00000128   Data   RW         1149    .data               usart.o
    0x20000c7c   0x00000028   Data   RW         1212    .data               data_transfer.o
    0x20000ca4   0x00000048   Data   RW         1237    .data               rc.o
    0x20000cec   0x0000002d   Data   RW         1280    .data               mpu6050.o
    0x20000d19   0x00000007   PAD
    0x20000d20   0x00000100   Data   RW         1307    .data               ak8975.o
    0x20000e20   0x000000aa   Data   RW         1338    .data               bmp.o
    0x20000eca   0x00000002   PAD
    0x20000ecc   0x0000000d   Data   RW         1368    .data               ultrasonic.o
    0x20000ed9   0x00000003   PAD
    0x20000edc   0x00000040   Data   RW         1478    .data               eso_oldx.lib(eso.o)
    0x20000f1c   0x00000034   Zero   RW            3    .bss                scheduler.o
    0x20000f50   0x00000100   Zero   RW          267    .bss                parameter.o
    0x20001050   0x00000060   Zero   RW          320    .bss                fly_mode.o
    0x200010b0   0x0000002c   Zero   RW          386    .bss                pwm_out.o
    0x200010dc   0x000000c8   Zero   RW          457    .bss                flash.o
    0x200011a4   0x00000168   Zero   RW          547    .bss                time.o
    0x2000130c   0x0000000a   Zero   RW          574    .bss                spi.o
    0x20001316   0x00000002   PAD
    0x20001318   0x000000c8   Zero   RW          817    .bss                imu.o
    0x200013e0   0x000002d4   Zero   RW          853    .bss                alt_fushion.o
    0x200016b4   0x000000c4   Zero   RW          898    .bss                anotc_baro_ctrl.o
    0x20001778   0x00000190   Zero   RW          948    .bss                filter.o
    0x20001908   0x000000e4   Zero   RW          986    .bss                quar.o
    0x200019ec   0x00000204   Zero   RW         1076    .bss                ctrl.o
    0x20001bf0   0x00000520   Zero   RW         1099    .bss                height_ctrl.o
    0x20002110   0x00000274   Zero   RW         1123    .bss                pos_ctrl.o
    0x20002384   0x0000104c   Zero   RW         1148    .bss                usart.o
    0x200033d0   0x00000083   Zero   RW         1211    .bss                data_transfer.o
    0x20003453   0x00000001   PAD
    0x20003454   0x000000f0   Zero   RW         1236    .bss                rc.o
    0x20003544   0x00000268   Zero   RW         1279    .bss                mpu6050.o
    0x200037ac   0x00000004   PAD
    0x200037b0   0x00000140   Zero   RW         1306    .bss                ak8975.o
    0x200038f0   0x00000514   Zero   RW         1337    .bss                bmp.o
    0x20003e04   0x000000a4   Zero   RW         1367    .bss                ultrasonic.o
    0x20003ea8   0x000007e0   Zero   RW         1477    .bss                eso_oldx.lib(eso.o)
    0x20004688   0x000000a8   Zero   RW         1500    .bss                cycle_cal_oldx.lib(cycle_cal_oldx.o)
    0x20004730   0x00000060   Zero   RW         1771    .bss                c_w.l(libspace.o)
    0x20004790   0x00000400   Zero   RW          809    HEAP                startup_stm32f4xx.o
    0x20004b90   0x00000800   Zero   RW          808    STACK               startup_stm32f4xx.o


==============================================================================

Image component sizes


      Code (inc. data)   RO Data    RW Data    ZI Data      Debug   Object Name

      2348        124          0        256        320       8002   ak8975.o
      4656        484         24        704        724      12383   alt_fushion.o
      3180        210          0         24        196       6416   anotc_baro_ctrl.o
      2908        280          0        170       1300       9551   bmp.o
      8136        556          0         56        516       5829   ctrl.o
     10620        502          0         40        131      13513   data_transfer.o
       232          4          0          0          0       1380   dma.o
      2140        116          0         89        400       6568   filter.o
      3360        176          0         17        200       3729   flash.o
       232         28          0          8         96      10924   fly_mode.o
      8464        974          0        372       1312      10802   height_ctrl.o
       936         10          0          1          0       4478   i2c_soft.o
      1060         14          0          0          0       4755   iic_hml.o
      3036        192          0        144        200       4781   imu.o
       304         40          0          7          0       1915   init.o
       108         10          0          1          0        642   led.o
        20          4          0          1          0        653   main.o
       224         20          0          0          0       1925   misc.o
      3896        230          0         45        616      17490   mpu6050.o
      2320        150          0       1028          0       7384   mymath.o
      1392        132         48         12        256       4490   parameter.o
     14960       1172         28        294        628      11887   pos_ctrl.o
      1540         70          0         15         44       5147   pwm_out.o
      3168        110         36          0        228       5317   quar.o
      1644        148          0         72        240       3603   rc.o
      5832        616          0         53         52     301456   scheduler.o
       452         20          0          1         10       2130   spi.o
        64         26        392          0       3072        888   startup_stm32f4xx.o
       936         32          0          0          0       6501   stm32f4xx_dma.o
      1212         26          0          0          0       7193   stm32f4xx_flash.o
       604         36          0          0          0       4229   stm32f4xx_gpio.o
        40          4          0          0          0       1157   stm32f4xx_it.o
      1416         48          0         16          0      11159   stm32f4xx_rcc.o
      1016         22          0          0          0       6953   stm32f4xx_spi.o
      3234         60          0          0          0      23124   stm32f4xx_tim.o
      1050         26          0          0          0       7968   stm32f4xx_usart.o
       528         46          0         20          0       1987   system_stm32f4xx.o
       732         42          0         20        360      21714   time.o
       952         52          0         13        164       3137   ultrasonic.o
     33948       1524          0        296       4172      35831   usart.o

    ----------------------------------------------------------------------
    132904       8336        564       3804      15244     598991   Object Totals
         0          0         32          0          0          0   (incl. Generated)
         4          0          4         29          7          0   (incl. Padding)

    ----------------------------------------------------------------------

      Code (inc. data)   RO Data    RW Data    ZI Data      Debug   Library Member Name

        90          0          0          0          0          0   __dczerorl2.o
         8          0          0          0          0         68   __main.o
         0          0          0          0          0          0   __rtentry.o
        12          0          0          0          0          0   __rtentry2.o
         6          0          0          0          0          0   __rtentry4.o
        52          8          0          0          0          0   __scatter.o
        28          0          0          0          0          0   __scatter_zi.o
        22          0          0          0          0        100   _rserrno.o
        18          0          0          0          0         80   exit.o
         6          0          0          0          0        152   heapauxi.o
         0          0          0          0          0          0   indicate_semi.o
         2          0          0          0          0          0   libinit.o
         6          0          0          0          0          0   libinit2.o
         2          0          0          0          0          0   libshutdown.o
         2          0          0          0          0          0   libshutdown2.o
         8          4          0          0         96         68   libspace.o
        72          0          0          0          0         76   llsdiv.o
       238          0          0          0          0        100   lludivv7m.o
         8          4          0          0          0         68   rt_errno_addr_intlibspace.o
        78          0          0          0          0         80   rt_memclr_w.o
       100          0          0          0          0         80   rt_memcpy_w.o
         2          0          0          0          0          0   rtexit.o
        10          0          0          0          0          0   rtexit2.o
        12          4          0          0          0         68   sys_exit.o
        74          0          0          0          0         80   sys_stackheap_outer.o
         2          0          0          0          0         68   use_no_semi.o
      2584         12          0          0        168       4813   cycle_cal_oldx.o
      5396        194          0         64       2016      10681   eso.o
        24          0          0          0          0        164   basic.o
        98          4          0          0          0        140   d2f.o
       826         16          0          0          0        492   daddsub_clz.o
        16          4          0          0          0        116   dcheck1.o
        24          0          0          0          0        116   dcmpi.o
       688        140          0          0          0        256   ddiv.o
       120          4          0          0          0        140   deqf.o
        94          4          0          0          0        140   dfix.o
        84          0          0          0          0        232   dflt_clz.o
       120          4          0          0          0        140   dleqf.o
       340         12          0          0          0        152   dmul.o
       156          4          0          0          0        140   dnaninf.o
        12          0          0          0          0        116   dretinf.o
       108          0          0          0          0        128   drleqf.o
       408         56          0          0          0        168   dsqrt_umaal.o
        86          4          0          0          0        132   f2d.o
        96          0          0          0          0        132   ffltll_clz.o
       140          4          0          0          0        132   fnaninf.o
        10          0          0          0          0        116   fpinit.o
        10          0          0          0          0        116   fretinf.o
       100          0          0          0          0        116   retnan.o
        92          0          0          0          0        116   scalbn.o
        48          0          0          0          0        116   trapv.o
         0          0          0          0          0          0   usenofp.o
       864         94         80          0          0        280   asin.o
       300         42          0          0          0        176   asinf.o
       592         90          0          0          0        184   atan2f.o
       200         20          0          0          0        164   cos.o
       368         46         48          0          0        200   cos_i.o
       184         44          0          0          0        744   dunder.o
        44          0          0          0          0        248   fabs.o
        48          0          0          0          0        124   fpclassify.o
        38          0          0          0          0        116   fpclassifyf.o
        44         12          0          0          0        464   funder.o
       248          0          0          0          0        152   poly.o
      3152        296        136          0          0        352   pow.o
         0          0          8          0          0          0   qnan.o
      1080        142        200          0          0        188   rred.o
       200         20          0          0          0        164   sin.o
       304         24         40          0          0        208   sin_i.o
       232          0          0          0          0        296   sqrt.o
       120          0          0          0          0        272   sqrtf.o
       796         10          0          0          0     217091   oldx_kf2.o

    ----------------------------------------------------------------------
     21380       1326        512         64       2280     241621   Library Totals
        28          4          0          0          0          0   (incl. Padding)

    ----------------------------------------------------------------------

      Code (inc. data)   RO Data    RW Data    ZI Data      Debug   Library Name

       858         20          0          0         96       1088   c_w.l
      2584         12          0          0        168       4813   cycle_cal_oldx.lib
      5396        194          0         64       2016      10681   eso_oldx.lib
      3700        256          0          0          0       3616   fz_wm.l
      8018        830        512          0          0       4332   m_wm.l
       796         10          0          0          0     217091   oldx_kf2.lib

    ----------------------------------------------------------------------
     21380       1326        512         64       2280     241621   Library Totals

    ----------------------------------------------------------------------

==============================================================================


      Code (inc. data)   RO Data    RW Data    ZI Data      Debug   

    154284       9662       1076       3868      17524     825844   Grand Totals
    154284       9662       1076       1636      17524     825844   ELF Image Totals (compressed)
    154284       9662       1076       1636          0          0   ROM Totals

==============================================================================

    Total RO  Size (Code + RO Data)               155360 ( 151.72kB)
    Total RW  Size (RW Data + ZI Data)             21392 (  20.89kB)
    Total ROM Size (Code + RO Data + RW Data)     156996 ( 153.32kB)

==============================================================================

