Component: ARM Compiler 5.06 update 2 (build 183) Tool: armlink [4d35b7]

==============================================================================

Section Cross References

    init.o(.text) refers to misc.o(.text) for NVIC_PriorityGroupConfig
    init.o(.text) refers to time.o(.text) for SysTick_Configuration
    init.o(.text) refers to i2c_soft.o(.text) for I2c_Soft_Init
    init.o(.text) refers to pwm_out.o(.text) for PWM_Out_Init
    init.o(.text) refers to mpu6050.o(.text) for MPU6050_Init
    init.o(.text) refers to led.o(.text) for LED_Init
    init.o(.text) refers to parameter.o(.text) for Para_Init
    init.o(.text) refers to ak8975.o(.text) for HMC5883L_SetUp
    init.o(.text) refers to bmp.o(.text) for MS5611_Init_FC
    init.o(.text) refers to usart.o(.text) for Usart1_Init
    init.o(.text) refers to dma.o(.text) for MYDMA_Config
    init.o(.text) refers to stm32f4xx_usart.o(.text) for USART_DMACmd
    init.o(.text) refers to flash.o(.text) for W25QXX_Init
    init.o(.text) refers to usart.o(.bss) for SendBuff1
    scheduler.o(.text) refers to time.o(.text) for Get_Cycle_T
    scheduler.o(.text) refers to f2d.o(x$fpl$f2d) for __aeabi_f2d
    scheduler.o(.text) refers to dleqf.o(x$fpl$dleqf) for __aeabi_cdcmple
    scheduler.o(.text) refers to drleqf.o(x$fpl$drleqf) for __aeabi_cdrcmple
    scheduler.o(.text) refers to mpu6050.o(.text) for MPU6050_Read
    scheduler.o(.text) refers to imu.o(.text) for IMUupdate
    scheduler.o(.text) refers to ctrl.o(.text) for CTRL_1
    scheduler.o(.text) refers to rc.o(.text) for RC_Duty
    scheduler.o(.text) refers to usart.o(.text) for GOL_LINK_TASK
    scheduler.o(.text) refers to stm32f4xx_dma.o(.text) for DMA_GetFlagStatus
    scheduler.o(.text) refers to dmul.o(x$fpl$dmul) for __aeabi_dmul
    scheduler.o(.text) refers to dfix.o(x$fpl$dfix) for __aeabi_d2iz
    scheduler.o(.text) refers to scheduler.o(.bss) for loop
    scheduler.o(.text) refers to scheduler.o(.data) for inner_loop_time
    scheduler.o(.text) refers to mpu6050.o(.bss) for mpu6050_fc
    scheduler.o(.text) refers to imu.o(.data) for Pit_fc
    scheduler.o(.text) refers to usart.o(.data) for NAV_BOARD_CONNECT
    scheduler.o(.text) refers to fly_mode.o(.bss) for mode
    scheduler.o(.text) refers to ctrl.o(.bss) for ctrl_2
    scheduler.o(.text) refers to usart.o(.bss) for flow_debug
    scheduler.o(.text) refers to ddiv.o(x$fpl$ddiv) for __aeabi_ddiv
    scheduler.o(.text) refers to height_ctrl1.o(.data) for ultra_speed
    scheduler.o(.text) refers to height_ctrl1.o(.bss) for hc_value
    scheduler.o(.text) refers to bmp.o(.bss) for baro
    scheduler.o(.text) refers to bmp.o(.data) for baroAlt
    scheduler.o(.text) refers to ctrl.o(.data) for thr_value
    scheduler.o(.text) refers to alt_fushion.o(.data) for ALT_POS_SONAR2
    scheduler.o(.text) refers to alt_fushion.o(.bss) for acc_body
    scheduler.o(.text) refers to pos_ctrl.o(.bss) for nav_spd_ctrl
    scheduler.o(.text) refers to stm32f4xx_usart.o(.text) for USART_DMACmd
    scheduler.o(.text) refers to dma.o(.text) for MYDMA_Enable
    scheduler.o(.text) refers to d2f.o(x$fpl$d2f) for __aeabi_d2f
    scheduler.o(.text) refers to anotc_baro_ctrl.o(.text) for baro_ctrl
    scheduler.o(.text) refers to pos_ctrl.o(.text) for Positon_control
    scheduler.o(.text) refers to mymath.o(.text) for my_deathzoom_rc
    scheduler.o(.text) refers to rc.o(.bss) for RX_CH_FIX_PWM
    scheduler.o(.text) refers to fly_mode.o(.text) for mode_check
    scheduler.o(.text) refers to ak8975.o(.text) for ANO_AK8975_Read
    scheduler.o(.text) refers to dflt_clz.o(x$fpl$dfltu) for __aeabi_ui2d
    scheduler.o(.text) refers to time.o(.data) for time_1ms
    parameter.o(.text) refers to ctrl.o(.text) for Ctrl_Para_Init
    parameter.o(.text) refers to mpu6050.o(.bss) for mpu6050
    parameter.o(.text) refers to parameter.o(.bss) for sensor_setup
    parameter.o(.text) refers to ak8975.o(.data) for ak8975
    parameter.o(.text) refers to ctrl.o(.bss) for ctrl_1
    parameter.o(.text) refers to parameter.o(.constdata) for .constdata
    parameter.o(.text) refers to parameter.o(.data) for flash_init_error
    fly_mode.o(.text) refers to usart.o(.bss) for Rc_Get_PWM
    fly_mode.o(.text) refers to height_ctrl1.o(.data) for height_ctrl_mode
    fly_mode.o(.text) refers to fly_mode.o(.bss) for mode
    fly_mode.o(.text) refers to fly_mode.o(.data) for mode_state
    main.o(.text) refers to init.o(.text) for All_Init
    main.o(.text) refers to scheduler.o(.text) for Duty_Loop
    main.o(.text) refers to main.o(.data) for Init_Finish
    stm32f4xx_it.o(.text) refers to time.o(.text) for sys_time
    stm32f4xx_it.o(.text) refers to time.o(.data) for sysTickUptime
    iic_hml.o(.text) refers to stm32f4xx_rcc.o(.text) for RCC_AHB1PeriphClockCmd
    iic_hml.o(.text) refers to stm32f4xx_gpio.o(.text) for GPIO_Init
    iic_hml.o(.text) refers to time.o(.text) for Delay_us
    i2c_soft.o(.text) refers to stm32f4xx_rcc.o(.text) for RCC_AHB1PeriphClockCmd
[...]
    data_per_uart1                           0x0801af11   Thumb Code  1950  usart.o(.text)
    data_per_uart2                           0x0801b6af   Thumb Code   702  usart.o(.text)
    data_per_uart3                           0x0801b96d   Thumb Code   634  usart.o(.text)
    data_per_uart4                           0x0801bbe7   Thumb Code  6270  usart.o(.text)
    clear_nrf_uart                           0x0801d465   Thumb Code    20  usart.o(.text)
    data_per_uart4_ble                       0x0801d479   Thumb Code  1366  usart.o(.text)
    MPU6050_Read                             0x0801d9d5   Thumb Code    22  mpu6050.o(.text)
    IICwriteBit                              0x0801d9eb   Thumb Code    78  mpu6050.o(.text)
    IICwriteBits                             0x0801da39   Thumb Code   102  mpu6050.o(.text)
    MPU6050_set_SMPLRT_DIV                   0x0801da9f   Thumb Code    28  mpu6050.o(.text)
    MPU6050_setClockSource                   0x0801dabb   Thumb Code    20  mpu6050.o(.text)
    MPU6050_setFullScaleGyroRange            0x0801dacf   Thumb Code    36  mpu6050.o(.text)
    MPU6050_setFullScaleAccelRange           0x0801daf3   Thumb Code    36  mpu6050.o(.text)
    MPU6050_setSleepEnabled                  0x0801db17   Thumb Code    18  mpu6050.o(.text)
    MPU6050_setI2CMasterModeEnabled          0x0801db29   Thumb Code    18  mpu6050.o(.text)
    MPU6050_setI2CBypassEnabled              0x0801db3b   Thumb Code    18  mpu6050.o(.text)
    MPU6050_setDLPF                          0x0801db4d   Thumb Code    20  mpu6050.o(.text)
    MPU6050_INT_Config                       0x0801db61   Thumb Code    56  mpu6050.o(.text)
    MPU6050_Init                             0x0801db99   Thumb Code   184  mpu6050.o(.text)
    MPU6050_Data_Offset                      0x0801dc51   Thumb Code   618  mpu6050.o(.text)
    Transform                                0x0801debb   Thumb Code    14  mpu6050.o(.text)
    MPU6050_Data_Prepare                     0x0801dec9   Thumb Code  1170  mpu6050.o(.text)
    MS561101BA_NewTemp                       0x0801e36d   Thumb Code    22  bmp.o(.text)
    MS561101BA_NewPress                      0x0801e383   Thumb Code    22  bmp.o(.text)
    MS561101BA_NewAlt                        0x0801e399   Thumb Code    42  bmp.o(.text)
    MS561101BA_getAvg                        0x0801e3c3   Thumb Code    50  bmp.o(.text)
    MS561101BA_readPROM                      0x0801e3f5   Thumb Code   110  bmp.o(.text)
    MS561101BA_reset                         0x0801e463   Thumb Code    32  bmp.o(.text)
    MS561101BA_startConversion               0x0801e483   Thumb Code    34  bmp.o(.text)
    MS561101BA_getConversion                 0x0801e4a5   Thumb Code   104  bmp.o(.text)
    MS5611_Init_FC                           0x0801e50d   Thumb Code    18  bmp.o(.text)
    MS561101BA_GetTemperature                0x0801e51f   Thumb Code    12  bmp.o(.text)
    MS561101BA_get_altitude                  0x0801e52b   Thumb Code   328  bmp.o(.text)
    MS561101BA_getPressure                   0x0801e673   Thumb Code   830  bmp.o(.text)
    MS5611_ThreadNew                         0x0801e9b1   Thumb Code   172  bmp.o(.text)
    WaitBaroInitOffset                       0x0801ea5d   Thumb Code    58  bmp.o(.text)
    ANO_AK8975_Run                           0x0801eae9   Thumb Code    22  ak8975.o(.text)
    XYZ_STRUCT_COPY                          0x0801eaff   Thumb Code    40  ak8975.o(.text)
    ANO_AK8975_CalOffset_Mag                 0x0801eb27   Thumb Code   964  ak8975.o(.text)
    HMC58X3_newValues                        0x0801eeeb   Thumb Code   238  ak8975.o(.text)
    HMC58X3_getRaw                           0x0801efd9   Thumb Code   120  ak8975.o(.text)
    ANO_AK8975_Read_Mag_Data                 0x0801f051   Thumb Code   474  ak8975.o(.text)
    ANO_AK8975_Get_Mag                       0x0801f22b   Thumb Code    16  ak8975.o(.text)
    ANO_AK8975_Read                          0x0801f23b   Thumb Code     8  ak8975.o(.text)
    HMC5883_IS_newdata                       0x0801f243   Thumb Code    20  ak8975.o(.text)
    HMC58X3_FIFO_init                        0x0801f257   Thumb Code    32  ak8975.o(.text)
    HMC58X3_writeReg                         0x0801f277   Thumb Code    18  ak8975.o(.text)
    HMC58X3_getlastValues                    0x0801f289   Thumb Code    22  ak8975.o(.text)
    HMC58X3_mgetValues                       0x0801f29f   Thumb Code   136  ak8975.o(.text)
    HMC58X3_setGain                          0x0801f327   Thumb Code    24  ak8975.o(.text)
    HMC58X3_setMode                          0x0801f33f   Thumb Code    98  ak8975.o(.text)
    HMC58X3_init                             0x0801f3a1   Thumb Code    38  ak8975.o(.text)
    HMC58X3_setDOR                           0x0801f3c7   Thumb Code    24  ak8975.o(.text)
    HMC58X3_getID                            0x0801f3df   Thumb Code    36  ak8975.o(.text)
    HMC5883L_SetUp                           0x0801f403   Thumb Code    38  ak8975.o(.text)
    BARO_EKF_OLDX                            0x0801f429   Thumb Code  1252  baro_ekf.o(.text)
    __aeabi_ldivmod                          0x0801f90d   Thumb Code     0  llsdiv.o(.text)
    _ll_sdiv                                 0x0801f90d   Thumb Code    72  llsdiv.o(.text)
    __aeabi_memcpy4                          0x0801f955   Thumb Code     0  rt_memcpy_w.o(.text)
    __aeabi_memcpy8                          0x0801f955   Thumb Code     0  rt_memcpy_w.o(.text)
    __rt_memcpy_w                            0x0801f955   Thumb Code   100  rt_memcpy_w.o(.text)
    _memcpy_lastbytes_aligned                0x0801f99d   Thumb Code     0  rt_memcpy_w.o(.text)
    __aeabi_memclr4                          0x0801f9b9   Thumb Code     0  rt_memclr_w.o(.text)
    __aeabi_memclr8                          0x0801f9b9   Thumb Code     0  rt_memclr_w.o(.text)
    __rt_memclr_w                            0x0801f9b9   Thumb Code    78  rt_memclr_w.o(.text)
    _memset_w                                0x0801f9bd   Thumb Code     0  rt_memclr_w.o(.text)
    __use_two_region_memory                  0x0801fa07   Thumb Code     2  heapauxi.o(.text)
    __rt_heap_escrow$2region                 0x0801fa09   Thumb Code     2  heapauxi.o(.text)
    __rt_heap_expand$2region                 0x0801fa0b   Thumb Code     2  heapauxi.o(.text)
    __aeabi_uldivmod                         0x0801fa0d   Thumb Code     0  lludivv7m.o(.text)
    _ll_udiv                                 0x0801fa0d   Thumb Code   238  lludivv7m.o(.text)
    __read_errno                             0x0801fafb   Thumb Code    10  _rserrno.o(.text)
    __set_errno                              0x0801fb05   Thumb Code    12  _rserrno.o(.text)
    __aeabi_errno_addr                       0x0801fb11   Thumb Code     8  rt_errno_addr_intlibspace.o(.text)
    __errno$intlibspace                      0x0801fb11   Thumb Code     0  rt_errno_addr_intlibspace.o(.text)
    __rt_errno_addr$intlibspace              0x0801fb11   Thumb Code     0  rt_errno_addr_intlibspace.o(.text)
    __user_libspace                          0x0801fb19   Thumb Code     8  libspace.o(.text)
    __user_perproc_libspace                  0x0801fb19   Thumb Code     0  libspace.o(.text)
    __user_perthread_libspace                0x0801fb19   Thumb Code     0  libspace.o(.text)
    __user_setup_stackheap                   0x0801fb21   Thumb Code    74  sys_stackheap_outer.o(.text)
    exit                                     0x0801fb6b   Thumb Code    18  exit.o(.text)
    _sys_exit                                0x0801fb7d   Thumb Code     8  sys_exit.o(.text)
    __I$use$semihosting                      0x0801fb89   Thumb Code     0  use_no_semi.o(.text)
    __use_no_semihosting_swi                 0x0801fb89   Thumb Code     2  use_no_semi.o(.text)
    __ARM_fpclassify                         0x0801fb8b   Thumb Code    48  fpclassify.o(i.__ARM_fpclassify)
    __semihosting_library_function           0x0801fb8b   Thumb Code     0  indicate_semi.o(.text)
    __ARM_fpclassifyf                        0x0801fbbb   Thumb Code    38  fpclassifyf.o(i.__ARM_fpclassifyf)
    __hardfp_asin                            0x0801fbe1   Thumb Code   770  asin.o(i.__hardfp_asin)
    __hardfp_asinf                           0x0801ff41   Thumb Code   258  asinf.o(i.__hardfp_asinf)
    __hardfp_atan                            0x08020071   Thumb Code   622  atan.o(i.__hardfp_atan)
    __hardfp_atan2                           0x08020349   Thumb Code   432  atan2.o(i.__hardfp_atan2)
    __hardfp_atan2f                          0x08020539   Thumb Code   502  atan2f.o(i.__hardfp_atan2f)
    __hardfp_cos                             0x08020789   Thumb Code   180  cos.o(i.__hardfp_cos)
    __hardfp_fabs                            0x08020851   Thumb Code    20  fabs.o(i.__hardfp_fabs)
    __hardfp_pow                             0x08020869   Thumb Code  3072  pow.o(i.__hardfp_pow)
    __hardfp_sin                             0x080214b9   Thumb Code   180  sin.o(i.__hardfp_sin)
    __hardfp_sqrt                            0x08021581   Thumb Code   122  sqrt.o(i.__hardfp_sqrt)
    __hardfp_sqrtf                           0x080215fb   Thumb Code    58  sqrtf.o(i.__hardfp_sqrtf)
    __ieee754_rem_pio2                       0x08021639   Thumb Code   938  rred.o(i.__ieee754_rem_pio2)
    __kernel_cos                             0x08021a71   Thumb Code   322  cos_i.o(i.__kernel_cos)
    __kernel_poly                            0x08021be1   Thumb Code   248  poly.o(i.__kernel_poly)
    __kernel_sin                             0x08021cd9   Thumb Code   280  sin_i.o(i.__kernel_sin)
    __mathlib_dbl_divzero                    0x08021e09   Thumb Code    28  dunder.o(i.__mathlib_dbl_divzero)
    __mathlib_dbl_infnan                     0x08021e39   Thumb Code    20  dunder.o(i.__mathlib_dbl_infnan)
    __mathlib_dbl_infnan2                    0x08021e4d   Thumb Code    20  dunder.o(i.__mathlib_dbl_infnan2)
    __mathlib_dbl_invalid                    0x08021e61   Thumb Code    24  dunder.o(i.__mathlib_dbl_invalid)
    __mathlib_dbl_overflow                   0x08021e81   Thumb Code    24  dunder.o(i.__mathlib_dbl_overflow)
    __mathlib_dbl_underflow                  0x08021ea1   Thumb Code    24  dunder.o(i.__mathlib_dbl_underflow)
    __mathlib_flt_infnan                     0x08021ec1   Thumb Code     6  funder.o(i.__mathlib_flt_infnan)
    __mathlib_flt_infnan2                    0x08021ec7   Thumb Code     6  funder.o(i.__mathlib_flt_infnan2)
    __mathlib_flt_invalid                    0x08021ecd   Thumb Code    10  funder.o(i.__mathlib_flt_invalid)
    __mathlib_flt_underflow                  0x08021edd   Thumb Code    10  funder.o(i.__mathlib_flt_underflow)
    atan                                     0x08021eed   Thumb Code    16  atan.o(i.atan)
    fabs                                     0x08021efd   Thumb Code    24  fabs.o(i.fabs)
    sqrt                                     0x08021f15   Thumb Code   110  sqrt.o(i.sqrt)
    sqrtf                                    0x08021f83   Thumb Code    62  sqrtf.o(i.sqrtf)
    __aeabi_dneg                             0x08021fc1   Thumb Code     0  basic.o(x$fpl$basic)
    _dneg                                    0x08021fc1   Thumb Code     6  basic.o(x$fpl$basic)
    __aeabi_fneg                             0x08021fc7   Thumb Code     0  basic.o(x$fpl$basic)
    _fneg                                    0x08021fc7   Thumb Code     6  basic.o(x$fpl$basic)
    _dabs                                    0x08021fcd   Thumb Code     6  basic.o(x$fpl$basic)
    _fabs                                    0x08021fd3   Thumb Code     6  basic.o(x$fpl$basic)
    __aeabi_d2f                              0x08021fd9   Thumb Code     0  d2f.o(x$fpl$d2f)
    _d2f                                     0x08021fd9   Thumb Code    98  d2f.o(x$fpl$d2f)
    __aeabi_dadd                             0x0802203d   Thumb Code     0  daddsub_clz.o(x$fpl$dadd)
    _dadd                                    0x0802203d   Thumb Code   332  daddsub_clz.o(x$fpl$dadd)
    __fpl_dcheck_NaN1                        0x0802218d   Thumb Code    10  dcheck1.o(x$fpl$dcheck1)
    __fpl_dcmp_Inf                           0x0802219d   Thumb Code    24  dcmpi.o(x$fpl$dcmpinf)
    __aeabi_ddiv                             0x080221b5   Thumb Code     0  ddiv.o(x$fpl$ddiv)
    _ddiv                                    0x080221b5   Thumb Code   552  ddiv.o(x$fpl$ddiv)
    __aeabi_cdcmpeq                          0x08022465   Thumb Code     0  deqf.o(x$fpl$deqf)
    _dcmpeq                                  0x08022465   Thumb Code   120  deqf.o(x$fpl$deqf)
    __aeabi_d2iz                             0x080224dd   Thumb Code     0  dfix.o(x$fpl$dfix)
    _dfix                                    0x080224dd   Thumb Code    94  dfix.o(x$fpl$dfix)
    __aeabi_i2d                              0x0802253b   Thumb Code     0  dflt_clz.o(x$fpl$dflt)
    _dflt                                    0x0802253b   Thumb Code    46  dflt_clz.o(x$fpl$dflt)
    __aeabi_ui2d                             0x08022569   Thumb Code     0  dflt_clz.o(x$fpl$dfltu)
    _dfltu                                   0x08022569   Thumb Code    38  dflt_clz.o(x$fpl$dfltu)
    __aeabi_cdcmple                          0x08022591   Thumb Code     0  dleqf.o(x$fpl$dleqf)
    _dcmple                                  0x08022591   Thumb Code   120  dleqf.o(x$fpl$dleqf)
    __fpl_dcmple_InfNaN                      0x080225f3   Thumb Code     0  dleqf.o(x$fpl$dleqf)
    __aeabi_dmul                             0x08022609   Thumb Code     0  dmul.o(x$fpl$dmul)
    _dmul                                    0x08022609   Thumb Code   332  dmul.o(x$fpl$dmul)
    __fpl_dnaninf                            0x0802275d   Thumb Code   156  dnaninf.o(x$fpl$dnaninf)
    __fpl_dretinf                            0x080227f9   Thumb Code    12  dretinf.o(x$fpl$dretinf)
    __aeabi_cdrcmple                         0x08022805   Thumb Code     0  drleqf.o(x$fpl$drleqf)
    _drcmple                                 0x08022805   Thumb Code   108  drleqf.o(x$fpl$drleqf)
    __aeabi_drsub                            0x08022871   Thumb Code     0  daddsub_clz.o(x$fpl$drsb)
    _drsb                                    0x08022871   Thumb Code    22  daddsub_clz.o(x$fpl$drsb)
    _dsqrt                                   0x08022889   Thumb Code   404  dsqrt_umaal.o(x$fpl$dsqrt)
    __aeabi_dsub                             0x08022a21   Thumb Code     0  daddsub_clz.o(x$fpl$dsub)
    _dsub                                    0x08022a21   Thumb Code   464  daddsub_clz.o(x$fpl$dsub)
    __aeabi_f2d                              0x08022bf5   Thumb Code     0  f2d.o(x$fpl$f2d)
    _f2d                                     0x08022bf5   Thumb Code    86  f2d.o(x$fpl$f2d)
    __aeabi_ul2f                             0x08022c4b   Thumb Code     0  ffltll_clz.o(x$fpl$ffltll)
    _ll_uto_f                                0x08022c4b   Thumb Code     6  ffltll_clz.o(x$fpl$ffltll)
    __aeabi_l2f                              0x08022c51   Thumb Code     0  ffltll_clz.o(x$fpl$ffltll)
    _ll_sto_f                                0x08022c51   Thumb Code    90  ffltll_clz.o(x$fpl$ffltll)
    __fpl_fnaninf                            0x08022cab   Thumb Code   140  fnaninf.o(x$fpl$fnaninf)
    _fp_init                                 0x08022d37   Thumb Code    10  fpinit.o(x$fpl$fpinit)
    __fplib_config_fpu_vfp                   0x08022d3f   Thumb Code     0  fpinit.o(x$fpl$fpinit)
    __fplib_config_pureend_doubles           0x08022d3f   Thumb Code     0  fpinit.o(x$fpl$fpinit)
    __fpl_fretinf                            0x08022d41   Thumb Code    10  fretinf.o(x$fpl$fretinf)
    __fpl_return_NaN                         0x08022d4b   Thumb Code   100  retnan.o(x$fpl$retnan)
    __ARM_scalbn                             0x08022daf   Thumb Code    92  scalbn.o(x$fpl$scalbn)
    __fpl_cmpreturn                          0x08022e0b   Thumb Code    48  trapv.o(x$fpl$trapveneer)
    __I$use$fp                               0x08022e3a   Number         0  usenofp.o(x$fpl$usenofp)
    sinTable                                 0x08022e6c   Data        2052  fastmath.o(.constdata)
    __mathlib_zero                           0x080238b8   Data           8  qnan.o(.constdata)
    Region$$Table$$Base                      0x080239b0   Number         0  anon$$obj.o(Region$$Table)
    Region$$Table$$Limit                     0x080239d0   Number         0  anon$$obj.o(Region$$Table)
    loop_cnt                                 0x20000000   Data           2  scheduler.o(.data)
    inner_loop_time                          0x20000004   Data           4  scheduler.o(.data)
    inner_loop_time_yaw                      0x20000008   Data           4  scheduler.o(.data)
    Rol_fc1                                  0x2000000c   Data           4  scheduler.o(.data)
    Pit_fc1                                  0x20000010   Data           4  scheduler.o(.data)
    Yaw_fc1                                  0x20000014   Data           4  scheduler.o(.data)
    outer_loop_time                          0x20000018   Data           4  scheduler.o(.data)
    pos_time                                 0x2000001c   Data           4  scheduler.o(.data)
    baro_task_time                           0x20000020   Data           4  scheduler.o(.data)
    UART_UP_LOAD_SEL                         0x20000024   Data           1  scheduler.o(.data)
    force_flow_ble_debug                     0x20000025   Data           1  scheduler.o(.data)
    flash_init_error                         0x2000002e   Data           1  parameter.o(.data)
    ero                                      0x2000002f   Data           6  fly_mode.o(.data)
    mode_state                               0x20000035   Data           1  fly_mode.o(.data)
    mode_state_old                           0x20000036   Data           1  fly_mode.o(.data)
    Init_Finish                              0x20000037   Data           1  main.o(.data)
    I2C_FastMode                             0x20000038   Data           1  i2c_soft.o(.data)
    sysTickUptime                            0x2000003c   Data           4  time.o(.data)
    time_1h                                  0x20000040   Data           4  time.o(.data)
    time_1m                                  0x20000044   Data           4  time.o(.data)
    time_1s                                  0x20000048   Data           4  time.o(.data)
    time_1ms                                 0x2000004c   Data           4  time.o(.data)
    motor_cal                                0x20000050   Data           1  pwm_out.o(.data)
    PMW_T                                    0x20000051   Data           1  pwm_out.o(.data)
    CH_out_Mapping                           0x20000052   Data           8  pwm_out.o(.data)
    sel                                      0x2000005a   Data           1  pwm_out.o(.data)
    W25QXX_TYPE                              0x2000005c   Data           2  flash.o(.data)
    FLASH_SIZE                               0x20000060   Data           4  flash.o(.data)
    SystemCoreClock                          0x20000074   Data           4  system_stm32f4xx.o(.data)
    AHBPrescTable                            0x20000078   Data          16  system_stm32f4xx.o(.data)
    Roll                                     0x20000088   Data           4  imu.o(.data)
    Pitch                                    0x2000008c   Data           4  imu.o(.data)
    Yaw                                      0x20000090   Data           4  imu.o(.data)
    Roll_mid_down                            0x20000094   Data           4  imu.o(.data)
    Pitch_mid_down                           0x20000098   Data           4  imu.o(.data)
    Yaw_mid_down                             0x2000009c   Data           4  imu.o(.data)
    Rol_fc                                   0x200000a0   Data           4  imu.o(.data)
    Pit_fc                                   0x200000a4   Data           4  imu.o(.data)
    Yaw_fc                                   0x200000a8   Data           4  imu.o(.data)
    ref_q                                    0x200000ac   Data          16  imu.o(.data)
    norm_acc                                 0x200000bc   Data           4  imu.o(.data)
    norm_q                                   0x200000c0   Data           4  imu.o(.data)
    norm_acc_lpf                             0x200000c4   Data           4  imu.o(.data)
    mag_norm                                 0x200000c8   Data           4  imu.o(.data)
    mag_norm_xyz                             0x200000cc   Data           4  imu.o(.data)
    acc_ng_cali                              0x200000d0   Data           1  imu.o(.data)
    Yaw_fc_q                                 0x200000d4   Data           4  imu.o(.data)
    beta                                     0x200000d8   Data           4  imu.o(.data)
    q0_m_fc                                  0x200000dc   Data           4  imu.o(.data)
    q1_m_fc                                  0x200000e0   Data           4  imu.o(.data)
    q2_m_fc                                  0x200000e4   Data           4  imu.o(.data)
    q3_m_fc                                  0x200000e8   Data           4  imu.o(.data)
    q0_fc                                    0x200000ec   Data           4  imu.o(.data)
    q1_fc                                    0x200000f0   Data           4  imu.o(.data)
    q2_fc                                    0x200000f4   Data           4  imu.o(.data)
    q3_fc                                    0x200000f8   Data           4  imu.o(.data)
    ref_q_imd_down_fc                        0x200000fc   Data          16  imu.o(.data)
    init_q                                   0x2000010c   Data           1  imu.o(.data)
    ALT_POS_BMP                              0x20000120   Data           4  alt_fushion.o(.data)
    ALT_VEL_BMP                              0x20000124   Data           4  alt_fushion.o(.data)
    ALT_POS_SONAR                            0x20000128   Data           4  alt_fushion.o(.data)
    ALT_VEL_SONAR                            0x2000012c   Data           4  alt_fushion.o(.data)
    ALT_POS_SONAR2                           0x20000130   Data           4  alt_fushion.o(.data)
    ALT_POS_SONAR3                           0x20000134   Data           4  alt_fushion.o(.data)
    ALT_POS_BMP_EKF                          0x20000138   Data           4  alt_fushion.o(.data)
    ALT_VEL_BMP_EKF                          0x2000013c   Data           4  alt_fushion.o(.data)
    ALT_POS_BMP_UKF_OLDX                     0x20000140   Data           4  alt_fushion.o(.data)
    ALT_VEL_BMP_UKF_OLDX                     0x20000144   Data           4  alt_fushion.o(.data)
    ALT_ACC_BMP_UKF_OLDX                     0x20000148   Data           4  alt_fushion.o(.data)
    P_baro                                   0x20000150   Data          72  alt_fushion.o(.data)
    P_barob                                  0x20000198   Data         128  alt_fushion.o(.data)
    gh                                       0x20000218   Data           4  alt_fushion.o(.data)
    ga                                       0x2000021c   Data           4  alt_fushion.o(.data)
    gwa                                      0x20000220   Data           4  alt_fushion.o(.data)
    P_kf_baro                                0x20000228   Data          72  alt_fushion.o(.data)
    r_baro_ukf                               0x20000270   Data          16  alt_fushion.o(.data)
    q_baro_ukf                               0x20000280   Data          16  alt_fushion.o(.data)
    dead_accz                                0x20000290   Data           4  alt_fushion.o(.data)
    acc_off_baro                             0x20000294   Data           4  alt_fushion.o(.data)
    acc_scale_bmp                            0x20000298   Data           4  alt_fushion.o(.data)
    k_flt_accz                               0x2000029c   Data           4  alt_fushion.o(.data)
    acc_bmp                                  0x200002a0   Data           4  alt_fushion.o(.data)
    X_apo_height                             0x200002a4   Data           8  alt_fushion.o(.data)
    P_apo_k_height                           0x200002ac   Data          16  alt_fushion.o(.data)
    k_bais                                   0x200002bc   Data           4  alt_fushion.o(.data)
    k_bais2                                  0x200002c0   Data           4  alt_fushion.o(.data)
    r_baro                                   0x200002c4   Data           4  alt_fushion.o(.data)
    r_acc                                    0x200002c8   Data           4  alt_fushion.o(.data)
    x_tst                                    0x200002cc   Data           8  alt_fushion.o(.data)
    p_tst                                    0x200002d4   Data           8  alt_fushion.o(.data)
    kf_tst                                   0x200002dc   Data           8  alt_fushion.o(.data)
    k_acc_bais                               0x200002e4   Data           4  alt_fushion.o(.data)
    w_z_baro                                 0x200002e8   Data           4  alt_fushion.o(.data)
    w_acc_bias                               0x200002ec   Data           4  alt_fushion.o(.data)
    flag_ero                                 0x200002f0   Data           4  alt_fushion.o(.data)
    Alt_Offset_m1                            0x200002f4   Data           4  alt_fushion.o(.data)
    en_bias_fix                              0x200002f8   Data           4  alt_fushion.o(.data)
    flt_body_acc                             0x200002fc   Data           4  alt_fushion.o(.data)
    k_body_acc                               0x20000300   Data           4  alt_fushion.o(.data)
    acc_est                                  0x20000304   Data           4  alt_fushion.o(.data)
    acc_est_imu                              0x20000308   Data           4  alt_fushion.o(.data)
    fast_atan_table                          0x20000324   Data        1028  mymath.o(.data)
    inner_set                                0x20000734   Data           4  ctrl.o(.data)
    en_h_inf                                 0x20000738   Data           1  ctrl.o(.data)
    k_rc_gyro_spd                            0x2000073c   Data           4  ctrl.o(.data)
    thr_value                                0x20000740   Data           4  ctrl.o(.data)
    Thr_Low                                  0x20000744   Data           1  ctrl.o(.data)
    Thr_Weight                               0x20000748   Data           4  ctrl.o(.data)
    force_Thr_low                            0x2000074c   Data           1  ctrl.o(.data)
    motor_out                                0x2000074e   Data           8  ctrl.o(.data)
    nav_circle                               0x20000764   Data           8  pos_ctrl.o(.data)
    nav_circle_last                          0x2000076c   Data           8  pos_ctrl.o(.data)
    circle_check                             0x20000774   Data           4  pos_ctrl.o(.data)
    circle_lfp                               0x20000778   Data           4  pos_ctrl.o(.data)
    k_back_step                              0x2000077c   Data           4  pos_ctrl.o(.data)
    nav                                      0x20000780   Data           8  pos_ctrl.o(.data)
    GPS_angle                                0x20000788   Data           8  pos_ctrl.o(.data)
    target_position                          0x20000790   Data           8  pos_ctrl.o(.data)
    now_position                             0x20000798   Data           8  pos_ctrl.o(.data)
    actual_speed                             0x200007a0   Data           8  pos_ctrl.o(.data)
    tar_speed                                0x200007a8   Data           8  pos_ctrl.o(.data)
    tar_speed_avoidc                         0x200007b0   Data           8  pos_ctrl.o(.data)
    d_flow_watch                             0x200007b8   Data           8  pos_ctrl.o(.data)
    integrator                               0x200007c0   Data           8  pos_ctrl.o(.data)
    k_break                                  0x200007c8   Data           4  pos_ctrl.o(.data)
    k_flt_break                              0x200007cc   Data           4  pos_ctrl.o(.data)
    cnt_sb_sample_max                        0x200007d0   Data           1  pos_ctrl.o(.data)
    scale_flow_rc                            0x200007d4   Data           4  pos_ctrl.o(.data)
    r_circle                                 0x200007d8   Data           4  pos_ctrl.o(.data)
    d_angle                                  0x200007dc   Data           4  pos_ctrl.o(.data)
    circle_angle                             0x200007e0   Data           4  pos_ctrl.o(.data)
    exp_center_cycle                         0x200007e4   Data          20  pos_ctrl.o(.data)
    line_test_num                            0x200007f8   Data           2  pos_ctrl.o(.data)
    tan_test_num                             0x200007fa   Data           4  pos_ctrl.o(.data)
    yaw_qr_off                               0x20000800   Data           4  pos_ctrl.o(.data)
    out_timer_nav                            0x20000804   Data           4  pos_ctrl.o(.data)
    in_timer_nav                             0x20000808   Data           4  pos_ctrl.o(.data)
    mode_change                              0x2000080c   Data           1  pos_ctrl.o(.data)
    AUTO_UP_CUARVE                           0x2000080e   Data          18  pos_ctrl.o(.data)
    AUTO_DOWN_CUARVE                         0x20000820   Data          12  pos_ctrl.o(.data)
    AUTO_DOWN_CUARVE1                        0x2000082c   Data          12  pos_ctrl.o(.data)
    SONAR_SET_HIGHT                          0x20000838   Data           4  pos_ctrl.o(.data)
    AUTO_FLY_HEIGHT                          0x2000083c   Data           4  pos_ctrl.o(.data)
    SONAR_CHECK_DEAD                         0x20000840   Data           4  pos_ctrl.o(.data)
    AUTO_LAND_HEIGHT_1                       0x20000844   Data           4  pos_ctrl.o(.data)
    AUTO_LAND_HEIGHT_2                       0x20000848   Data           4  pos_ctrl.o(.data)
    AUTO_LAND_HEIGHT_3                       0x2000084c   Data           4  pos_ctrl.o(.data)
    MINE_LAND_HIGH                           0x20000850   Data           4  pos_ctrl.o(.data)
    AUTO_LAND_SPEED_DEAD                     0x20000854   Data           4  pos_ctrl.o(.data)
    state_v                                  0x20000858   Data           1  pos_ctrl.o(.data)
    baro_ground_high                         0x2000085c   Data           4  pos_ctrl.o(.data)
    height_ctrl_mode                         0x200008b0   Data           1  height_ctrl1.o(.data)
    ultra_distance                           0x200008b4   Data           4  height_ctrl1.o(.data)
    exp_height                               0x200008b8   Data           4  height_ctrl1.o(.data)
    set_height_e                             0x200008bc   Data           4  height_ctrl1.o(.data)
    set_height_em                            0x200008c0   Data           4  height_ctrl1.o(.data)
    set_speed_t                              0x200008c4   Data           4  height_ctrl1.o(.data)
    set_speed                                0x200008c8   Data           4  height_ctrl1.o(.data)
    exp_speed                                0x200008cc   Data           4  height_ctrl1.o(.data)
    fb_speed                                 0x200008d0   Data           4  height_ctrl1.o(.data)
    exp_acc                                  0x200008d4   Data           4  height_ctrl1.o(.data)
    fb_acc                                   0x200008d8   Data           4  height_ctrl1.o(.data)
    fb_speed_old                             0x200008dc   Data           4  height_ctrl1.o(.data)
    rng_time1                                0x200008e0   Data           4  height_ctrl1.o(.data)
    HOLD_THR                                 0x200008e4   Data           4  height_ctrl1.o(.data)
    ALT_HOLD_THR_RANGE_SCALE                 0x200008e8   Data           4  height_ctrl1.o(.data)
    exp_spd_zv                               0x200008ec   Data           4  height_ctrl1.o(.data)
    thr_use                                  0x200008f0   Data           4  height_ctrl1.o(.data)
    thr_in_view                              0x200008f4   Data           4  height_ctrl1.o(.data)
    exp_height_speed                         0x200008f8   Data           4  height_ctrl1.o(.data)
    exp_height_speed_safe                    0x200008fc   Data           4  height_ctrl1.o(.data)
    exp_height_safe                          0x20000900   Data           4  height_ctrl1.o(.data)
    ultra_speed                              0x20000904   Data           4  height_ctrl1.o(.data)
    ultra_speed_safe                         0x20000908   Data           4  height_ctrl1.o(.data)
    ultra_dis_lpf                            0x2000090c   Data           4  height_ctrl1.o(.data)
    ultra_dis_lpf_safe                       0x20000910   Data           4  height_ctrl1.o(.data)
    ultra_ctrl_out_safe                      0x20000914   Data           4  height_ctrl1.o(.data)
    ultra_ctrl_out                           0x20000918   Data           4  height_ctrl1.o(.data)
    ultra_ctrl_out_use                       0x2000091c   Data           4  height_ctrl1.o(.data)
    baro_speed_ano                           0x20000920   Data           4  height_ctrl1.o(.data)
    height_ctrl_out                          0x20000924   Data           4  height_ctrl1.o(.data)
    wz_acc                                   0x20000928   Data           4  height_ctrl1.o(.data)
    adrc_out                                 0x2000092c   Data           4  height_ctrl1.o(.data)
    baro_cnt                                 0x20000930   Data           4  height_ctrl1.o(.data)
    switch_r                                 0x20000934   Data           1  height_ctrl1.o(.data)
    wz_acc_ukf                               0x20000938   Data           4  height_ctrl1.o(.data)
    sonar_spd                                0x2000093c   Data           4  height_ctrl1.o(.data)
    BARO_HIHG_NUM                            0x20000940   Data           1  height_ctrl1.o(.data)
    baro_h_cnt                               0x20000942   Data           4  height_ctrl1.o(.data)
    baro_h_cnt1                              0x20000946   Data           4  height_ctrl1.o(.data)
    k_temp                                   0x2000094c   Data           4  height_ctrl1.o(.data)
    hs_ctrl_cnt_max                          0x20000950   Data           2  height_ctrl1.o(.data)
    hold_alt_flag                            0x20000952   Data           1  height_ctrl1.o(.data)
    out_timer_high                           0x20000954   Data           4  height_ctrl1.o(.data)
    in_timer_high                            0x20000958   Data           4  height_ctrl1.o(.data)
    baro_only_move                           0x2000095c   Data           4  height_ctrl1.o(.data)
    baro_only_move_flt                       0x20000960   Data           4  height_ctrl1.o(.data)
    ano_temp                                 0x20000964   Data           4  height_ctrl1.o(.data)
    k_acc_ukf                                0x20000968   Data           4  height_ctrl1.o(.data)
    mid_usp                                  0x2000096c   Data           1  height_ctrl1.o(.data)
    EN_TUO_ACC_FIX_H                         0x2000096d   Data           1  height_ctrl1.o(.data)
    off_inner                                0x20000970   Data           4  height_ctrl1.o(.data)
    wz_acc_ukf1                              0x20000974   Data           4  height_ctrl1.o(.data)
    wz_acc1                                  0x20000978   Data           4  height_ctrl1.o(.data)
    ultra_speed_bmp                          0x2000097c   Data           4  height_ctrl1.o(.data)
    tilted_fix1                              0x20000980   Data           4  height_ctrl1.o(.data)
    k_d                                      0x20000984   Data           4  height_ctrl1.o(.data)
    p1                                       0x20000988   Data           4  height_ctrl1.o(.data)
    p2                                       0x2000098c   Data           4  height_ctrl1.o(.data)
    speed_ctrl_sel                           0x20000990   Data           1  height_ctrl1.o(.data)
    speed_spd_sel                            0x20000991   Data           1  height_ctrl1.o(.data)
    wz_speed_old                             0x20000994   Data           4  height_ctrl1.o(.data)
    wz_acc_mms2                              0x20000998   Data           4  height_ctrl1.o(.data)
    height_thrv                              0x2000099c   Data           4  height_ctrl1.o(.data)
    wz_speed_pid_v_view                      0x200009a0   Data           4  height_ctrl1.o(.data)
    wz_speed_pid_v_view_eso                  0x200009a4   Data           4  height_ctrl1.o(.data)
    d_view                                   0x200009a8   Data           4  height_ctrl1.o(.data)
    ero_view                                 0x200009ac   Data           8  height_ctrl1.o(.data)
    baro_ctrl_start                          0x200009b4   Data           1  height_ctrl1.o(.data)
    baro_height                              0x200009b8   Data           4  height_ctrl1.o(.data)
    ultra_sp_test                            0x200009bc   Data           8  height_ctrl1.o(.data)
    k_dh                                     0x200009c4   Data           4  height_ctrl1.o(.data)
    sonar_av_cnt                             0x20000a18   Data           2  anotc_baro_ctrl.o(.data)
    sonar_f_set                              0x20000a1c   Data          24  anotc_baro_ctrl.o(.data)
    baro_av_cnt                              0x20000a34   Data           2  anotc_baro_ctrl.o(.data)
    baro_f_set                               0x20000a38   Data          24  anotc_baro_ctrl.o(.data)
    sonar_weight                             0x20000a50   Data           4  anotc_baro_ctrl.o(.data)
    wz_speed                                 0x20000a54   Data           4  anotc_baro_ctrl.o(.data)
    baro_com_val                             0x20000a58   Data           4  anotc_baro_ctrl.o(.data)
    flt_eso                                  0x20000a70   Data           4  eso.o(.data)
    np                                       0x20000a74   Data           4  eso.o(.data)
    L1                                       0x20000a78   Data           4  eso.o(.data)
    CH_in_Mapping                            0x20000aac   Data           8  rc.o(.data)
    rc_lose                                  0x20000ab4   Data           1  rc.o(.data)
    NS                                       0x20000ab5   Data           1  rc.o(.data)
    CH_Error                                 0x20000ab6   Data           8  rc.o(.data)
    NS_cnt                                   0x20000abe   Data           2  rc.o(.data)
    MAX_CH                                   0x20000ac0   Data          16  rc.o(.data)
    MIN_CH                                   0x20000ad0   Data          16  rc.o(.data)
    CH_DIR                                   0x20000ae0   Data           8  rc.o(.data)
    filter_A                                 0x20000ae8   Data           4  rc.o(.data)
    fly_ready                                0x20000aec   Data           1  rc.o(.data)
    thr_stick_low                            0x20000aed   Data           1  rc.o(.data)
    ready_cnt                                0x20000aee   Data           2  rc.o(.data)
    mag_cali_cnt                             0x20000af0   Data           2  rc.o(.data)
    locked_cnt                               0x20000af2   Data           2  rc.o(.data)
    dt_flow_rx                               0x20000af4   Data           4  usart.o(.data)
    data_rate_gol_link                       0x20000af8   Data           2  usart.o(.data)
    LOCK                                     0x20000afa   Data           1  usart.o(.data)
    KEY                                      0x20000afb   Data           8  usart.o(.data)
    KEY_SEL                                  0x20000b03   Data           4  usart.o(.data)
    NAV_BOARD_CONNECT                        0x20000b07   Data           1  usart.o(.data)
    imu_loss_cnt                             0x20000b08   Data           4  usart.o(.data)
    baro_matlab_data                         0x20000b0c   Data           8  usart.o(.data)
    POS_UKF_X                                0x20000b14   Data           4  usart.o(.data)
    POS_UKF_Y                                0x20000b18   Data           4  usart.o(.data)
    VEL_UKF_X                                0x20000b1c   Data           4  usart.o(.data)
    VEL_UKF_Y                                0x20000b20   Data           4  usart.o(.data)
    k_scale_pix                              0x20000b24   Data           4  usart.o(.data)
    pos_kf_state                             0x20000b28   Data           3  usart.o(.data)
    TxCounter                                0x20000b2b   Data           1  usart.o(.data)
    count                                    0x20000b2c   Data           1  usart.o(.data)
    RxState                                  0x20000b2d   Data           1  usart.o(.data)
    RxBufferNum                              0x20000b2e   Data           1  usart.o(.data)
    RxBufferCnt                              0x20000b2f   Data           1  usart.o(.data)
    RxLen                                    0x20000b30   Data           1  usart.o(.data)
    com_data                                 0x20000b31   Data           1  usart.o(.data)
    PWM_DJI                                  0x20000b34   Data           8  usart.o(.data)
    TxCounter5                               0x20000b3c   Data           1  usart.o(.data)
    count5                                   0x20000b3d   Data           1  usart.o(.data)
    RxState5                                 0x20000b3e   Data           1  usart.o(.data)
    RxBufferNum5                             0x20000b3f   Data           1  usart.o(.data)
    RxBufferCnt5                             0x20000b40   Data           1  usart.o(.data)
    RxLen5                                   0x20000b41   Data           1  usart.o(.data)
    BLE_UP1                                  0x20000b44   Data          20  usart.o(.data)
    BLE_TEST                                 0x20000b58   Data          20  usart.o(.data)
    BLE_BAUD                                 0x20000b6c   Data          20  usart.o(.data)
    BLE_RENEW                                0x20000b80   Data          20  usart.o(.data)
    BLE_RATE                                 0x20000b94   Data          20  usart.o(.data)
    SET_PIN                                  0x20000ba8   Data          20  usart.o(.data)
    app_connect_fc_loss                      0x20000bbc   Data           4  usart.o(.data)
    app_connect_fc                           0x20000bc0   Data           1  usart.o(.data)
    lock_tx                                  0x20000bc1   Data           1  usart.o(.data)
    RxState_app                              0x20000bc2   Data           1  usart.o(.data)
    RxBufferNum_app                          0x20000bc3   Data           1  usart.o(.data)
    RxBufferCnt_app                          0x20000bc4   Data           1  usart.o(.data)
    RxLen_app                                0x20000bc5   Data           1  usart.o(.data)
    RxState4                                 0x20000bc8   Data           1  usart.o(.data)
    RxBufferNum4                             0x20000bc9   Data           1  usart.o(.data)
    RxBufferCnt4                             0x20000bca   Data           1  usart.o(.data)
    RxLen4                                   0x20000bcb   Data           1  usart.o(.data)
    rate_gps_board                           0x20000bd0   Data           4  usart.o(.data)
    RxState3                                 0x20000bd4   Data           1  usart.o(.data)
    RxBufferNum3                             0x20000bd5   Data           1  usart.o(.data)
    RxBufferCnt3                             0x20000bd6   Data           1  usart.o(.data)
    RxLen3                                   0x20000bd7   Data           1  usart.o(.data)
    Angle_Yun                                0x20000bdc   Data           8  usart.o(.data)
    SendBuff1_cnt                            0x20000be4   Data           1  usart.o(.data)
    nrf_uart_cnt                             0x20000be6   Data           2  usart.o(.data)
    mpu6050_ok                               0x20000c04   Data           1  mpu6050.o(.data)
    acc_sum_cnt                              0x20000c06   Data           2  mpu6050.o(.data)
    gyro_sum_cnt                             0x20000c08   Data           2  mpu6050.o(.data)
    filter_cnt                               0x20000c0a   Data           1  mpu6050.o(.data)
    filter_cnt_old                           0x20000c0b   Data           1  mpu6050.o(.data)
    test_ang                                 0x20000c0c   Data           4  mpu6050.o(.data)
    test_ang_old                             0x20000c10   Data           4  mpu6050.o(.data)
    test_ang_d                               0x20000c14   Data           4  mpu6050.o(.data)
    test_fli_a                               0x20000c18   Data           4  mpu6050.o(.data)
    test_i                                   0x20000c1c   Data           4  mpu6050.o(.data)
    MS5611_Temperature                       0x20000c20   Data           4  bmp.o(.data)
    MS5611_Pressure                          0x20000c24   Data           4  bmp.o(.data)
    MS5611_Altitude                          0x20000c28   Data           4  bmp.o(.data)
    MS5611_VerticalSpeed                     0x20000c2c   Data           4  bmp.o(.data)
    baro_alt_speed_ano                       0x20000c30   Data           4  bmp.o(.data)
    baroAlt                                  0x20000c34   Data           4  bmp.o(.data)
    baroAlt_fc                               0x20000c38   Data           4  bmp.o(.data)
    baro_set                                 0x20000c3c   Data           1  bmp.o(.data)
    paOffsetNum                              0x20000c58   Data           8  bmp.o(.data)
    paInitCnt                                0x20000c60   Data           2  bmp.o(.data)
    paOffsetInited                           0x20000c62   Data           1  bmp.o(.data)
    Baro_ALT_Updated                         0x20000c63   Data           1  bmp.o(.data)
    MS5611_Delay_us                          0x20000c64   Data          36  bmp.o(.data)
    for_fly_ready                            0x20000c96   Data           1  bmp.o(.data)
    angle_baro                               0x20000c98   Data           4  bmp.o(.data)
    ak8975                                   0x20000cb0   Data          48  ak8975.o(.data)
    ak8975_fc                                0x20000ce0   Data          48  ak8975.o(.data)
    ak8975_ok                                0x20000d60   Data           1  ak8975.o(.data)
    hml_fix                                  0x20000d61   Data           1  ak8975.o(.data)
    Mag_CALIBRATED                           0x20000d62   Data           1  ak8975.o(.data)
    Mag_CALIBRATED_R                         0x20000d63   Data           1  ak8975.o(.data)
    HMC5883_lastx                            0x20000d64   Data           4  ak8975.o(.data)
    HMC5883_lasty                            0x20000d68   Data           4  ak8975.o(.data)
    HMC5883_lastz                            0x20000d6c   Data           4  ak8975.o(.data)
    HMC5883_maxx                             0x20000d70   Data           2  ak8975.o(.data)
    HMC5883_maxy                             0x20000d72   Data           2  ak8975.o(.data)
    HMC5883_maxz                             0x20000d74   Data           2  ak8975.o(.data)
    HMC5883_minx                             0x20000d76   Data           2  ak8975.o(.data)
    HMC5883_miny                             0x20000d78   Data           2  ak8975.o(.data)
    HMC5883_minz                             0x20000d7a   Data           2  ak8975.o(.data)
    Rc_Pwm_In                                0x20000db0   Data          16  scheduler.o(.bss)
    loop                                     0x20000dc0   Data          16  scheduler.o(.bss)
    test                                     0x20000dd0   Data          20  scheduler.o(.bss)
    sensor_setup                             0x20000de4   Data          64  parameter.o(.bss)
    pid_setup                                0x20000e24   Data         192  parameter.o(.bss)
    mode_value                               0x20000ee4   Data          10  fly_mode.o(.bss)
    mode                                     0x20000eee   Data          86  fly_mode.o(.bss)
    Cycle_T                                  0x20000f44   Data         240  time.o(.bss)
    W25QXX_BUFFER                            0x20001034   Data        4096  flash.o(.bss)
    FLASH_READ_BUF                           0x20002034   Data         100  flash.o(.bss)
    FLASH_Buffer                             0x20002098   Data         100  flash.o(.bss)
    reference_v                              0x200020fc   Data          12  imu.o(.bss)
    ref                                      0x20002108   Data          60  imu.o(.bss)
    reference_vr_imd_down                    0x20002144   Data          12  imu.o(.bss)
    reference_vr                             0x20002150   Data          12  imu.o(.bss)
    q_nav                                    0x2000215c   Data          16  imu.o(.bss)
    ref_q_imd_down                           0x2000216c   Data          16  imu.o(.bss)
    mag_sim_3d                               0x2000217c   Data          12  imu.o(.bss)
    acc_3d_hg                                0x20002188   Data          12  imu.o(.bss)
    acc_ng                                   0x20002194   Data          12  imu.o(.bss)
    acc_ng_offset                            0x200021a0   Data          12  imu.o(.bss)
    reference_vr_imd_down_fc                 0x200021ac   Data          12  imu.o(.bss)
    X_ukf_baro                               0x200021c8   Data          24  alt_fushion.o(.bss)
    X_ukf_barob                              0x200021e0   Data          32  alt_fushion.o(.bss)
    X_kf_baro                                0x20002200   Data          24  alt_fushion.o(.bss)
    acc_body                                 0x20002218   Data          12  alt_fushion.o(.bss)
    acc_bias                                 0x20002224   Data          12  alt_fushion.o(.bss)
    accel_bias_corr                          0x20002230   Data          12  alt_fushion.o(.bss)
    e_R                                      0x2000223c   Data          12  quar.o(.bss)
    exp_angle                                0x20002248   Data          12  quar.o(.bss)
    ero_angle_px4                            0x20002254   Data          16  quar.o(.bss)
    angle_now                                0x20002264   Data          12  quar.o(.bss)
    Q_control                                0x20002270   Data          32  quar.o(.bss)
    R_control_set                            0x20002290   Data          36  quar.o(.bss)
    R_control_ero                            0x200022b4   Data          36  quar.o(.bss)
    R_control_now                            0x200022d8   Data          36  quar.o(.bss)
    R_control_now_t                          0x200022fc   Data          36  quar.o(.bss)
    ctrl_1                                   0x20002320   Data         196  ctrl.o(.bss)
    ctrl_2                                   0x200023e4   Data         196  ctrl.o(.bss)
    except_A                                 0x200024a8   Data          12  ctrl.o(.bss)
    ctrl_angle_offset                        0x200024b4   Data          12  ctrl.o(.bss)
    compensation                             0x200024c0   Data          12  ctrl.o(.bss)
    except_AS                                0x200024cc   Data          12  ctrl.o(.bss)
    g_old                                    0x200024d8   Data          28  ctrl.o(.bss)
    motor                                    0x200024f4   Data          16  ctrl.o(.bss)
    posture_value                            0x20002504   Data          16  ctrl.o(.bss)
    curve                                    0x20002514   Data          16  ctrl.o(.bss)
    circle                                   0x20002524   Data          88  pos_ctrl.o(.bss)
    track                                    0x2000257c   Data          88  pos_ctrl.o(.bss)
    marker                                   0x200025d4   Data          76  pos_ctrl.o(.bss)
    out_back_step                            0x20002620   Data          12  pos_ctrl.o(.bss)
    acc_temp                                 0x2000262c   Data          12  pos_ctrl.o(.bss)
    nav_pos_pid                              0x20002638   Data          28  pos_ctrl.o(.bss)
    nav_spd_pid                              0x20002654   Data          28  pos_ctrl.o(.bss)
    nav_acc_pid                              0x20002670   Data          28  pos_ctrl.o(.bss)
    nav_pos_ctrl                             0x2000268c   Data          80  pos_ctrl.o(.bss)
    nav_spd_ctrl                             0x200026dc   Data          80  pos_ctrl.o(.bss)
    nav_acc_ctrl                             0x2000272c   Data          80  pos_ctrl.o(.bss)
    cnt                                      0x2000277c   Data          20  pos_ctrl.o(.bss)
    nav_land                                 0x20002790   Data          12  pos_ctrl.o(.bss)
    Rc_Pwm_Inr_mine                          0x2000279c   Data          16  pos_ctrl.o(.bss)
    Rc_Pwm_Out_mine                          0x200027ac   Data          16  pos_ctrl.o(.bss)
    angle_imu_dj                             0x200027bc   Data          12  pos_ctrl.o(.bss)
    hc_value                                 0x200027c8   Data          24  height_ctrl1.o(.bss)
    wz_speed_pid_v                           0x200027e0   Data          36  height_ctrl1.o(.bss)
    wz_speed_pid_v_safe                      0x20002804   Data          36  height_ctrl1.o(.bss)
    wz_speed_pid_v_eso                       0x20002828   Data          36  height_ctrl1.o(.bss)
    ultra_ctrl                               0x2000284c   Data          36  height_ctrl1.o(.bss)
    ultra_ctrl_safe                          0x20002870   Data          36  height_ctrl1.o(.bss)
    wz_speed_pid                             0x20002894   Data          16  height_ctrl1.o(.bss)
    wz_speed_pid_safe                        0x200028a4   Data          16  height_ctrl1.o(.bss)
    wz_speed_pid_use                         0x200028b4   Data          16  height_ctrl1.o(.bss)
    ultra_pid_safe                           0x200028c4   Data          16  height_ctrl1.o(.bss)
    ultra_pid                                0x200028d4   Data          16  height_ctrl1.o(.bss)
    ultra_pid_use                            0x200028e4   Data          16  height_ctrl1.o(.bss)
    baro_speed_arr                           0x200028f4   Data         204  height_ctrl1.o(.bss)
    baro_h_arr                               0x200029c0   Data         404  height_ctrl1.o(.bss)
    baro_h_arr1                              0x20002b54   Data         404  height_ctrl1.o(.bss)
    sonar_av_arr                             0x20002ce8   Data         200  anotc_baro_ctrl.o(.bss)
    sonar                                    0x20002db0   Data          24  anotc_baro_ctrl.o(.bss)
    sonar_fusion                             0x20002dc8   Data          68  anotc_baro_ctrl.o(.bss)
    baro_av_arr                              0x20002e0c   Data         400  anotc_baro_ctrl.o(.bss)
    baro_p                                   0x20002f9c   Data          24  anotc_baro_ctrl.o(.bss)
    baro_fusion                              0x20002fb4   Data          68  anotc_baro_ctrl.o(.bss)
    ESO_BMP                                  0x20002ff8   Data         132  eso.o(.bss)
    eso_att_outter                           0x2000307c   Data         528  eso.o(.bss)
    eso_att_inner                            0x2000328c   Data         528  eso.o(.bss)
    eso_att_outter_c                         0x2000349c   Data         528  eso.o(.bss)
    eso_att_inner_c                          0x200036ac   Data         528  eso.o(.bss)
    eso_pos_spd                              0x200038bc   Data         396  eso.o(.bss)
    eso_pos                                  0x20003a48   Data         396  eso.o(.bss)
    RX_CH                                    0x20003bd4   Data          16  rc.o(.bss)
    CH                                       0x20003be4   Data          16  rc.o(.bss)
    RX_CH_PWM                                0x20003bf4   Data          16  rc.o(.bss)
    RX_CH_FIX                                0x20003c04   Data          16  rc.o(.bss)
    RX_CH_FIX_PWM                            0x20003c14   Data          16  rc.o(.bss)
    CH_Old                                   0x20003c24   Data          32  rc.o(.bss)
    CH_filter                                0x20003c44   Data          32  rc.o(.bss)
    CH_filter_Old                            0x20003c64   Data          32  rc.o(.bss)
    CH_filter_D                              0x20003c84   Data          32  rc.o(.bss)
    CLR_CH_Error                             0x20003ca4   Data          16  rc.o(.bss)
    BLE_DEBUG                                0x20003cc4   Data          32  usart.o(.bss)
    m100                                     0x20003ce4   Data         100  usart.o(.bss)
    color                                    0x20003d48   Data          20  usart.o(.bss)
    HPID                                     0x20003d5c   Data          18  usart.o(.bss)
    SPID                                     0x20003d6e   Data          18  usart.o(.bss)
    FIX_PID                                  0x20003d80   Data          18  usart.o(.bss)
    NAV_PID                                  0x20003d92   Data          18  usart.o(.bss)
    HPID_app                                 0x20003da4   Data          18  usart.o(.bss)
    SPID_app                                 0x20003db6   Data          18  usart.o(.bss)
    FIX_PID_app                              0x20003dc8   Data          18  usart.o(.bss)
    NAV_PID_app                              0x20003dda   Data          18  usart.o(.bss)
    pid                                      0x20003dec   Data         320  usart.o(.bss)
    Rc_Get                                   0x20003f2c   Data          26  usart.o(.bss)
    Rc_Get_PWM                               0x20003f46   Data          26  usart.o(.bss)
    plane                                    0x20003f60   Data         116  usart.o(.bss)
    slam                                     0x20003fd4   Data          20  usart.o(.bss)
    imu_nav                                  0x20003fe8   Data         100  usart.o(.bss)
    flow_debug                               0x2000404c   Data          40  usart.o(.bss)
    flow_matlab_data                         0x20004074   Data          16  usart.o(.bss)
    uart_time                                0x20004084   Data          40  usart.o(.bss)
    TxBuffer                                 0x200040ac   Data         256  usart.o(.bss)
    Rx_Buf                                   0x200041ac   Data         256  usart.o(.bss)
    RxBuffer                                 0x200042ac   Data          50  usart.o(.bss)
    mark_map                                 0x200042e0   Data         160  usart.o(.bss)
    TxBuffer5                                0x20004380   Data         256  usart.o(.bss)
    Rx_Buf5                                  0x20004480   Data         256  usart.o(.bss)
    RxBuffer5                                0x20004580   Data          50  usart.o(.bss)
    DEBUG                                    0x200045b4   Data         140  usart.o(.bss)
    Rx_Buf_app                               0x20004640   Data         256  usart.o(.bss)
    RxBuffer_app                             0x20004740   Data          50  usart.o(.bss)
    Rx_Buf4                                  0x20004772   Data         256  usart.o(.bss)
    RxBuffer4                                0x20004872   Data          50  usart.o(.bss)
    Rx_Buf3                                  0x200048a4   Data         256  usart.o(.bss)
    RxBuffer3                                0x200049a4   Data          50  usart.o(.bss)
    SendBuff1                                0x200049d6   Data          96  usart.o(.bss)
    SendBuff2                                0x20004a36   Data          40  usart.o(.bss)
    SendBuff3                                0x20004a5e   Data          32  usart.o(.bss)
    SendBuff4                                0x20004a7e   Data         192  usart.o(.bss)
    mpu6050                                  0x20004b40   Data         128  mpu6050.o(.bss)
    mpu6050_fc                               0x20004bc0   Data         128  mpu6050.o(.bss)
    mpu6050_buffer                           0x20004c40   Data          14  mpu6050.o(.bss)
    sum_temp                                 0x20004c50   Data          28  mpu6050.o(.bss)
    FILT_BUF                                 0x20004c6c   Data         154  mpu6050.o(.bss)
    mpu6050_tmp                              0x20004d08   Data          28  mpu6050.o(.bss)
    mpu_fil_tmp                              0x20004d24   Data          28  mpu6050.o(.bss)
    baro                                     0x20004d40   Data          20  bmp.o(.bss)
    HMC5883_FIFO                             0x20004e50   Data          66  ak8975.o(.bss)
    ultra                                    0x20004ea0   Data          20  ultrasonic.o(.bss)
    __libspace_start                         0x20004eb4   Data          96  libspace.o(.bss)
    __temporary_stack_top$libspace           0x20004f14   Data           0  libspace.o(.bss)



==============================================================================

Memory Map of the image

  Image Entry point : 0x08000189

  Load Region LR_IROM1 (Base: 0x08000000, Size: 0x00024780, Max: 0x00100000, ABSOLUTE, COMPRESSED[0x00023ffc])

    Execution Region ER_IROM1 (Base: 0x08000000, Size: 0x000239d0, Max: 0x00100000, ABSOLUTE)

    Base Addr    Size         Type   Attr      Idx    E Section Name        Object

    0x08000000   0x00000188   Data   RO          802    RESET               startup_stm32f4xx.o
    0x08000188   0x00000008   Code   RO         1329  * !!!main             c_w.l(__main.o)
    0x08000190   0x00000034   Code   RO         1745    !!!scatter          c_w.l(__scatter.o)
    0x080001c4   0x0000005a   Code   RO         1743    !!dczerorl2         c_w.l(__dczerorl2.o)
    0x0800021e   0x00000002   PAD
    0x08000220   0x0000001c   Code   RO         1747    !!handler_zi        c_w.l(__scatter_zi.o)
    0x0800023c   0x00000002   Code   RO         1608    .ARM.Collect$$libinit$$00000000  c_w.l(libinit.o)
    0x0800023e   0x00000004   Code   RO         1617    .ARM.Collect$$libinit$$00000001  c_w.l(libinit2.o)
    0x08000242   0x00000000   Code   RO         1620    .ARM.Collect$$libinit$$00000004  c_w.l(libinit2.o)
    0x08000242   0x00000000   Code   RO         1623    .ARM.Collect$$libinit$$0000000A  c_w.l(libinit2.o)
    0x08000242   0x00000000   Code   RO         1625    .ARM.Collect$$libinit$$0000000C  c_w.l(libinit2.o)
    0x08000242   0x00000000   Code   RO         1627    .ARM.Collect$$libinit$$0000000E  c_w.l(libinit2.o)
    0x08000242   0x00000000   Code   RO         1630    .ARM.Collect$$libinit$$00000011  c_w.l(libinit2.o)
    0x08000242   0x00000000   Code   RO         1632    .ARM.Collect$$libinit$$00000013  c_w.l(libinit2.o)
    0x08000242   0x00000000   Code   RO         1634    .ARM.Collect$$libinit$$00000015  c_w.l(libinit2.o)
    0x08000242   0x00000000   Code   RO         1636    .ARM.Collect$$libinit$$00000017  c_w.l(libinit2.o)
    0x08000242   0x00000000   Code   RO         1638    .ARM.Collect$$libinit$$00000019  c_w.l(libinit2.o)
    0x08000242   0x00000000   Code   RO         1640    .ARM.Collect$$libinit$$0000001B  c_w.l(libinit2.o)
    0x08000242   0x00000000   Code   RO         1642    .ARM.Collect$$libinit$$0000001D  c_w.l(libinit2.o)
    0x08000242   0x00000000   Code   RO         1644    .ARM.Collect$$libinit$$0000001F  c_w.l(libinit2.o)
    0x08000242   0x00000000   Code   RO         1646    .ARM.Collect$$libinit$$00000021  c_w.l(libinit2.o)
    0x08000242   0x00000000   Code   RO         1648    .ARM.Collect$$libinit$$00000023  c_w.l(libinit2.o)
    0x08000242   0x00000000   Code   RO         1650    .ARM.Collect$$libinit$$00000025  c_w.l(libinit2.o)
    0x08000242   0x00000000   Code   RO         1654    .ARM.Collect$$libinit$$0000002C  c_w.l(libinit2.o)
    0x08000242   0x00000000   Code   RO         1656    .ARM.Collect$$libinit$$0000002E  c_w.l(libinit2.o)
    0x08000242   0x00000000   Code   RO         1658    .ARM.Collect$$libinit$$00000030  c_w.l(libinit2.o)
    0x08000242   0x00000000   Code   RO         1660    .ARM.Collect$$libinit$$00000032  c_w.l(libinit2.o)
    0x08000242   0x00000002   Code   RO         1661    .ARM.Collect$$libinit$$00000033  c_w.l(libinit2.o)
    0x08000244   0x00000002   Code   RO         1693    .ARM.Collect$$libshutdown$$00000000  c_w.l(libshutdown.o)
    0x08000246   0x00000000   Code   RO         1710    .ARM.Collect$$libshutdown$$00000002  c_w.l(libshutdown2.o)
    0x08000246   0x00000000   Code   RO         1712    .ARM.Collect$$libshutdown$$00000004  c_w.l(libshutdown2.o)
    0x08000246   0x00000000   Code   RO         1715    .ARM.Collect$$libshutdown$$00000007  c_w.l(libshutdown2.o)
    0x08000246   0x00000000   Code   RO         1718    .ARM.Collect$$libshutdown$$0000000A  c_w.l(libshutdown2.o)
    0x08000246   0x00000000   Code   RO         1720    .ARM.Collect$$libshutdown$$0000000C  c_w.l(libshutdown2.o)
    0x08000246   0x00000000   Code   RO         1723    .ARM.Collect$$libshutdown$$0000000F  c_w.l(libshutdown2.o)
    0x08000246   0x00000002   Code   RO         1724    .ARM.Collect$$libshutdown$$00000010  c_w.l(libshutdown2.o)
    0x08000248   0x00000000   Code   RO         1499    .ARM.Collect$$rtentry$$00000000  c_w.l(__rtentry.o)
    0x08000248   0x00000000   Code   RO         1569    .ARM.Collect$$rtentry$$00000002  c_w.l(__rtentry2.o)
    0x08000248   0x00000006   Code   RO         1581    .ARM.Collect$$rtentry$$00000004  c_w.l(__rtentry4.o)
    0x0800024e   0x00000000   Code   RO         1571    .ARM.Collect$$rtentry$$00000009  c_w.l(__rtentry2.o)
    0x0800024e   0x00000004   Code   RO         1572    .ARM.Collect$$rtentry$$0000000A  c_w.l(__rtentry2.o)
    0x08000252   0x00000000   Code   RO         1574    .ARM.Collect$$rtentry$$0000000C  c_w.l(__rtentry2.o)
    0x08000252   0x00000008   Code   RO         1575    .ARM.Collect$$rtentry$$0000000D  c_w.l(__rtentry2.o)
    0x0800025a   0x00000002   Code   RO         1611    .ARM.Collect$$rtexit$$00000000  c_w.l(rtexit.o)
    0x0800025c   0x00000000   Code   RO         1665    .ARM.Collect$$rtexit$$00000002  c_w.l(rtexit2.o)
    0x0800025c   0x00000004   Code   RO         1666    .ARM.Collect$$rtexit$$00000003  c_w.l(rtexit2.o)
    0x08000260   0x00000006   Code   RO         1667    .ARM.Collect$$rtexit$$00000004  c_w.l(rtexit2.o)
    0x08000266   0x00000002   PAD
    0x08000268   0x000000fc   Code   RO            2    .text               init.o
    0x08000364   0x00000ec8   Code   RO          204    .text               scheduler.o
    0x0800122c   0x00000348   Code   RO          249    .text               parameter.o
    0x08001574   0x000000e8   Code   RO          302    .text               fly_mode.o
    0x0800165c   0x00000014   Code   RO          329    .text               main.o
    0x08001670   0x0000002c   Code   RO          351    .text               stm32f4xx_it.o
    0x0800169c   0x00000424   Code   RO          367    .text               iic_hml.o
    0x08001ac0   0x000003a8   Code   RO          386    .text               i2c_soft.o
    0x08001e68   0x00000280   Code   RO          412    .text               time.o
    0x080020e8   0x000003c4   Code   RO          484    .text               pwm_out.o
    0x080024ac   0x0000005c   Code   RO          509    .text               led.o
    0x08002508   0x00000a08   Code   RO          530    .text               flash.o
    0x08002f10   0x000000e0   Code   RO          553    .text               misc.o
    0x08002ff0   0x000003a8   Code   RO          601    .text               stm32f4xx_dma.o
    0x08003398   0x000004bc   Code   RO          633    .text               stm32f4xx_flash.o
    0x08003854   0x0000025c   Code   RO          649    .text               stm32f4xx_gpio.o
    0x08003ab0   0x00000588   Code   RO          697    .text               stm32f4xx_rcc.o
    0x08004038   0x000003f8   Code   RO          715    .text               stm32f4xx_spi.o
    0x08004430   0x00000ca2   Code   RO          747    .text               stm32f4xx_tim.o
    0x080050d2   0x00000002   PAD
    0x080050d4   0x0000041a   Code   RO          763    .text               stm32f4xx_usart.o
    0x080054ee   0x00000002   PAD
    0x080054f0   0x00000210   Code   RO          779    .text               system_stm32f4xx.o
    0x08005700   0x00000040   Code   RO          803    .text               startup_stm32f4xx.o
    0x08005740   0x00002428   Code   RO          808    .text               imu.o
    0x08007b68   0x00000a78   Code   RO          843    .text               alt_fushion.o
    0x080085e0   0x00000870   Code   RO          884    .text               mymath.o
    0x08008e50   0x00000594   Code   RO          903    .text               filter.o
    0x080093e4   0x000013f8   Code   RO          919    .text               fastmath.o
    0x0800a7dc   0x000021d0   Code   RO          935    .text               quar.o
    0x0800c9ac   0x00001e04   Code   RO          966    .text               ctrl.o
    0x0800e7b0   0x00002b80   Code   RO          989    .text               pos_ctrl.o
    0x08011330   0x00001d18   Code   RO         1014    .text               height_ctrl1.o
    0x08013048   0x000006fc   Code   RO         1038    .text               anotc_baro_ctrl.o
    0x08013744   0x00001af0   Code   RO         1065    .text               eso.o
    0x08015234   0x000000e8   Code   RO         1088    .text               dma.o
    0x0801531c   0x00000634   Code   RO         1104    .text               rc.o
    0x08015950   0x00008084   Code   RO         1131    .text               usart.o
    0x0801d9d4   0x00000998   Code   RO         1190    .text               mpu6050.o
    0x0801e36c   0x0000077c   Code   RO         1214    .text               bmp.o
    0x0801eae8   0x00000940   Code   RO         1245    .text               ak8975.o
    0x0801f428   0x000004e4   Code   RO         1297    .text               baro_ekf_oldx.lib(baro_ekf.o)
    0x0801f90c   0x00000048   Code   RO         1321    .text               c_w.l(llsdiv.o)
    0x0801f954   0x00000064   Code   RO         1323    .text               c_w.l(rt_memcpy_w.o)
    0x0801f9b8   0x0000004e   Code   RO         1325    .text               c_w.l(rt_memclr_w.o)
    0x0801fa06   0x00000006   Code   RO         1327    .text               c_w.l(heapauxi.o)
    0x0801fa0c   0x000000ee   Code   RO         1500    .text               c_w.l(lludivv7m.o)
    0x0801fafa   0x00000016   Code   RO         1502    .text               c_w.l(_rserrno.o)
    0x0801fb10   0x00000008   Code   RO         1590    .text               c_w.l(rt_errno_addr_intlibspace.o)
    0x0801fb18   0x00000008   Code   RO         1594    .text               c_w.l(libspace.o)
    0x0801fb20   0x0000004a   Code   RO         1597    .text               c_w.l(sys_stackheap_outer.o)
    0x0801fb6a   0x00000012   Code   RO         1601    .text               c_w.l(exit.o)
    0x0801fb7c   0x0000000c   Code   RO         1681    .text               c_w.l(sys_exit.o)
    0x0801fb88   0x00000002   Code   RO         1698    .text               c_w.l(use_no_semi.o)
    0x0801fb8a   0x00000000   Code   RO         1700    .text               c_w.l(indicate_semi.o)
    0x0801fb8a   0x00000030   Code   RO         1536    i.__ARM_fpclassify  m_wm.l(fpclassify.o)
    0x0801fbba   0x00000026   Code   RO         1538    i.__ARM_fpclassifyf  m_wm.l(fpclassifyf.o)
    0x0801fbe0   0x00000360   Code   RO         1367    i.__hardfp_asin     m_wm.l(asin.o)
    0x0801ff40   0x0000012c   Code   RO         1381    i.__hardfp_asinf    m_wm.l(asinf.o)
    0x0802006c   0x00000004   PAD
    0x08020070   0x000002d8   Code   RO         1393    i.__hardfp_atan     m_wm.l(atan.o)
    0x08020348   0x000001f0   Code   RO         1407    i.__hardfp_atan2    m_wm.l(atan2.o)
    0x08020538   0x00000250   Code   RO         1419    i.__hardfp_atan2f   m_wm.l(atan2f.o)
    0x08020788   0x000000c8   Code   RO         1431    i.__hardfp_cos      m_wm.l(cos.o)
    0x08020850   0x00000014   Code   RO         1443    i.__hardfp_fabs     m_wm.l(fabs.o)
    0x08020864   0x00000004   PAD
    0x08020868   0x00000c50   Code   RO         1449    i.__hardfp_pow      m_wm.l(pow.o)
    0x080214b8   0x000000c8   Code   RO         1463    i.__hardfp_sin      m_wm.l(sin.o)
    0x08021580   0x0000007a   Code   RO         1475    i.__hardfp_sqrt     m_wm.l(sqrt.o)
    0x080215fa   0x0000003a   Code   RO         1487    i.__hardfp_sqrtf    m_wm.l(sqrtf.o)
    0x08021634   0x00000004   PAD
    0x08021638   0x00000438   Code   RO         1557    i.__ieee754_rem_pio2  m_wm.l(rred.o)
    0x08021a70   0x00000170   Code   RO         1519    i.__kernel_cos      m_wm.l(cos_i.o)
    0x08021be0   0x000000f8   Code   RO         1554    i.__kernel_poly     m_wm.l(poly.o)
    0x08021cd8   0x00000130   Code   RO         1562    i.__kernel_sin      m_wm.l(sin_i.o)
    0x08021e08   0x00000030   Code   RO         1522    i.__mathlib_dbl_divzero  m_wm.l(dunder.o)
    0x08021e38   0x00000014   Code   RO         1523    i.__mathlib_dbl_infnan  m_wm.l(dunder.o)
    0x08021e4c   0x00000014   Code   RO         1524    i.__mathlib_dbl_infnan2  m_wm.l(dunder.o)
    0x08021e60   0x00000020   Code   RO         1525    i.__mathlib_dbl_invalid  m_wm.l(dunder.o)
    0x08021e80   0x00000020   Code   RO         1526    i.__mathlib_dbl_overflow  m_wm.l(dunder.o)
    0x08021ea0   0x00000020   Code   RO         1528    i.__mathlib_dbl_underflow  m_wm.l(dunder.o)
    0x08021ec0   0x00000006   Code   RO         1541    i.__mathlib_flt_infnan  m_wm.l(funder.o)
    0x08021ec6   0x00000006   Code   RO         1542    i.__mathlib_flt_infnan2  m_wm.l(funder.o)
    0x08021ecc   0x00000010   Code   RO         1543    i.__mathlib_flt_invalid  m_wm.l(funder.o)
    0x08021edc   0x00000010   Code   RO         1546    i.__mathlib_flt_underflow  m_wm.l(funder.o)
    0x08021eec   0x00000010   Code   RO         1395    i.atan              m_wm.l(atan.o)
    0x08021efc   0x00000018   Code   RO         1445    i.fabs              m_wm.l(fabs.o)
    0x08021f14   0x0000006e   Code   RO         1477    i.sqrt              m_wm.l(sqrt.o)
    0x08021f82   0x0000003e   Code   RO         1489    i.sqrtf             m_wm.l(sqrtf.o)
    0x08021fc0   0x00000018   Code   RO         1331    x$fpl$basic         fz_wm.l(basic.o)
    0x08021fd8   0x00000062   Code   RO         1333    x$fpl$d2f           fz_wm.l(d2f.o)
    0x0802203a   0x00000002   PAD
    0x0802203c   0x00000150   Code   RO         1335    x$fpl$dadd          fz_wm.l(daddsub_clz.o)
    0x0802218c   0x00000010   Code   RO         1592    x$fpl$dcheck1       fz_wm.l(dcheck1.o)
    0x0802219c   0x00000018   Code   RO         1504    x$fpl$dcmpinf       fz_wm.l(dcmpi.o)
    0x080221b4   0x000002b0   Code   RO         1342    x$fpl$ddiv          fz_wm.l(ddiv.o)
    0x08022464   0x00000078   Code   RO         1345    x$fpl$deqf          fz_wm.l(deqf.o)
    0x080224dc   0x0000005e   Code   RO         1347    x$fpl$dfix          fz_wm.l(dfix.o)
    0x0802253a   0x0000002e   Code   RO         1352    x$fpl$dflt          fz_wm.l(dflt_clz.o)
    0x08022568   0x00000026   Code   RO         1351    x$fpl$dfltu         fz_wm.l(dflt_clz.o)
    0x0802258e   0x00000002   PAD
    0x08022590   0x00000078   Code   RO         1357    x$fpl$dleqf         fz_wm.l(dleqf.o)
    0x08022608   0x00000154   Code   RO         1359    x$fpl$dmul          fz_wm.l(dmul.o)
    0x0802275c   0x0000009c   Code   RO         1506    x$fpl$dnaninf       fz_wm.l(dnaninf.o)
    0x080227f8   0x0000000c   Code   RO         1508    x$fpl$dretinf       fz_wm.l(dretinf.o)
    0x08022804   0x0000006c   Code   RO         1361    x$fpl$drleqf        fz_wm.l(drleqf.o)
    0x08022870   0x00000016   Code   RO         1336    x$fpl$drsb          fz_wm.l(daddsub_clz.o)
    0x08022886   0x00000002   PAD
    0x08022888   0x00000198   Code   RO         1510    x$fpl$dsqrt         fz_wm.l(dsqrt_umaal.o)
    0x08022a20   0x000001d4   Code   RO         1337    x$fpl$dsub          fz_wm.l(daddsub_clz.o)
    0x08022bf4   0x00000056   Code   RO         1363    x$fpl$f2d           fz_wm.l(f2d.o)
    0x08022c4a   0x00000060   Code   RO         1365    x$fpl$ffltll        fz_wm.l(ffltll_clz.o)
    0x08022caa   0x0000008c   Code   RO         1512    x$fpl$fnaninf       fz_wm.l(fnaninf.o)
    0x08022d36   0x0000000a   Code   RO         1679    x$fpl$fpinit        fz_wm.l(fpinit.o)
    0x08022d40   0x0000000a   Code   RO         1514    x$fpl$fretinf       fz_wm.l(fretinf.o)
    0x08022d4a   0x00000064   Code   RO         1609    x$fpl$retnan        fz_wm.l(retnan.o)
    0x08022dae   0x0000005c   Code   RO         1516    x$fpl$scalbn        fz_wm.l(scalbn.o)
    0x08022e0a   0x00000030   Code   RO         1662    x$fpl$trapveneer    fz_wm.l(trapv.o)
    0x08022e3a   0x00000000   Code   RO         1518    x$fpl$usenofp       fz_wm.l(usenofp.o)
    0x08022e3a   0x00000002   PAD
    0x08022e3c   0x00000030   Data   RO          251    .constdata          parameter.o
    0x08022e6c   0x00000880   Data   RO          920    .constdata          fastmath.o
    0x080236ec   0x00000024   Data   RO          937    .constdata          quar.o
    0x08023710   0x00000004   Data   RO          991    .constdata          pos_ctrl.o
    0x08023714   0x00000004   Data   RO         1298    .constdata          baro_ekf_oldx.lib(baro_ekf.o)
    0x08023718   0x00000050   Data   RO         1370    .constdata          m_wm.l(asin.o)
    0x08023768   0x00000098   Data   RO         1396    .constdata          m_wm.l(atan.o)
    0x08023800   0x00000088   Data   RO         1452    .constdata          m_wm.l(pow.o)
    0x08023888   0x00000030   Data   RO         1520    .constdata          m_wm.l(cos_i.o)
    0x080238b8   0x00000008   Data   RO         1556    .constdata          m_wm.l(qnan.o)
    0x080238c0   0x000000c8   Data   RO         1559    .constdata          m_wm.l(rred.o)
    0x08023988   0x00000028   Data   RO         1563    .constdata          m_wm.l(sin_i.o)
    0x080239b0   0x00000020   Data   RO         1741    Region$$Table       anon$$obj.o


    Execution Region RW_IRAM1 (Base: 0x20000000, Size: 0x00005b18, Max: 0x00020000, ABSOLUTE, COMPRESSED[0x0000062c])

    Base Addr    Size         Type   Attr      Idx    E Section Name        Object

    0x20000000   0x0000002e   Data   RW          206    .data               scheduler.o
    0x2000002e   0x00000001   Data   RW          252    .data               parameter.o
    0x2000002f   0x00000008   Data   RW          304    .data               fly_mode.o
    0x20000037   0x00000001   Data   RW          330    .data               main.o
    0x20000038   0x00000001   Data   RW          387    .data               i2c_soft.o
    0x20000039   0x00000003   PAD
    0x2000003c   0x00000014   Data   RW          414    .data               time.o
    0x20000050   0x0000000b   Data   RW          485    .data               pwm_out.o
    0x2000005b   0x00000001   Data   RW          510    .data               led.o
    0x2000005c   0x00000008   Data   RW          532    .data               flash.o
    0x20000064   0x00000010   Data   RW          698    .data               stm32f4xx_rcc.o
    0x20000074   0x00000014   Data   RW          780    .data               system_stm32f4xx.o
    0x20000088   0x00000092   Data   RW          810    .data               imu.o
    0x2000011a   0x00000006   PAD
    0x20000120   0x00000204   Data   RW          845    .data               alt_fushion.o
    0x20000324   0x00000404   Data   RW          885    .data               mymath.o
    0x20000728   0x0000000c   Data   RW          904    .data               filter.o
    0x20000734   0x00000030   Data   RW          968    .data               ctrl.o
    0x20000764   0x0000014a   Data   RW          992    .data               pos_ctrl.o
    0x200008ae   0x00000002   PAD
    0x200008b0   0x00000168   Data   RW         1016    .data               height_ctrl1.o
    0x20000a18   0x00000058   Data   RW         1040    .data               anotc_baro_ctrl.o
    0x20000a70   0x0000003c   Data   RW         1067    .data               eso.o
    0x20000aac   0x00000048   Data   RW         1106    .data               rc.o
    0x20000af4   0x0000010f   Data   RW         1133    .data               usart.o
    0x20000c03   0x00000001   PAD
    0x20000c04   0x0000001c   Data   RW         1192    .data               mpu6050.o
    0x20000c20   0x0000008d   Data   RW         1216    .data               bmp.o
    0x20000cad   0x00000003   PAD
    0x20000cb0   0x00000100   Data   RW         1247    .data               ak8975.o
    0x20000db0   0x00000034   Zero   RW          205    .bss                scheduler.o
    0x20000de4   0x00000100   Zero   RW          250    .bss                parameter.o
    0x20000ee4   0x00000060   Zero   RW          303    .bss                fly_mode.o
    0x20000f44   0x000000f0   Zero   RW          413    .bss                time.o
    0x20001034   0x000010c8   Zero   RW          531    .bss                flash.o
    0x200020fc   0x000000c8   Zero   RW          809    .bss                imu.o
    0x200021c4   0x00000004   PAD
    0x200021c8   0x00000074   Zero   RW          844    .bss                alt_fushion.o
    0x2000223c   0x000000e4   Zero   RW          936    .bss                quar.o
    0x20002320   0x00000204   Zero   RW          967    .bss                ctrl.o
    0x20002524   0x000002a4   Zero   RW          990    .bss                pos_ctrl.o
    0x200027c8   0x00000520   Zero   RW         1015    .bss                height_ctrl1.o
    0x20002ce8   0x00000310   Zero   RW         1039    .bss                anotc_baro_ctrl.o
    0x20002ff8   0x00000bdc   Zero   RW         1066    .bss                eso.o
    0x20003bd4   0x000000f0   Zero   RW         1105    .bss                rc.o
    0x20003cc4   0x00000e7a   Zero   RW         1132    .bss                usart.o
    0x20004b3e   0x00000002   PAD
    0x20004b40   0x00000200   Zero   RW         1191    .bss                mpu6050.o
    0x20004d40   0x00000020   Zero   RW         1215    .bss                bmp.o
    0x20004d60   0x00000140   Zero   RW         1246    .bss                ak8975.o
    0x20004ea0   0x00000014   Zero   RW         1276    .bss                ultrasonic.o
    0x20004eb4   0x00000060   Zero   RW         1595    .bss                c_w.l(libspace.o)
    0x20004f14   0x00000004   PAD
    0x20004f18   0x00000400   Zero   RW          801    HEAP                startup_stm32f4xx.o
    0x20005318   0x00000800   Zero   RW          800    STACK               startup_stm32f4xx.o


==============================================================================

Image component sizes


      Code (inc. data)   RO Data    RW Data    ZI Data      Debug   Object Name

      2368        122          0        256        320       8353   ak8975.o
      2680        270          0        516        116       9924   alt_fushion.o
      1788        170          0         88        784       6367   anotc_baro_ctrl.o
      1916        182          0        141         32       7043   bmp.o
      7684        472          0         48        516       5624   ctrl.o
       232          4          0          0          0       1380   dma.o
      6896        234          0         60       3036      11646   eso.o
      5112        288       2176          0          0      11903   fastmath.o
      1428         36          0         12          0       3755   filter.o
      2568        132          0          8       4296       7323   flash.o
       232         28          0          8         96      10309   fly_mode.o
      7448        836          0        360       1312      10523   height_ctrl1.o
       936         10          0          1          0       4478   i2c_soft.o
      1060         14          0          0          0       4755   iic_hml.o
      9256        366          0        146        200       9440   imu.o
       252         28          0          0          0     295617   init.o
        92         10          0          1          0        626   led.o
        20          4          0          1          0        653   main.o
       224         20          0          0          0       1925   misc.o
      2456        118          0         28        512      16666   mpu6050.o
      2160        152          0       1028          0       6825   mymath.o
       840         32         48          1        256       4254   parameter.o
     11136        888          4        330        676      10879   pos_ctrl.o
       964         28          0         11          0       2660   pwm_out.o
      8656        150         36          0        228      12048   quar.o
      1588        148          0         72        240       3519   rc.o
      3784        418          0         46         52       4397   scheduler.o
        64         26        392          0       3072        888   startup_stm32f4xx.o
       936         32          0          0          0       6501   stm32f4xx_dma.o
      1212         26          0          0          0       7193   stm32f4xx_flash.o
       604         36          0          0          0       4229   stm32f4xx_gpio.o
        44          4          0          0          0       1349   stm32f4xx_it.o
      1416         48          0         16          0      11159   stm32f4xx_rcc.o
      1016         22          0          0          0       6953   stm32f4xx_spi.o
      3234         60          0          0          0      23124   stm32f4xx_tim.o
      1050         26          0          0          0       7968   stm32f4xx_usart.o
       528         46          0         20          0       1987   system_stm32f4xx.o
       640         38          0         20        240      22341   time.o
         0          0          0          0         20        285   ultrasonic.o
     32900       1340          0        271       3706      34933   usart.o

    ----------------------------------------------------------------------
    127424       6864       2688       3504      19716     601802   Object Totals
         0          0         32          0          0          0   (incl. Generated)
         4          0          0         15          6          0   (incl. Padding)

    ----------------------------------------------------------------------

      Code (inc. data)   RO Data    RW Data    ZI Data      Debug   Library Member Name

      1252         28          4          0          0       2032   baro_ekf.o
        90          0          0          0          0          0   __dczerorl2.o
         8          0          0          0          0         68   __main.o
         0          0          0          0          0          0   __rtentry.o
        12          0          0          0          0          0   __rtentry2.o
         6          0          0          0          0          0   __rtentry4.o
        52          8          0          0          0          0   __scatter.o
        28          0          0          0          0          0   __scatter_zi.o
        22          0          0          0          0        100   _rserrno.o
        18          0          0          0          0         80   exit.o
         6          0          0          0          0        152   heapauxi.o
         0          0          0          0          0          0   indicate_semi.o
         2          0          0          0          0          0   libinit.o
         6          0          0          0          0          0   libinit2.o
         2          0          0          0          0          0   libshutdown.o
         2          0          0          0          0          0   libshutdown2.o
         8          4          0          0         96         68   libspace.o
        72          0          0          0          0         76   llsdiv.o
       238          0          0          0          0        100   lludivv7m.o
         8          4          0          0          0         68   rt_errno_addr_intlibspace.o
        78          0          0          0          0         80   rt_memclr_w.o
       100          0          0          0          0         80   rt_memcpy_w.o
         2          0          0          0          0          0   rtexit.o
        10          0          0          0          0          0   rtexit2.o
        12          4          0          0          0         68   sys_exit.o
        74          0          0          0          0         80   sys_stackheap_outer.o
         2          0          0          0          0         68   use_no_semi.o
        24          0          0          0          0        164   basic.o
        98          4          0          0          0        140   d2f.o
       826         16          0          0          0        492   daddsub_clz.o
        16          4          0          0          0        116   dcheck1.o
        24          0          0          0          0        116   dcmpi.o
       688        140          0          0          0        256   ddiv.o
       120          4          0          0          0        140   deqf.o
        94          4          0          0          0        140   dfix.o
        84          0          0          0          0        232   dflt_clz.o
       120          4          0          0          0        140   dleqf.o
       340         12          0          0          0        152   dmul.o
       156          4          0          0          0        140   dnaninf.o
        12          0          0          0          0        116   dretinf.o
       108          0          0          0          0        128   drleqf.o
       408         56          0          0          0        168   dsqrt_umaal.o
        86          4          0          0          0        132   f2d.o
        96          0          0          0          0        132   ffltll_clz.o
       140          4          0          0          0        132   fnaninf.o
        10          0          0          0          0        116   fpinit.o
        10          0          0          0          0        116   fretinf.o
       100          0          0          0          0        116   retnan.o
        92          0          0          0          0        116   scalbn.o
        48          0          0          0          0        116   trapv.o
         0          0          0          0          0          0   usenofp.o
       864         94         80          0          0        280   asin.o
       300         42          0          0          0        176   asinf.o
       744        106        152          0          0        352   atan.o
       496         64          0          0          0        192   atan2.o
       592         90          0          0          0        184   atan2f.o
       200         20          0          0          0        164   cos.o
       368         46         48          0          0        200   cos_i.o
       184         44          0          0          0        744   dunder.o
        44          0          0          0          0        248   fabs.o
        48          0          0          0          0        124   fpclassify.o
        38          0          0          0          0        116   fpclassifyf.o
        44         12          0          0          0        464   funder.o
       248          0          0          0          0        152   poly.o
      3152        296        136          0          0        352   pow.o
         0          0          8          0          0          0   qnan.o
      1080        142        200          0          0        188   rred.o
       200         20          0          0          0        164   sin.o
       304         24         40          0          0        208   sin_i.o
       232          0          0          0          0        296   sqrt.o
       120          0          0          0          0        272   sqrtf.o

    ----------------------------------------------------------------------
     15092       1308        668          0        100      11612   Library Totals
        24          4          0          0          4          0   (incl. Padding)

    ----------------------------------------------------------------------

      Code (inc. data)   RO Data    RW Data    ZI Data      Debug   Library Name

      1252         28          4          0          0       2032   baro_ekf_oldx.lib
       858         20          0          0         96       1088   c_w.l
      3700        256          0          0          0       3616   fz_wm.l
      9258       1000        664          0          0       4876   m_wm.l

    ----------------------------------------------------------------------
     15092       1308        668          0        100      11612   Library Totals

    ----------------------------------------------------------------------

==============================================================================


      Code (inc. data)   RO Data    RW Data    ZI Data      Debug   

    142516       8172       3356       3504      19816     598446   Grand Totals
    142516       8172       3356       1580      19816     598446   ELF Image Totals (compressed)
    142516       8172       3356       1580          0          0   ROM Totals

==============================================================================

    Total RO  Size (Code + RO Data)               145872 ( 142.45kB)
    Total RW  Size (RW Data + ZI Data)             23320 (  22.77kB)
    Total ROM Size (Code + RO Data + RW Data)     147452 ( 144.00kB)

==============================================================================

