Component: ARM Compiler 5.06 update 2 (build 183) Tool: armlink [4d35b7]

==============================================================================

Section Cross References

    scheduler.o(.text) refers to bmp.o(.text) for MS5611_ThreadNew
    scheduler.o(.text) refers to time.o(.text) for Get_Cycle_T
    scheduler.o(.text) refers to f2d.o(x$fpl$f2d) for __aeabi_f2d
    scheduler.o(.text) refers to dleqf.o(x$fpl$dleqf) for __aeabi_cdcmple
    scheduler.o(.text) refers to drleqf.o(x$fpl$drleqf) for __aeabi_cdrcmple
    scheduler.o(.text) refers to mpu6050.o(.text) for MPU6050_Read
    scheduler.o(.text) refers to dflt_clz.o(x$fpl$dfltu) for __aeabi_ui2d
    scheduler.o(.text) refers to imu.o(.text) for IMUupdate
    scheduler.o(.text) refers to ctrl.o(.text) for CTRL_1
    scheduler.o(.text) refers to rc.o(.text) for RC_Duty
    scheduler.o(.text) refers to usart.o(.text) for GOL_LINK_TASK
    scheduler.o(.text) refers to stm32f4xx_dma.o(.text) for DMA_GetFlagStatus
    scheduler.o(.text) refers to data_transfer.o(.text) for ANO_DT_Data_Exchange
    scheduler.o(.text) refers to scheduler.o(.bss) for loop
    scheduler.o(.text) refers to bmp.o(.data) for baroAlt_fc
    scheduler.o(.text) refers to bmp.o(.bss) for baro
    scheduler.o(.text) refers to scheduler.o(.data) for inner_loop_time
    scheduler.o(.text) refers to mpu6050.o(.bss) for mpu6050_fc
    scheduler.o(.text) refers to imu.o(.data) for Pit_fc
    scheduler.o(.text) refers to usart.o(.data) for NAV_BOARD_CONNECT
    scheduler.o(.text) refers to fly_mode.o(.bss) for mode_oldx
    scheduler.o(.text) refers to ctrl.o(.bss) for ctrl_2
    scheduler.o(.text) refers to dmul.o(x$fpl$dmul) for __aeabi_dmul
    scheduler.o(.text) refers to dfix.o(x$fpl$dfix) for __aeabi_d2iz
    scheduler.o(.text) refers to ddiv.o(x$fpl$ddiv) for __aeabi_ddiv
    scheduler.o(.text) refers to usart.o(.bss) for flow_debug
    scheduler.o(.text) refers to alt_fushion.o(.bss) for X_kf_baro_bmp
    scheduler.o(.text) refers to ctrl.o(.data) for thr_value
    scheduler.o(.text) refers to alt_fushion.o(.data) for ALT_VEL_BMP_UKF_OLDX
    scheduler.o(.text) refers to height_ctrl.o(.data) for ultra_speed
    scheduler.o(.text) refers to pos_ctrl.o(.bss) for nav_spd_ctrl
    scheduler.o(.text) refers to height_ctrl.o(.bss) for wz_speed_pid_v
    scheduler.o(.text) refers to stm32f4xx_usart.o(.text) for USART_DMACmd
    scheduler.o(.text) refers to dma.o(.text) for MYDMA_Enable
    scheduler.o(.text) refers to d2f.o(x$fpl$d2f) for __aeabi_d2f
    scheduler.o(.text) refers to anotc_baro_ctrl.o(.text) for baro_ctrl
    scheduler.o(.text) refers to pwm_out.o(.text) for SetPwm_AUX
    scheduler.o(.text) refers to pos_ctrl.o(.text) for AUTO_LAND_FLYUP
    scheduler.o(.text) refers to mymath.o(.text) for my_deathzoom_rc
    scheduler.o(.text) refers to pwm_out.o(.bss) for aux
    scheduler.o(.text) refers to rc.o(.bss) for RX_CH_FIX_PWM
    scheduler.o(.text) refers to rc.o(.data) for fly_ready
    scheduler.o(.text) refers to ak8975.o(.data) for ak8975_fc
    scheduler.o(.text) refers to pos_ctrl.o(.data) for state_v
    scheduler.o(.text) refers to fly_mode.o(.text) for mode_check
    scheduler.o(.text) refers to ak8975.o(.text) for ANO_AK8975_Read
    scheduler.o(.text) refers to led.o(.text) for LEDRGB
    scheduler.o(.text) refers to stm32f4xx_gpio.o(.text) for GPIO_ResetBits
    scheduler.o(.text) refers to time.o(.data) for time_1ms
    init.o(.text) refers to misc.o(.text) for NVIC_PriorityGroupConfig
    init.o(.text) refers to time.o(.text) for SysTick_Configuration
    init.o(.text) refers to i2c_soft.o(.text) for I2c_Soft_Init
    init.o(.text) refers to pwm_out.o(.text) for PWM_Out_Init
    init.o(.text) refers to mpu6050.o(.text) for MPU6050_Init
    init.o(.text) refers to led.o(.text) for LED_Init
    init.o(.text) refers to ak8975.o(.text) for HMC5883L_SetUp
    init.o(.text) refers to bmp.o(.text) for MS5611_Init_FC
    init.o(.text) refers to usart.o(.text) for Usart1_Init
    init.o(.text) refers to dma.o(.text) for MYDMA_Config
    init.o(.text) refers to stm32f4xx_usart.o(.text) for USART_DMACmd
    init.o(.text) refers to flash.o(.text) for READ_PARM
    init.o(.text) refers to parameter.o(.text) for Para_Init
    init.o(.text) refers to init.o(.data) for mcuID
    init.o(.text) refers to usart.o(.bss) for SendBuff1
    init.o(.text) refers to fly_mode.o(.bss) for mode_oldx
    parameter.o(.text) refers to ctrl.o(.text) for Ctrl_Para_Init
    parameter.o(.text) refers to dflt_clz.o(x$fpl$dfltu) for __aeabi_ui2d
    parameter.o(.text) refers to ddiv.o(x$fpl$ddiv) for __aeabi_ddiv
    parameter.o(.text) refers to dleqf.o(x$fpl$dleqf) for __aeabi_cdcmple
    parameter.o(.text) refers to drleqf.o(x$fpl$drleqf) for __aeabi_cdrcmple
    parameter.o(.text) refers to d2f.o(x$fpl$d2f) for __aeabi_d2f
    parameter.o(.text) refers to f2d.o(x$fpl$f2d) for __aeabi_f2d
    parameter.o(.text) refers to dmul.o(x$fpl$dmul) for __aeabi_dmul
[...]
    __aeabi_ddiv                             0x08027935   Thumb Code     0  ddiv.o(x$fpl$ddiv)
    _ddiv                                    0x08027935   Thumb Code   552  ddiv.o(x$fpl$ddiv)
    __aeabi_cdcmpeq                          0x08027be5   Thumb Code     0  deqf.o(x$fpl$deqf)
    _dcmpeq                                  0x08027be5   Thumb Code   120  deqf.o(x$fpl$deqf)
    __aeabi_d2iz                             0x08027c5d   Thumb Code     0  dfix.o(x$fpl$dfix)
    _dfix                                    0x08027c5d   Thumb Code    94  dfix.o(x$fpl$dfix)
    __aeabi_i2d                              0x08027cbb   Thumb Code     0  dflt_clz.o(x$fpl$dflt)
    _dflt                                    0x08027cbb   Thumb Code    46  dflt_clz.o(x$fpl$dflt)
    __aeabi_ui2d                             0x08027ce9   Thumb Code     0  dflt_clz.o(x$fpl$dfltu)
    _dfltu                                   0x08027ce9   Thumb Code    38  dflt_clz.o(x$fpl$dfltu)
    __aeabi_cdcmple                          0x08027d11   Thumb Code     0  dleqf.o(x$fpl$dleqf)
    _dcmple                                  0x08027d11   Thumb Code   120  dleqf.o(x$fpl$dleqf)
    __fpl_dcmple_InfNaN                      0x08027d73   Thumb Code     0  dleqf.o(x$fpl$dleqf)
    __aeabi_dmul                             0x08027d89   Thumb Code     0  dmul.o(x$fpl$dmul)
    _dmul                                    0x08027d89   Thumb Code   332  dmul.o(x$fpl$dmul)
    __fpl_dnaninf                            0x08027edd   Thumb Code   156  dnaninf.o(x$fpl$dnaninf)
    __fpl_dretinf                            0x08027f79   Thumb Code    12  dretinf.o(x$fpl$dretinf)
    __aeabi_cdrcmple                         0x08027f85   Thumb Code     0  drleqf.o(x$fpl$drleqf)
    _drcmple                                 0x08027f85   Thumb Code   108  drleqf.o(x$fpl$drleqf)
    __aeabi_drsub                            0x08027ff1   Thumb Code     0  daddsub_clz.o(x$fpl$drsb)
    _drsb                                    0x08027ff1   Thumb Code    22  daddsub_clz.o(x$fpl$drsb)
    _dsqrt                                   0x08028009   Thumb Code   404  dsqrt_umaal.o(x$fpl$dsqrt)
    __aeabi_dsub                             0x080281a1   Thumb Code     0  daddsub_clz.o(x$fpl$dsub)
    _dsub                                    0x080281a1   Thumb Code   464  daddsub_clz.o(x$fpl$dsub)
    __aeabi_f2d                              0x08028375   Thumb Code     0  f2d.o(x$fpl$f2d)
    _f2d                                     0x08028375   Thumb Code    86  f2d.o(x$fpl$f2d)
    __aeabi_ul2f                             0x080283cb   Thumb Code     0  ffltll_clz.o(x$fpl$ffltll)
    _ll_uto_f                                0x080283cb   Thumb Code     6  ffltll_clz.o(x$fpl$ffltll)
    __aeabi_l2f                              0x080283d1   Thumb Code     0  ffltll_clz.o(x$fpl$ffltll)
    _ll_sto_f                                0x080283d1   Thumb Code    90  ffltll_clz.o(x$fpl$ffltll)
    __fpl_fnaninf                            0x0802842b   Thumb Code   140  fnaninf.o(x$fpl$fnaninf)
    _fp_init                                 0x080284b7   Thumb Code    10  fpinit.o(x$fpl$fpinit)
    __fplib_config_fpu_vfp                   0x080284bf   Thumb Code     0  fpinit.o(x$fpl$fpinit)
    __fplib_config_pureend_doubles           0x080284bf   Thumb Code     0  fpinit.o(x$fpl$fpinit)
    __fpl_fretinf                            0x080284c1   Thumb Code    10  fretinf.o(x$fpl$fretinf)
    __fpl_return_NaN                         0x080284cb   Thumb Code   100  retnan.o(x$fpl$retnan)
    __ARM_scalbn                             0x0802852f   Thumb Code    92  scalbn.o(x$fpl$scalbn)
    __fpl_cmpreturn                          0x0802858b   Thumb Code    48  trapv.o(x$fpl$trapveneer)
    __I$use$fp                               0x080285ba   Number         0  usenofp.o(x$fpl$usenofp)
    __mathlib_zero                           0x080287d8   Data           8  qnan.o(.constdata)
    Region$$Table$$Base                      0x080288d0   Number         0  anon$$obj.o(Region$$Table)
    Region$$Table$$Limit                     0x080288f0   Number         0  anon$$obj.o(Region$$Table)
    pos_time                                 0x20000000   Data           4  scheduler.o(.data)
    baro_task_time                           0x20000004   Data           4  scheduler.o(.data)
    loop_cnt                                 0x20000008   Data           2  scheduler.o(.data)
    yaw_use_fc                               0x2000000a   Data           1  scheduler.o(.data)
    inner_loop_time                          0x2000000c   Data           4  scheduler.o(.data)
    inner_loop_time_yaw                      0x20000010   Data           4  scheduler.o(.data)
    Rol_fc1                                  0x20000014   Data           4  scheduler.o(.data)
    Pit_fc1                                  0x20000018   Data           4  scheduler.o(.data)
    Yaw_fc1                                  0x2000001c   Data           4  scheduler.o(.data)
    outer_loop_time                          0x20000020   Data           4  scheduler.o(.data)
    UART_UP_LOAD_SEL                         0x20000024   Data           1  scheduler.o(.data)
    UART_UP_LOAD_SEL_FORCE                   0x20000025   Data           1  scheduler.o(.data)
    force_flow_ble_debug                     0x20000026   Data           1  scheduler.o(.data)
    flow_debug_stop                          0x20000027   Data           1  scheduler.o(.data)
    sys_init                                 0x20000035   Data           3  init.o(.data)
    mcuID                                    0x20000038   Data           3  init.o(.data)
    ble_imu_force                            0x2000003b   Data           1  init.o(.data)
    flash_init_error                         0x2000003c   Data           1  parameter.o(.data)
    k_pid                                    0x20000040   Data           4  parameter.o(.data)
    ero                                      0x20000044   Data           6  fly_mode.o(.data)
    mode_state                               0x2000004a   Data           1  fly_mode.o(.data)
    mode_state_old                           0x2000004b   Data           1  fly_mode.o(.data)
    height_ctrl_mode_rc                      0x2000004c   Data           1  fly_mode.o(.data)
    Init_Finish                              0x20000056   Data           1  main.o(.data)
    motor_cal                                0x20000058   Data           1  pwm_out.o(.data)
    BEEP_RATE                                0x2000005a   Data           2  pwm_out.o(.data)
    PMW_T                                    0x2000005c   Data           1  pwm_out.o(.data)
    CH_out_Mapping                           0x2000005d   Data           8  pwm_out.o(.data)
    sel                                      0x20000065   Data           1  pwm_out.o(.data)
    pwm_test                                 0x20000066   Data           2  pwm_out.o(.data)
    k_sensitivity                            0x2000006c   Data          12  flash.o(.data)
    FLASH_SIZE                               0x20000078   Data           4  flash.o(.data)
    LENGTH_OF_DRONE                          0x2000007c   Data           2  flash.o(.data)
    H_INT                                    0x20000080   Data           4  flash.o(.data)
    SONAR_HEIGHT                             0x20000084   Data           4  flash.o(.data)
    need_init_mems                           0x20000088   Data           1  flash.o(.data)
    SBUS_MIN                                 0x2000008a   Data           2  flash.o(.data)
    SBUS_MAX                                 0x2000008c   Data           2  flash.o(.data)
    SBUS_MID                                 0x2000008e   Data           2  flash.o(.data)
    SBUS_MIN_A                               0x20000090   Data           2  flash.o(.data)
    SBUS_MAX_A                               0x20000092   Data           2  flash.o(.data)
    SBUS_MID_A                               0x20000094   Data           2  flash.o(.data)
    I2C_FastMode                             0x20000096   Data           1  i2c_soft.o(.data)
    sysTickUptime                            0x20000098   Data           4  time.o(.data)
    time_1h                                  0x2000009c   Data           4  time.o(.data)
    time_1m                                  0x200000a0   Data           4  time.o(.data)
    time_1s                                  0x200000a4   Data           4  time.o(.data)
    time_1ms                                 0x200000a8   Data           4  time.o(.data)
    SystemCoreClock                          0x200000bc   Data           4  system_stm32f4xx.o(.data)
    AHBPrescTable                            0x200000c0   Data          16  system_stm32f4xx.o(.data)
    Kp_use                                   0x200000d0   Data           4  imu.o(.data)
    Roll                                     0x200000d4   Data           4  imu.o(.data)
    Pitch                                    0x200000d8   Data           4  imu.o(.data)
    Yaw                                      0x200000dc   Data           4  imu.o(.data)
    Roll_mid_down                            0x200000e0   Data           4  imu.o(.data)
    Pitch_mid_down                           0x200000e4   Data           4  imu.o(.data)
    Yaw_mid_down                             0x200000e8   Data           4  imu.o(.data)
    Rol_fc                                   0x200000ec   Data           4  imu.o(.data)
    Pit_fc                                   0x200000f0   Data           4  imu.o(.data)
    Yaw_fc                                   0x200000f4   Data           4  imu.o(.data)
    ref_q                                    0x200000f8   Data          16  imu.o(.data)
    norm_acc                                 0x20000108   Data           4  imu.o(.data)
    norm_q                                   0x2000010c   Data           4  imu.o(.data)
    norm_acc_lpf                             0x20000110   Data           4  imu.o(.data)
    mag_norm                                 0x20000114   Data           4  imu.o(.data)
    mag_norm_xyz                             0x20000118   Data           4  imu.o(.data)
    acc_ng_cali                              0x2000011c   Data           1  imu.o(.data)
    yaw_mag                                  0x20000120   Data           4  imu.o(.data)
    accConfidenceDecay                       0x20000124   Data           4  imu.o(.data)
    accConfidence                            0x20000128   Data           4  imu.o(.data)
    Yaw_fc_q                                 0x2000012c   Data           4  imu.o(.data)
    beta                                     0x20000130   Data           4  imu.o(.data)
    q0_m_fc                                  0x20000134   Data           4  imu.o(.data)
    q1_m_fc                                  0x20000138   Data           4  imu.o(.data)
    q2_m_fc                                  0x2000013c   Data           4  imu.o(.data)
    q3_m_fc                                  0x20000140   Data           4  imu.o(.data)
    q0_fc                                    0x20000144   Data           4  imu.o(.data)
    q1_fc                                    0x20000148   Data           4  imu.o(.data)
    q2_fc                                    0x2000014c   Data           4  imu.o(.data)
    q3_fc                                    0x20000150   Data           4  imu.o(.data)
    ref_q_imd_down_fc                        0x20000154   Data          16  imu.o(.data)
    init_q                                   0x20000164   Data           1  imu.o(.data)
    ACC_FORWARD_BMP                          0x20000180   Data           1  alt_fushion.o(.data)
    ACC_FORWARD                              0x20000181   Data           1  alt_fushion.o(.data)
    en_bmp_avoid_wind                        0x20000182   Data           1  alt_fushion.o(.data)
    ALT_POS_BMP                              0x20000184   Data           4  alt_fushion.o(.data)
    ALT_VEL_BMP                              0x20000188   Data           4  alt_fushion.o(.data)
    ALT_POS_SONAR                            0x2000018c   Data           4  alt_fushion.o(.data)
    ALT_VEL_SONAR                            0x20000190   Data           4  alt_fushion.o(.data)
    ALT_POS_SONAR2                           0x20000194   Data           4  alt_fushion.o(.data)
    ALT_POS_SONAR3                           0x20000198   Data           4  alt_fushion.o(.data)
    ALT_POS_BMP_EKF                          0x2000019c   Data           4  alt_fushion.o(.data)
    ALT_VEL_BMP_EKF                          0x200001a0   Data           4  alt_fushion.o(.data)
    ALT_POS_BMP_UKF_OLDX                     0x200001a4   Data           4  alt_fushion.o(.data)
    ALT_VEL_BMP_UKF_OLDX                     0x200001a8   Data           4  alt_fushion.o(.data)
    ALT_ACC_BMP_UKF_OLDX                     0x200001ac   Data           4  alt_fushion.o(.data)
    P_baro                                   0x200001b0   Data          72  alt_fushion.o(.data)
    P_barob                                  0x200001f8   Data         128  alt_fushion.o(.data)
    gh_bmp                                   0x20000278   Data           4  alt_fushion.o(.data)
    k_fp_spd_bmp                             0x2000027c   Data           4  alt_fushion.o(.data)
    gh_bmp1                                  0x20000280   Data           4  alt_fushion.o(.data)
    k_fp_spd_bmp1                            0x20000284   Data           4  alt_fushion.o(.data)
    gh_sonar                                 0x20000288   Data           4  alt_fushion.o(.data)
    k_fp_spd_sonar                           0x2000028c   Data           4  alt_fushion.o(.data)
    ga                                       0x20000290   Data           4  alt_fushion.o(.data)
    gwa                                      0x20000294   Data           4  alt_fushion.o(.data)
    r_baro_new                               0x20000298   Data          16  alt_fushion.o(.data)
    r_sonar_new                              0x200002a8   Data          16  alt_fushion.o(.data)
    P_kf_baro                                0x200002b8   Data          72  alt_fushion.o(.data)
    P_kf_baro_bmp                            0x20000300   Data          72  alt_fushion.o(.data)
    r_baro_ukf                               0x20000348   Data          16  alt_fushion.o(.data)
    q_baro_ukf                               0x20000358   Data          16  alt_fushion.o(.data)
    dead_accz                                0x20000368   Data           4  alt_fushion.o(.data)
    acc_off_baro                             0x2000036c   Data           4  alt_fushion.o(.data)
    acc_scale_bmp                            0x20000370   Data           4  alt_fushion.o(.data)
    k_flt_accz                               0x20000374   Data           4  alt_fushion.o(.data)
    acc_bmp                                  0x20000378   Data           4  alt_fushion.o(.data)
    X_apo_height                             0x2000037c   Data           8  alt_fushion.o(.data)
    P_apo_k_height                           0x20000384   Data          16  alt_fushion.o(.data)
    k_bais                                   0x20000394   Data           4  alt_fushion.o(.data)
    k_bais2                                  0x20000398   Data           4  alt_fushion.o(.data)
    r_baro                                   0x2000039c   Data           4  alt_fushion.o(.data)
    r_acc                                    0x200003a0   Data           4  alt_fushion.o(.data)
    x_tst                                    0x200003a4   Data           8  alt_fushion.o(.data)
    p_tst                                    0x200003ac   Data           8  alt_fushion.o(.data)
    kf_tst                                   0x200003b4   Data           8  alt_fushion.o(.data)
    k_acc_bais                               0x200003bc   Data           4  alt_fushion.o(.data)
    w_z_baro                                 0x200003c0   Data           4  alt_fushion.o(.data)
    w_acc_bias                               0x200003c4   Data           4  alt_fushion.o(.data)
    flag_ero                                 0x200003c8   Data           4  alt_fushion.o(.data)
    Alt_Offset_m1                            0x200003cc   Data           4  alt_fushion.o(.data)
    en_bias_fix                              0x200003d0   Data           4  alt_fushion.o(.data)
    flt_body_acc                             0x200003d4   Data           4  alt_fushion.o(.data)
    k_body_acc                               0x200003d8   Data           4  alt_fushion.o(.data)
    K_SONAR                                  0x200003dc   Data           4  alt_fushion.o(.data)
    acc_est                                  0x200003e0   Data           4  alt_fushion.o(.data)
    acc_est_imu                              0x200003e4   Data           4  alt_fushion.o(.data)
    test_bmp                                 0x200003e8   Data           1  alt_fushion.o(.data)
    flag_acc_bias                            0x200003ec   Data           4  alt_fushion.o(.data)
    acc_z_att_corr                           0x200003f0   Data           4  alt_fushion.o(.data)
    speed_estimation                         0x200003f4   Data           4  alt_fushion.o(.data)
    bias_accel                               0x200003f8   Data           4  alt_fushion.o(.data)
    position_estimation                      0x200003fc   Data           4  alt_fushion.o(.data)
    sigmaAcc                                 0x20000400   Data           4  alt_fushion.o(.data)
    sigmaPos                                 0x20000404   Data           4  alt_fushion.o(.data)
    gammaAcc                                 0x20000408   Data           4  alt_fushion.o(.data)
    gammaBiasAcc                             0x2000040c   Data           4  alt_fushion.o(.data)
    sonar_weight                             0x20000444   Data           4  anotc_baro_ctrl.o(.data)
    k_w_bmp                                  0x20000448   Data           4  anotc_baro_ctrl.o(.data)
    bmp_w                                    0x2000044c   Data           4  anotc_baro_ctrl.o(.data)
    wz_speed                                 0x20000450   Data           4  anotc_baro_ctrl.o(.data)
    baro_com_val                             0x20000454   Data           4  anotc_baro_ctrl.o(.data)
    fast_atan_table                          0x20000458   Data        1028  mymath.o(.data)
    ACC_HIGHPASS_TAU                         0x2000085c   Data           4  filter.o(.data)
    ACC_LOWPASS_TAU                          0x20000860   Data           4  filter.o(.data)
    ACC_LOWPASS_SAMPLE_TIME                  0x20000864   Data           4  filter.o(.data)
    ACC_LOWPASS_A                            0x20000868   Data           4  filter.o(.data)
    ACC_LOWPASS_GX1                          0x2000086c   Data           4  filter.o(.data)
    ACC_LOWPASS_GX2                          0x20000870   Data           4  filter.o(.data)
    ACC_LOWPASS_GX3                          0x20000874   Data           4  filter.o(.data)
    BARO_LOWPASS_TAU                         0x20000878   Data           4  filter.o(.data)
    BARO_LOWPASS_SAMPLE_TIME                 0x2000087c   Data           4  filter.o(.data)
    BARO_LOWPASS_A                           0x20000880   Data           4  filter.o(.data)
    BARO_LOWPASS_GX1                         0x20000884   Data           4  filter.o(.data)
    BARO_LOWPASS_GX2                         0x20000888   Data           4  filter.o(.data)
    BARO_LOWPASS_GX3                         0x2000088c   Data           4  filter.o(.data)
    FLOW_LOWPASS_TAU                         0x20000890   Data           4  filter.o(.data)
    FLOW_LOWPASS_SAMPLE_TIME                 0x20000894   Data           4  filter.o(.data)
    FLOW_LOWPASS_A                           0x20000898   Data           4  filter.o(.data)
    FLOW_LOWPASS_GX1                         0x2000089c   Data           4  filter.o(.data)
    FLOW_LOWPASS_GX2                         0x200008a0   Data           4  filter.o(.data)
    FLOW_LOWPASS_GX3                         0x200008a4   Data           4  filter.o(.data)
    rtInf                                    0x200008b8   Data           8  rt_nonfinite.o(.data)
    rtMinusInf                               0x200008c0   Data           8  rt_nonfinite.o(.data)
    rtNaN                                    0x200008c8   Data           8  rt_nonfinite.o(.data)
    rtInfF                                   0x200008d0   Data           4  rt_nonfinite.o(.data)
    rtMinusInfF                              0x200008d4   Data           4  rt_nonfinite.o(.data)
    rtNaNF                                   0x200008d8   Data           4  rt_nonfinite.o(.data)
    r1                                       0x200008dc   Data           4  pos_ctrl.o(.data)
    r2                                       0x200008e0   Data           4  pos_ctrl.o(.data)
    nav_circle                               0x200008e4   Data           8  pos_ctrl.o(.data)
    nav_circle_last                          0x200008ec   Data           8  pos_ctrl.o(.data)
    circle_check                             0x200008f4   Data           4  pos_ctrl.o(.data)
    circle_lfp                               0x200008f8   Data           4  pos_ctrl.o(.data)
    k_back_step                              0x200008fc   Data           4  pos_ctrl.o(.data)
    nav                                      0x20000900   Data           8  pos_ctrl.o(.data)
    GPS_angle                                0x20000908   Data           8  pos_ctrl.o(.data)
    target_position                          0x20000910   Data           8  pos_ctrl.o(.data)
    now_position                             0x20000918   Data           8  pos_ctrl.o(.data)
    actual_speed                             0x20000920   Data           8  pos_ctrl.o(.data)
    tar_speed                                0x20000928   Data           8  pos_ctrl.o(.data)
    tar_speed_avoidc                         0x20000930   Data           8  pos_ctrl.o(.data)
    d_flow_watch                             0x20000938   Data           8  pos_ctrl.o(.data)
    integrator                               0x20000940   Data           8  pos_ctrl.o(.data)
    k_break                                  0x20000948   Data           4  pos_ctrl.o(.data)
    k_flt_break                              0x2000094c   Data           4  pos_ctrl.o(.data)
    cnt_sb_sample_max                        0x20000950   Data           1  pos_ctrl.o(.data)
    scale_flow_rc                            0x20000954   Data           4  pos_ctrl.o(.data)
    r_circle                                 0x20000958   Data           4  pos_ctrl.o(.data)
    d_angle                                  0x2000095c   Data           4  pos_ctrl.o(.data)
    circle_angle                             0x20000960   Data           4  pos_ctrl.o(.data)
    exp_center_cycle                         0x20000964   Data          20  pos_ctrl.o(.data)
    line_test_num                            0x20000978   Data           2  pos_ctrl.o(.data)
    tan_test_num                             0x2000097a   Data           4  pos_ctrl.o(.data)
    pos_exp_test                             0x2000097e   Data           1  pos_ctrl.o(.data)
    yaw_qr_off                               0x20000980   Data           4  pos_ctrl.o(.data)
    out_timer_nav                            0x20000984   Data           4  pos_ctrl.o(.data)
    in_timer_nav                             0x20000988   Data           4  pos_ctrl.o(.data)
    off_GPS                                  0x2000098c   Data           8  pos_ctrl.o(.data)
    circle_p                                 0x20000994   Data           4  pos_ctrl.o(.data)
    circle_size                              0x20000998   Data           4  pos_ctrl.o(.data)
    circle_flt                               0x2000099c   Data           4  pos_ctrl.o(.data)
    cycle_control                            0x200009a0   Data           8  pos_ctrl.o(.data)
    mode_change                              0x200009a8   Data           1  pos_ctrl.o(.data)
    state_v                                  0x200009a9   Data           1  pos_ctrl.o(.data)
    force_pass                               0x200009aa   Data           1  pos_ctrl.o(.data)
    AUTO_UP_CUARVE                           0x200009ac   Data          18  pos_ctrl.o(.data)
    AUTO_DOWN_CUARVE                         0x200009be   Data          12  pos_ctrl.o(.data)
    AUTO_DOWN_CUARVE1                        0x200009ca   Data          12  pos_ctrl.o(.data)
    inner_set                                0x20000a28   Data           4  ctrl.o(.data)
    en_h_inf                                 0x20000a2c   Data           1  ctrl.o(.data)
    k_rc_gyro_spd                            0x20000a30   Data           4  ctrl.o(.data)
    thr_view                                 0x20000a34   Data           4  ctrl.o(.data)
    thr_value                                0x20000a38   Data           4  ctrl.o(.data)
    Thr_Low                                  0x20000a3c   Data           1  ctrl.o(.data)
    Thr_Weight                               0x20000a40   Data           4  ctrl.o(.data)
    force_Thr_low                            0x20000a44   Data           1  ctrl.o(.data)
    cnt_for_low                              0x20000a46   Data           2  ctrl.o(.data)
    motor_out                                0x20000a48   Data           8  ctrl.o(.data)
    height_ctrl_mode                         0x20000a60   Data           1  height_ctrl.o(.data)
    ultra_distance                           0x20000a64   Data           4  height_ctrl.o(.data)
    exp_height                               0x20000a68   Data           4  height_ctrl.o(.data)
    set_height_e                             0x20000a6c   Data           4  height_ctrl.o(.data)
    set_height_em                            0x20000a70   Data           4  height_ctrl.o(.data)
    set_speed_t                              0x20000a74   Data           4  height_ctrl.o(.data)
    set_speed                                0x20000a78   Data           4  height_ctrl.o(.data)
    exp_speed                                0x20000a7c   Data           4  height_ctrl.o(.data)
    fb_speed                                 0x20000a80   Data           4  height_ctrl.o(.data)
    exp_acc                                  0x20000a84   Data           4  height_ctrl.o(.data)
    fb_acc                                   0x20000a88   Data           4  height_ctrl.o(.data)
    fb_speed_old                             0x20000a8c   Data           4  height_ctrl.o(.data)
    rng_time1                                0x20000a90   Data           4  height_ctrl.o(.data)
    HOLD_THR                                 0x20000a94   Data           4  height_ctrl.o(.data)
    ALT_HOLD_THR_RANGE_SCALE                 0x20000a98   Data           4  height_ctrl.o(.data)
    exp_spd_zv                               0x20000a9c   Data           4  height_ctrl.o(.data)
    thr_use                                  0x20000aa0   Data           4  height_ctrl.o(.data)
    thr_in_view                              0x20000aa4   Data           4  height_ctrl.o(.data)
    exp_height_speed                         0x20000aa8   Data           4  height_ctrl.o(.data)
    exp_height_speed_safe                    0x20000aac   Data           4  height_ctrl.o(.data)
    exp_height_safe                          0x20000ab0   Data           4  height_ctrl.o(.data)
    ultra_speed                              0x20000ab4   Data           4  height_ctrl.o(.data)
    ultra_speed_safe                         0x20000ab8   Data           4  height_ctrl.o(.data)
    ultra_dis_lpf                            0x20000abc   Data           4  height_ctrl.o(.data)
    ultra_dis_lpf_safe                       0x20000ac0   Data           4  height_ctrl.o(.data)
    ultra_ctrl_out_safe                      0x20000ac4   Data           4  height_ctrl.o(.data)
    ultra_ctrl_out                           0x20000ac8   Data           4  height_ctrl.o(.data)
    ultra_ctrl_out_use                       0x20000acc   Data           4  height_ctrl.o(.data)
    baro_speed_ano                           0x20000ad0   Data           4  height_ctrl.o(.data)
    height_ctrl_out                          0x20000ad4   Data           4  height_ctrl.o(.data)
    wz_acc                                   0x20000ad8   Data           4  height_ctrl.o(.data)
    adrc_out                                 0x20000adc   Data           4  height_ctrl.o(.data)
    baro_cnt                                 0x20000ae0   Data           4  height_ctrl.o(.data)
    switch_r                                 0x20000ae4   Data           1  height_ctrl.o(.data)
    wz_acc_ukf                               0x20000ae8   Data           4  height_ctrl.o(.data)
    sonar_spd                                0x20000aec   Data           4  height_ctrl.o(.data)
    BARO_HIHG_NUM                            0x20000af0   Data           1  height_ctrl.o(.data)
    baro_h_cnt                               0x20000af2   Data           4  height_ctrl.o(.data)
    baro_h_cnt1                              0x20000af6   Data           4  height_ctrl.o(.data)
    k_temp                                   0x20000afc   Data           4  height_ctrl.o(.data)
    hs_ctrl_cnt_max                          0x20000b00   Data           2  height_ctrl.o(.data)
    hold_alt_flag                            0x20000b02   Data           1  height_ctrl.o(.data)
    out_timer_high                           0x20000b04   Data           4  height_ctrl.o(.data)
    in_timer_high                            0x20000b08   Data           4  height_ctrl.o(.data)
    baro_only_move                           0x20000b0c   Data           4  height_ctrl.o(.data)
    baro_only_move_flt                       0x20000b10   Data           4  height_ctrl.o(.data)
    ano_temp                                 0x20000b14   Data           4  height_ctrl.o(.data)
    k_acc_ukf                                0x20000b18   Data           4  height_ctrl.o(.data)
    mid_usp                                  0x20000b1c   Data           1  height_ctrl.o(.data)
    EN_TUO_ACC_FIX_H                         0x20000b1d   Data           1  height_ctrl.o(.data)
    off_inner                                0x20000b20   Data           4  height_ctrl.o(.data)
    wz_acc_ukf1                              0x20000b24   Data           4  height_ctrl.o(.data)
    wz_acc1                                  0x20000b28   Data           4  height_ctrl.o(.data)
    ultra_speed_bmp                          0x20000b2c   Data           4  height_ctrl.o(.data)
    tilted_fix1                              0x20000b30   Data           4  height_ctrl.o(.data)
    k_flt_z_spd                              0x20000b34   Data           4  height_ctrl.o(.data)
    k_d                                      0x20000b38   Data           4  height_ctrl.o(.data)
    p1                                       0x20000b3c   Data           4  height_ctrl.o(.data)
    p2                                       0x20000b40   Data           4  height_ctrl.o(.data)
    speed_ctrl_sel                           0x20000b44   Data           1  height_ctrl.o(.data)
    speed_spd_sel                            0x20000b45   Data           1  height_ctrl.o(.data)
    wz_speed_old                             0x20000b48   Data           4  height_ctrl.o(.data)
    wz_acc_mms2                              0x20000b4c   Data           4  height_ctrl.o(.data)
    height_thrv                              0x20000b50   Data           4  height_ctrl.o(.data)
    wz_speed_pid_v_view                      0x20000b54   Data           4  height_ctrl.o(.data)
    wz_speed_pid_v_view_eso                  0x20000b58   Data           4  height_ctrl.o(.data)
    d_view                                   0x20000b5c   Data           4  height_ctrl.o(.data)
    ero_view                                 0x20000b60   Data           8  height_ctrl.o(.data)
    H_INT_REG                                0x20000b68   Data           4  height_ctrl.o(.data)
    int_save                                 0x20000b6c   Data           1  height_ctrl.o(.data)
    baro_ctrl_start                          0x20000b6d   Data           1  height_ctrl.o(.data)
    k_flt_pos_z                              0x20000b70   Data           4  height_ctrl.o(.data)
    baro_height                              0x20000b74   Data           4  height_ctrl.o(.data)
    ultra_sp_test                            0x20000b78   Data           8  height_ctrl.o(.data)
    k_dh                                     0x20000b80   Data           4  height_ctrl.o(.data)
    dt_flow_rx                               0x20000be0   Data           4  usart.o(.data)
    data_rate_gol_link                       0x20000be4   Data           2  usart.o(.data)
    LOCK                                     0x20000be6   Data           1  usart.o(.data)
    KEY                                      0x20000be7   Data           8  usart.o(.data)
    KEY_SEL                                  0x20000bef   Data           4  usart.o(.data)
    NAV_BOARD_CONNECT                        0x20000bf3   Data           1  usart.o(.data)
    imu_loss_cnt                             0x20000bf4   Data           4  usart.o(.data)
    baro_matlab_data                         0x20000bf8   Data           8  usart.o(.data)
    POS_UKF_X                                0x20000c00   Data           4  usart.o(.data)
    POS_UKF_Y                                0x20000c04   Data           4  usart.o(.data)
    VEL_UKF_X                                0x20000c08   Data           4  usart.o(.data)
    VEL_UKF_Y                                0x20000c0c   Data           4  usart.o(.data)
    k_scale_pix                              0x20000c10   Data           4  usart.o(.data)
    pos_kf_state                             0x20000c14   Data           3  usart.o(.data)
    m100_connect                             0x20000c17   Data           1  usart.o(.data)
    TxCounter                                0x20000c18   Data           1  usart.o(.data)
    count                                    0x20000c19   Data           1  usart.o(.data)
    RxState                                  0x20000c1a   Data           1  usart.o(.data)
    RxBufferNum                              0x20000c1b   Data           1  usart.o(.data)
    RxBufferCnt                              0x20000c1c   Data           1  usart.o(.data)
    RxLen                                    0x20000c1d   Data           1  usart.o(.data)
    com_data                                 0x20000c1e   Data           1  usart.o(.data)
    feed_imu_dog                             0x20000c21   Data           1  usart.o(.data)
    PWM_DJI                                  0x20000c22   Data           8  usart.o(.data)
    TxCounter5                               0x20000c2a   Data           1  usart.o(.data)
    count5                                   0x20000c2b   Data           1  usart.o(.data)
    RxState5                                 0x20000c2c   Data           1  usart.o(.data)
    RxBufferNum5                             0x20000c2d   Data           1  usart.o(.data)
    RxBufferCnt5                             0x20000c2e   Data           1  usart.o(.data)
    RxLen5                                   0x20000c2f   Data           1  usart.o(.data)
    BLE_UP1                                  0x20000c32   Data          20  usart.o(.data)
    BLE_TEST                                 0x20000c46   Data          20  usart.o(.data)
    BLE_BAUD                                 0x20000c5a   Data          20  usart.o(.data)
    BLE_RENEW                                0x20000c6e   Data          20  usart.o(.data)
    BLE_RATE                                 0x20000c82   Data          20  usart.o(.data)
    SET_PIN                                  0x20000c96   Data          20  usart.o(.data)
    app_connect_fc_loss                      0x20000cac   Data           4  usart.o(.data)
    app_connect_fc                           0x20000cb0   Data           1  usart.o(.data)
    lock_tx                                  0x20000cb1   Data           1  usart.o(.data)
    RxState_app                              0x20000cb2   Data           1  usart.o(.data)
    RxBufferNum_app                          0x20000cb3   Data           1  usart.o(.data)
    RxBufferCnt_app                          0x20000cb4   Data           1  usart.o(.data)
    RxLen_app                                0x20000cb5   Data           1  usart.o(.data)
    time_rc                                  0x20000cb8   Data           4  usart.o(.data)
    rc_board_connect                         0x20000cbc   Data           1  usart.o(.data)
    rc_board_connect_lose_cnt                0x20000cbe   Data           2  usart.o(.data)
    RxState4                                 0x20000cc0   Data           1  usart.o(.data)
    RxBufferNum4                             0x20000cc1   Data           1  usart.o(.data)
    RxBufferCnt4                             0x20000cc2   Data           1  usart.o(.data)
    RxLen4                                   0x20000cc3   Data           1  usart.o(.data)
    rate_gps_board                           0x20000cc8   Data           4  usart.o(.data)
    RxState3                                 0x20000ccc   Data           1  usart.o(.data)
    RxBufferNum3                             0x20000ccd   Data           1  usart.o(.data)
    RxBufferCnt3                             0x20000cce   Data           1  usart.o(.data)
    RxLen3                                   0x20000ccf   Data           1  usart.o(.data)
    Angle_Yun                                0x20000cd4   Data           8  usart.o(.data)
    SendBuff1_cnt                            0x20000cdc   Data           1  usart.o(.data)
    nrf_uart_cnt                             0x20000cde   Data           2  usart.o(.data)
    sd_pub_sel                               0x20000ce0   Data           1  usart.o(.data)
    checkdata_to_send                        0x20000d14   Data           1  data_transfer.o(.data)
    checksum_to_send                         0x20000d15   Data           1  data_transfer.o(.data)
    fly_mode                                 0x20000d16   Data           1  data_transfer.o(.data)
    off_flow_pos                             0x20000d18   Data           8  data_transfer.o(.data)
    flash_save_en_cnt                        0x20000d20   Data           2  data_transfer.o(.data)
    acc_3d_calibrate_f                       0x20000d22   Data           1  data_transfer.o(.data)
    acc_3d_step                              0x20000d23   Data           1  data_transfer.o(.data)
    CH_in_Mapping                            0x20000d48   Data           8  rc.o(.data)
    rc_lose                                  0x20000d50   Data           1  rc.o(.data)
    NS                                       0x20000d51   Data           1  rc.o(.data)
    CH_Error                                 0x20000d52   Data           8  rc.o(.data)
    NS_cnt                                   0x20000d5a   Data           2  rc.o(.data)
    MAX_CH                                   0x20000d5c   Data          16  rc.o(.data)
    MIN_CH                                   0x20000d6c   Data          16  rc.o(.data)
    CH_DIR                                   0x20000d7c   Data           8  rc.o(.data)
    filter_A                                 0x20000d84   Data           4  rc.o(.data)
    fly_ready                                0x20000d88   Data           1  rc.o(.data)
    thr_stick_low                            0x20000d89   Data           1  rc.o(.data)
    ready_cnt                                0x20000d8a   Data           2  rc.o(.data)
    mag_cali_cnt                             0x20000d8c   Data           2  rc.o(.data)
    locked_cnt                               0x20000d8e   Data           2  rc.o(.data)
    mpu6050_ok                               0x20000d90   Data           1  mpu6050.o(.data)
    sum_temp_att                             0x20000d94   Data           8  mpu6050.o(.data)
    acc_sum_cnt                              0x20000d9c   Data           2  mpu6050.o(.data)
    acc_sum_cnt_3d                           0x20000d9e   Data           2  mpu6050.o(.data)
    acc_smple_cnt_3d                         0x20000da0   Data           2  mpu6050.o(.data)
    gyro_sum_cnt                             0x20000da2   Data           2  mpu6050.o(.data)
    filter_cnt                               0x20000da4   Data           1  mpu6050.o(.data)
    filter_cnt_old                           0x20000da5   Data           1  mpu6050.o(.data)
    test_ang                                 0x20000da8   Data           4  mpu6050.o(.data)
    test_ang_old                             0x20000dac   Data           4  mpu6050.o(.data)
    test_ang_d                               0x20000db0   Data           4  mpu6050.o(.data)
    test_fli_a                               0x20000db4   Data           4  mpu6050.o(.data)
    test_i                                   0x20000db8   Data           4  mpu6050.o(.data)
    ak8975                                   0x20000dc0   Data          48  ak8975.o(.data)
    ak8975_fc                                0x20000df0   Data          48  ak8975.o(.data)
    ak8975_ok                                0x20000e70   Data           1  ak8975.o(.data)
    hml_fix                                  0x20000e71   Data           1  ak8975.o(.data)
    Mag_CALIBRATED                           0x20000e72   Data           1  ak8975.o(.data)
    Mag_CALIBRATED_R                         0x20000e73   Data           1  ak8975.o(.data)
    HMC5883_lastx                            0x20000e74   Data           4  ak8975.o(.data)
    HMC5883_lasty                            0x20000e78   Data           4  ak8975.o(.data)
    HMC5883_lastz                            0x20000e7c   Data           4  ak8975.o(.data)
    HMC5883_maxx                             0x20000e80   Data           2  ak8975.o(.data)
    HMC5883_maxy                             0x20000e82   Data           2  ak8975.o(.data)
    HMC5883_maxz                             0x20000e84   Data           2  ak8975.o(.data)
    HMC5883_minx                             0x20000e86   Data           2  ak8975.o(.data)
    HMC5883_miny                             0x20000e88   Data           2  ak8975.o(.data)
    HMC5883_minz                             0x20000e8a   Data           2  ak8975.o(.data)
    MS5611_Temperature                       0x20000ec0   Data           4  bmp.o(.data)
    MS5611_Pressure                          0x20000ec4   Data           4  bmp.o(.data)
    MS5611_Altitude                          0x20000ec8   Data           4  bmp.o(.data)
    MS5611_VerticalSpeed                     0x20000ecc   Data           4  bmp.o(.data)
    baro_alt_speed_ano                       0x20000ed0   Data           4  bmp.o(.data)
    baroAlt                                  0x20000ed4   Data           4  bmp.o(.data)
    baroAlt_fc                               0x20000ed8   Data           4  bmp.o(.data)
    baro_set                                 0x20000edc   Data           1  bmp.o(.data)
    paOffsetNum                              0x20000ef8   Data           8  bmp.o(.data)
    paInitCnt                                0x20000f00   Data           2  bmp.o(.data)
    paOffsetInited                           0x20000f02   Data           1  bmp.o(.data)
    Baro_ALT_Updated                         0x20000f03   Data           1  bmp.o(.data)
    MS5611_Delay_us                          0x20000f04   Data          36  bmp.o(.data)
    for_fly_ready                            0x20000f2a   Data           1  bmp.o(.data)
    angle_baro                               0x20000f2c   Data           4  bmp.o(.data)
    baro_height_old                          0x20000f30   Data           4  bmp.o(.data)
    baro_Offset                              0x20000f34   Data           4  bmp.o(.data)
    ms5611_ut                                0x20000f38   Data           4  bmp.o(.data)
    ms5611_up                                0x20000f3c   Data           4  bmp.o(.data)
    t_rxbuf                                  0x20000f40   Data           3  bmp.o(.data)
    p_rxbuf                                  0x20000f43   Data           3  bmp.o(.data)
    ms5611_ok                                0x20000f46   Data           1  bmp.o(.data)
    temperature_5611                         0x20000f48   Data           4  bmp.o(.data)
    moavcnt                                  0x20000f4c   Data           2  bmp.o(.data)
    ultra_start_f                            0x20000f6c   Data           1  ultrasonic.o(.data)
    ultra_distance_old                       0x20000f6e   Data           2  ultrasonic.o(.data)
    measure_num                              0x20000f70   Data           1  ultrasonic.o(.data)
    flt_eso                                  0x20000f7c   Data           4  eso.o(.data)
    np                                       0x20000f80   Data           4  eso.o(.data)
    L1                                       0x20000f84   Data           4  eso.o(.data)
    Rc_Pwm_In                                0x20000fbc   Data          16  scheduler.o(.bss)
    loop                                     0x20000fcc   Data          16  scheduler.o(.bss)
    test                                     0x20000fdc   Data          20  scheduler.o(.bss)
    sensor_setup                             0x20000ff0   Data          64  parameter.o(.bss)
    pid_setup                                0x20001030   Data         192  parameter.o(.bss)
    mode_value                               0x200010f0   Data          10  fly_mode.o(.bss)
    mode_oldx                                0x200010fa   Data          91  fly_mode.o(.bss)
    module                                   0x20001155   Data          10  fly_mode.o(.bss)
    aux                                      0x20001160   Data          44  pwm_out.o(.bss)
    FLASH_READ_BUF                           0x2000118c   Data         100  flash.o(.bss)
    FLASH_Buffer                             0x200011f0   Data         100  flash.o(.bss)
    Cycle_T                                  0x20001254   Data         360  time.o(.bss)
    reference_v                              0x200013bc   Data          12  imu.o(.bss)
    ref                                      0x200013c8   Data          60  imu.o(.bss)
    reference_vr_imd_down                    0x20001404   Data          12  imu.o(.bss)
    reference_vr                             0x20001410   Data          12  imu.o(.bss)
    q_nav                                    0x2000141c   Data          16  imu.o(.bss)
    ref_q_imd_down                           0x2000142c   Data          16  imu.o(.bss)
    mag_sim_3d                               0x2000143c   Data          12  imu.o(.bss)
    acc_3d_hg                                0x20001448   Data          12  imu.o(.bss)
    acc_ng                                   0x20001454   Data          12  imu.o(.bss)
    acc_ng_offset                            0x20001460   Data          12  imu.o(.bss)
    reference_vr_imd_down_fc                 0x2000146c   Data          12  imu.o(.bss)
    acc_z_acc                                0x20001488   Data          12  alt_fushion.o(.bss)
    X_ukf_baro                               0x20001498   Data          24  alt_fushion.o(.bss)
    X_ukf_barob                              0x200014b0   Data          32  alt_fushion.o(.bss)
    X_kf_baro                                0x200014d0   Data          24  alt_fushion.o(.bss)
    state_correct_baro                       0x200014e8   Data          48  alt_fushion.o(.bss)
    state_correct_sonar                      0x20001518   Data          48  alt_fushion.o(.bss)
    X_kf_baro_bmp                            0x20001548   Data          24  alt_fushion.o(.bss)
    acc_body                                 0x20001560   Data          12  alt_fushion.o(.bss)
    acc_body_buf                             0x2000156c   Data         240  alt_fushion.o(.bss)
    acc_bias                                 0x2000165c   Data          12  alt_fushion.o(.bss)
    accel_bias_corr                          0x20001668   Data          12  alt_fushion.o(.bss)
    eso_h_acc                                0x20001674   Data         144  alt_fushion.o(.bss)
    eso_h_spd                                0x20001704   Data         144  alt_fushion.o(.bss)
    sonar                                    0x2000188c   Data          24  anotc_baro_ctrl.o(.bss)
    sonar_fusion                             0x200018a4   Data          68  anotc_baro_ctrl.o(.bss)
    baro_p                                   0x200018e8   Data          24  anotc_baro_ctrl.o(.bss)
    baro_fusion                              0x20001900   Data          68  anotc_baro_ctrl.o(.bss)
    firstOrderFilters                        0x20001950   Data         400  filter.o(.bss)
    e_R                                      0x20001ae0   Data          12  quar.o(.bss)
    exp_angle                                0x20001aec   Data          12  quar.o(.bss)
    ero_angle_px4                            0x20001af8   Data          16  quar.o(.bss)
    angle_now                                0x20001b08   Data          12  quar.o(.bss)
    Q_control                                0x20001b14   Data          32  quar.o(.bss)
    R_control_set                            0x20001b34   Data          36  quar.o(.bss)
    R_control_ero                            0x20001b58   Data          36  quar.o(.bss)
    R_control_now                            0x20001b7c   Data          36  quar.o(.bss)
    R_control_now_t                          0x20001ba0   Data          36  quar.o(.bss)
    circle                                   0x20001bc4   Data          92  pos_ctrl.o(.bss)
    track                                    0x20001c20   Data          92  pos_ctrl.o(.bss)
    marker                                   0x20001c7c   Data          76  pos_ctrl.o(.bss)
    out_back_step                            0x20001cc8   Data          12  pos_ctrl.o(.bss)
    acc_temp                                 0x20001cd4   Data          12  pos_ctrl.o(.bss)
    nav_pos_pid                              0x20001ce0   Data          28  pos_ctrl.o(.bss)
    nav_spd_pid                              0x20001cfc   Data          28  pos_ctrl.o(.bss)
    nav_acc_pid                              0x20001d18   Data          28  pos_ctrl.o(.bss)
    nav_pos_ctrl                             0x20001d34   Data          80  pos_ctrl.o(.bss)
    nav_spd_ctrl                             0x20001d84   Data          80  pos_ctrl.o(.bss)
    nav_acc_ctrl                             0x20001dd4   Data          80  pos_ctrl.o(.bss)
    ctrl_1                                   0x20001e38   Data         196  ctrl.o(.bss)
    ctrl_2                                   0x20001efc   Data         196  ctrl.o(.bss)
    except_A                                 0x20001fc0   Data          12  ctrl.o(.bss)
    ctrl_angle_offset                        0x20001fcc   Data          12  ctrl.o(.bss)
    compensation                             0x20001fd8   Data          12  ctrl.o(.bss)
    except_AS                                0x20001fe4   Data          12  ctrl.o(.bss)
    g_old                                    0x20001ff0   Data          28  ctrl.o(.bss)
    motor                                    0x2000200c   Data          16  ctrl.o(.bss)
    posture_value                            0x2000201c   Data          16  ctrl.o(.bss)
    curve                                    0x2000202c   Data          16  ctrl.o(.bss)
    hc_value                                 0x2000203c   Data          24  height_ctrl.o(.bss)
    wz_speed_pid_v                           0x20002054   Data          36  height_ctrl.o(.bss)
    wz_speed_pid_v_safe                      0x20002078   Data          36  height_ctrl.o(.bss)
    wz_speed_pid_v_eso                       0x2000209c   Data          36  height_ctrl.o(.bss)
    ultra_ctrl                               0x200020c0   Data          36  height_ctrl.o(.bss)
    ultra_ctrl_safe                          0x200020e4   Data          36  height_ctrl.o(.bss)
    wz_speed_pid                             0x20002108   Data          16  height_ctrl.o(.bss)
    wz_speed_pid_safe                        0x20002118   Data          16  height_ctrl.o(.bss)
    wz_speed_pid_use                         0x20002128   Data          16  height_ctrl.o(.bss)
    ultra_pid_safe                           0x20002138   Data          16  height_ctrl.o(.bss)
    ultra_pid                                0x20002148   Data          16  height_ctrl.o(.bss)
    ultra_pid_use                            0x20002158   Data          16  height_ctrl.o(.bss)
    baro_speed_arr                           0x20002168   Data         204  height_ctrl.o(.bss)
    baro_h_arr                               0x20002234   Data         404  height_ctrl.o(.bss)
    baro_h_arr1                              0x200023c8   Data         404  height_ctrl.o(.bss)
    DEBUG                                    0x20002560   Data         140  usart.o(.bss)
    BLE_DEBUG                                0x200025ec   Data          32  usart.o(.bss)
    m100                                     0x20002610   Data         136  usart.o(.bss)
    color                                    0x20002698   Data          20  usart.o(.bss)
    HPID                                     0x200026ac   Data          18  usart.o(.bss)
    SPID                                     0x200026be   Data          18  usart.o(.bss)
    FIX_PID                                  0x200026d0   Data          18  usart.o(.bss)
    NAV_PID                                  0x200026e2   Data          18  usart.o(.bss)
    HPID_app                                 0x200026f4   Data          18  usart.o(.bss)
    SPID_app                                 0x20002706   Data          18  usart.o(.bss)
    FIX_PID_app                              0x20002718   Data          18  usart.o(.bss)
    NAV_PID_app                              0x2000272a   Data          18  usart.o(.bss)
    pid                                      0x2000273c   Data         320  usart.o(.bss)
    smart                                    0x2000287c   Data          60  usart.o(.bss)
    smart_in                                 0x200028b8   Data          60  usart.o(.bss)
    Rc_Get                                   0x200028f4   Data          34  usart.o(.bss)
    Rc_Get_PWM                               0x20002916   Data          34  usart.o(.bss)
    Rc_Get_SBUS                              0x20002938   Data          34  usart.o(.bss)
    plane                                    0x2000295c   Data         116  usart.o(.bss)
    slam                                     0x200029d0   Data          20  usart.o(.bss)
    imu_nav                                  0x200029e4   Data         100  usart.o(.bss)
    flow_debug                               0x20002a48   Data          40  usart.o(.bss)
    flow_matlab_data                         0x20002a70   Data          16  usart.o(.bss)
    uart_time                                0x20002a80   Data          40  usart.o(.bss)
    pi_flow                                  0x20002aa8   Data         324  usart.o(.bss)
    debug_pi_flow                            0x20002bec   Data          80  usart.o(.bss)
    TxBuffer                                 0x20002c3c   Data         256  usart.o(.bss)
    Rx_Buf                                   0x20002d3c   Data         256  usart.o(.bss)
    RxBuffer                                 0x20002e3c   Data          50  usart.o(.bss)
    imu_board                                0x20002e70   Data          20  usart.o(.bss)
    mark_map                                 0x20002e84   Data         200  usart.o(.bss)
    TxBuffer5                                0x20002f4c   Data         256  usart.o(.bss)
    Rx_Buf5                                  0x2000304c   Data         256  usart.o(.bss)
    RxBuffer5                                0x2000314c   Data          50  usart.o(.bss)
    sbus_data_i_check                        0x2000317e   Data          50  usart.o(.bss)
    Rx_Buf_app                               0x200031b0   Data         256  usart.o(.bss)
    RxBuffer_app                             0x200032b0   Data          50  usart.o(.bss)
    Rx_Buf4                                  0x200032e2   Data         256  usart.o(.bss)
    RxBuffer4                                0x200033e2   Data          50  usart.o(.bss)
    Rx_Buf3                                  0x20003414   Data         256  usart.o(.bss)
    RxBuffer3                                0x20003514   Data          50  usart.o(.bss)
    SendBuff1                                0x20003546   Data          96  usart.o(.bss)
    SendBuff2                                0x200035a6   Data          40  usart.o(.bss)
    SendBuff3                                0x200035ce   Data          32  usart.o(.bss)
    SendBuff4                                0x200035ee   Data         192  usart.o(.bss)
    sd_save                                  0x200036b0   Data         300  usart.o(.bss)
    f                                        0x200037dc   Data          21  data_transfer.o(.bss)
    data_to_send                             0x200037f1   Data          50  data_transfer.o(.bss)
    test_up                                  0x20003824   Data          20  data_transfer.o(.bss)
    RX_CH                                    0x20003874   Data          16  rc.o(.bss)
    CH                                       0x20003884   Data          16  rc.o(.bss)
    RX_CH_PWM                                0x20003894   Data          16  rc.o(.bss)
    RX_CH_FIX                                0x200038a4   Data          16  rc.o(.bss)
    RX_CH_FIX_PWM                            0x200038b4   Data          16  rc.o(.bss)
    CH_Old                                   0x200038c4   Data          32  rc.o(.bss)
    CH_filter                                0x200038e4   Data          32  rc.o(.bss)
    CH_filter_Old                            0x20003904   Data          32  rc.o(.bss)
    CH_filter_D                              0x20003924   Data          32  rc.o(.bss)
    CLR_CH_Error                             0x20003944   Data          16  rc.o(.bss)
    mpu6050                                  0x20003964   Data         160  mpu6050.o(.bss)
    mpu6050_fc                               0x20003a04   Data         160  mpu6050.o(.bss)
    mpu6050_buffer                           0x20003aa4   Data          14  mpu6050.o(.bss)
    sum_temp                                 0x20003ab4   Data          28  mpu6050.o(.bss)
    sum_temp_3d                              0x20003ad0   Data          28  mpu6050.o(.bss)
    FILT_BUF                                 0x20003aec   Data         154  mpu6050.o(.bss)
    mpu6050_tmp                              0x20003b88   Data          28  mpu6050.o(.bss)
    mpu_fil_tmp                              0x20003ba4   Data          28  mpu6050.o(.bss)
    HMC5883_FIFO                             0x20003cc0   Data          66  ak8975.o(.bss)
    baro                                     0x20003d10   Data          52  bmp.o(.bss)
    ms5611_prom                              0x20004200   Data          16  bmp.o(.bss)
    mo_av_baro                               0x20004210   Data          20  bmp.o(.bss)
    ultra                                    0x20004224   Data          52  ultrasonic.o(.bss)
    Distance                                 0x20004258   Data         100  ultrasonic.o(.bss)
    eso_att_outter_c                         0x200042c8   Data         576  eso.o(.bss)
    eso_att_inner_c                          0x20004508   Data         576  eso.o(.bss)
    eso_pos_spd                              0x20004748   Data         432  eso.o(.bss)
    eso_pos                                  0x200048f8   Data         432  eso.o(.bss)
    hml_lsq                                  0x20004aa8   Data         168  cycle_cal_oldx.o(.bss)
    __libspace_start                         0x20004b50   Data          96  libspace.o(.bss)
    __temporary_stack_top$libspace           0x20004bb0   Data           0  libspace.o(.bss)



==============================================================================

Memory Map of the image

  Image Entry point : 0x08000189

  Load Region LR_IROM1 (Base: 0x08000000, Size: 0x000298ac, Max: 0x00100000, ABSOLUTE, COMPRESSED[0x00028f84])

    Execution Region ER_IROM1 (Base: 0x08000000, Size: 0x000288f0, Max: 0x00100000, ABSOLUTE)

    Base Addr    Size         Type   Attr      Idx    E Section Name        Object

    0x08000000   0x00000188   Data   RO          834    RESET               startup_stm32f4xx.o
    0x08000188   0x00000008   Code   RO         1576  * !!!main             c_w.l(__main.o)
    0x08000190   0x00000034   Code   RO         1972    !!!scatter          c_w.l(__scatter.o)
    0x080001c4   0x0000005a   Code   RO         1970    !!dczerorl2         c_w.l(__dczerorl2.o)
    0x0800021e   0x00000002   PAD
    0x08000220   0x0000001c   Code   RO         1974    !!handler_zi        c_w.l(__scatter_zi.o)
    0x0800023c   0x00000002   Code   RO         1835    .ARM.Collect$$libinit$$00000000  c_w.l(libinit.o)
    0x0800023e   0x00000004   Code   RO         1844    .ARM.Collect$$libinit$$00000001  c_w.l(libinit2.o)
    0x08000242   0x00000000   Code   RO         1847    .ARM.Collect$$libinit$$00000004  c_w.l(libinit2.o)
    0x08000242   0x00000000   Code   RO         1850    .ARM.Collect$$libinit$$0000000A  c_w.l(libinit2.o)
    0x08000242   0x00000000   Code   RO         1852    .ARM.Collect$$libinit$$0000000C  c_w.l(libinit2.o)
    0x08000242   0x00000000   Code   RO         1854    .ARM.Collect$$libinit$$0000000E  c_w.l(libinit2.o)
    0x08000242   0x00000000   Code   RO         1857    .ARM.Collect$$libinit$$00000011  c_w.l(libinit2.o)
    0x08000242   0x00000000   Code   RO         1859    .ARM.Collect$$libinit$$00000013  c_w.l(libinit2.o)
    0x08000242   0x00000000   Code   RO         1861    .ARM.Collect$$libinit$$00000015  c_w.l(libinit2.o)
    0x08000242   0x00000000   Code   RO         1863    .ARM.Collect$$libinit$$00000017  c_w.l(libinit2.o)
    0x08000242   0x00000000   Code   RO         1865    .ARM.Collect$$libinit$$00000019  c_w.l(libinit2.o)
    0x08000242   0x00000000   Code   RO         1867    .ARM.Collect$$libinit$$0000001B  c_w.l(libinit2.o)
    0x08000242   0x00000000   Code   RO         1869    .ARM.Collect$$libinit$$0000001D  c_w.l(libinit2.o)
    0x08000242   0x00000000   Code   RO         1871    .ARM.Collect$$libinit$$0000001F  c_w.l(libinit2.o)
    0x08000242   0x00000000   Code   RO         1873    .ARM.Collect$$libinit$$00000021  c_w.l(libinit2.o)
    0x08000242   0x00000000   Code   RO         1875    .ARM.Collect$$libinit$$00000023  c_w.l(libinit2.o)
    0x08000242   0x00000000   Code   RO         1877    .ARM.Collect$$libinit$$00000025  c_w.l(libinit2.o)
    0x08000242   0x00000000   Code   RO         1881    .ARM.Collect$$libinit$$0000002C  c_w.l(libinit2.o)
    0x08000242   0x00000000   Code   RO         1883    .ARM.Collect$$libinit$$0000002E  c_w.l(libinit2.o)
    0x08000242   0x00000000   Code   RO         1885    .ARM.Collect$$libinit$$00000030  c_w.l(libinit2.o)
    0x08000242   0x00000000   Code   RO         1887    .ARM.Collect$$libinit$$00000032  c_w.l(libinit2.o)
    0x08000242   0x00000002   Code   RO         1888    .ARM.Collect$$libinit$$00000033  c_w.l(libinit2.o)
    0x08000244   0x00000002   Code   RO         1920    .ARM.Collect$$libshutdown$$00000000  c_w.l(libshutdown.o)
    0x08000246   0x00000000   Code   RO         1937    .ARM.Collect$$libshutdown$$00000002  c_w.l(libshutdown2.o)
    0x08000246   0x00000000   Code   RO         1939    .ARM.Collect$$libshutdown$$00000004  c_w.l(libshutdown2.o)
    0x08000246   0x00000000   Code   RO         1942    .ARM.Collect$$libshutdown$$00000007  c_w.l(libshutdown2.o)
    0x08000246   0x00000000   Code   RO         1945    .ARM.Collect$$libshutdown$$0000000A  c_w.l(libshutdown2.o)
    0x08000246   0x00000000   Code   RO         1947    .ARM.Collect$$libshutdown$$0000000C  c_w.l(libshutdown2.o)
    0x08000246   0x00000000   Code   RO         1950    .ARM.Collect$$libshutdown$$0000000F  c_w.l(libshutdown2.o)
    0x08000246   0x00000002   Code   RO         1951    .ARM.Collect$$libshutdown$$00000010  c_w.l(libshutdown2.o)
    0x08000248   0x00000000   Code   RO         1726    .ARM.Collect$$rtentry$$00000000  c_w.l(__rtentry.o)
    0x08000248   0x00000000   Code   RO         1796    .ARM.Collect$$rtentry$$00000002  c_w.l(__rtentry2.o)
    0x08000248   0x00000006   Code   RO         1808    .ARM.Collect$$rtentry$$00000004  c_w.l(__rtentry4.o)
    0x0800024e   0x00000000   Code   RO         1798    .ARM.Collect$$rtentry$$00000009  c_w.l(__rtentry2.o)
    0x0800024e   0x00000004   Code   RO         1799    .ARM.Collect$$rtentry$$0000000A  c_w.l(__rtentry2.o)
    0x08000252   0x00000000   Code   RO         1801    .ARM.Collect$$rtentry$$0000000C  c_w.l(__rtentry2.o)
    0x08000252   0x00000008   Code   RO         1802    .ARM.Collect$$rtentry$$0000000D  c_w.l(__rtentry2.o)
    0x0800025a   0x00000002   Code   RO         1838    .ARM.Collect$$rtexit$$00000000  c_w.l(rtexit.o)
    0x0800025c   0x00000000   Code   RO         1892    .ARM.Collect$$rtexit$$00000002  c_w.l(rtexit2.o)
    0x0800025c   0x00000004   Code   RO         1893    .ARM.Collect$$rtexit$$00000003  c_w.l(rtexit2.o)
    0x08000260   0x00000006   Code   RO         1894    .ARM.Collect$$rtexit$$00000004  c_w.l(rtexit2.o)
    0x08000266   0x00000002   PAD
    0x08000268   0x000017f8   Code   RO            2    .text               scheduler.o
    0x08001a60   0x0000013c   Code   RO          226    .text               init.o
    0x08001b9c   0x00000544   Code   RO          278    .text               parameter.o
    0x080020e0   0x00000178   Code   RO          331    .text               fly_mode.o
    0x08002258   0x00000028   Code   RO          358    .text               stm32f4xx_it.o
    0x08002280   0x00000014   Code   RO          374    .text               main.o
    0x08002294   0x00000604   Code   RO          397    .text               pwm_out.o
    0x08002898   0x00001138   Code   RO          468    .text               flash.o
    0x080039d0   0x00000424   Code   RO          492    .text               iic_hml.o
    0x08003df4   0x000003a8   Code   RO          511    .text               i2c_soft.o
    0x0800419c   0x0000006c   Code   RO          533    .text               led.o
    0x08004208   0x000002dc   Code   RO          554    .text               time.o
    0x080044e4   0x000000e0   Code   RO          617    .text               misc.o
    0x080045c4   0x000003a8   Code   RO          649    .text               stm32f4xx_dma.o
    0x0800496c   0x000004bc   Code   RO          681    .text               stm32f4xx_flash.o
    0x08004e28   0x0000025c   Code   RO          697    .text               stm32f4xx_gpio.o
    0x08005084   0x00000588   Code   RO          729    .text               stm32f4xx_rcc.o
    0x0800560c   0x00000ca2   Code   RO          779    .text               stm32f4xx_tim.o
    0x080062ae   0x00000002   PAD
    0x080062b0   0x0000041a   Code   RO          795    .text               stm32f4xx_usart.o
    0x080066ca   0x00000002   PAD
    0x080066cc   0x00000210   Code   RO          811    .text               system_stm32f4xx.o
    0x080068dc   0x00000040   Code   RO          835    .text               startup_stm32f4xx.o
    0x0800691c   0x00000dc0   Code   RO          840    .text               imu.o
    0x080076dc   0x0000137c   Code   RO          876    .text               alt_fushion.o
    0x08008a58   0x00000c6c   Code   RO          921    .text               anotc_baro_ctrl.o
    0x080096c4   0x00000910   Code   RO          952    .text               mymath.o
    0x08009fd4   0x0000085c   Code   RO          971    .text               filter.o
    0x0800a830   0x00000c60   Code   RO         1009    .text               quar.o
    0x0800b490   0x00000100   Code   RO         1043    .text               rt_nonfinite.o
    0x0800b590   0x00000134   Code   RO         1070    .text               rtgetinf.o
    0x0800b6c4   0x000000c8   Code   RO         1086    .text               rtgetnan.o
    0x0800b78c   0x00004070   Code   RO         1099    .text               pos_ctrl.o
    0x0800f7fc   0x00002054   Code   RO         1124    .text               ctrl.o
    0x08011850   0x000021d4   Code   RO         1147    .text               height_ctrl.o
    0x08013a24   0x000086dc   Code   RO         1171    .text               usart.o
    0x0801c100   0x00002e50   Code   RO         1238    .text               data_transfer.o
    0x0801ef50   0x00000670   Code   RO         1263    .text               rc.o
    0x0801f5c0   0x000000e8   Code   RO         1290    .text               dma.o
    0x0801f6a8   0x00000f38   Code   RO         1306    .text               mpu6050.o
    0x080205e0   0x000008da   Code   RO         1333    .text               ak8975.o
    0x08020eba   0x00000002   PAD
    0x08020ebc   0x00000b54   Code   RO         1364    .text               bmp.o
    0x08021a10   0x000003b8   Code   RO         1394    .text               ultrasonic.o
    0x08021dc8   0x00001758   Code   RO         1416    .text               kf_oldx.lib(kf_oldx.o)
    0x08023520   0x00001514   Code   RO         1453    .text               eso_oldx.lib(eso.o)
    0x08024a34   0x00000a18   Code   RO         1544    .text               cycle_cal_oldx.lib(cycle_cal_oldx.o)
    0x0802544c   0x00000048   Code   RO         1568    .text               c_w.l(llsdiv.o)
    0x08025494   0x00000064   Code   RO         1570    .text               c_w.l(rt_memcpy_w.o)
    0x080254f8   0x0000004e   Code   RO         1572    .text               c_w.l(rt_memclr_w.o)
    0x08025546   0x00000006   Code   RO         1574    .text               c_w.l(heapauxi.o)
    0x0802554c   0x000000ee   Code   RO         1727    .text               c_w.l(lludivv7m.o)
    0x0802563a   0x00000016   Code   RO         1729    .text               c_w.l(_rserrno.o)
    0x08025650   0x00000008   Code   RO         1817    .text               c_w.l(rt_errno_addr_intlibspace.o)
    0x08025658   0x00000008   Code   RO         1821    .text               c_w.l(libspace.o)
    0x08025660   0x0000004a   Code   RO         1824    .text               c_w.l(sys_stackheap_outer.o)
    0x080256aa   0x00000012   Code   RO         1828    .text               c_w.l(exit.o)
    0x080256bc   0x0000000c   Code   RO         1908    .text               c_w.l(sys_exit.o)
    0x080256c8   0x00000002   Code   RO         1925    .text               c_w.l(use_no_semi.o)
    0x080256ca   0x00000000   Code   RO         1927    .text               c_w.l(indicate_semi.o)
    0x080256ca   0x00000030   Code   RO         1763    i.__ARM_fpclassify  m_wm.l(fpclassify.o)
    0x080256fa   0x00000026   Code   RO         1765    i.__ARM_fpclassifyf  m_wm.l(fpclassifyf.o)
    0x08025720   0x00000360   Code   RO         1614    i.__hardfp_asin     m_wm.l(asin.o)
    0x08025a80   0x0000012c   Code   RO         1628    i.__hardfp_asinf    m_wm.l(asinf.o)
    0x08025bac   0x00000250   Code   RO         1640    i.__hardfp_atan2f   m_wm.l(atan2f.o)
    0x08025dfc   0x00000004   PAD
    0x08025e00   0x000000c8   Code   RO         1652    i.__hardfp_cos      m_wm.l(cos.o)
    0x08025ec8   0x00000014   Code   RO         1664    i.__hardfp_fabs     m_wm.l(fabs.o)
    0x08025edc   0x00000004   PAD
    0x08025ee0   0x00000118   Code   RO         1670    i.__hardfp_floor    m_wm.l(floor.o)
    0x08025ff8   0x00000c50   Code   RO         1676    i.__hardfp_pow      m_wm.l(pow.o)
    0x08026c48   0x000000c8   Code   RO         1690    i.__hardfp_sin      m_wm.l(sin.o)
    0x08026d10   0x0000007a   Code   RO         1702    i.__hardfp_sqrt     m_wm.l(sqrt.o)
    0x08026d8a   0x0000003a   Code   RO         1714    i.__hardfp_sqrtf    m_wm.l(sqrtf.o)
    0x08026dc4   0x00000004   PAD
    0x08026dc8   0x00000438   Code   RO         1784    i.__ieee754_rem_pio2  m_wm.l(rred.o)
    0x08027200   0x00000170   Code   RO         1746    i.__kernel_cos      m_wm.l(cos_i.o)
    0x08027370   0x000000f8   Code   RO         1781    i.__kernel_poly     m_wm.l(poly.o)
    0x08027468   0x00000130   Code   RO         1789    i.__kernel_sin      m_wm.l(sin_i.o)
    0x08027598   0x00000030   Code   RO         1749    i.__mathlib_dbl_divzero  m_wm.l(dunder.o)
    0x080275c8   0x00000014   Code   RO         1750    i.__mathlib_dbl_infnan  m_wm.l(dunder.o)
    0x080275dc   0x00000014   Code   RO         1751    i.__mathlib_dbl_infnan2  m_wm.l(dunder.o)
    0x080275f0   0x00000020   Code   RO         1752    i.__mathlib_dbl_invalid  m_wm.l(dunder.o)
    0x08027610   0x00000020   Code   RO         1753    i.__mathlib_dbl_overflow  m_wm.l(dunder.o)
    0x08027630   0x00000020   Code   RO         1755    i.__mathlib_dbl_underflow  m_wm.l(dunder.o)
    0x08027650   0x00000006   Code   RO         1768    i.__mathlib_flt_infnan  m_wm.l(funder.o)
    0x08027656   0x00000006   Code   RO         1769    i.__mathlib_flt_infnan2  m_wm.l(funder.o)
    0x0802765c   0x00000010   Code   RO         1770    i.__mathlib_flt_invalid  m_wm.l(funder.o)
    0x0802766c   0x00000010   Code   RO         1773    i.__mathlib_flt_underflow  m_wm.l(funder.o)
    0x0802767c   0x00000018   Code   RO         1666    i.fabs              m_wm.l(fabs.o)
    0x08027694   0x0000006e   Code   RO         1704    i.sqrt              m_wm.l(sqrt.o)
    0x08027702   0x0000003e   Code   RO         1716    i.sqrtf             m_wm.l(sqrtf.o)
    0x08027740   0x00000018   Code   RO         1578    x$fpl$basic         fz_wm.l(basic.o)
    0x08027758   0x00000062   Code   RO         1580    x$fpl$d2f           fz_wm.l(d2f.o)
    0x080277ba   0x00000002   PAD
    0x080277bc   0x00000150   Code   RO         1582    x$fpl$dadd          fz_wm.l(daddsub_clz.o)
    0x0802790c   0x00000010   Code   RO         1819    x$fpl$dcheck1       fz_wm.l(dcheck1.o)
    0x0802791c   0x00000018   Code   RO         1731    x$fpl$dcmpinf       fz_wm.l(dcmpi.o)
    0x08027934   0x000002b0   Code   RO         1589    x$fpl$ddiv          fz_wm.l(ddiv.o)
    0x08027be4   0x00000078   Code   RO         1592    x$fpl$deqf          fz_wm.l(deqf.o)
    0x08027c5c   0x0000005e   Code   RO         1594    x$fpl$dfix          fz_wm.l(dfix.o)
    0x08027cba   0x0000002e   Code   RO         1599    x$fpl$dflt          fz_wm.l(dflt_clz.o)
    0x08027ce8   0x00000026   Code   RO         1598    x$fpl$dfltu         fz_wm.l(dflt_clz.o)
    0x08027d0e   0x00000002   PAD
    0x08027d10   0x00000078   Code   RO         1604    x$fpl$dleqf         fz_wm.l(dleqf.o)
    0x08027d88   0x00000154   Code   RO         1606    x$fpl$dmul          fz_wm.l(dmul.o)
    0x08027edc   0x0000009c   Code   RO         1733    x$fpl$dnaninf       fz_wm.l(dnaninf.o)
    0x08027f78   0x0000000c   Code   RO         1735    x$fpl$dretinf       fz_wm.l(dretinf.o)
    0x08027f84   0x0000006c   Code   RO         1608    x$fpl$drleqf        fz_wm.l(drleqf.o)
    0x08027ff0   0x00000016   Code   RO         1583    x$fpl$drsb          fz_wm.l(daddsub_clz.o)
    0x08028006   0x00000002   PAD
    0x08028008   0x00000198   Code   RO         1737    x$fpl$dsqrt         fz_wm.l(dsqrt_umaal.o)
    0x080281a0   0x000001d4   Code   RO         1584    x$fpl$dsub          fz_wm.l(daddsub_clz.o)
    0x08028374   0x00000056   Code   RO         1610    x$fpl$f2d           fz_wm.l(f2d.o)
    0x080283ca   0x00000060   Code   RO         1612    x$fpl$ffltll        fz_wm.l(ffltll_clz.o)
    0x0802842a   0x0000008c   Code   RO         1739    x$fpl$fnaninf       fz_wm.l(fnaninf.o)
    0x080284b6   0x0000000a   Code   RO         1906    x$fpl$fpinit        fz_wm.l(fpinit.o)
    0x080284c0   0x0000000a   Code   RO         1741    x$fpl$fretinf       fz_wm.l(fretinf.o)
    0x080284ca   0x00000064   Code   RO         1836    x$fpl$retnan        fz_wm.l(retnan.o)
    0x0802852e   0x0000005c   Code   RO         1743    x$fpl$scalbn        fz_wm.l(scalbn.o)
    0x0802858a   0x00000030   Code   RO         1889    x$fpl$trapveneer    fz_wm.l(trapv.o)
    0x080285ba   0x00000000   Code   RO         1745    x$fpl$usenofp       fz_wm.l(usenofp.o)
    0x080285ba   0x00000002   PAD
    0x080285bc   0x00000030   Data   RO          280    .constdata          parameter.o
    0x080285ec   0x00000018   Data   RO          878    .constdata          alt_fushion.o
    0x08028604   0x00000024   Data   RO         1011    .constdata          quar.o
    0x08028628   0x0000001c   Data   RO         1101    .constdata          pos_ctrl.o
    0x08028644   0x00000004   PAD
    0x08028648   0x00000084   Data   RO         1417    .constdata          kf_oldx.lib(kf_oldx.o)
    0x080286cc   0x00000004   PAD
    0x080286d0   0x00000050   Data   RO         1617    .constdata          m_wm.l(asin.o)
    0x08028720   0x00000088   Data   RO         1679    .constdata          m_wm.l(pow.o)
    0x080287a8   0x00000030   Data   RO         1747    .constdata          m_wm.l(cos_i.o)
    0x080287d8   0x00000008   Data   RO         1783    .constdata          m_wm.l(qnan.o)
    0x080287e0   0x000000c8   Data   RO         1786    .constdata          m_wm.l(rred.o)
    0x080288a8   0x00000028   Data   RO         1790    .constdata          m_wm.l(sin_i.o)
    0x080288d0   0x00000020   Data   RO         1968    Region$$Table       anon$$obj.o


    Execution Region RW_IRAM1 (Base: 0x20000000, Size: 0x000057b0, Max: 0x00020000, ABSOLUTE, COMPRESSED[0x00000694])

    Base Addr    Size         Type   Attr      Idx    E Section Name        Object

    0x20000000   0x00000035   Data   RW            4    .data               scheduler.o
    0x20000035   0x00000007   Data   RW          227    .data               init.o
    0x2000003c   0x00000008   Data   RW          281    .data               parameter.o
    0x20000044   0x00000012   Data   RW          333    .data               fly_mode.o
    0x20000056   0x00000001   Data   RW          375    .data               main.o
    0x20000057   0x00000001   PAD
    0x20000058   0x00000011   Data   RW          399    .data               pwm_out.o
    0x20000069   0x00000003   PAD
    0x2000006c   0x0000002a   Data   RW          470    .data               flash.o
    0x20000096   0x00000001   Data   RW          512    .data               i2c_soft.o
    0x20000097   0x00000001   Data   RW          534    .data               led.o
    0x20000098   0x00000014   Data   RW          556    .data               time.o
    0x200000ac   0x00000010   Data   RW          730    .data               stm32f4xx_rcc.o
    0x200000bc   0x00000014   Data   RW          812    .data               system_stm32f4xx.o
    0x200000d0   0x000000a9   Data   RW          842    .data               imu.o
    0x20000179   0x00000007   PAD
    0x20000180   0x000002c0   Data   RW          879    .data               alt_fushion.o
    0x20000440   0x00000018   Data   RW          923    .data               anotc_baro_ctrl.o
    0x20000458   0x00000404   Data   RW          953    .data               mymath.o
    0x2000085c   0x00000059   Data   RW          973    .data               filter.o
    0x200008b5   0x00000003   PAD
    0x200008b8   0x00000024   Data   RW         1044    .data               rt_nonfinite.o
    0x200008dc   0x0000014a   Data   RW         1102    .data               pos_ctrl.o
    0x20000a26   0x00000002   PAD
    0x20000a28   0x00000038   Data   RW         1126    .data               ctrl.o
    0x20000a60   0x0000017e   Data   RW         1149    .data               height_ctrl.o
    0x20000bde   0x00000002   PAD
    0x20000be0   0x00000134   Data   RW         1173    .data               usart.o
    0x20000d14   0x00000034   Data   RW         1240    .data               data_transfer.o
    0x20000d48   0x00000048   Data   RW         1265    .data               rc.o
    0x20000d90   0x0000002d   Data   RW         1308    .data               mpu6050.o
    0x20000dbd   0x00000003   PAD
    0x20000dc0   0x00000100   Data   RW         1335    .data               ak8975.o
    0x20000ec0   0x000000aa   Data   RW         1366    .data               bmp.o
    0x20000f6a   0x00000002   PAD
    0x20000f6c   0x0000000d   Data   RW         1396    .data               ultrasonic.o
    0x20000f79   0x00000003   PAD
    0x20000f7c   0x00000040   Data   RW         1455    .data               eso_oldx.lib(eso.o)
    0x20000fbc   0x00000034   Zero   RW            3    .bss                scheduler.o
    0x20000ff0   0x00000100   Zero   RW          279    .bss                parameter.o
    0x200010f0   0x0000006f   Zero   RW          332    .bss                fly_mode.o
    0x2000115f   0x00000001   PAD
    0x20001160   0x0000002c   Zero   RW          398    .bss                pwm_out.o
    0x2000118c   0x000000c8   Zero   RW          469    .bss                flash.o
    0x20001254   0x00000168   Zero   RW          555    .bss                time.o
    0x200013bc   0x000000c8   Zero   RW          841    .bss                imu.o
    0x20001484   0x00000004   PAD
    0x20001488   0x00000404   Zero   RW          877    .bss                alt_fushion.o
    0x2000188c   0x000000c4   Zero   RW          922    .bss                anotc_baro_ctrl.o
    0x20001950   0x00000190   Zero   RW          972    .bss                filter.o
    0x20001ae0   0x000000e4   Zero   RW         1010    .bss                quar.o
    0x20001bc4   0x00000274   Zero   RW         1100    .bss                pos_ctrl.o
    0x20001e38   0x00000204   Zero   RW         1125    .bss                ctrl.o
    0x2000203c   0x00000520   Zero   RW         1148    .bss                height_ctrl.o
    0x2000255c   0x00000004   PAD
    0x20002560   0x0000127c   Zero   RW         1172    .bss                usart.o
    0x200037dc   0x00000098   Zero   RW         1239    .bss                data_transfer.o
    0x20003874   0x000000f0   Zero   RW         1264    .bss                rc.o
    0x20003964   0x00000268   Zero   RW         1307    .bss                mpu6050.o
    0x20003bcc   0x00000004   PAD
    0x20003bd0   0x00000140   Zero   RW         1334    .bss                ak8975.o
    0x20003d10   0x00000514   Zero   RW         1365    .bss                bmp.o
    0x20004224   0x000000a4   Zero   RW         1395    .bss                ultrasonic.o
    0x200042c8   0x000007e0   Zero   RW         1454    .bss                eso_oldx.lib(eso.o)
    0x20004aa8   0x000000a8   Zero   RW         1545    .bss                cycle_cal_oldx.lib(cycle_cal_oldx.o)
    0x20004b50   0x00000060   Zero   RW         1822    .bss                c_w.l(libspace.o)
    0x20004bb0   0x00000400   Zero   RW          833    HEAP                startup_stm32f4xx.o
    0x20004fb0   0x00000800   Zero   RW          832    STACK               startup_stm32f4xx.o


==============================================================================

Image component sizes


      Code (inc. data)   RO Data    RW Data    ZI Data      Debug   Object Name

      2266        122          0        256        320       7998   ak8975.o
      4988        526         24        704       1028      13645   alt_fushion.o
      3180        210          0         24        196       6416   anotc_baro_ctrl.o
      2900        280          0        170       1300       9551   bmp.o
      8276        574          0         56        516       5873   ctrl.o
     11856        628          0         52        152      14420   data_transfer.o
       232          4          0          0          0       1380   dma.o
      2140        116          0         89        400       6568   filter.o
      4408        274          0         42        200       4235   flash.o
       376         48          0         18        111      10402   fly_mode.o
      8660        986          0        382       1312      11202   height_ctrl.o
       936         10          0          1          0       4522   i2c_soft.o
      1060         14          0          0          0       4771   iic_hml.o
      3520        264          0        169        200       5496   imu.o
       316         42          0          7          0       1931   init.o
       108         10          0          1          0        642   led.o
        20          4          0          1          0        653   main.o
       224         20          0          0          0       1925   misc.o
      3896        230          0         45        616      17490   mpu6050.o
      2320        150          0       1028          0       7384   mymath.o
      1348        118         48          8        256       4440   parameter.o
     16496       1270         28        330        628      15336   pos_ctrl.o
      1540         70          0         17         44       5180   pwm_out.o
      3168        110         36          0        228       5317   quar.o
      1648        150          0         72        240       3603   rc.o
       256         26          0         36          0       3248   rt_nonfinite.o
       308         22          0          0          0       2653   rtgetinf.o
       200         18          0          0          0       1281   rtgetnan.o
      6136        636          0         53         52     293484   scheduler.o
        64         26        392          0       3072        888   startup_stm32f4xx.o
       936         32          0          0          0       6501   stm32f4xx_dma.o
      1212         26          0          0          0       7193   stm32f4xx_flash.o
       604         36          0          0          0       4229   stm32f4xx_gpio.o
        40          4          0          0          0       1157   stm32f4xx_it.o
      1416         48          0         16          0      11159   stm32f4xx_rcc.o
      3234         60          0          0          0      23124   stm32f4xx_tim.o
      1050         26          0          0          0       7968   stm32f4xx_usart.o
       528         46          0         20          0       1987   system_stm32f4xx.o
       732         42          0         20        360      21714   time.o
       952         52          0         13        164       3137   ultrasonic.o
     34524       1562          0        308       4732      37469   usart.o

    ----------------------------------------------------------------------
    138080       8892        564       3964      16140     597572   Object Totals
         0          0         32          0          0          0   (incl. Generated)
         6          0          4         26         13          0   (incl. Padding)

    ----------------------------------------------------------------------

      Code (inc. data)   RO Data    RW Data    ZI Data      Debug   Library Member Name

        90          0          0          0          0          0   __dczerorl2.o
         8          0          0          0          0         68   __main.o
         0          0          0          0          0          0   __rtentry.o
        12          0          0          0          0          0   __rtentry2.o
         6          0          0          0          0          0   __rtentry4.o
        52          8          0          0          0          0   __scatter.o
        28          0          0          0          0          0   __scatter_zi.o
        22          0          0          0          0        100   _rserrno.o
        18          0          0          0          0         80   exit.o
         6          0          0          0          0        152   heapauxi.o
         0          0          0          0          0          0   indicate_semi.o
         2          0          0          0          0          0   libinit.o
         6          0          0          0          0          0   libinit2.o
         2          0          0          0          0          0   libshutdown.o
         2          0          0          0          0          0   libshutdown2.o
         8          4          0          0         96         68   libspace.o
        72          0          0          0          0         76   llsdiv.o
       238          0          0          0          0        100   lludivv7m.o
         8          4          0          0          0         68   rt_errno_addr_intlibspace.o
        78          0          0          0          0         80   rt_memclr_w.o
       100          0          0          0          0         80   rt_memcpy_w.o
         2          0          0          0          0          0   rtexit.o
        10          0          0          0          0          0   rtexit2.o
        12          4          0          0          0         68   sys_exit.o
        74          0          0          0          0         80   sys_stackheap_outer.o
         2          0          0          0          0         68   use_no_semi.o
      2584         12          0          0        168       4813   cycle_cal_oldx.o
      5396        194          0         64       2016     226153   eso.o
        24          0          0          0          0        164   basic.o
        98          4          0          0          0        140   d2f.o
       826         16          0          0          0        492   daddsub_clz.o
        16          4          0          0          0        116   dcheck1.o
        24          0          0          0          0        116   dcmpi.o
       688        140          0          0          0        256   ddiv.o
       120          4          0          0          0        140   deqf.o
        94          4          0          0          0        140   dfix.o
        84          0          0          0          0        232   dflt_clz.o
       120          4          0          0          0        140   dleqf.o
       340         12          0          0          0        152   dmul.o
       156          4          0          0          0        140   dnaninf.o
        12          0          0          0          0        116   dretinf.o
       108          0          0          0          0        128   drleqf.o
       408         56          0          0          0        168   dsqrt_umaal.o
        86          4          0          0          0        132   f2d.o
        96          0          0          0          0        132   ffltll_clz.o
       140          4          0          0          0        132   fnaninf.o
        10          0          0          0          0        116   fpinit.o
        10          0          0          0          0        116   fretinf.o
       100          0          0          0          0        116   retnan.o
        92          0          0          0          0        116   scalbn.o
        48          0          0          0          0        116   trapv.o
         0          0          0          0          0          0   usenofp.o
      5976        170        132          0          0       3979   kf_oldx.o
       864         94         80          0          0        280   asin.o
       300         42          0          0          0        176   asinf.o
       592         90          0          0          0        184   atan2f.o
       200         20          0          0          0        164   cos.o
       368         46         48          0          0        200   cos_i.o
       184         44          0          0          0        744   dunder.o
        44          0          0          0          0        248   fabs.o
       280         28          0          0          0        156   floor.o
        48          0          0          0          0        124   fpclassify.o
        38          0          0          0          0        116   fpclassifyf.o
        44         12          0          0          0        464   funder.o
       248          0          0          0          0        152   poly.o
      3152        296        136          0          0        352   pow.o
         0          0          8          0          0          0   qnan.o
      1080        142        200          0          0        188   rred.o
       200         20          0          0          0        164   sin.o
       304         24         40          0          0        208   sin_i.o
       232          0          0          0          0        296   sqrt.o
       120          0          0          0          0        272   sqrtf.o

    ----------------------------------------------------------------------
     26836       1514        648         64       2280     244137   Library Totals
        24          4          4          0          0          0   (incl. Padding)

    ----------------------------------------------------------------------

      Code (inc. data)   RO Data    RW Data    ZI Data      Debug   Library Name

       858         20          0          0         96       1088   c_w.l
      2584         12          0          0        168       4813   cycle_cal_oldx.lib
      5396        194          0         64       2016     226153   eso_oldx.lib
      3700        256          0          0          0       3616   fz_wm.l
      5976        170        132          0          0       3979   kf_oldx.lib
      8298        858        512          0          0       4488   m_wm.l

    ----------------------------------------------------------------------
     26836       1514        648         64       2280     244137   Library Totals

    ----------------------------------------------------------------------

==============================================================================


      Code (inc. data)   RO Data    RW Data    ZI Data      Debug   

    164916      10406       1212       4028      18420     826841   Grand Totals
    164916      10406       1212       1684      18420     826841   ELF Image Totals (compressed)
    164916      10406       1212       1684          0          0   ROM Totals

==============================================================================

    Total RO  Size (Code + RO Data)               166128 ( 162.23kB)
    Total RW  Size (RW Data + ZI Data)             22448 (  21.92kB)
    Total ROM Size (Code + RO Data + RW Data)     167812 ( 163.88kB)

==============================================================================

