Component: ARM Compiler 5.06 update 2 (build 183) Tool: armlink [4d35b7]

==============================================================================

Section Cross References

    scheduler.o(.text) refers to led.o(.text) for LED_1ms_DRV
    scheduler.o(.text) refers to ms5611_spi.o(.text) for MS5611_ThreadNew_SPI
    scheduler.o(.text) refers to time.o(.text) for Get_Cycle_T
    scheduler.o(.text) refers to f2d.o(x$fpl$f2d) for __aeabi_f2d
    scheduler.o(.text) refers to dleqf.o(x$fpl$dleqf) for __aeabi_cdcmple
    scheduler.o(.text) refers to drleqf.o(x$fpl$drleqf) for __aeabi_cdrcmple
    scheduler.o(.text) refers to mpu6050.o(.text) for MPU6050_Read
    scheduler.o(.text) refers to dflt_clz.o(x$fpl$dfltu) for __aeabi_ui2d
    scheduler.o(.text) refers to imu.o(.text) for IMUupdate
    scheduler.o(.text) refers to ctrl.o(.text) for CTRL_1
    scheduler.o(.text) refers to rc.o(.text) for RC_Duty
    scheduler.o(.text) refers to usart.o(.text) for GOL_LINK_TASK
    scheduler.o(.text) refers to stm32f4xx_dma.o(.text) for DMA_GetFlagStatus
    scheduler.o(.text) refers to data_transfer.o(.text) for ANO_DT_Data_Exchange
    scheduler.o(.text) refers to scheduler.o(.bss) for loop
    scheduler.o(.text) refers to ms5611_spi.o(.data) for ms5611Alt
    scheduler.o(.text) refers to bmp.o(.data) for baroAlt_fc
    scheduler.o(.text) refers to bmp.o(.bss) for baro
    scheduler.o(.text) refers to scheduler.o(.data) for inner_loop_time
    scheduler.o(.text) refers to mpu6050.o(.bss) for mpu6050_fc
    scheduler.o(.text) refers to imu.o(.data) for Pit_fc
    scheduler.o(.text) refers to usart.o(.data) for NAV_BOARD_CONNECT
    scheduler.o(.text) refers to fly_mode.o(.bss) for mode_oldx
    scheduler.o(.text) refers to ctrl.o(.bss) for ctrl_2
    scheduler.o(.text) refers to dmul.o(x$fpl$dmul) for __aeabi_dmul
    scheduler.o(.text) refers to dfix.o(x$fpl$dfix) for __aeabi_d2iz
    scheduler.o(.text) refers to ddiv.o(x$fpl$ddiv) for __aeabi_ddiv
    scheduler.o(.text) refers to usart.o(.bss) for flow_debug
    scheduler.o(.text) refers to height_ctrl.o(.bss) for wz_speed_pid_v
    scheduler.o(.text) refers to ctrl.o(.data) for thr_value
    scheduler.o(.text) refers to alt_fushion.o(.data) for ALT_VEL_BMP
    scheduler.o(.text) refers to alt_fushion.o(.bss) for acc_body
    scheduler.o(.text) refers to height_ctrl.o(.data) for ultra_speed
    scheduler.o(.text) refers to pos_ctrl.o(.bss) for nav_spd_ctrl
    scheduler.o(.text) refers to stm32f4xx_usart.o(.text) for USART_DMACmd
    scheduler.o(.text) refers to dma.o(.text) for MYDMA_Enable
    scheduler.o(.text) refers to d2f.o(x$fpl$d2f) for __aeabi_d2f
    scheduler.o(.text) refers to anotc_baro_ctrl.o(.text) for baro_ctrl
    scheduler.o(.text) refers to pos_ctrl.o(.text) for Positon_control
    scheduler.o(.text) refers to fabs.o(i.__hardfp_fabs) for __hardfp_fabs
    scheduler.o(.text) refers to mymath.o(.text) for my_deathzoom1
    scheduler.o(.text) refers to pow.o(i.__hardfp_pow) for __hardfp_pow
    scheduler.o(.text) refers to daddsub_clz.o(x$fpl$dadd) for __aeabi_dadd
    scheduler.o(.text) refers to sqrt.o(i.__hardfp_sqrt) for __hardfp_sqrt
    scheduler.o(.text) refers to pwm_out.o(.bss) for aux
    scheduler.o(.text) refers to pos_ctrl.o(.data) for state_v
    scheduler.o(.text) refers to sin.o(i.__hardfp_sin) for __hardfp_sin
    scheduler.o(.text) refers to tan.o(i.__hardfp_tan) for __hardfp_tan
    scheduler.o(.text) refers to pwm_out.o(.text) for SetPwm_AUX
    scheduler.o(.text) refers to flash.o(.data) for SBUS_MAX
    scheduler.o(.text) refers to sbus.o(.data) for channels
    scheduler.o(.text) refers to rc_mine.o(.text) for Nrf_Check_Event
    scheduler.o(.text) refers to fly_mode.o(.text) for mode_check
    scheduler.o(.text) refers to ak8975.o(.text) for ANO_AK8975_Read
    scheduler.o(.text) refers to rc.o(.bss) for RX_CH_FIX_PWM
    scheduler.o(.text) refers to ak8975.o(.data) for ak8975_fc
    scheduler.o(.text) refers to stm32f4xx_gpio.o(.text) for GPIO_ResetBits
    scheduler.o(.text) refers to time.o(.data) for time_1ms
    init.o(.text) refers to misc.o(.text) for NVIC_PriorityGroupConfig
    init.o(.text) refers to time.o(.text) for SysTick_Configuration
    init.o(.text) refers to pwm_out.o(.text) for PWM_Out_Init
    init.o(.text) refers to led.o(.text) for LED_Init
    init.o(.text) refers to beep.o(.text) for Beep_Init
    init.o(.text) refers to spi.o(.text) for SPI2_Init
    init.o(.text) refers to mpu9250.o(.text) for Mpu9250_Init
    init.o(.text) refers to ms5611_spi.o(.text) for ms5611DetectSpi
    init.o(.text) refers to usart.o(.text) for Usart1_Init
    init.o(.text) refers to dma.o(.text) for MYDMA_Config
    init.o(.text) refers to stm32f4xx_usart.o(.text) for USART_DMACmd
    init.o(.text) refers to flash.o(.text) for READ_PARM
    init.o(.text) refers to parameter.o(.text) for Para_Init
    init.o(.text) refers to nrf.o(.text) for Nrf24l01_Init
    init.o(.text) refers to init.o(.data) for mcuID
[...]
    QH                                       0x2000014c   Data           2  rc_mine.o(.data)
    ZY                                       0x2000014e   Data           2  rc_mine.o(.data)
    XZ                                       0x20000150   Data           2  rc_mine.o(.data)
    is_lock                                  0x20000152   Data           1  rc_mine.o(.data)
    EN_FIX_GPSF                              0x20000153   Data           1  rc_mine.o(.data)
    EN_FIX_LOCKWF                            0x20000154   Data           1  rc_mine.o(.data)
    EN_CONTROL_IMUF                          0x20000155   Data           1  rc_mine.o(.data)
    EN_FIX_INSF                              0x20000156   Data           1  rc_mine.o(.data)
    EN_FIX_HIGHF                             0x20000157   Data           1  rc_mine.o(.data)
    tx_lock                                  0x20000158   Data           1  rc_mine.o(.data)
    EN_FIX_GPS                               0x20000159   Data           1  rc_mine.o(.data)
    EN_FIX_LOCKW                             0x2000015a   Data           1  rc_mine.o(.data)
    EN_CONTROL_IMU                           0x2000015b   Data           1  rc_mine.o(.data)
    EN_FIX_INS                               0x2000015c   Data           1  rc_mine.o(.data)
    EN_FIX_HIGH                              0x2000015d   Data           1  rc_mine.o(.data)
    EN_TX_GX                                 0x2000015e   Data           1  rc_mine.o(.data)
    EN_TX_AX                                 0x2000015f   Data           1  rc_mine.o(.data)
    EN_TX_HM                                 0x20000160   Data           1  rc_mine.o(.data)
    EN_TX_YRP                                0x20000161   Data           1  rc_mine.o(.data)
    EN_TX_GPS                                0x20000162   Data           1  rc_mine.o(.data)
    EN_TX_HIGH                               0x20000163   Data           1  rc_mine.o(.data)
    up_load_set                              0x20000164   Data           1  rc_mine.o(.data)
    up_load_pid                              0x20000165   Data           1  rc_mine.o(.data)
    key_rc                                   0x20000166   Data           6  rc_mine.o(.data)
    Yaw_sb_rc                                0x2000016c   Data           2  rc_mine.o(.data)
    cnt_rst                                  0x2000016e   Data           1  rc_mine.o(.data)
    delta_pitch                              0x2000016f   Data           1  rc_mine.o(.data)
    delta_roll                               0x20000170   Data           1  rc_mine.o(.data)
    delta_yew                                0x20000171   Data           1  rc_mine.o(.data)
    data_rate                                0x20000172   Data           2  rc_mine.o(.data)
    control_scale                            0x20000174   Data           4  rc_mine.o(.data)
    cnt_timer2_r                             0x20000178   Data           4  rc_mine.o(.data)
    cnt_led_rx                               0x2000017c   Data           1  rc_mine.o(.data)
    start_music                              0x2000018a   Data          42  beep.o(.data)
    mems_right_music                         0x200001b4   Data           6  beep.o(.data)
    mems_error_music                         0x200001ba   Data           8  beep.o(.data)
    start_music_pix                          0x200001c2   Data          18  beep.o(.data)
    test_tone                                0x200001d4   Data           1  beep.o(.data)
    Beat_delay                               0x200001d6   Data          14  beep.o(.data)
    tone_table                               0x200001e4   Data          48  beep.o(.data)
    SystemCoreClock                          0x20000224   Data           4  system_stm32f4xx.o(.data)
    AHBPrescTable                            0x20000228   Data          16  system_stm32f4xx.o(.data)
    Kp_use                                   0x20000238   Data           4  imu.o(.data)
    Roll                                     0x2000023c   Data           4  imu.o(.data)
    Pitch                                    0x20000240   Data           4  imu.o(.data)
    Yaw                                      0x20000244   Data           4  imu.o(.data)
    Roll_mid_down                            0x20000248   Data           4  imu.o(.data)
    Pitch_mid_down                           0x2000024c   Data           4  imu.o(.data)
    Yaw_mid_down                             0x20000250   Data           4  imu.o(.data)
    Rol_fc                                   0x20000254   Data           4  imu.o(.data)
    Pit_fc                                   0x20000258   Data           4  imu.o(.data)
    Yaw_fc                                   0x2000025c   Data           4  imu.o(.data)
    ref_q                                    0x20000260   Data          16  imu.o(.data)
    norm_acc                                 0x20000270   Data           4  imu.o(.data)
    norm_q                                   0x20000274   Data           4  imu.o(.data)
    norm_acc_lpf                             0x20000278   Data           4  imu.o(.data)
    mag_norm                                 0x2000027c   Data           4  imu.o(.data)
    mag_norm_xyz                             0x20000280   Data           4  imu.o(.data)
    acc_ng_cali                              0x20000284   Data           1  imu.o(.data)
    yaw_mag                                  0x20000288   Data           4  imu.o(.data)
    accConfidenceDecay                       0x2000028c   Data           4  imu.o(.data)
    accConfidence                            0x20000290   Data           4  imu.o(.data)
    Yaw_fc_q                                 0x20000294   Data           4  imu.o(.data)
    beta                                     0x20000298   Data           4  imu.o(.data)
    q0_m_fc                                  0x2000029c   Data           4  imu.o(.data)
    q1_m_fc                                  0x200002a0   Data           4  imu.o(.data)
    q2_m_fc                                  0x200002a4   Data           4  imu.o(.data)
    q3_m_fc                                  0x200002a8   Data           4  imu.o(.data)
    q0_fc                                    0x200002ac   Data           4  imu.o(.data)
    q1_fc                                    0x200002b0   Data           4  imu.o(.data)
    q2_fc                                    0x200002b4   Data           4  imu.o(.data)
    q3_fc                                    0x200002b8   Data           4  imu.o(.data)
    ref_q_imd_down_fc                        0x200002bc   Data          16  imu.o(.data)
    init_q                                   0x200002cc   Data           1  imu.o(.data)
    ACC_FORWARD_BMP                          0x200002e0   Data           1  alt_fushion.o(.data)
    ACC_FORWARD                              0x200002e1   Data           1  alt_fushion.o(.data)
    en_bmp_avoid_wind                        0x200002e2   Data           1  alt_fushion.o(.data)
    ALT_POS_BMP                              0x20000398   Data           4  alt_fushion.o(.data)
    ALT_VEL_BMP                              0x2000039c   Data           4  alt_fushion.o(.data)
    ALT_POS_SONAR                            0x200003a0   Data           4  alt_fushion.o(.data)
    ALT_VEL_SONAR                            0x200003a4   Data           4  alt_fushion.o(.data)
    ALT_POS_SONAR2                           0x200003a8   Data           4  alt_fushion.o(.data)
    ALT_POS_SONAR3                           0x200003ac   Data           4  alt_fushion.o(.data)
    ALT_POS_BMP_EKF                          0x200003b0   Data           4  alt_fushion.o(.data)
    ALT_VEL_BMP_EKF                          0x200003b4   Data           4  alt_fushion.o(.data)
    ALT_POS_BMP_UKF_OLDX                     0x200003b8   Data           4  alt_fushion.o(.data)
    ALT_VEL_BMP_UKF_OLDX                     0x200003bc   Data           4  alt_fushion.o(.data)
    ALT_ACC_BMP_UKF_OLDX                     0x200003c0   Data           4  alt_fushion.o(.data)
    P_baro                                   0x200003c8   Data          72  alt_fushion.o(.data)
    P_barob                                  0x20000410   Data         128  alt_fushion.o(.data)
    gh_bmp                                   0x20000490   Data           4  alt_fushion.o(.data)
    k_fp_spd_bmp                             0x20000494   Data           4  alt_fushion.o(.data)
    gh_bmp1                                  0x20000498   Data           4  alt_fushion.o(.data)
    k_fp_spd_bmp1                            0x2000049c   Data           4  alt_fushion.o(.data)
    gh_sonar                                 0x200004a0   Data           4  alt_fushion.o(.data)
    k_fp_spd_sonar                           0x200004a4   Data           4  alt_fushion.o(.data)
    ga                                       0x200004a8   Data           4  alt_fushion.o(.data)
    gwa                                      0x200004ac   Data           4  alt_fushion.o(.data)
    r_baro_new                               0x200004b0   Data          16  alt_fushion.o(.data)
    r_sonar_new                              0x200004c0   Data          16  alt_fushion.o(.data)
    P_kf_baro                                0x200004d0   Data          72  alt_fushion.o(.data)
    P_kf_baro_bmp                            0x20000518   Data          72  alt_fushion.o(.data)
    r_baro_ukf                               0x20000560   Data          16  alt_fushion.o(.data)
    q_baro_ukf                               0x20000570   Data          16  alt_fushion.o(.data)
    dead_accz                                0x20000580   Data           4  alt_fushion.o(.data)
    acc_off_baro                             0x20000584   Data           4  alt_fushion.o(.data)
    acc_scale_bmp                            0x20000588   Data           4  alt_fushion.o(.data)
    k_flt_accz                               0x2000058c   Data           4  alt_fushion.o(.data)
    acc_bmp                                  0x20000590   Data           4  alt_fushion.o(.data)
    X_apo_height                             0x20000594   Data           8  alt_fushion.o(.data)
    P_apo_k_height                           0x2000059c   Data          16  alt_fushion.o(.data)
    k_bais                                   0x200005ac   Data           4  alt_fushion.o(.data)
    k_bais2                                  0x200005b0   Data           4  alt_fushion.o(.data)
    r_baro                                   0x200005b4   Data           4  alt_fushion.o(.data)
    r_acc                                    0x200005b8   Data           4  alt_fushion.o(.data)
    x_tst                                    0x200005bc   Data           8  alt_fushion.o(.data)
    p_tst                                    0x200005c4   Data           8  alt_fushion.o(.data)
    kf_tst                                   0x200005cc   Data           8  alt_fushion.o(.data)
    k_acc_bais                               0x200005d4   Data           4  alt_fushion.o(.data)
    w_z_baro                                 0x200005d8   Data           4  alt_fushion.o(.data)
    w_acc_bias                               0x200005dc   Data           4  alt_fushion.o(.data)
    flag_ero                                 0x200005e0   Data           4  alt_fushion.o(.data)
    Alt_Offset_m1                            0x200005e4   Data           4  alt_fushion.o(.data)
    en_bias_fix                              0x200005e8   Data           4  alt_fushion.o(.data)
    flt_body_acc                             0x200005ec   Data           4  alt_fushion.o(.data)
    k_body_acc                               0x200005f0   Data           4  alt_fushion.o(.data)
    K_SONAR                                  0x200005f4   Data           4  alt_fushion.o(.data)
    acc_est                                  0x200005f8   Data           4  alt_fushion.o(.data)
    acc_est_imu                              0x200005fc   Data           4  alt_fushion.o(.data)
    test_bmp                                 0x20000600   Data           1  alt_fushion.o(.data)
    flag_acc_bias                            0x20000604   Data           4  alt_fushion.o(.data)
    acc_z_att_corr                           0x20000608   Data           4  alt_fushion.o(.data)
    speed_estimation                         0x2000060c   Data           4  alt_fushion.o(.data)
    bias_accel                               0x20000610   Data           4  alt_fushion.o(.data)
    position_estimation                      0x20000614   Data           4  alt_fushion.o(.data)
    sigmaAcc                                 0x20000618   Data           4  alt_fushion.o(.data)
    sigmaPos                                 0x2000061c   Data           4  alt_fushion.o(.data)
    gammaAcc                                 0x20000620   Data           4  alt_fushion.o(.data)
    gammaBiasAcc                             0x20000624   Data           4  alt_fushion.o(.data)
    baro_flt_sel                             0x20000628   Data           1  alt_fushion.o(.data)
    W_GPS_DEAD                               0x20000660   Data           4  anotc_baro_ctrl.o(.data)
    W_BMP_DEAD                               0x20000664   Data           4  anotc_baro_ctrl.o(.data)
    K_BMP_FIX                                0x20000668   Data           4  anotc_baro_ctrl.o(.data)
    test_wind                                0x2000066c   Data           1  anotc_baro_ctrl.o(.data)
    sonar_weight                             0x20000670   Data           4  anotc_baro_ctrl.o(.data)
    k_w_bmp                                  0x20000674   Data           4  anotc_baro_ctrl.o(.data)
    bmp_w                                    0x20000678   Data           4  anotc_baro_ctrl.o(.data)
    wz_speed                                 0x2000067c   Data           4  anotc_baro_ctrl.o(.data)
    baro_com_val                             0x20000680   Data           4  anotc_baro_ctrl.o(.data)
    fast_atan_table                          0x20000698   Data        1028  mymath.o(.data)
    ACC_HIGHPASS_TAU                         0x20000a9c   Data           4  filter.o(.data)
    ACC_LOWPASS_TAU                          0x20000aa0   Data           4  filter.o(.data)
    ACC_LOWPASS_SAMPLE_TIME                  0x20000aa4   Data           4  filter.o(.data)
    ACC_LOWPASS_A                            0x20000aa8   Data           4  filter.o(.data)
    ACC_LOWPASS_GX1                          0x20000aac   Data           4  filter.o(.data)
    ACC_LOWPASS_GX2                          0x20000ab0   Data           4  filter.o(.data)
    ACC_LOWPASS_GX3                          0x20000ab4   Data           4  filter.o(.data)
    BARO_LOWPASS_TAU                         0x20000ab8   Data           4  filter.o(.data)
    BARO_LOWPASS_SAMPLE_TIME                 0x20000abc   Data           4  filter.o(.data)
    BARO_LOWPASS_A                           0x20000ac0   Data           4  filter.o(.data)
    BARO_LOWPASS_GX1                         0x20000ac4   Data           4  filter.o(.data)
    BARO_LOWPASS_GX2                         0x20000ac8   Data           4  filter.o(.data)
    BARO_LOWPASS_GX3                         0x20000acc   Data           4  filter.o(.data)
    FLOW_LOWPASS_TAU                         0x20000ad0   Data           4  filter.o(.data)
    FLOW_LOWPASS_SAMPLE_TIME                 0x20000ad4   Data           4  filter.o(.data)
    FLOW_LOWPASS_A                           0x20000ad8   Data           4  filter.o(.data)
    FLOW_LOWPASS_GX1                         0x20000adc   Data           4  filter.o(.data)
    FLOW_LOWPASS_GX2                         0x20000ae0   Data           4  filter.o(.data)
    FLOW_LOWPASS_GX3                         0x20000ae4   Data           4  filter.o(.data)
    rtInf                                    0x20000af8   Data           8  rt_nonfinite.o(.data)
    rtMinusInf                               0x20000b00   Data           8  rt_nonfinite.o(.data)
    rtNaN                                    0x20000b08   Data           8  rt_nonfinite.o(.data)
    rtInfF                                   0x20000b10   Data           4  rt_nonfinite.o(.data)
    rtMinusInfF                              0x20000b14   Data           4  rt_nonfinite.o(.data)
    rtNaNF                                   0x20000b18   Data           4  rt_nonfinite.o(.data)
    r1                                       0x20000b20   Data           4  pos_ctrl.o(.data)
    r2                                       0x20000b24   Data           4  pos_ctrl.o(.data)
    home_lat                                 0x20000b28   Data           8  pos_ctrl.o(.data)
    home_lon                                 0x20000b30   Data           8  pos_ctrl.o(.data)
    way_point_to_go                          0x20000b38   Data           1  pos_ctrl.o(.data)
    home_set                                 0x20000b39   Data           1  pos_ctrl.o(.data)
    nav_circle                               0x20000b3c   Data           8  pos_ctrl.o(.data)
    nav_circle_last                          0x20000b44   Data           8  pos_ctrl.o(.data)
    circle_check                             0x20000b4c   Data           4  pos_ctrl.o(.data)
    circle_lfp                               0x20000b50   Data           4  pos_ctrl.o(.data)
    k_back_step                              0x20000b54   Data           4  pos_ctrl.o(.data)
    nav                                      0x20000b58   Data           8  pos_ctrl.o(.data)
    GPS_angle                                0x20000b60   Data           8  pos_ctrl.o(.data)
    target_position                          0x20000b68   Data           8  pos_ctrl.o(.data)
    now_position                             0x20000b70   Data           8  pos_ctrl.o(.data)
    actual_speed                             0x20000b78   Data           8  pos_ctrl.o(.data)
    tar_speed                                0x20000b80   Data           8  pos_ctrl.o(.data)
    tar_speed_avoidc                         0x20000b88   Data           8  pos_ctrl.o(.data)
    d_flow_watch                             0x20000b90   Data           8  pos_ctrl.o(.data)
    integrator                               0x20000b98   Data           8  pos_ctrl.o(.data)
    k_break                                  0x20000ba0   Data           4  pos_ctrl.o(.data)
    k_flt_break                              0x20000ba4   Data           4  pos_ctrl.o(.data)
    cnt_sb_sample_max                        0x20000ba8   Data           1  pos_ctrl.o(.data)
    scale_flow_rc                            0x20000bac   Data           4  pos_ctrl.o(.data)
    r_circle                                 0x20000bb0   Data           4  pos_ctrl.o(.data)
    d_angle                                  0x20000bb4   Data           4  pos_ctrl.o(.data)
    circle_angle                             0x20000bb8   Data           4  pos_ctrl.o(.data)
    exp_center_cycle                         0x20000bbc   Data          20  pos_ctrl.o(.data)
    line_test_num                            0x20000bd0   Data           2  pos_ctrl.o(.data)
    tan_test_num                             0x20000bd2   Data           4  pos_ctrl.o(.data)
    pos_exp_test                             0x20000bd6   Data           1  pos_ctrl.o(.data)
    yaw_qr_off                               0x20000bd8   Data           4  pos_ctrl.o(.data)
    out_timer_nav                            0x20000bdc   Data           4  pos_ctrl.o(.data)
    in_timer_nav                             0x20000be0   Data           4  pos_ctrl.o(.data)
    nav_spd_pid_flt_nav_rc                   0x20000be4   Data           4  pos_ctrl.o(.data)
    off_GPS                                  0x20000be8   Data           8  pos_ctrl.o(.data)
    circle_p                                 0x20000bf0   Data           4  pos_ctrl.o(.data)
    circle_size                              0x20000bf4   Data           4  pos_ctrl.o(.data)
    circle_flt                               0x20000bf8   Data           4  pos_ctrl.o(.data)
    cycle_control                            0x20000bfc   Data           8  pos_ctrl.o(.data)
    mode_change                              0x20000c04   Data           1  pos_ctrl.o(.data)
    state_v                                  0x20000c05   Data           1  pos_ctrl.o(.data)
    force_pass                               0x20000c06   Data           1  pos_ctrl.o(.data)
    AUTO_UP_CUARVE                           0x20000c08   Data          18  pos_ctrl.o(.data)
    AUTO_DOWN_CUARVE                         0x20000c1a   Data          12  pos_ctrl.o(.data)
    AUTO_DOWN_CUARVE1                        0x20000c26   Data          12  pos_ctrl.o(.data)
    inner_set                                0x20000c8c   Data           4  ctrl.o(.data)
    en_h_inf                                 0x20000c90   Data           1  ctrl.o(.data)
    k_rc_gyro_spd                            0x20000c94   Data           4  ctrl.o(.data)
    thr_view                                 0x20000c98   Data           4  ctrl.o(.data)
    thr_value                                0x20000c9c   Data           4  ctrl.o(.data)
    Thr_Low                                  0x20000ca0   Data           1  ctrl.o(.data)
    Thr_Weight                               0x20000ca4   Data           4  ctrl.o(.data)
    force_Thr_low                            0x20000ca8   Data           1  ctrl.o(.data)
    cnt_for_low                              0x20000caa   Data           2  ctrl.o(.data)
    motor_out                                0x20000cac   Data           8  ctrl.o(.data)
    height_ctrl_mode                         0x20000cc8   Data           1  height_ctrl.o(.data)
    ultra_distance                           0x20000ccc   Data           4  height_ctrl.o(.data)
    exp_height                               0x20000cd0   Data           4  height_ctrl.o(.data)
    set_height_e                             0x20000cd4   Data           4  height_ctrl.o(.data)
    set_height_em                            0x20000cd8   Data           4  height_ctrl.o(.data)
    set_speed_t                              0x20000cdc   Data           4  height_ctrl.o(.data)
    set_speed                                0x20000ce0   Data           4  height_ctrl.o(.data)
    exp_speed                                0x20000ce4   Data           4  height_ctrl.o(.data)
    fb_speed                                 0x20000ce8   Data           4  height_ctrl.o(.data)
    exp_acc                                  0x20000cec   Data           4  height_ctrl.o(.data)
    fb_acc                                   0x20000cf0   Data           4  height_ctrl.o(.data)
    fb_speed_old                             0x20000cf4   Data           4  height_ctrl.o(.data)
    rng_time1                                0x20000cf8   Data           4  height_ctrl.o(.data)
    HOLD_THR                                 0x20000cfc   Data           4  height_ctrl.o(.data)
    ALT_HOLD_THR_RANGE_SCALE                 0x20000d00   Data           4  height_ctrl.o(.data)
    exp_spd_zv                               0x20000d04   Data           4  height_ctrl.o(.data)
    thr_use                                  0x20000d08   Data           4  height_ctrl.o(.data)
    thr_in_view                              0x20000d0c   Data           4  height_ctrl.o(.data)
    exp_height_speed                         0x20000d10   Data           4  height_ctrl.o(.data)
    exp_height_speed_safe                    0x20000d14   Data           4  height_ctrl.o(.data)
    exp_height_safe                          0x20000d18   Data           4  height_ctrl.o(.data)
    ultra_speed                              0x20000d1c   Data           4  height_ctrl.o(.data)
    ultra_speed_safe                         0x20000d20   Data           4  height_ctrl.o(.data)
    ultra_dis_lpf                            0x20000d24   Data           4  height_ctrl.o(.data)
    ultra_dis_lpf_safe                       0x20000d28   Data           4  height_ctrl.o(.data)
    ultra_ctrl_out_safe                      0x20000d2c   Data           4  height_ctrl.o(.data)
    ultra_ctrl_out                           0x20000d30   Data           4  height_ctrl.o(.data)
    ultra_ctrl_out_use                       0x20000d34   Data           4  height_ctrl.o(.data)
    baro_speed_ano                           0x20000d38   Data           4  height_ctrl.o(.data)
    height_ctrl_out                          0x20000d3c   Data           4  height_ctrl.o(.data)
    wz_acc                                   0x20000d40   Data           4  height_ctrl.o(.data)
    adrc_out                                 0x20000d44   Data           4  height_ctrl.o(.data)
    baro_cnt                                 0x20000d48   Data           4  height_ctrl.o(.data)
    switch_r                                 0x20000d4c   Data           1  height_ctrl.o(.data)
    wz_acc_ukf                               0x20000d50   Data           4  height_ctrl.o(.data)
    sonar_spd                                0x20000d54   Data           4  height_ctrl.o(.data)
    BARO_HIHG_NUM                            0x20000d58   Data           1  height_ctrl.o(.data)
    baro_h_cnt                               0x20000d5a   Data           4  height_ctrl.o(.data)
    baro_h_cnt1                              0x20000d5e   Data           4  height_ctrl.o(.data)
    k_temp                                   0x20000d64   Data           4  height_ctrl.o(.data)
    hs_ctrl_cnt_max                          0x20000d68   Data           2  height_ctrl.o(.data)
    hold_alt_flag                            0x20000d6a   Data           1  height_ctrl.o(.data)
    out_timer_high                           0x20000d6c   Data           4  height_ctrl.o(.data)
    in_timer_high                            0x20000d70   Data           4  height_ctrl.o(.data)
    baro_only_move                           0x20000d74   Data           4  height_ctrl.o(.data)
    baro_only_move_flt                       0x20000d78   Data           4  height_ctrl.o(.data)
    ano_temp                                 0x20000d7c   Data           4  height_ctrl.o(.data)
    k_acc_ukf                                0x20000d80   Data           4  height_ctrl.o(.data)
    mid_usp                                  0x20000d84   Data           1  height_ctrl.o(.data)
    EN_TUO_ACC_FIX_H                         0x20000d85   Data           1  height_ctrl.o(.data)
    off_inner                                0x20000d88   Data           4  height_ctrl.o(.data)
    wz_acc_ukf1                              0x20000d8c   Data           4  height_ctrl.o(.data)
    wz_acc1                                  0x20000d90   Data           4  height_ctrl.o(.data)
    ultra_speed_bmp                          0x20000d94   Data           4  height_ctrl.o(.data)
    tilted_fix1                              0x20000d98   Data           4  height_ctrl.o(.data)
    k_flt_z_spd                              0x20000d9c   Data           4  height_ctrl.o(.data)
    k_d                                      0x20000da0   Data           4  height_ctrl.o(.data)
    p1                                       0x20000da4   Data           4  height_ctrl.o(.data)
    p2                                       0x20000da8   Data           4  height_ctrl.o(.data)
    speed_ctrl_sel                           0x20000dac   Data           1  height_ctrl.o(.data)
    speed_spd_sel                            0x20000dad   Data           1  height_ctrl.o(.data)
    wz_speed_old                             0x20000db0   Data           4  height_ctrl.o(.data)
    wz_acc_mms2                              0x20000db4   Data           4  height_ctrl.o(.data)
    height_thrv                              0x20000db8   Data           4  height_ctrl.o(.data)
    wz_speed_pid_v_view                      0x20000dbc   Data           4  height_ctrl.o(.data)
    wz_speed_pid_v_view_eso                  0x20000dc0   Data           4  height_ctrl.o(.data)
    d_view                                   0x20000dc4   Data           4  height_ctrl.o(.data)
    ero_view                                 0x20000dc8   Data           8  height_ctrl.o(.data)
    H_INT_REG                                0x20000dd0   Data           4  height_ctrl.o(.data)
    int_save                                 0x20000dd4   Data           1  height_ctrl.o(.data)
    baro_ctrl_start                          0x20000dd5   Data           1  height_ctrl.o(.data)
    k_flt_pos_z                              0x20000dd8   Data           4  height_ctrl.o(.data)
    baro_height                              0x20000ddc   Data           4  height_ctrl.o(.data)
    ultra_sp_test                            0x20000de0   Data           8  height_ctrl.o(.data)
    k_dh                                     0x20000de8   Data           4  height_ctrl.o(.data)
    dt_flow_rx                               0x20000e48   Data           4  usart.o(.data)
    data_rate_gol_link                       0x20000e4c   Data           2  usart.o(.data)
    LOCK                                     0x20000e4e   Data           1  usart.o(.data)
    KEY                                      0x20000e4f   Data           8  usart.o(.data)
    KEY_SEL                                  0x20000e57   Data           4  usart.o(.data)
    NAV_BOARD_CONNECT                        0x20000e5b   Data           1  usart.o(.data)
    imu_loss_cnt                             0x20000e5c   Data           4  usart.o(.data)
    baro_matlab_data                         0x20000e60   Data           8  usart.o(.data)
    POS_UKF_X                                0x20000e68   Data           4  usart.o(.data)
    POS_UKF_Y                                0x20000e6c   Data           4  usart.o(.data)
    VEL_UKF_X                                0x20000e70   Data           4  usart.o(.data)
    VEL_UKF_Y                                0x20000e74   Data           4  usart.o(.data)
    k_scale_pix                              0x20000e78   Data           4  usart.o(.data)
    pos_kf_state                             0x20000e7c   Data           3  usart.o(.data)
    m100_connect                             0x20000e7f   Data           1  usart.o(.data)
    TxCounter                                0x20000e80   Data           1  usart.o(.data)
    count                                    0x20000e81   Data           1  usart.o(.data)
    RxState                                  0x20000e82   Data           1  usart.o(.data)
    RxBufferNum                              0x20000e83   Data           1  usart.o(.data)
    RxBufferCnt                              0x20000e84   Data           1  usart.o(.data)
    RxLen                                    0x20000e85   Data           1  usart.o(.data)
    com_data                                 0x20000e86   Data           1  usart.o(.data)
    feed_imu_dog                             0x20000e89   Data           1  usart.o(.data)
    PWM_DJI                                  0x20000e8a   Data           8  usart.o(.data)
    TxCounter5                               0x20000e92   Data           1  usart.o(.data)
    count5                                   0x20000e93   Data           1  usart.o(.data)
    RxState5                                 0x20000e94   Data           1  usart.o(.data)
    RxBufferNum5                             0x20000e95   Data           1  usart.o(.data)
    RxBufferCnt5                             0x20000e96   Data           1  usart.o(.data)
    RxLen5                                   0x20000e97   Data           1  usart.o(.data)
    BLE_UP1                                  0x20000e9a   Data          20  usart.o(.data)
    BLE_TEST                                 0x20000eae   Data          20  usart.o(.data)
    BLE_BAUD                                 0x20000ec2   Data          20  usart.o(.data)
    BLE_RENEW                                0x20000ed6   Data          20  usart.o(.data)
    BLE_RATE                                 0x20000eea   Data          20  usart.o(.data)
    SET_PIN                                  0x20000efe   Data          20  usart.o(.data)
    app_connect_fc_loss                      0x20000f14   Data           4  usart.o(.data)
    app_connect_fc                           0x20000f18   Data           1  usart.o(.data)
    lock_tx                                  0x20000f19   Data           1  usart.o(.data)
    RxState_app                              0x20000f1a   Data           1  usart.o(.data)
    RxBufferNum_app                          0x20000f1b   Data           1  usart.o(.data)
    RxBufferCnt_app                          0x20000f1c   Data           1  usart.o(.data)
    RxLen_app                                0x20000f1d   Data           1  usart.o(.data)
    time_rc                                  0x20000f20   Data           4  usart.o(.data)
    rc_board_connect                         0x20000f24   Data           1  usart.o(.data)
    rc_board_connect_lose_cnt                0x20000f26   Data           2  usart.o(.data)
    RxState4                                 0x20000f28   Data           1  usart.o(.data)
    RxBufferNum4                             0x20000f29   Data           1  usart.o(.data)
    RxBufferCnt4                             0x20000f2a   Data           1  usart.o(.data)
    RxLen4                                   0x20000f2b   Data           1  usart.o(.data)
    rate_gps_board                           0x20000f30   Data           4  usart.o(.data)
    RxState3                                 0x20000f34   Data           1  usart.o(.data)
    RxBufferNum3                             0x20000f35   Data           1  usart.o(.data)
    RxBufferCnt3                             0x20000f36   Data           1  usart.o(.data)
    RxLen3                                   0x20000f37   Data           1  usart.o(.data)
    Angle_Yun                                0x20000f3c   Data           8  usart.o(.data)
    SendBuff1_cnt                            0x20000f44   Data           1  usart.o(.data)
    nrf_uart_cnt                             0x20000f46   Data           2  usart.o(.data)
    sd_pub_sel                               0x20000f48   Data           1  usart.o(.data)
    checkdata_to_send                        0x20000f7c   Data           1  data_transfer.o(.data)
    checksum_to_send                         0x20000f7d   Data           1  data_transfer.o(.data)
    fly_mode                                 0x20000f7e   Data           1  data_transfer.o(.data)
    off_flow_pos                             0x20000f80   Data           8  data_transfer.o(.data)
    flash_save_en_cnt                        0x20000f88   Data           2  data_transfer.o(.data)
    acc_3d_calibrate_f                       0x20000f8a   Data           1  data_transfer.o(.data)
    acc_3d_step                              0x20000f8b   Data           1  data_transfer.o(.data)
    CH_in_Mapping                            0x20000fb0   Data           8  rc.o(.data)
    rc_lose                                  0x20000fb8   Data           1  rc.o(.data)
    NS                                       0x20000fb9   Data           1  rc.o(.data)
    CH_Error                                 0x20000fba   Data           8  rc.o(.data)
    NS_cnt                                   0x20000fc2   Data           2  rc.o(.data)
    MAX_CH                                   0x20000fc4   Data          16  rc.o(.data)
    MIN_CH                                   0x20000fd4   Data          16  rc.o(.data)
    CH_DIR                                   0x20000fe4   Data           8  rc.o(.data)
    filter_A                                 0x20000fec   Data           4  rc.o(.data)
    fly_ready                                0x20000ff0   Data           1  rc.o(.data)
    thr_stick_low                            0x20000ff1   Data           1  rc.o(.data)
    ready_cnt                                0x20000ff2   Data           2  rc.o(.data)
    mag_cali_cnt                             0x20000ff4   Data           2  rc.o(.data)
    locked_cnt                               0x20000ff6   Data           2  rc.o(.data)
    mpu6050_ok                               0x20000ff8   Data           1  mpu6050.o(.data)
    sum_temp_att                             0x20000ffc   Data           8  mpu6050.o(.data)
    acc_sum_cnt                              0x20001004   Data           2  mpu6050.o(.data)
    acc_sum_cnt_3d                           0x20001006   Data           2  mpu6050.o(.data)
    acc_smple_cnt_3d                         0x20001008   Data           2  mpu6050.o(.data)
    gyro_sum_cnt                             0x2000100a   Data           2  mpu6050.o(.data)
    filter_cnt                               0x2000100c   Data           1  mpu6050.o(.data)
    filter_cnt_old                           0x2000100d   Data           1  mpu6050.o(.data)
    test_ang                                 0x20001010   Data           4  mpu6050.o(.data)
    test_ang_old                             0x20001014   Data           4  mpu6050.o(.data)
    test_ang_d                               0x20001018   Data           4  mpu6050.o(.data)
    test_fli_a                               0x2000101c   Data           4  mpu6050.o(.data)
    test_i                                   0x20001020   Data           4  mpu6050.o(.data)
    rawAccel                                 0x20001026   Data           6  mpu9250.o(.data)
    rawGyro                                  0x2000102c   Data           6  mpu9250.o(.data)
    rawMag                                   0x20001032   Data           6  mpu9250.o(.data)
    rawMPU6050Temperature                    0x20001038   Data           2  mpu9250.o(.data)
    ak8975                                   0x20001040   Data          48  ak8975.o(.data)
    ak8975_fc                                0x20001070   Data          48  ak8975.o(.data)
    ak8975_ok                                0x200010f0   Data           1  ak8975.o(.data)
    hml_fix                                  0x200010f1   Data           1  ak8975.o(.data)
    Mag_CALIBRATED                           0x200010f2   Data           1  ak8975.o(.data)
    Mag_CALIBRATED_R                         0x200010f3   Data           1  ak8975.o(.data)
    HMC5883_lastx                            0x200010f4   Data           4  ak8975.o(.data)
    HMC5883_lasty                            0x200010f8   Data           4  ak8975.o(.data)
    HMC5883_lastz                            0x200010fc   Data           4  ak8975.o(.data)
    HMC5883_maxx                             0x20001100   Data           2  ak8975.o(.data)
    HMC5883_maxy                             0x20001102   Data           2  ak8975.o(.data)
    HMC5883_maxz                             0x20001104   Data           2  ak8975.o(.data)
    HMC5883_minx                             0x20001106   Data           2  ak8975.o(.data)
    HMC5883_miny                             0x20001108   Data           2  ak8975.o(.data)
    HMC5883_minz                             0x2000110a   Data           2  ak8975.o(.data)
    MS5611_Temperature                       0x20001140   Data           4  bmp.o(.data)
    MS5611_Pressure                          0x20001144   Data           4  bmp.o(.data)
    MS5611_Altitude                          0x20001148   Data           4  bmp.o(.data)
    MS5611_VerticalSpeed                     0x2000114c   Data           4  bmp.o(.data)
    baro_alt_speed_ano                       0x20001150   Data           4  bmp.o(.data)
    baroAlt                                  0x20001154   Data           4  bmp.o(.data)
    baroAlt_fc                               0x20001158   Data           4  bmp.o(.data)
    baro_set                                 0x2000115c   Data           1  bmp.o(.data)
    c1                                       0x20001160   Data           2  ms5611_spi.o(.data)
    c2                                       0x20001162   Data           2  ms5611_spi.o(.data)
    c3                                       0x20001164   Data           2  ms5611_spi.o(.data)
    c4                                       0x20001166   Data           2  ms5611_spi.o(.data)
    c5                                       0x20001168   Data           2  ms5611_spi.o(.data)
    c6                                       0x2000116a   Data           2  ms5611_spi.o(.data)
    d1                                       0x2000116c   Data           4  ms5611_spi.o(.data)
    d2                                       0x20001170   Data           4  ms5611_spi.o(.data)
    dT                                       0x20001174   Data           4  ms5611_spi.o(.data)
    ms5611Temperature                        0x20001178   Data           4  ms5611_spi.o(.data)
    ms5611Press                              0x2000117c   Data           4  ms5611_spi.o(.data)
    ms5611Temp                               0x20001180   Data           4  ms5611_spi.o(.data)
    ms5611Alt                                0x20001184   Data           4  ms5611_spi.o(.data)
    Now_doing                                0x200011b0   Data           1  ms5611_spi.o(.data)
    ultra_start_f                            0x200011c4   Data           1  ultrasonic.o(.data)
    ultra_distance_old                       0x200011c6   Data           2  ultrasonic.o(.data)
    measure_num                              0x200011c8   Data           1  ultrasonic.o(.data)
    sbus_data_i                              0x200011d2   Data          26  sbus.o(.data)
    sbus_data                                0x200011ec   Data          26  sbus.o(.data)
    channels                                 0x20001206   Data          36  sbus.o(.data)
    failsafe_status                          0x2000122a   Data           1  sbus.o(.data)
    sbus_passthrough                         0x2000122b   Data           1  sbus.o(.data)
    flt_eso                                  0x20001230   Data           4  eso.o(.data)
    np                                       0x20001234   Data           4  eso.o(.data)
    L1                                       0x20001238   Data           4  eso.o(.data)
    Rc_Pwm_In                                0x20001270   Data          16  scheduler.o(.bss)
    loop                                     0x20001280   Data          16  scheduler.o(.bss)
    test                                     0x20001290   Data          20  scheduler.o(.bss)
    sensor_setup                             0x200012a4   Data          64  parameter.o(.bss)
    pid_setup                                0x200012e4   Data         192  parameter.o(.bss)
    mode_value                               0x200013a4   Data          10  fly_mode.o(.bss)
    mode_oldx                                0x200013ae   Data          92  fly_mode.o(.bss)
    module                                   0x2000140a   Data          10  fly_mode.o(.bss)
    aux                                      0x20001414   Data          68  pwm_out.o(.bss)
    FLASH_READ_BUF                           0x20001458   Data         100  flash.o(.bss)
    FLASH_Buffer                             0x200014bc   Data         100  flash.o(.bss)
    Cycle_T                                  0x20001520   Data         360  time.o(.bss)
    NRF24L01_RXDATA                          0x20001688   Data          32  nrf.o(.bss)
    NRF24L01_TXDATA                          0x200016a8   Data          32  nrf.o(.bss)
    RX_CH_FIX_NRF                            0x200016c8   Data          32  rc_mine.o(.bss)
    key_rc_reg                               0x200016e8   Data         105  rc_mine.o(.bss)
    RC_GET                                   0x20001754   Data          64  rc_mine.o(.bss)
    ypr_sb                                   0x20001794   Data          12  rc_mine.o(.bss)
    reference_v                              0x200017a0   Data          12  imu.o(.bss)
    ref                                      0x200017ac   Data          60  imu.o(.bss)
    reference_vr_imd_down                    0x200017e8   Data          12  imu.o(.bss)
    reference_vr                             0x200017f4   Data          12  imu.o(.bss)
    q_nav                                    0x20001800   Data          16  imu.o(.bss)
    ref_q_imd_down                           0x20001810   Data          16  imu.o(.bss)
    mag_sim_3d                               0x20001820   Data          12  imu.o(.bss)
    acc_3d_hg                                0x2000182c   Data          12  imu.o(.bss)
    acc_ng                                   0x20001838   Data          12  imu.o(.bss)
    acc_ng_offset                            0x20001844   Data          12  imu.o(.bss)
    reference_vr_imd_down_fc                 0x20001850   Data          12  imu.o(.bss)
    acc_z_acc                                0x20001868   Data          12  alt_fushion.o(.bss)
    X_ukf_baro                               0x20001b38   Data          24  alt_fushion.o(.bss)
    X_ukf_barob                              0x20001b50   Data          32  alt_fushion.o(.bss)
    X_kf_baro                                0x20001b70   Data          24  alt_fushion.o(.bss)
    state_correct_baro                       0x20001b88   Data          48  alt_fushion.o(.bss)
    state_correct_sonar                      0x20001bb8   Data          48  alt_fushion.o(.bss)
    X_kf_baro_bmp                            0x20001be8   Data          24  alt_fushion.o(.bss)
    acc_body                                 0x20001c00   Data          12  alt_fushion.o(.bss)
    acc_body_buf                             0x20001c0c   Data         240  alt_fushion.o(.bss)
    acc_bias                                 0x20001cfc   Data          12  alt_fushion.o(.bss)
    accel_bias_corr                          0x20001d08   Data          12  alt_fushion.o(.bss)
    eso_h_acc                                0x20001d14   Data         144  alt_fushion.o(.bss)
    eso_h_spd                                0x20001da4   Data         144  alt_fushion.o(.bss)
    sonar                                    0x20001efc   Data          24  anotc_baro_ctrl.o(.bss)
    sonar_fusion                             0x20001f14   Data          68  anotc_baro_ctrl.o(.bss)
    baro_p                                   0x20001f58   Data          24  anotc_baro_ctrl.o(.bss)
    baro_fusion                              0x20001f70   Data          68  anotc_baro_ctrl.o(.bss)
    med_filter_tmp                           0x20001fc0   Data        6000  filter.o(.bss)
    med_filter_out                           0x20003730   Data         120  filter.o(.bss)
    med_fil_cnt                              0x200037a8   Data          30  filter.o(.bss)
    firstOrderFilters                        0x200037c8   Data         400  filter.o(.bss)
    e_R                                      0x20003958   Data          12  quar.o(.bss)
    exp_angle                                0x20003964   Data          12  quar.o(.bss)
    ero_angle_px4                            0x20003970   Data          16  quar.o(.bss)
    angle_now                                0x20003980   Data          12  quar.o(.bss)
    Q_control                                0x2000398c   Data          32  quar.o(.bss)
    R_control_set                            0x200039ac   Data          36  quar.o(.bss)
    R_control_ero                            0x200039d0   Data          36  quar.o(.bss)
    R_control_now                            0x200039f4   Data          36  quar.o(.bss)
    R_control_now_t                          0x20003a18   Data          36  quar.o(.bss)
    way_point                                0x20003a40   Data         480  pos_ctrl.o(.bss)
    robot_land                               0x20003c20   Data          12  pos_ctrl.o(.bss)
    circle                                   0x20003c2c   Data          92  pos_ctrl.o(.bss)
    track                                    0x20003c88   Data          92  pos_ctrl.o(.bss)
    marker                                   0x20003ce4   Data          76  pos_ctrl.o(.bss)
    out_back_step                            0x20003d30   Data          12  pos_ctrl.o(.bss)
    acc_temp                                 0x20003d3c   Data          12  pos_ctrl.o(.bss)
    nav_pos_pid                              0x20003d48   Data          28  pos_ctrl.o(.bss)
    nav_spd_pid                              0x20003d64   Data          28  pos_ctrl.o(.bss)
    nav_acc_pid                              0x20003d80   Data          28  pos_ctrl.o(.bss)
    nav_pos_ctrl                             0x20003d9c   Data          80  pos_ctrl.o(.bss)
    nav_spd_ctrl                             0x20003dec   Data          80  pos_ctrl.o(.bss)
    nav_acc_ctrl                             0x20003e3c   Data          80  pos_ctrl.o(.bss)
    ctrl_1                                   0x20003ea0   Data         196  ctrl.o(.bss)
    ctrl_2                                   0x20003f64   Data         196  ctrl.o(.bss)
    fan                                      0x20004028   Data         104  ctrl.o(.bss)
    except_A                                 0x20004090   Data          12  ctrl.o(.bss)
    ctrl_angle_offset                        0x2000409c   Data          12  ctrl.o(.bss)
    compensation                             0x200040a8   Data          12  ctrl.o(.bss)
    except_AS                                0x200040b4   Data          12  ctrl.o(.bss)
    g_old                                    0x200040c0   Data          28  ctrl.o(.bss)
    motor                                    0x200040dc   Data          16  ctrl.o(.bss)
    posture_value                            0x200040ec   Data          16  ctrl.o(.bss)
    curve                                    0x200040fc   Data          16  ctrl.o(.bss)
    view_out                                 0x2000410c   Data          12  ctrl.o(.bss)
    hc_value                                 0x20004118   Data          24  height_ctrl.o(.bss)
    wz_speed_pid_v                           0x20004130   Data          36  height_ctrl.o(.bss)
    wz_speed_pid_v_safe                      0x20004154   Data          36  height_ctrl.o(.bss)
    wz_speed_pid_v_eso                       0x20004178   Data          36  height_ctrl.o(.bss)
    ultra_ctrl                               0x2000419c   Data          36  height_ctrl.o(.bss)
    ultra_ctrl_safe                          0x200041c0   Data          36  height_ctrl.o(.bss)
    wz_speed_pid                             0x200041e4   Data          16  height_ctrl.o(.bss)
    wz_speed_pid_safe                        0x200041f4   Data          16  height_ctrl.o(.bss)
    wz_speed_pid_use                         0x20004204   Data          16  height_ctrl.o(.bss)
    ultra_pid_safe                           0x20004214   Data          16  height_ctrl.o(.bss)
    ultra_pid                                0x20004224   Data          16  height_ctrl.o(.bss)
    ultra_pid_use                            0x20004234   Data          16  height_ctrl.o(.bss)
    baro_speed_arr                           0x20004244   Data         204  height_ctrl.o(.bss)
    baro_h_arr                               0x20004310   Data         404  height_ctrl.o(.bss)
    baro_h_arr1                              0x200044a4   Data         404  height_ctrl.o(.bss)
    DEBUG                                    0x20004638   Data         140  usart.o(.bss)
    BLE_DEBUG                                0x200046c4   Data          32  usart.o(.bss)
    m100                                     0x200046e8   Data         144  usart.o(.bss)
    color                                    0x20004778   Data          20  usart.o(.bss)
    HPID                                     0x2000478c   Data          18  usart.o(.bss)
    SPID                                     0x2000479e   Data          18  usart.o(.bss)
    FIX_PID                                  0x200047b0   Data          18  usart.o(.bss)
    NAV_PID                                  0x200047c2   Data          18  usart.o(.bss)
    HPID_app                                 0x200047d4   Data          18  usart.o(.bss)
    SPID_app                                 0x200047e6   Data          18  usart.o(.bss)
    FIX_PID_app                              0x200047f8   Data          18  usart.o(.bss)
    NAV_PID_app                              0x2000480a   Data          18  usart.o(.bss)
    pid                                      0x2000481c   Data         320  usart.o(.bss)
    smart                                    0x2000495c   Data          72  usart.o(.bss)
    smart_in                                 0x200049a4   Data          72  usart.o(.bss)
    Rc_Get                                   0x200049ec   Data          34  usart.o(.bss)
    Rc_Get_PWM                               0x20004a0e   Data          34  usart.o(.bss)
    Rc_Get_SBUS                              0x20004a30   Data          34  usart.o(.bss)
    plane                                    0x20004a54   Data         116  usart.o(.bss)
    slam                                     0x20004ac8   Data          20  usart.o(.bss)
    imu_nav                                  0x20004adc   Data         100  usart.o(.bss)
    flow_debug                               0x20004b40   Data          40  usart.o(.bss)
    flow_matlab_data                         0x20004b68   Data          16  usart.o(.bss)
    uart_time                                0x20004b78   Data          40  usart.o(.bss)
    pi_flow                                  0x20004ba0   Data         324  usart.o(.bss)
    debug_pi_flow                            0x20004ce4   Data          80  usart.o(.bss)
    TxBuffer                                 0x20004d34   Data         256  usart.o(.bss)
    Rx_Buf                                   0x20004e34   Data         256  usart.o(.bss)
    RxBuffer                                 0x20004f34   Data          50  usart.o(.bss)
    imu_board                                0x20004f68   Data          20  usart.o(.bss)
    robot                                    0x20004f7c   Data         228  usart.o(.bss)
    mark_map                                 0x20005060   Data         200  usart.o(.bss)
    TxBuffer5                                0x20005128   Data         256  usart.o(.bss)
    Rx_Buf5                                  0x20005228   Data         256  usart.o(.bss)
    RxBuffer5                                0x20005328   Data          50  usart.o(.bss)
    sbus_data_i_check                        0x2000535a   Data          50  usart.o(.bss)
    Rx_Buf_app                               0x2000538c   Data         256  usart.o(.bss)
    RxBuffer_app                             0x2000548c   Data          50  usart.o(.bss)
    Rx_Buf4                                  0x200054be   Data         256  usart.o(.bss)
    RxBuffer4                                0x200055be   Data          50  usart.o(.bss)
    Rx_Buf3                                  0x200055f0   Data         256  usart.o(.bss)
    RxBuffer3                                0x200056f0   Data          50  usart.o(.bss)
    SendBuff1                                0x20005722   Data          96  usart.o(.bss)
    SendBuff2                                0x20005782   Data          40  usart.o(.bss)
    SendBuff3                                0x200057aa   Data          32  usart.o(.bss)
    SendBuff4                                0x200057ca   Data         192  usart.o(.bss)
    sd_save                                  0x2000588c   Data         300  usart.o(.bss)
    f                                        0x200059b8   Data          21  data_transfer.o(.bss)
    data_to_send                             0x200059cd   Data          50  data_transfer.o(.bss)
    test_up                                  0x20005a00   Data          20  data_transfer.o(.bss)
    RX_CH                                    0x20005a50   Data          16  rc.o(.bss)
    CH                                       0x20005a60   Data          16  rc.o(.bss)
    RX_CH_PWM                                0x20005a70   Data          16  rc.o(.bss)
    RX_CH_FIX                                0x20005a80   Data          16  rc.o(.bss)
    RX_CH_FIX_PWM                            0x20005a90   Data          16  rc.o(.bss)
    CH_Old                                   0x20005aa0   Data          32  rc.o(.bss)
    CH_filter                                0x20005ac0   Data          32  rc.o(.bss)
    CH_filter_Old                            0x20005ae0   Data          32  rc.o(.bss)
    CH_filter_D                              0x20005b00   Data          32  rc.o(.bss)
    CLR_CH_Error                             0x20005b20   Data          16  rc.o(.bss)
    mpu6050                                  0x20005b40   Data         160  mpu6050.o(.bss)
    mpu6050_fc                               0x20005be0   Data         160  mpu6050.o(.bss)
    mpu6050_buffer                           0x20005c80   Data          14  mpu6050.o(.bss)
    sum_temp                                 0x20005c90   Data          28  mpu6050.o(.bss)
    sum_temp_3d                              0x20005cac   Data          28  mpu6050.o(.bss)
    FILT_BUF                                 0x20005cc8   Data         154  mpu6050.o(.bss)
    mpu6050_tmp                              0x20005d64   Data          28  mpu6050.o(.bss)
    mpu_fil_tmp                              0x20005d80   Data          28  mpu6050.o(.bss)
    HMC5883_FIFO                             0x20005e98   Data          66  ak8975.o(.bss)
    baro                                     0x20005ee8   Data          52  bmp.o(.bss)
    ultra                                    0x20005f1c   Data          52  ultrasonic.o(.bss)
    Distance                                 0x20005f50   Data         100  ultrasonic.o(.bss)
    eso_att_outter_c                         0x20005fc0   Data         576  eso.o(.bss)
    eso_att_inner_c                          0x20006200   Data         576  eso.o(.bss)
    eso_pos_spd                              0x20006440   Data         432  eso.o(.bss)
    eso_pos                                  0x200065f0   Data         432  eso.o(.bss)
    hml_lsq                                  0x200067a0   Data         168  cycle_cal_oldx.o(.bss)
    __libspace_start                         0x20006848   Data          96  libspace.o(.bss)
    __temporary_stack_top$libspace           0x200068a8   Data           0  libspace.o(.bss)



==============================================================================

Memory Map of the image

  Image Entry point : 0x08000189

  Load Region LR_IROM1 (Base: 0x08000000, Size: 0x0002fd58, Max: 0x00100000, ABSOLUTE, COMPRESSED[0x0002f2d4])

    Execution Region ER_IROM1 (Base: 0x08000000, Size: 0x0002eae8, Max: 0x00100000, ABSOLUTE)

    Base Addr    Size         Type   Attr      Idx    E Section Name        Object

    0x08000000   0x00000188   Data   RO          953    RESET               startup_stm32f4xx.o
    0x08000188   0x00000008   Code   RO         1729  * !!!main             c_w.l(__main.o)
    0x08000190   0x00000034   Code   RO         2129    !!!scatter          c_w.l(__scatter.o)
    0x080001c4   0x0000005a   Code   RO         2127    !!dczerorl2         c_w.l(__dczerorl2.o)
    0x0800021e   0x00000002   PAD
    0x08000220   0x0000001c   Code   RO         2131    !!handler_zi        c_w.l(__scatter_zi.o)
    0x0800023c   0x00000002   Code   RO         1996    .ARM.Collect$$libinit$$00000000  c_w.l(libinit.o)
    0x0800023e   0x00000004   Code   RO         2001    .ARM.Collect$$libinit$$00000001  c_w.l(libinit2.o)
    0x08000242   0x00000000   Code   RO         2004    .ARM.Collect$$libinit$$00000004  c_w.l(libinit2.o)
    0x08000242   0x00000000   Code   RO         2007    .ARM.Collect$$libinit$$0000000A  c_w.l(libinit2.o)
    0x08000242   0x00000000   Code   RO         2009    .ARM.Collect$$libinit$$0000000C  c_w.l(libinit2.o)
    0x08000242   0x00000000   Code   RO         2011    .ARM.Collect$$libinit$$0000000E  c_w.l(libinit2.o)
    0x08000242   0x00000000   Code   RO         2014    .ARM.Collect$$libinit$$00000011  c_w.l(libinit2.o)
    0x08000242   0x00000000   Code   RO         2016    .ARM.Collect$$libinit$$00000013  c_w.l(libinit2.o)
    0x08000242   0x00000000   Code   RO         2018    .ARM.Collect$$libinit$$00000015  c_w.l(libinit2.o)
    0x08000242   0x00000000   Code   RO         2020    .ARM.Collect$$libinit$$00000017  c_w.l(libinit2.o)
    0x08000242   0x00000000   Code   RO         2022    .ARM.Collect$$libinit$$00000019  c_w.l(libinit2.o)
    0x08000242   0x00000000   Code   RO         2024    .ARM.Collect$$libinit$$0000001B  c_w.l(libinit2.o)
    0x08000242   0x00000000   Code   RO         2026    .ARM.Collect$$libinit$$0000001D  c_w.l(libinit2.o)
    0x08000242   0x00000000   Code   RO         2028    .ARM.Collect$$libinit$$0000001F  c_w.l(libinit2.o)
    0x08000242   0x00000000   Code   RO         2030    .ARM.Collect$$libinit$$00000021  c_w.l(libinit2.o)
    0x08000242   0x00000000   Code   RO         2032    .ARM.Collect$$libinit$$00000023  c_w.l(libinit2.o)
    0x08000242   0x00000000   Code   RO         2034    .ARM.Collect$$libinit$$00000025  c_w.l(libinit2.o)
    0x08000242   0x00000000   Code   RO         2038    .ARM.Collect$$libinit$$0000002C  c_w.l(libinit2.o)
    0x08000242   0x00000000   Code   RO         2040    .ARM.Collect$$libinit$$0000002E  c_w.l(libinit2.o)
    0x08000242   0x00000000   Code   RO         2042    .ARM.Collect$$libinit$$00000030  c_w.l(libinit2.o)
    0x08000242   0x00000000   Code   RO         2044    .ARM.Collect$$libinit$$00000032  c_w.l(libinit2.o)
    0x08000242   0x00000002   Code   RO         2045    .ARM.Collect$$libinit$$00000033  c_w.l(libinit2.o)
    0x08000244   0x00000002   Code   RO         2067    .ARM.Collect$$libshutdown$$00000000  c_w.l(libshutdown.o)
    0x08000246   0x00000000   Code   RO         2080    .ARM.Collect$$libshutdown$$00000002  c_w.l(libshutdown2.o)
    0x08000246   0x00000000   Code   RO         2082    .ARM.Collect$$libshutdown$$00000004  c_w.l(libshutdown2.o)
    0x08000246   0x00000000   Code   RO         2085    .ARM.Collect$$libshutdown$$00000007  c_w.l(libshutdown2.o)
    0x08000246   0x00000000   Code   RO         2088    .ARM.Collect$$libshutdown$$0000000A  c_w.l(libshutdown2.o)
    0x08000246   0x00000000   Code   RO         2090    .ARM.Collect$$libshutdown$$0000000C  c_w.l(libshutdown2.o)
    0x08000246   0x00000000   Code   RO         2093    .ARM.Collect$$libshutdown$$0000000F  c_w.l(libshutdown2.o)
    0x08000246   0x00000002   Code   RO         2094    .ARM.Collect$$libshutdown$$00000010  c_w.l(libshutdown2.o)
    0x08000248   0x00000000   Code   RO         1889    .ARM.Collect$$rtentry$$00000000  c_w.l(__rtentry.o)
    0x08000248   0x00000000   Code   RO         1963    .ARM.Collect$$rtentry$$00000002  c_w.l(__rtentry2.o)
    0x08000248   0x00000006   Code   RO         1975    .ARM.Collect$$rtentry$$00000004  c_w.l(__rtentry4.o)
    0x0800024e   0x00000000   Code   RO         1965    .ARM.Collect$$rtentry$$00000009  c_w.l(__rtentry2.o)
    0x0800024e   0x00000004   Code   RO         1966    .ARM.Collect$$rtentry$$0000000A  c_w.l(__rtentry2.o)
    0x08000252   0x00000000   Code   RO         1968    .ARM.Collect$$rtentry$$0000000C  c_w.l(__rtentry2.o)
    0x08000252   0x00000008   Code   RO         1969    .ARM.Collect$$rtentry$$0000000D  c_w.l(__rtentry2.o)
    0x0800025a   0x00000002   Code   RO         1999    .ARM.Collect$$rtexit$$00000000  c_w.l(rtexit.o)
    0x0800025c   0x00000000   Code   RO         2049    .ARM.Collect$$rtexit$$00000002  c_w.l(rtexit2.o)
    0x0800025c   0x00000004   Code   RO         2050    .ARM.Collect$$rtexit$$00000003  c_w.l(rtexit2.o)
    0x08000260   0x00000006   Code   RO         2051    .ARM.Collect$$rtexit$$00000004  c_w.l(rtexit2.o)
    0x08000266   0x00000002   PAD
    0x08000268   0x0000258c   Code   RO            2    .text               scheduler.o
    0x080027f4   0x0000022c   Code   RO          237    .text               init.o
    0x08002a20   0x00000544   Code   RO          296    .text               parameter.o
    0x08002f64   0x00000190   Code   RO          349    .text               fly_mode.o
    0x080030f4   0x00000028   Code   RO          376    .text               stm32f4xx_it.o
    0x0800311c   0x00000014   Code   RO          392    .text               main.o
    0x08003130   0x00000878   Code   RO          415    .text               pwm_out.o
    0x080039a8   0x00001138   Code   RO          506    .text               flash.o
    0x08004ae0   0x0000080c   Code   RO          530    .text               iic_hml.o
    0x080052ec   0x00000ae8   Code   RO          572    .text               led.o
    0x08005dd4   0x000002dc   Code   RO          608    .text               time.o
    0x080060b0   0x00000280   Code   RO          635    .text               nrf.o
    0x08006330   0x00000228   Code   RO          658    .text               spi.o
    0x08006558   0x00001158   Code   RO          674    .text               rc_mine.o
    0x080076b0   0x0000028c   Code   RO          717    .text               beep.o
    0x0800793c   0x000000e0   Code   RO          736    .text               misc.o
    0x08007a1c   0x000003a8   Code   RO          768    .text               stm32f4xx_dma.o
    0x08007dc4   0x000004bc   Code   RO          800    .text               stm32f4xx_flash.o
    0x08008280   0x0000025c   Code   RO          816    .text               stm32f4xx_gpio.o
    0x080084dc   0x00000588   Code   RO          848    .text               stm32f4xx_rcc.o
    0x08008a64   0x000003f8   Code   RO          866    .text               stm32f4xx_spi.o
    0x08008e5c   0x00000ca2   Code   RO          898    .text               stm32f4xx_tim.o
    0x08009afe   0x00000002   PAD
    0x08009b00   0x0000041a   Code   RO          914    .text               stm32f4xx_usart.o
    0x08009f1a   0x00000002   PAD
    0x08009f1c   0x00000210   Code   RO          930    .text               system_stm32f4xx.o
    0x0800a12c   0x00000040   Code   RO          954    .text               startup_stm32f4xx.o
    0x0800a16c   0x00000da8   Code   RO          959    .text               imu.o
    0x0800af14   0x0000148c   Code   RO          995    .text               alt_fushion.o
    0x0800c3a0   0x00000dac   Code   RO         1036    .text               anotc_baro_ctrl.o
    0x0800d14c   0x00000910   Code   RO         1067    .text               mymath.o
    0x0800da5c   0x00000828   Code   RO         1086    .text               filter.o
    0x0800e284   0x00000c60   Code   RO         1124    .text               quar.o
    0x0800eee4   0x00000100   Code   RO         1158    .text               rt_nonfinite.o
    0x0800efe4   0x00000134   Code   RO         1185    .text               rtgetinf.o
    0x0800f118   0x000000c8   Code   RO         1201    .text               rtgetnan.o
    0x0800f1e0   0x00001404   Code   RO         1213    .text               kf_oldx_nav.o
    0x080105e4   0x000050dc   Code   RO         1233    .text               pos_ctrl.o
    0x080156c0   0x000023d4   Code   RO         1262    .text               ctrl.o
    0x08017a94   0x000023d8   Code   RO         1286    .text               height_ctrl.o
    0x08019e6c   0x0000956c   Code   RO         1310    .text               usart.o
    0x080233d8   0x00003706   Code   RO         1362    .text               data_transfer.o
    0x08026ade   0x00000002   PAD
    0x08026ae0   0x00000670   Code   RO         1387    .text               rc.o
    0x08027150   0x000000e8   Code   RO         1414    .text               dma.o
    0x08027238   0x00000c70   Code   RO         1430    .text               mpu6050.o
    0x08027ea8   0x00000348   Code   RO         1464    .text               mpu9250.o
    0x080281f0   0x000008be   Code   RO         1487    .text               ak8975.o
    0x08028aae   0x00000002   PAD
    0x08028ab0   0x000005e8   Code   RO         1540    .text               ms5611_spi.o
    0x08029098   0x000003b8   Code   RO         1563    .text               ultrasonic.o
    0x08029450   0x00001514   Code   RO         1676    .text               eso_oldx.lib(eso.o)
    0x0802a964   0x00000a18   Code   RO         1699    .text               cycle_cal_oldx.lib(cycle_cal_oldx.o)
    0x0802b37c   0x00000064   Code   RO         1723    .text               c_w.l(rt_memcpy_w.o)
    0x0802b3e0   0x0000004e   Code   RO         1725    .text               c_w.l(rt_memclr_w.o)
    0x0802b42e   0x00000006   Code   RO         1727    .text               c_w.l(heapauxi.o)
    0x0802b434   0x00000016   Code   RO         1890    .text               c_w.l(_rserrno.o)
    0x0802b44a   0x00000002   PAD
    0x0802b44c   0x00000008   Code   RO         1980    .text               c_w.l(rt_errno_addr_intlibspace.o)
    0x0802b454   0x00000008   Code   RO         1984    .text               c_w.l(libspace.o)
    0x0802b45c   0x0000004a   Code   RO         1987    .text               c_w.l(sys_stackheap_outer.o)
    0x0802b4a6   0x00000012   Code   RO         1989    .text               c_w.l(exit.o)
    0x0802b4b8   0x0000000c   Code   RO         2059    .text               c_w.l(sys_exit.o)
    0x0802b4c4   0x00000002   Code   RO         2070    .text               c_w.l(use_no_semi.o)
    0x0802b4c6   0x00000000   Code   RO         2072    .text               c_w.l(indicate_semi.o)
    0x0802b4c6   0x00000030   Code   RO         1924    i.__ARM_fpclassify  m_wm.l(fpclassify.o)
    0x0802b4f6   0x00000026   Code   RO         1926    i.__ARM_fpclassifyf  m_wm.l(fpclassifyf.o)
    0x0802b51c   0x00000004   PAD
    0x0802b520   0x00000360   Code   RO         1765    i.__hardfp_asin     m_wm.l(asin.o)
    0x0802b880   0x0000012c   Code   RO         1779    i.__hardfp_asinf    m_wm.l(asinf.o)
    0x0802b9ac   0x00000250   Code   RO         1791    i.__hardfp_atan2f   m_wm.l(atan2f.o)
    0x0802bbfc   0x00000004   PAD
    0x0802bc00   0x000000c8   Code   RO         1803    i.__hardfp_cos      m_wm.l(cos.o)
    0x0802bcc8   0x00000014   Code   RO         1815    i.__hardfp_fabs     m_wm.l(fabs.o)
    0x0802bcdc   0x00000004   PAD
    0x0802bce0   0x00000118   Code   RO         1821    i.__hardfp_floor    m_wm.l(floor.o)
    0x0802bdf8   0x00000c50   Code   RO         1827    i.__hardfp_pow      m_wm.l(pow.o)
    0x0802ca48   0x000000c8   Code   RO         1841    i.__hardfp_sin      m_wm.l(sin.o)
    0x0802cb10   0x0000007a   Code   RO         1853    i.__hardfp_sqrt     m_wm.l(sqrt.o)
    0x0802cb8a   0x0000003a   Code   RO         1865    i.__hardfp_sqrtf    m_wm.l(sqrtf.o)
    0x0802cbc4   0x00000004   PAD
    0x0802cbc8   0x00000080   Code   RO         1877    i.__hardfp_tan      m_wm.l(tan.o)
    0x0802cc48   0x00000438   Code   RO         1945    i.__ieee754_rem_pio2  m_wm.l(rred.o)
    0x0802d080   0x00000170   Code   RO         1907    i.__kernel_cos      m_wm.l(cos_i.o)
    0x0802d1f0   0x000000f8   Code   RO         1942    i.__kernel_poly     m_wm.l(poly.o)
    0x0802d2e8   0x00000130   Code   RO         1950    i.__kernel_sin      m_wm.l(sin_i.o)
    0x0802d418   0x00000350   Code   RO         1956    i.__kernel_tan      m_wm.l(tan_i.o)
    0x0802d768   0x00000030   Code   RO         1910    i.__mathlib_dbl_divzero  m_wm.l(dunder.o)
    0x0802d798   0x00000014   Code   RO         1911    i.__mathlib_dbl_infnan  m_wm.l(dunder.o)
    0x0802d7ac   0x00000014   Code   RO         1912    i.__mathlib_dbl_infnan2  m_wm.l(dunder.o)
    0x0802d7c0   0x00000020   Code   RO         1913    i.__mathlib_dbl_invalid  m_wm.l(dunder.o)
    0x0802d7e0   0x00000020   Code   RO         1914    i.__mathlib_dbl_overflow  m_wm.l(dunder.o)
    0x0802d800   0x00000020   Code   RO         1916    i.__mathlib_dbl_underflow  m_wm.l(dunder.o)
    0x0802d820   0x00000006   Code   RO         1929    i.__mathlib_flt_infnan  m_wm.l(funder.o)
    0x0802d826   0x00000006   Code   RO         1930    i.__mathlib_flt_infnan2  m_wm.l(funder.o)
    0x0802d82c   0x00000010   Code   RO         1931    i.__mathlib_flt_invalid  m_wm.l(funder.o)
    0x0802d83c   0x00000010   Code   RO         1934    i.__mathlib_flt_underflow  m_wm.l(funder.o)
    0x0802d84c   0x00000018   Code   RO         1817    i.fabs              m_wm.l(fabs.o)
    0x0802d864   0x0000006e   Code   RO         1855    i.sqrt              m_wm.l(sqrt.o)
    0x0802d8d2   0x0000003e   Code   RO         1867    i.sqrtf             m_wm.l(sqrtf.o)
    0x0802d910   0x00000018   Code   RO         1731    x$fpl$basic         fz_wm.l(basic.o)
    0x0802d928   0x00000062   Code   RO         1733    x$fpl$d2f           fz_wm.l(d2f.o)
    0x0802d98a   0x00000002   PAD
    0x0802d98c   0x00000150   Code   RO         1735    x$fpl$dadd          fz_wm.l(daddsub_clz.o)
    0x0802dadc   0x00000010   Code   RO         1982    x$fpl$dcheck1       fz_wm.l(dcheck1.o)
    0x0802daec   0x00000018   Code   RO         1892    x$fpl$dcmpinf       fz_wm.l(dcmpi.o)
    0x0802db04   0x000002b0   Code   RO         1742    x$fpl$ddiv          fz_wm.l(ddiv.o)
    0x0802ddb4   0x00000078   Code   RO         1745    x$fpl$deqf          fz_wm.l(deqf.o)
    0x0802de2c   0x0000005e   Code   RO         1747    x$fpl$dfix          fz_wm.l(dfix.o)
    0x0802de8a   0x0000002e   Code   RO         1752    x$fpl$dflt          fz_wm.l(dflt_clz.o)
    0x0802deb8   0x00000026   Code   RO         1751    x$fpl$dfltu         fz_wm.l(dflt_clz.o)
    0x0802dede   0x00000002   PAD
    0x0802dee0   0x00000078   Code   RO         1757    x$fpl$dleqf         fz_wm.l(dleqf.o)
    0x0802df58   0x00000154   Code   RO         1759    x$fpl$dmul          fz_wm.l(dmul.o)
    0x0802e0ac   0x0000009c   Code   RO         1894    x$fpl$dnaninf       fz_wm.l(dnaninf.o)
    0x0802e148   0x0000000c   Code   RO         1896    x$fpl$dretinf       fz_wm.l(dretinf.o)
    0x0802e154   0x0000006c   Code   RO         1761    x$fpl$drleqf        fz_wm.l(drleqf.o)
    0x0802e1c0   0x00000016   Code   RO         1736    x$fpl$drsb          fz_wm.l(daddsub_clz.o)
    0x0802e1d6   0x00000002   PAD
    0x0802e1d8   0x00000198   Code   RO         1898    x$fpl$dsqrt         fz_wm.l(dsqrt_umaal.o)
    0x0802e370   0x000001d4   Code   RO         1737    x$fpl$dsub          fz_wm.l(daddsub_clz.o)
    0x0802e544   0x00000056   Code   RO         1763    x$fpl$f2d           fz_wm.l(f2d.o)
    0x0802e59a   0x0000008c   Code   RO         1900    x$fpl$fnaninf       fz_wm.l(fnaninf.o)
    0x0802e626   0x0000000a   Code   RO         2057    x$fpl$fpinit        fz_wm.l(fpinit.o)
    0x0802e630   0x0000000a   Code   RO         1902    x$fpl$fretinf       fz_wm.l(fretinf.o)
    0x0802e63a   0x00000064   Code   RO         1997    x$fpl$retnan        fz_wm.l(retnan.o)
    0x0802e69e   0x0000005c   Code   RO         1904    x$fpl$scalbn        fz_wm.l(scalbn.o)
    0x0802e6fa   0x00000030   Code   RO         2046    x$fpl$trapveneer    fz_wm.l(trapv.o)
    0x0802e72a   0x00000000   Code   RO         1906    x$fpl$usenofp       fz_wm.l(usenofp.o)
    0x0802e72a   0x00000002   PAD
    0x0802e72c   0x00000030   Data   RO          298    .constdata          parameter.o
    0x0802e75c   0x00000004   PAD
    0x0802e760   0x00000090   Data   RO          997    .constdata          alt_fushion.o
    0x0802e7f0   0x00000024   Data   RO         1126    .constdata          quar.o
    0x0802e814   0x00000004   PAD
    0x0802e818   0x0000003c   Data   RO         1214    .constdata          kf_oldx_nav.o
    0x0802e854   0x00000004   Data   RO         1235    .constdata          pos_ctrl.o
    0x0802e858   0x0000000c   Data   RO         1264    .constdata          ctrl.o
    0x0802e864   0x00000004   PAD
    0x0802e868   0x00000050   Data   RO         1768    .constdata          m_wm.l(asin.o)
    0x0802e8b8   0x00000088   Data   RO         1830    .constdata          m_wm.l(pow.o)
    0x0802e940   0x00000030   Data   RO         1908    .constdata          m_wm.l(cos_i.o)
    0x0802e970   0x00000008   Data   RO         1944    .constdata          m_wm.l(qnan.o)
    0x0802e978   0x000000c8   Data   RO         1947    .constdata          m_wm.l(rred.o)
    0x0802ea40   0x00000028   Data   RO         1951    .constdata          m_wm.l(sin_i.o)
    0x0802ea68   0x00000060   Data   RO         1957    .constdata          m_wm.l(tan_i.o)
    0x0802eac8   0x00000020   Data   RO         2125    Region$$Table       anon$$obj.o


    Execution Region RW_IRAM1 (Base: 0x20000000, Size: 0x000074a8, Max: 0x00020000, ABSOLUTE, COMPRESSED[0x000007ec])

    Base Addr    Size         Type   Attr      Idx    E Section Name        Object

    0x20000000   0x0000007a   Data   RW            4    .data               scheduler.o
    0x2000007a   0x00000007   Data   RW          238    .data               init.o
    0x20000081   0x00000003   PAD
    0x20000084   0x00000008   Data   RW          299    .data               parameter.o
    0x2000008c   0x00000012   Data   RW          351    .data               fly_mode.o
    0x2000009e   0x00000001   Data   RW          393    .data               main.o
    0x2000009f   0x00000001   PAD
    0x200000a0   0x00000011   Data   RW          417    .data               pwm_out.o
    0x200000b1   0x00000003   PAD
    0x200000b4   0x0000002a   Data   RW          508    .data               flash.o
    0x200000de   0x00000002   PAD
    0x200000e0   0x00000010   Data   RW          532    .data               iic_hml.o
    0x200000f0   0x00000001   Data   RW          551    .data               i2c_soft.o
    0x200000f1   0x00000003   PAD
    0x200000f4   0x00000035   Data   RW          573    .data               led.o
    0x20000129   0x00000003   PAD
    0x2000012c   0x00000014   Data   RW          610    .data               time.o
    0x20000140   0x0000000a   Data   RW          637    .data               nrf.o
    0x2000014a   0x00000002   PAD
    0x2000014c   0x0000003d   Data   RW          676    .data               rc_mine.o
    0x20000189   0x00000001   PAD
    0x2000018a   0x0000008a   Data   RW          718    .data               beep.o
    0x20000214   0x00000010   Data   RW          849    .data               stm32f4xx_rcc.o
    0x20000224   0x00000014   Data   RW          931    .data               system_stm32f4xx.o
    0x20000238   0x000000a8   Data   RW          961    .data               imu.o
    0x200002e0   0x0000037c   Data   RW          998    .data               alt_fushion.o
    0x2000065c   0x0000003c   Data   RW         1038    .data               anotc_baro_ctrl.o
    0x20000698   0x00000404   Data   RW         1068    .data               mymath.o
    0x20000a9c   0x00000059   Data   RW         1088    .data               filter.o
    0x20000af5   0x00000003   PAD
    0x20000af8   0x00000024   Data   RW         1159    .data               rt_nonfinite.o
    0x20000b1c   0x00000004   PAD
    0x20000b20   0x0000016a   Data   RW         1236    .data               pos_ctrl.o
    0x20000c8a   0x00000002   PAD
    0x20000c8c   0x0000003c   Data   RW         1265    .data               ctrl.o
    0x20000cc8   0x0000017e   Data   RW         1288    .data               height_ctrl.o
    0x20000e46   0x00000002   PAD
    0x20000e48   0x00000134   Data   RW         1312    .data               usart.o
    0x20000f7c   0x00000034   Data   RW         1364    .data               data_transfer.o
    0x20000fb0   0x00000048   Data   RW         1389    .data               rc.o
    0x20000ff8   0x0000002d   Data   RW         1432    .data               mpu6050.o
    0x20001025   0x00000001   PAD
    0x20001026   0x00000014   Data   RW         1466    .data               mpu9250.o
    0x2000103a   0x00000006   PAD
    0x20001040   0x00000100   Data   RW         1489    .data               ak8975.o
    0x20001140   0x0000001d   Data   RW         1515    .data               bmp.o
    0x2000115d   0x00000003   PAD
    0x20001160   0x00000064   Data   RW         1541    .data               ms5611_spi.o
    0x200011c4   0x0000000d   Data   RW         1565    .data               ultrasonic.o
    0x200011d1   0x00000001   PAD
    0x200011d2   0x0000005c   Data   RW         1587    .data               sbus_oldx.lib(sbus.o)
    0x2000122e   0x00000002   PAD
    0x20001230   0x00000040   Data   RW         1678    .data               eso_oldx.lib(eso.o)
    0x20001270   0x00000034   Zero   RW            3    .bss                scheduler.o
    0x200012a4   0x00000100   Zero   RW          297    .bss                parameter.o
    0x200013a4   0x00000070   Zero   RW          350    .bss                fly_mode.o
    0x20001414   0x00000044   Zero   RW          416    .bss                pwm_out.o
    0x20001458   0x000000c8   Zero   RW          507    .bss                flash.o
    0x20001520   0x00000168   Zero   RW          609    .bss                time.o
    0x20001688   0x00000040   Zero   RW          636    .bss                nrf.o
    0x200016c8   0x000000d8   Zero   RW          675    .bss                rc_mine.o
    0x200017a0   0x000000c8   Zero   RW          960    .bss                imu.o
    0x20001868   0x00000694   Zero   RW          996    .bss                alt_fushion.o
    0x20001efc   0x000000c4   Zero   RW         1037    .bss                anotc_baro_ctrl.o
    0x20001fc0   0x00001998   Zero   RW         1087    .bss                filter.o
    0x20003958   0x000000e4   Zero   RW         1125    .bss                quar.o
    0x20003a3c   0x00000004   PAD
    0x20003a40   0x00000460   Zero   RW         1234    .bss                pos_ctrl.o
    0x20003ea0   0x00000278   Zero   RW         1263    .bss                ctrl.o
    0x20004118   0x00000520   Zero   RW         1287    .bss                height_ctrl.o
    0x20004638   0x00001380   Zero   RW         1311    .bss                usart.o
    0x200059b8   0x00000098   Zero   RW         1363    .bss                data_transfer.o
    0x20005a50   0x000000f0   Zero   RW         1388    .bss                rc.o
    0x20005b40   0x00000268   Zero   RW         1431    .bss                mpu6050.o
    0x20005da8   0x00000140   Zero   RW         1488    .bss                ak8975.o
    0x20005ee8   0x00000034   Zero   RW         1514    .bss                bmp.o
    0x20005f1c   0x000000a4   Zero   RW         1564    .bss                ultrasonic.o
    0x20005fc0   0x000007e0   Zero   RW         1677    .bss                eso_oldx.lib(eso.o)
    0x200067a0   0x000000a8   Zero   RW         1700    .bss                cycle_cal_oldx.lib(cycle_cal_oldx.o)
    0x20006848   0x00000060   Zero   RW         1985    .bss                c_w.l(libspace.o)
    0x200068a8   0x00000400   Zero   RW          952    HEAP                startup_stm32f4xx.o
    0x20006ca8   0x00000800   Zero   RW          951    STACK               startup_stm32f4xx.o


==============================================================================

Image component sizes


      Code (inc. data)   RO Data    RW Data    ZI Data      Debug   Object Name

      2238        126          0        256        320       8106   ak8975.o
      5260        386        144        892       1684      10328   alt_fushion.o
      3500        256          0         60        196       7082   anotc_baro_ctrl.o
       652         34          0        138          0       3269   beep.o
         0          0          0         29         52       1442   bmp.o
      9172        632         12         60        632       6342   ctrl.o
     14086        646          0         52        152      18888   data_transfer.o
       232          4          0          0          0       1380   dma.o
      2088        122          0         89       6552       6750   filter.o
      4408        274          0         42        200       4235   flash.o
       400         54          0         18        112      10945   fly_mode.o
      9176       1068          0        382       1312      11430   height_ctrl.o
         0          0          0          1          0        487   i2c_soft.o
      2060         20          0         16          0       9347   iic_hml.o
      3496        260          0        168        200       5460   imu.o
       556         70          0          7          0       2123   init.o
      5124        146         60          0          0       3879   kf_oldx_nav.o
      2792        136          0         53          0       5680   led.o
        20          4          0          1          0        653   main.o
       224         20          0          0          0       1925   misc.o
      3184        216          0         45        616      14706   mpu6050.o
       840         26          0         20          0       5443   mpu9250.o
      1512        134          0        100          0       3972   ms5611_spi.o
      2320        150          0       1028          0       7384   mymath.o
       640         14          0         10         64       3588   nrf.o
      1348        118         48          8        256       4440   parameter.o
     20700       1576          4        362       1120      21670   pos_ctrl.o
      2168         90          0         17         68       5739   pwm_out.o
      3168        110         36          0        228       5317   quar.o
      1648        150          0         72        240       3603   rc.o
      4440        256          0         61        216       5975   rc_mine.o
       256         26          0         36          0       3248   rt_nonfinite.o
       308         22          0          0          0       2653   rtgetinf.o
       200         18          0          0          0       1281   rtgetnan.o
      9612        972          0        122         52     303191   scheduler.o
       552         14          0          0          0       1250   spi.o
        64         26        392          0       3072        888   startup_stm32f4xx.o
       936         32          0          0          0       6501   stm32f4xx_dma.o
      1212         26          0          0          0       7193   stm32f4xx_flash.o
       604         36          0          0          0       4229   stm32f4xx_gpio.o
        40          4          0          0          0       1157   stm32f4xx_it.o
      1416         48          0         16          0      11159   stm32f4xx_rcc.o
      1016         22          0          0          0       6953   stm32f4xx_spi.o
      3234         60          0          0          0      23124   stm32f4xx_tim.o
      1050         26          0          0          0       7968   stm32f4xx_usart.o
       528         46          0         20          0       1987   system_stm32f4xx.o
       732         42          0         20        360      21714   time.o
       952         52          0         13        164       3137   ultrasonic.o
     38252       1680          0        308       4992      38776   usart.o

    ----------------------------------------------------------------------
    168424      10250        740       4562      22864     647997   Object Totals
         0          0         32          0          0          0   (incl. Generated)
         8          0         12         40          4          0   (incl. Padding)

    ----------------------------------------------------------------------

      Code (inc. data)   RO Data    RW Data    ZI Data      Debug   Library Member Name

        90          0          0          0          0          0   __dczerorl2.o
         8          0          0          0          0         68   __main.o
         0          0          0          0          0          0   __rtentry.o
        12          0          0          0          0          0   __rtentry2.o
         6          0          0          0          0          0   __rtentry4.o
        52          8          0          0          0          0   __scatter.o
        28          0          0          0          0          0   __scatter_zi.o
        22          0          0          0          0        100   _rserrno.o
        18          0          0          0          0         80   exit.o
         6          0          0          0          0        152   heapauxi.o
         0          0          0          0          0          0   indicate_semi.o
         2          0          0          0          0          0   libinit.o
         6          0          0          0          0          0   libinit2.o
         2          0          0          0          0          0   libshutdown.o
         2          0          0          0          0          0   libshutdown2.o
         8          4          0          0         96         68   libspace.o
         8          4          0          0          0         68   rt_errno_addr_intlibspace.o
        78          0          0          0          0         80   rt_memclr_w.o
       100          0          0          0          0         80   rt_memcpy_w.o
         2          0          0          0          0          0   rtexit.o
        10          0          0          0          0          0   rtexit2.o
        12          4          0          0          0         68   sys_exit.o
        74          0          0          0          0         80   sys_stackheap_outer.o
         2          0          0          0          0         68   use_no_semi.o
      2584         12          0          0        168       4813   cycle_cal_oldx.o
      5396        194          0         64       2016      10681   eso.o
        24          0          0          0          0        164   basic.o
        98          4          0          0          0        140   d2f.o
       826         16          0          0          0        492   daddsub_clz.o
        16          4          0          0          0        116   dcheck1.o
        24          0          0          0          0        116   dcmpi.o
       688        140          0          0          0        256   ddiv.o
       120          4          0          0          0        140   deqf.o
        94          4          0          0          0        140   dfix.o
        84          0          0          0          0        232   dflt_clz.o
       120          4          0          0          0        140   dleqf.o
       340         12          0          0          0        152   dmul.o
       156          4          0          0          0        140   dnaninf.o
        12          0          0          0          0        116   dretinf.o
       108          0          0          0          0        128   drleqf.o
       408         56          0          0          0        168   dsqrt_umaal.o
        86          4          0          0          0        132   f2d.o
       140          4          0          0          0        132   fnaninf.o
        10          0          0          0          0        116   fpinit.o
        10          0          0          0          0        116   fretinf.o
       100          0          0          0          0        116   retnan.o
        92          0          0          0          0        116   scalbn.o
        48          0          0          0          0        116   trapv.o
         0          0          0          0          0          0   usenofp.o
       864         94         80          0          0        280   asin.o
       300         42          0          0          0        176   asinf.o
       592         90          0          0          0        184   atan2f.o
       200         20          0          0          0        164   cos.o
       368         46         48          0          0        200   cos_i.o
       184         44          0          0          0        744   dunder.o
        44          0          0          0          0        248   fabs.o
       280         28          0          0          0        156   floor.o
        48          0          0          0          0        124   fpclassify.o
        38          0          0          0          0        116   fpclassifyf.o
        44         12          0          0          0        464   funder.o
       248          0          0          0          0        152   poly.o
      3152        296        136          0          0        352   pow.o
         0          0          8          0          0          0   qnan.o
      1080        142        200          0          0        188   rred.o
       200         20          0          0          0        164   sin.o
       304         24         40          0          0        208   sin_i.o
       232          0          0          0          0        296   sqrt.o
       120          0          0          0          0        272   sqrtf.o
       128         20          0          0          0        144   tan.o
       848         84         96          0          0        196   tan_i.o
         0          0          0         92          0     217056   sbus.o

    ----------------------------------------------------------------------
     21436       1448        608        158       2280     241774   Library Totals
        30          4          0          2          0          0   (incl. Padding)

    ----------------------------------------------------------------------

      Code (inc. data)   RO Data    RW Data    ZI Data      Debug   Library Name

       548         20          0          0         96        912   c_w.l
      2584         12          0          0        168       4813   cycle_cal_oldx.lib
      5396        194          0         64       2016      10681   eso_oldx.lib
      3604        256          0          0          0       3484   fz_wm.l
      9274        962        608          0          0       4828   m_wm.l
         0          0          0         92          0     217056   sbus_oldx.lib

    ----------------------------------------------------------------------
     21436       1448        608        158       2280     241774   Library Totals

    ----------------------------------------------------------------------

==============================================================================


      Code (inc. data)   RO Data    RW Data    ZI Data      Debug   

    189860      11698       1348       4720      25144     873507   Grand Totals
    189860      11698       1348       2028      25144     873507   ELF Image Totals (compressed)
    189860      11698       1348       2028          0          0   ROM Totals

==============================================================================

    Total RO  Size (Code + RO Data)               191208 ( 186.73kB)
    Total RW  Size (RW Data + ZI Data)             29864 (  29.16kB)
    Total ROM Size (Code + RO Data + RW Data)     193236 ( 188.71kB)

==============================================================================

