Component: ARM Compiler 5.06 update 2 (build 183) Tool: armlink [4d35b7]

==============================================================================

Section Cross References

    scheduler.o(.text) refers to time.o(.text) for Get_Cycle_T
    scheduler.o(.text) refers to f2d.o(x$fpl$f2d) for __aeabi_f2d
    scheduler.o(.text) refers to dleqf.o(x$fpl$dleqf) for __aeabi_cdcmple
    scheduler.o(.text) refers to drleqf.o(x$fpl$drleqf) for __aeabi_cdrcmple
    scheduler.o(.text) refers to mpu6050.o(.text) for MPU6050_Read
    scheduler.o(.text) refers to dflt_clz.o(x$fpl$dfltu) for __aeabi_ui2d
    scheduler.o(.text) refers to imu.o(.text) for IMUupdate
    scheduler.o(.text) refers to ctrl.o(.text) for CTRL_1
    scheduler.o(.text) refers to rc.o(.text) for RC_Duty
    scheduler.o(.text) refers to usart.o(.text) for GOL_LINK_TASK
    scheduler.o(.text) refers to stm32f4xx_dma.o(.text) for DMA_GetFlagStatus
    scheduler.o(.text) refers to data_transfer.o(.text) for ANO_DT_Data_Exchange
    scheduler.o(.text) refers to dmul.o(x$fpl$dmul) for __aeabi_dmul
    scheduler.o(.text) refers to dfix.o(x$fpl$dfix) for __aeabi_d2iz
    scheduler.o(.text) refers to scheduler.o(.bss) for loop
    scheduler.o(.text) refers to scheduler.o(.data) for inner_loop_time
    scheduler.o(.text) refers to mpu6050.o(.bss) for mpu6050_fc
    scheduler.o(.text) refers to imu.o(.data) for Pit_fc
    scheduler.o(.text) refers to usart.o(.data) for NAV_BOARD_CONNECT
    scheduler.o(.text) refers to fly_mode.o(.bss) for mode
    scheduler.o(.text) refers to ctrl.o(.bss) for ctrl_2
    scheduler.o(.text) refers to usart.o(.bss) for flow_debug
    scheduler.o(.text) refers to ddiv.o(x$fpl$ddiv) for __aeabi_ddiv
    scheduler.o(.text) refers to height_ctrl1.o(.data) for ultra_speed
    scheduler.o(.text) refers to height_ctrl1.o(.bss) for hc_value
    scheduler.o(.text) refers to bmp.o(.bss) for baro
    scheduler.o(.text) refers to bmp.o(.data) for baroAlt
    scheduler.o(.text) refers to ctrl.o(.data) for thr_value
    scheduler.o(.text) refers to alt_fushion.o(.data) for ALT_POS_SONAR2
    scheduler.o(.text) refers to alt_fushion.o(.bss) for acc_body
    scheduler.o(.text) refers to pos_ctrl.o(.bss) for nav_spd_ctrl
    scheduler.o(.text) refers to stm32f4xx_usart.o(.text) for USART_DMACmd
    scheduler.o(.text) refers to dma.o(.text) for MYDMA_Enable
    scheduler.o(.text) refers to d2f.o(x$fpl$d2f) for __aeabi_d2f
    scheduler.o(.text) refers to anotc_baro_ctrl.o(.text) for baro_ctrl
    scheduler.o(.text) refers to pos_ctrl.o(.text) for AUTO_LAND_FLYUP
    scheduler.o(.text) refers to mymath.o(.text) for my_deathzoom_rc
    scheduler.o(.text) refers to rc.o(.bss) for RX_CH_FIX_PWM
    scheduler.o(.text) refers to rc.o(.data) for fly_ready
    scheduler.o(.text) refers to pos_ctrl.o(.data) for state_v
    scheduler.o(.text) refers to fly_mode.o(.text) for mode_check
    scheduler.o(.text) refers to ak8975.o(.text) for ANO_AK8975_Read
    scheduler.o(.text) refers to ultrasonic.o(.text) for Ultra_Duty
    scheduler.o(.text) refers to led.o(.text) for LEDRGB
    scheduler.o(.text) refers to time.o(.data) for time_1ms
    init.o(.text) refers to misc.o(.text) for NVIC_PriorityGroupConfig
    init.o(.text) refers to time.o(.text) for SysTick_Configuration
    init.o(.text) refers to i2c_soft.o(.text) for I2c_Soft_Init
    init.o(.text) refers to pwm_out.o(.text) for PWM_Out_Init
    init.o(.text) refers to mpu6050.o(.text) for MPU6050_Init
    init.o(.text) refers to led.o(.text) for LED_Init
    init.o(.text) refers to ak8975.o(.text) for HMC5883L_SetUp
    init.o(.text) refers to bmp.o(.text) for MS5611_Init_FC
    init.o(.text) refers to usart.o(.text) for Usart1_Init
    init.o(.text) refers to dma.o(.text) for MYDMA_Config
    init.o(.text) refers to stm32f4xx_usart.o(.text) for USART_DMACmd
    init.o(.text) refers to flash.o(.text) for READ_PARM
    init.o(.text) refers to parameter.o(.text) for Para_Init
    init.o(.text) refers to init.o(.data) for mcuID
    init.o(.text) refers to usart.o(.bss) for SendBuff1
    init.o(.text) refers to fly_mode.o(.bss) for mode
    parameter.o(.text) refers to ctrl.o(.text) for Ctrl_Para_Init
    parameter.o(.text) refers to f2d.o(x$fpl$f2d) for __aeabi_f2d
    parameter.o(.text) refers to dflt_clz.o(x$fpl$dfltu) for __aeabi_ui2d
    parameter.o(.text) refers to ddiv.o(x$fpl$ddiv) for __aeabi_ddiv
    parameter.o(.text) refers to dleqf.o(x$fpl$dleqf) for __aeabi_cdcmple
    parameter.o(.text) refers to drleqf.o(x$fpl$drleqf) for __aeabi_cdrcmple
    parameter.o(.text) refers to dmul.o(x$fpl$dmul) for __aeabi_dmul
    parameter.o(.text) refers to d2f.o(x$fpl$d2f) for __aeabi_d2f
    parameter.o(.text) refers to mpu6050.o(.bss) for mpu6050
    parameter.o(.text) refers to parameter.o(.bss) for sensor_setup
    parameter.o(.text) refers to ak8975.o(.data) for ak8975
    parameter.o(.text) refers to ctrl.o(.bss) for ctrl_1
    parameter.o(.text) refers to parameter.o(.constdata) for .constdata
[...]
    fusion_prepare                           0x08024ae7   Thumb Code   178  anotc_baro_ctrl.o(.text)
    acc_fusion                               0x08024b99   Thumb Code   388  anotc_baro_ctrl.o(.text)
    baro_ctrl                                0x08024d1d   Thumb Code   876  anotc_baro_ctrl.o(.text)
    rt_InitInfAndNaN                         0x080250d1   Thumb Code    66  rt_nonfinite.o(.text)
    rtIsInf                                  0x08025113   Thumb Code    66  rt_nonfinite.o(.text)
    rtIsInfF                                 0x08025155   Thumb Code    40  rt_nonfinite.o(.text)
    rtIsNaN                                  0x0802517d   Thumb Code    40  rt_nonfinite.o(.text)
    rtIsNaNF                                 0x080251a5   Thumb Code    18  rt_nonfinite.o(.text)
    rtGetInfF                                0x080251d1   Thumb Code    14  rtgetinf.o(.text)
    rtGetInf                                 0x080251df   Thumb Code   130  rtgetinf.o(.text)
    rtGetMinusInfF                           0x08025261   Thumb Code    12  rtgetinf.o(.text)
    rtGetMinusInf                            0x0802526d   Thumb Code   130  rtgetinf.o(.text)
    rtGetNaNF                                0x08025305   Thumb Code    48  rtgetnan.o(.text)
    rtGetNaN                                 0x08025335   Thumb Code   134  rtgetnan.o(.text)
    __aeabi_ldivmod                          0x080253cd   Thumb Code     0  llsdiv.o(.text)
    _ll_sdiv                                 0x080253cd   Thumb Code    72  llsdiv.o(.text)
    __aeabi_memcpy4                          0x08025415   Thumb Code     0  rt_memcpy_w.o(.text)
    __aeabi_memcpy8                          0x08025415   Thumb Code     0  rt_memcpy_w.o(.text)
    __rt_memcpy_w                            0x08025415   Thumb Code   100  rt_memcpy_w.o(.text)
    _memcpy_lastbytes_aligned                0x0802545d   Thumb Code     0  rt_memcpy_w.o(.text)
    __aeabi_memclr4                          0x08025479   Thumb Code     0  rt_memclr_w.o(.text)
    __aeabi_memclr8                          0x08025479   Thumb Code     0  rt_memclr_w.o(.text)
    __rt_memclr_w                            0x08025479   Thumb Code    78  rt_memclr_w.o(.text)
    _memset_w                                0x0802547d   Thumb Code     0  rt_memclr_w.o(.text)
    __use_two_region_memory                  0x080254c7   Thumb Code     2  heapauxi.o(.text)
    __rt_heap_escrow$2region                 0x080254c9   Thumb Code     2  heapauxi.o(.text)
    __rt_heap_expand$2region                 0x080254cb   Thumb Code     2  heapauxi.o(.text)
    __aeabi_uldivmod                         0x080254cd   Thumb Code     0  lludivv7m.o(.text)
    _ll_udiv                                 0x080254cd   Thumb Code   238  lludivv7m.o(.text)
    __read_errno                             0x080255bb   Thumb Code    10  _rserrno.o(.text)
    __set_errno                              0x080255c5   Thumb Code    12  _rserrno.o(.text)
    __aeabi_errno_addr                       0x080255d1   Thumb Code     8  rt_errno_addr_intlibspace.o(.text)
    __errno$intlibspace                      0x080255d1   Thumb Code     0  rt_errno_addr_intlibspace.o(.text)
    __rt_errno_addr$intlibspace              0x080255d1   Thumb Code     0  rt_errno_addr_intlibspace.o(.text)
    __user_libspace                          0x080255d9   Thumb Code     8  libspace.o(.text)
    __user_perproc_libspace                  0x080255d9   Thumb Code     0  libspace.o(.text)
    __user_perthread_libspace                0x080255d9   Thumb Code     0  libspace.o(.text)
    __user_setup_stackheap                   0x080255e1   Thumb Code    74  sys_stackheap_outer.o(.text)
    exit                                     0x0802562b   Thumb Code    18  exit.o(.text)
    _sys_exit                                0x0802563d   Thumb Code     8  sys_exit.o(.text)
    __I$use$semihosting                      0x08025649   Thumb Code     0  use_no_semi.o(.text)
    __use_no_semihosting_swi                 0x08025649   Thumb Code     2  use_no_semi.o(.text)
    __ARM_fpclassify                         0x0802564b   Thumb Code    48  fpclassify.o(i.__ARM_fpclassify)
    __semihosting_library_function           0x0802564b   Thumb Code     0  indicate_semi.o(.text)
    __ARM_fpclassifyf                        0x0802567b   Thumb Code    38  fpclassifyf.o(i.__ARM_fpclassifyf)
    __hardfp_asin                            0x080256a1   Thumb Code   770  asin.o(i.__hardfp_asin)
    __hardfp_asinf                           0x08025a01   Thumb Code   258  asinf.o(i.__hardfp_asinf)
    __hardfp_atan                            0x08025b31   Thumb Code   622  atan.o(i.__hardfp_atan)
    __hardfp_atan2                           0x08025e09   Thumb Code   432  atan2.o(i.__hardfp_atan2)
    __hardfp_atan2f                          0x08025ff9   Thumb Code   502  atan2f.o(i.__hardfp_atan2f)
    __hardfp_cos                             0x08026249   Thumb Code   180  cos.o(i.__hardfp_cos)
    __hardfp_fabs                            0x08026311   Thumb Code    20  fabs.o(i.__hardfp_fabs)
    __hardfp_floor                           0x08026329   Thumb Code   252  floor.o(i.__hardfp_floor)
    __hardfp_pow                             0x08026441   Thumb Code  3072  pow.o(i.__hardfp_pow)
    __hardfp_sin                             0x08027091   Thumb Code   180  sin.o(i.__hardfp_sin)
    __hardfp_sqrt                            0x08027159   Thumb Code   122  sqrt.o(i.__hardfp_sqrt)
    __hardfp_sqrtf                           0x080271d3   Thumb Code    58  sqrtf.o(i.__hardfp_sqrtf)
    __ieee754_rem_pio2                       0x08027211   Thumb Code   938  rred.o(i.__ieee754_rem_pio2)
    __kernel_cos                             0x08027649   Thumb Code   322  cos_i.o(i.__kernel_cos)
    __kernel_poly                            0x080277b9   Thumb Code   248  poly.o(i.__kernel_poly)
    __kernel_sin                             0x080278b1   Thumb Code   280  sin_i.o(i.__kernel_sin)
    __mathlib_dbl_divzero                    0x080279e1   Thumb Code    28  dunder.o(i.__mathlib_dbl_divzero)
    __mathlib_dbl_infnan                     0x08027a11   Thumb Code    20  dunder.o(i.__mathlib_dbl_infnan)
    __mathlib_dbl_infnan2                    0x08027a25   Thumb Code    20  dunder.o(i.__mathlib_dbl_infnan2)
    __mathlib_dbl_invalid                    0x08027a39   Thumb Code    24  dunder.o(i.__mathlib_dbl_invalid)
    __mathlib_dbl_overflow                   0x08027a59   Thumb Code    24  dunder.o(i.__mathlib_dbl_overflow)
    __mathlib_dbl_underflow                  0x08027a79   Thumb Code    24  dunder.o(i.__mathlib_dbl_underflow)
    __mathlib_flt_infnan                     0x08027a99   Thumb Code     6  funder.o(i.__mathlib_flt_infnan)
    __mathlib_flt_infnan2                    0x08027a9f   Thumb Code     6  funder.o(i.__mathlib_flt_infnan2)
    __mathlib_flt_invalid                    0x08027aa5   Thumb Code    10  funder.o(i.__mathlib_flt_invalid)
    __mathlib_flt_underflow                  0x08027ab5   Thumb Code    10  funder.o(i.__mathlib_flt_underflow)
    atan                                     0x08027ac5   Thumb Code    16  atan.o(i.atan)
    fabs                                     0x08027ad5   Thumb Code    24  fabs.o(i.fabs)
    sqrt                                     0x08027aed   Thumb Code   110  sqrt.o(i.sqrt)
    sqrtf                                    0x08027b5b   Thumb Code    62  sqrtf.o(i.sqrtf)
    __aeabi_dneg                             0x08027b99   Thumb Code     0  basic.o(x$fpl$basic)
    _dneg                                    0x08027b99   Thumb Code     6  basic.o(x$fpl$basic)
    __aeabi_fneg                             0x08027b9f   Thumb Code     0  basic.o(x$fpl$basic)
    _fneg                                    0x08027b9f   Thumb Code     6  basic.o(x$fpl$basic)
    _dabs                                    0x08027ba5   Thumb Code     6  basic.o(x$fpl$basic)
    _fabs                                    0x08027bab   Thumb Code     6  basic.o(x$fpl$basic)
    __aeabi_d2f                              0x08027bb1   Thumb Code     0  d2f.o(x$fpl$d2f)
    _d2f                                     0x08027bb1   Thumb Code    98  d2f.o(x$fpl$d2f)
    __aeabi_dadd                             0x08027c15   Thumb Code     0  daddsub_clz.o(x$fpl$dadd)
    _dadd                                    0x08027c15   Thumb Code   332  daddsub_clz.o(x$fpl$dadd)
    __fpl_dcheck_NaN1                        0x08027d65   Thumb Code    10  dcheck1.o(x$fpl$dcheck1)
    __fpl_dcmp_Inf                           0x08027d75   Thumb Code    24  dcmpi.o(x$fpl$dcmpinf)
    __aeabi_ddiv                             0x08027d8d   Thumb Code     0  ddiv.o(x$fpl$ddiv)
    _ddiv                                    0x08027d8d   Thumb Code   552  ddiv.o(x$fpl$ddiv)
    __aeabi_cdcmpeq                          0x0802803d   Thumb Code     0  deqf.o(x$fpl$deqf)
    _dcmpeq                                  0x0802803d   Thumb Code   120  deqf.o(x$fpl$deqf)
    __aeabi_d2iz                             0x080280b5   Thumb Code     0  dfix.o(x$fpl$dfix)
    _dfix                                    0x080280b5   Thumb Code    94  dfix.o(x$fpl$dfix)
    __aeabi_i2d                              0x08028113   Thumb Code     0  dflt_clz.o(x$fpl$dflt)
    _dflt                                    0x08028113   Thumb Code    46  dflt_clz.o(x$fpl$dflt)
    __aeabi_ui2d                             0x08028141   Thumb Code     0  dflt_clz.o(x$fpl$dfltu)
    _dfltu                                   0x08028141   Thumb Code    38  dflt_clz.o(x$fpl$dfltu)
    __aeabi_cdcmple                          0x08028169   Thumb Code     0  dleqf.o(x$fpl$dleqf)
    _dcmple                                  0x08028169   Thumb Code   120  dleqf.o(x$fpl$dleqf)
    __fpl_dcmple_InfNaN                      0x080281cb   Thumb Code     0  dleqf.o(x$fpl$dleqf)
    __aeabi_dmul                             0x080281e1   Thumb Code     0  dmul.o(x$fpl$dmul)
    _dmul                                    0x080281e1   Thumb Code   332  dmul.o(x$fpl$dmul)
    __fpl_dnaninf                            0x08028335   Thumb Code   156  dnaninf.o(x$fpl$dnaninf)
    __fpl_dretinf                            0x080283d1   Thumb Code    12  dretinf.o(x$fpl$dretinf)
    __aeabi_cdrcmple                         0x080283dd   Thumb Code     0  drleqf.o(x$fpl$drleqf)
    _drcmple                                 0x080283dd   Thumb Code   108  drleqf.o(x$fpl$drleqf)
    __aeabi_drsub                            0x08028449   Thumb Code     0  daddsub_clz.o(x$fpl$drsb)
    _drsb                                    0x08028449   Thumb Code    22  daddsub_clz.o(x$fpl$drsb)
    _dsqrt                                   0x08028461   Thumb Code   404  dsqrt_umaal.o(x$fpl$dsqrt)
    __aeabi_dsub                             0x080285f9   Thumb Code     0  daddsub_clz.o(x$fpl$dsub)
    _dsub                                    0x080285f9   Thumb Code   464  daddsub_clz.o(x$fpl$dsub)
    __aeabi_f2d                              0x080287cd   Thumb Code     0  f2d.o(x$fpl$f2d)
    _f2d                                     0x080287cd   Thumb Code    86  f2d.o(x$fpl$f2d)
    __aeabi_ul2f                             0x08028823   Thumb Code     0  ffltll_clz.o(x$fpl$ffltll)
    _ll_uto_f                                0x08028823   Thumb Code     6  ffltll_clz.o(x$fpl$ffltll)
    __aeabi_l2f                              0x08028829   Thumb Code     0  ffltll_clz.o(x$fpl$ffltll)
    _ll_sto_f                                0x08028829   Thumb Code    90  ffltll_clz.o(x$fpl$ffltll)
    __fpl_fnaninf                            0x08028883   Thumb Code   140  fnaninf.o(x$fpl$fnaninf)
    _fp_init                                 0x0802890f   Thumb Code    10  fpinit.o(x$fpl$fpinit)
    __fplib_config_fpu_vfp                   0x08028917   Thumb Code     0  fpinit.o(x$fpl$fpinit)
    __fplib_config_pureend_doubles           0x08028917   Thumb Code     0  fpinit.o(x$fpl$fpinit)
    __fpl_fretinf                            0x08028919   Thumb Code    10  fretinf.o(x$fpl$fretinf)
    __fpl_return_NaN                         0x08028923   Thumb Code   100  retnan.o(x$fpl$retnan)
    __ARM_scalbn                             0x08028987   Thumb Code    92  scalbn.o(x$fpl$scalbn)
    __fpl_cmpreturn                          0x080289e3   Thumb Code    48  trapv.o(x$fpl$trapveneer)
    __I$use$fp                               0x08028a12   Number         0  usenofp.o(x$fpl$usenofp)
    sinTable                                 0x08028ad8   Data        2052  fastmath.o(.constdata)
    __mathlib_zero                           0x08029560   Data           8  qnan.o(.constdata)
    Region$$Table$$Base                      0x08029658   Number         0  anon$$obj.o(Region$$Table)
    Region$$Table$$Limit                     0x08029678   Number         0  anon$$obj.o(Region$$Table)
    loop_cnt                                 0x20000000   Data           2  scheduler.o(.data)
    yaw_use_fc                               0x20000002   Data           1  scheduler.o(.data)
    inner_loop_time                          0x20000004   Data           4  scheduler.o(.data)
    inner_loop_time_yaw                      0x20000008   Data           4  scheduler.o(.data)
    Rol_fc1                                  0x2000000c   Data           4  scheduler.o(.data)
    Pit_fc1                                  0x20000010   Data           4  scheduler.o(.data)
    Yaw_fc1                                  0x20000014   Data           4  scheduler.o(.data)
    outer_loop_time                          0x20000018   Data           4  scheduler.o(.data)
    pos_time                                 0x2000001c   Data           4  scheduler.o(.data)
    baro_task_time                           0x20000020   Data           4  scheduler.o(.data)
    UART_UP_LOAD_SEL                         0x20000024   Data           1  scheduler.o(.data)
    force_flow_ble_debug                     0x20000025   Data           1  scheduler.o(.data)
    mcuID                                    0x20000032   Data           3  init.o(.data)
    flash_init_error                         0x20000038   Data           1  parameter.o(.data)
    k_pid                                    0x2000003c   Data           4  parameter.o(.data)
    k_sensitivity                            0x20000040   Data           4  parameter.o(.data)
    ero                                      0x20000044   Data           6  fly_mode.o(.data)
    mode_state                               0x2000004a   Data           1  fly_mode.o(.data)
    mode_state_old                           0x2000004b   Data           1  fly_mode.o(.data)
    Init_Finish                              0x2000004c   Data           1  main.o(.data)
    motor_cal                                0x2000004e   Data           1  pwm_out.o(.data)
    BEEP_RATE                                0x20000050   Data           2  pwm_out.o(.data)
    PMW_T                                    0x20000052   Data           1  pwm_out.o(.data)
    CH_out_Mapping                           0x20000053   Data           8  pwm_out.o(.data)
    sel                                      0x2000005b   Data           1  pwm_out.o(.data)
    I2C_FastMode                             0x2000005c   Data           1  i2c_soft.o(.data)
    W25QXX_TYPE                              0x20000060   Data           2  flash.o(.data)
    FLASH_SIZE                               0x20000064   Data           4  flash.o(.data)
    LENGTH_OF_DRONE                          0x20000068   Data           2  flash.o(.data)
    SONAR_HEIGHT                             0x2000006c   Data           4  flash.o(.data)
    sysTickUptime                            0x20000070   Data           4  time.o(.data)
    time_1h                                  0x20000074   Data           4  time.o(.data)
    time_1m                                  0x20000078   Data           4  time.o(.data)
    time_1s                                  0x2000007c   Data           4  time.o(.data)
    time_1ms                                 0x20000080   Data           4  time.o(.data)
    SystemCoreClock                          0x20000094   Data           4  system_stm32f4xx.o(.data)
    AHBPrescTable                            0x20000098   Data          16  system_stm32f4xx.o(.data)
    Roll                                     0x200000a8   Data           4  imu.o(.data)
    Pitch                                    0x200000ac   Data           4  imu.o(.data)
    Yaw                                      0x200000b0   Data           4  imu.o(.data)
    Roll_mid_down                            0x200000b4   Data           4  imu.o(.data)
    Pitch_mid_down                           0x200000b8   Data           4  imu.o(.data)
    Yaw_mid_down                             0x200000bc   Data           4  imu.o(.data)
    Rol_fc                                   0x200000c0   Data           4  imu.o(.data)
    Pit_fc                                   0x200000c4   Data           4  imu.o(.data)
    Yaw_fc                                   0x200000c8   Data           4  imu.o(.data)
    ref_q                                    0x200000cc   Data          16  imu.o(.data)
    norm_acc                                 0x200000dc   Data           4  imu.o(.data)
    norm_q                                   0x200000e0   Data           4  imu.o(.data)
    norm_acc_lpf                             0x200000e4   Data           4  imu.o(.data)
    mag_norm                                 0x200000e8   Data           4  imu.o(.data)
    mag_norm_xyz                             0x200000ec   Data           4  imu.o(.data)
    acc_ng_cali                              0x200000f0   Data           1  imu.o(.data)
    yaw_mag                                  0x200000f4   Data           4  imu.o(.data)
    Yaw_fc_q                                 0x200000f8   Data           4  imu.o(.data)
    beta                                     0x200000fc   Data           4  imu.o(.data)
    q0_m_fc                                  0x20000100   Data           4  imu.o(.data)
    q1_m_fc                                  0x20000104   Data           4  imu.o(.data)
    q2_m_fc                                  0x20000108   Data           4  imu.o(.data)
    q3_m_fc                                  0x2000010c   Data           4  imu.o(.data)
    q0_fc                                    0x20000110   Data           4  imu.o(.data)
    q1_fc                                    0x20000114   Data           4  imu.o(.data)
    q2_fc                                    0x20000118   Data           4  imu.o(.data)
    q3_fc                                    0x2000011c   Data           4  imu.o(.data)
    ref_q_imd_down_fc                        0x20000120   Data          16  imu.o(.data)
    init_q                                   0x20000130   Data           1  imu.o(.data)
    ALT_POS_BMP                              0x20000140   Data           4  alt_fushion.o(.data)
    ALT_VEL_BMP                              0x20000144   Data           4  alt_fushion.o(.data)
    ALT_POS_SONAR                            0x20000148   Data           4  alt_fushion.o(.data)
    ALT_VEL_SONAR                            0x2000014c   Data           4  alt_fushion.o(.data)
    ALT_POS_SONAR2                           0x20000150   Data           4  alt_fushion.o(.data)
    ALT_POS_SONAR3                           0x20000154   Data           4  alt_fushion.o(.data)
    ALT_POS_BMP_EKF                          0x20000158   Data           4  alt_fushion.o(.data)
    ALT_VEL_BMP_EKF                          0x2000015c   Data           4  alt_fushion.o(.data)
    ALT_POS_BMP_UKF_OLDX                     0x20000160   Data           4  alt_fushion.o(.data)
    ALT_VEL_BMP_UKF_OLDX                     0x20000164   Data           4  alt_fushion.o(.data)
    ALT_ACC_BMP_UKF_OLDX                     0x20000168   Data           4  alt_fushion.o(.data)
    P_baro                                   0x20000170   Data          72  alt_fushion.o(.data)
    P_barob                                  0x200001b8   Data         128  alt_fushion.o(.data)
    gh                                       0x20000238   Data           4  alt_fushion.o(.data)
    ga                                       0x2000023c   Data           4  alt_fushion.o(.data)
    gwa                                      0x20000240   Data           4  alt_fushion.o(.data)
    P_kf_baro                                0x20000248   Data          72  alt_fushion.o(.data)
    r_baro_ukf                               0x20000290   Data          16  alt_fushion.o(.data)
    q_baro_ukf                               0x200002a0   Data          16  alt_fushion.o(.data)
    dead_accz                                0x200002b0   Data           4  alt_fushion.o(.data)
    acc_off_baro                             0x200002b4   Data           4  alt_fushion.o(.data)
    acc_scale_bmp                            0x200002b8   Data           4  alt_fushion.o(.data)
    k_flt_accz                               0x200002bc   Data           4  alt_fushion.o(.data)
    acc_bmp                                  0x200002c0   Data           4  alt_fushion.o(.data)
    X_apo_height                             0x200002c4   Data           8  alt_fushion.o(.data)
    P_apo_k_height                           0x200002cc   Data          16  alt_fushion.o(.data)
    k_bais                                   0x200002dc   Data           4  alt_fushion.o(.data)
    k_bais2                                  0x200002e0   Data           4  alt_fushion.o(.data)
    r_baro                                   0x200002e4   Data           4  alt_fushion.o(.data)
    r_acc                                    0x200002e8   Data           4  alt_fushion.o(.data)
    x_tst                                    0x200002ec   Data           8  alt_fushion.o(.data)
    p_tst                                    0x200002f4   Data           8  alt_fushion.o(.data)
    kf_tst                                   0x200002fc   Data           8  alt_fushion.o(.data)
    k_acc_bais                               0x20000304   Data           4  alt_fushion.o(.data)
    w_z_baro                                 0x20000308   Data           4  alt_fushion.o(.data)
    w_acc_bias                               0x2000030c   Data           4  alt_fushion.o(.data)
    flag_ero                                 0x20000310   Data           4  alt_fushion.o(.data)
    Alt_Offset_m1                            0x20000314   Data           4  alt_fushion.o(.data)
    en_bias_fix                              0x20000318   Data           4  alt_fushion.o(.data)
    flt_body_acc                             0x2000031c   Data           4  alt_fushion.o(.data)
    k_body_acc                               0x20000320   Data           4  alt_fushion.o(.data)
    K_SONAR                                  0x20000324   Data           4  alt_fushion.o(.data)
    acc_est                                  0x20000328   Data           4  alt_fushion.o(.data)
    acc_est_imu                              0x2000032c   Data           4  alt_fushion.o(.data)
    fast_atan_table                          0x2000034c   Data        1028  mymath.o(.data)
    inner_set                                0x2000075c   Data           4  ctrl.o(.data)
    en_h_inf                                 0x20000760   Data           1  ctrl.o(.data)
    k_rc_gyro_spd                            0x20000764   Data           4  ctrl.o(.data)
    thr_view                                 0x20000768   Data           4  ctrl.o(.data)
    thr_value                                0x2000076c   Data           4  ctrl.o(.data)
    Thr_Low                                  0x20000770   Data           1  ctrl.o(.data)
    Thr_Weight                               0x20000774   Data           4  ctrl.o(.data)
    force_Thr_low                            0x20000778   Data           1  ctrl.o(.data)
    cnt_for_low                              0x2000077a   Data           2  ctrl.o(.data)
    motor_out                                0x2000077c   Data           8  ctrl.o(.data)
    nav_circle                               0x20000794   Data           8  pos_ctrl.o(.data)
    nav_circle_last                          0x2000079c   Data           8  pos_ctrl.o(.data)
    circle_check                             0x200007a4   Data           4  pos_ctrl.o(.data)
    circle_lfp                               0x200007a8   Data           4  pos_ctrl.o(.data)
    k_back_step                              0x200007ac   Data           4  pos_ctrl.o(.data)
    nav                                      0x200007b0   Data           8  pos_ctrl.o(.data)
    GPS_angle                                0x200007b8   Data           8  pos_ctrl.o(.data)
    target_position                          0x200007c0   Data           8  pos_ctrl.o(.data)
    now_position                             0x200007c8   Data           8  pos_ctrl.o(.data)
    actual_speed                             0x200007d0   Data           8  pos_ctrl.o(.data)
    tar_speed                                0x200007d8   Data           8  pos_ctrl.o(.data)
    tar_speed_avoidc                         0x200007e0   Data           8  pos_ctrl.o(.data)
    d_flow_watch                             0x200007e8   Data           8  pos_ctrl.o(.data)
    integrator                               0x200007f0   Data           8  pos_ctrl.o(.data)
    k_break                                  0x200007f8   Data           4  pos_ctrl.o(.data)
    k_flt_break                              0x200007fc   Data           4  pos_ctrl.o(.data)
    cnt_sb_sample_max                        0x20000800   Data           1  pos_ctrl.o(.data)
    scale_flow_rc                            0x20000804   Data           4  pos_ctrl.o(.data)
    r_circle                                 0x20000808   Data           4  pos_ctrl.o(.data)
    d_angle                                  0x2000080c   Data           4  pos_ctrl.o(.data)
    circle_angle                             0x20000810   Data           4  pos_ctrl.o(.data)
    exp_center_cycle                         0x20000814   Data          20  pos_ctrl.o(.data)
    line_test_num                            0x20000828   Data           2  pos_ctrl.o(.data)
    tan_test_num                             0x2000082a   Data           4  pos_ctrl.o(.data)
    pos_exp_test                             0x2000082e   Data           1  pos_ctrl.o(.data)
    yaw_qr_off                               0x20000830   Data           4  pos_ctrl.o(.data)
    out_timer_nav                            0x20000834   Data           4  pos_ctrl.o(.data)
    in_timer_nav                             0x20000838   Data           4  pos_ctrl.o(.data)
    mode_change                              0x2000083c   Data           1  pos_ctrl.o(.data)
    state_v                                  0x2000083d   Data           1  pos_ctrl.o(.data)
    force_pass                               0x2000083e   Data           1  pos_ctrl.o(.data)
    AUTO_UP_CUARVE                           0x20000840   Data          18  pos_ctrl.o(.data)
    AUTO_DOWN_CUARVE                         0x20000852   Data          12  pos_ctrl.o(.data)
    AUTO_DOWN_CUARVE1                        0x2000085e   Data          12  pos_ctrl.o(.data)
    height_ctrl_mode                         0x200008bc   Data           1  height_ctrl1.o(.data)
    ultra_distance                           0x200008c0   Data           4  height_ctrl1.o(.data)
    exp_height                               0x200008c4   Data           4  height_ctrl1.o(.data)
    set_height_e                             0x200008c8   Data           4  height_ctrl1.o(.data)
    set_height_em                            0x200008cc   Data           4  height_ctrl1.o(.data)
    set_speed_t                              0x200008d0   Data           4  height_ctrl1.o(.data)
    set_speed                                0x200008d4   Data           4  height_ctrl1.o(.data)
    exp_speed                                0x200008d8   Data           4  height_ctrl1.o(.data)
    fb_speed                                 0x200008dc   Data           4  height_ctrl1.o(.data)
    exp_acc                                  0x200008e0   Data           4  height_ctrl1.o(.data)
    fb_acc                                   0x200008e4   Data           4  height_ctrl1.o(.data)
    fb_speed_old                             0x200008e8   Data           4  height_ctrl1.o(.data)
    rng_time1                                0x200008ec   Data           4  height_ctrl1.o(.data)
    HOLD_THR                                 0x200008f0   Data           4  height_ctrl1.o(.data)
    ALT_HOLD_THR_RANGE_SCALE                 0x200008f4   Data           4  height_ctrl1.o(.data)
    exp_spd_zv                               0x200008f8   Data           4  height_ctrl1.o(.data)
    thr_use                                  0x200008fc   Data           4  height_ctrl1.o(.data)
    thr_in_view                              0x20000900   Data           4  height_ctrl1.o(.data)
    exp_height_speed                         0x20000904   Data           4  height_ctrl1.o(.data)
    exp_height_speed_safe                    0x20000908   Data           4  height_ctrl1.o(.data)
    exp_height_safe                          0x2000090c   Data           4  height_ctrl1.o(.data)
    ultra_speed                              0x20000910   Data           4  height_ctrl1.o(.data)
    ultra_speed_safe                         0x20000914   Data           4  height_ctrl1.o(.data)
    ultra_dis_lpf                            0x20000918   Data           4  height_ctrl1.o(.data)
    ultra_dis_lpf_safe                       0x2000091c   Data           4  height_ctrl1.o(.data)
    ultra_ctrl_out_safe                      0x20000920   Data           4  height_ctrl1.o(.data)
    ultra_ctrl_out                           0x20000924   Data           4  height_ctrl1.o(.data)
    ultra_ctrl_out_use                       0x20000928   Data           4  height_ctrl1.o(.data)
    baro_speed_ano                           0x2000092c   Data           4  height_ctrl1.o(.data)
    height_ctrl_out                          0x20000930   Data           4  height_ctrl1.o(.data)
    wz_acc                                   0x20000934   Data           4  height_ctrl1.o(.data)
    adrc_out                                 0x20000938   Data           4  height_ctrl1.o(.data)
    baro_cnt                                 0x2000093c   Data           4  height_ctrl1.o(.data)
    switch_r                                 0x20000940   Data           1  height_ctrl1.o(.data)
    wz_acc_ukf                               0x20000944   Data           4  height_ctrl1.o(.data)
    sonar_spd                                0x20000948   Data           4  height_ctrl1.o(.data)
    BARO_HIHG_NUM                            0x2000094c   Data           1  height_ctrl1.o(.data)
    baro_h_cnt                               0x2000094e   Data           4  height_ctrl1.o(.data)
    baro_h_cnt1                              0x20000952   Data           4  height_ctrl1.o(.data)
    k_temp                                   0x20000958   Data           4  height_ctrl1.o(.data)
    hs_ctrl_cnt_max                          0x2000095c   Data           2  height_ctrl1.o(.data)
    hold_alt_flag                            0x2000095e   Data           1  height_ctrl1.o(.data)
    out_timer_high                           0x20000960   Data           4  height_ctrl1.o(.data)
    in_timer_high                            0x20000964   Data           4  height_ctrl1.o(.data)
    baro_only_move                           0x20000968   Data           4  height_ctrl1.o(.data)
    baro_only_move_flt                       0x2000096c   Data           4  height_ctrl1.o(.data)
    ano_temp                                 0x20000970   Data           4  height_ctrl1.o(.data)
    k_acc_ukf                                0x20000974   Data           4  height_ctrl1.o(.data)
    mid_usp                                  0x20000978   Data           1  height_ctrl1.o(.data)
    EN_TUO_ACC_FIX_H                         0x20000979   Data           1  height_ctrl1.o(.data)
    off_inner                                0x2000097c   Data           4  height_ctrl1.o(.data)
    wz_acc_ukf1                              0x20000980   Data           4  height_ctrl1.o(.data)
    wz_acc1                                  0x20000984   Data           4  height_ctrl1.o(.data)
    ultra_speed_bmp                          0x20000988   Data           4  height_ctrl1.o(.data)
    tilted_fix1                              0x2000098c   Data           4  height_ctrl1.o(.data)
    k_d                                      0x20000990   Data           4  height_ctrl1.o(.data)
    p1                                       0x20000994   Data           4  height_ctrl1.o(.data)
    p2                                       0x20000998   Data           4  height_ctrl1.o(.data)
    speed_ctrl_sel                           0x2000099c   Data           1  height_ctrl1.o(.data)
    speed_spd_sel                            0x2000099d   Data           1  height_ctrl1.o(.data)
    wz_speed_old                             0x200009a0   Data           4  height_ctrl1.o(.data)
    wz_acc_mms2                              0x200009a4   Data           4  height_ctrl1.o(.data)
    height_thrv                              0x200009a8   Data           4  height_ctrl1.o(.data)
    wz_speed_pid_v_view                      0x200009ac   Data           4  height_ctrl1.o(.data)
    wz_speed_pid_v_view_eso                  0x200009b0   Data           4  height_ctrl1.o(.data)
    d_view                                   0x200009b4   Data           4  height_ctrl1.o(.data)
    ero_view                                 0x200009b8   Data           8  height_ctrl1.o(.data)
    baro_ctrl_start                          0x200009c0   Data           1  height_ctrl1.o(.data)
    baro_height                              0x200009c4   Data           4  height_ctrl1.o(.data)
    ultra_sp_test                            0x200009c8   Data           8  height_ctrl1.o(.data)
    k_dh                                     0x200009d0   Data           4  height_ctrl1.o(.data)
    flt_eso                                  0x20000a24   Data           4  eso.o(.data)
    np                                       0x20000a28   Data           4  eso.o(.data)
    L1                                       0x20000a2c   Data           4  eso.o(.data)
    dt_flow_rx                               0x20000a64   Data           4  usart.o(.data)
    data_rate_gol_link                       0x20000a68   Data           2  usart.o(.data)
    LOCK                                     0x20000a6a   Data           1  usart.o(.data)
    KEY                                      0x20000a6b   Data           8  usart.o(.data)
    KEY_SEL                                  0x20000a73   Data           4  usart.o(.data)
    NAV_BOARD_CONNECT                        0x20000a77   Data           1  usart.o(.data)
    imu_loss_cnt                             0x20000a78   Data           4  usart.o(.data)
    baro_matlab_data                         0x20000a7c   Data           8  usart.o(.data)
    POS_UKF_X                                0x20000a84   Data           4  usart.o(.data)
    POS_UKF_Y                                0x20000a88   Data           4  usart.o(.data)
    VEL_UKF_X                                0x20000a8c   Data           4  usart.o(.data)
    VEL_UKF_Y                                0x20000a90   Data           4  usart.o(.data)
    k_scale_pix                              0x20000a94   Data           4  usart.o(.data)
    pos_kf_state                             0x20000a98   Data           3  usart.o(.data)
    TxCounter                                0x20000a9b   Data           1  usart.o(.data)
    count                                    0x20000a9c   Data           1  usart.o(.data)
    RxState                                  0x20000a9d   Data           1  usart.o(.data)
    RxBufferNum                              0x20000a9e   Data           1  usart.o(.data)
    RxBufferCnt                              0x20000a9f   Data           1  usart.o(.data)
    RxLen                                    0x20000aa0   Data           1  usart.o(.data)
    com_data                                 0x20000aa1   Data           1  usart.o(.data)
    PWM_DJI                                  0x20000aa4   Data           8  usart.o(.data)
    TxCounter5                               0x20000aac   Data           1  usart.o(.data)
    count5                                   0x20000aad   Data           1  usart.o(.data)
    RxState5                                 0x20000aae   Data           1  usart.o(.data)
    RxBufferNum5                             0x20000aaf   Data           1  usart.o(.data)
    RxBufferCnt5                             0x20000ab0   Data           1  usart.o(.data)
    RxLen5                                   0x20000ab1   Data           1  usart.o(.data)
    BLE_UP1                                  0x20000ab4   Data          20  usart.o(.data)
    BLE_TEST                                 0x20000ac8   Data          20  usart.o(.data)
    BLE_BAUD                                 0x20000adc   Data          20  usart.o(.data)
    BLE_RENEW                                0x20000af0   Data          20  usart.o(.data)
    BLE_RATE                                 0x20000b04   Data          20  usart.o(.data)
    SET_PIN                                  0x20000b18   Data          20  usart.o(.data)
    app_connect_fc_loss                      0x20000b2c   Data           4  usart.o(.data)
    app_connect_fc                           0x20000b30   Data           1  usart.o(.data)
    lock_tx                                  0x20000b31   Data           1  usart.o(.data)
    RxState_app                              0x20000b32   Data           1  usart.o(.data)
    RxBufferNum_app                          0x20000b33   Data           1  usart.o(.data)
    RxBufferCnt_app                          0x20000b34   Data           1  usart.o(.data)
    RxLen_app                                0x20000b35   Data           1  usart.o(.data)
    time_rc                                  0x20000b38   Data           4  usart.o(.data)
    rc_board_connect                         0x20000b3c   Data           1  usart.o(.data)
    rc_board_connect_lose_cnt                0x20000b3e   Data           2  usart.o(.data)
    RxState4                                 0x20000b40   Data           1  usart.o(.data)
    RxBufferNum4                             0x20000b41   Data           1  usart.o(.data)
    RxBufferCnt4                             0x20000b42   Data           1  usart.o(.data)
    RxLen4                                   0x20000b43   Data           1  usart.o(.data)
    rate_gps_board                           0x20000b48   Data           4  usart.o(.data)
    RxState3                                 0x20000b4c   Data           1  usart.o(.data)
    RxBufferNum3                             0x20000b4d   Data           1  usart.o(.data)
    RxBufferCnt3                             0x20000b4e   Data           1  usart.o(.data)
    RxLen3                                   0x20000b4f   Data           1  usart.o(.data)
    Angle_Yun                                0x20000b54   Data           8  usart.o(.data)
    SendBuff1_cnt                            0x20000b5c   Data           1  usart.o(.data)
    nrf_uart_cnt                             0x20000b5e   Data           2  usart.o(.data)
    sd_pub_sel                               0x20000b60   Data           1  usart.o(.data)
    checkdata_to_send                        0x20000b88   Data           1  data_transfer.o(.data)
    checksum_to_send                         0x20000b89   Data           1  data_transfer.o(.data)
    fly_mode                                 0x20000b8a   Data           1  data_transfer.o(.data)
    off_flow_pos                             0x20000b8c   Data           8  data_transfer.o(.data)
    flash_save_en_cnt                        0x20000b94   Data           2  data_transfer.o(.data)
    CH_in_Mapping                            0x20000bb0   Data           8  rc.o(.data)
    rc_lose                                  0x20000bb8   Data           1  rc.o(.data)
    NS                                       0x20000bb9   Data           1  rc.o(.data)
    CH_Error                                 0x20000bba   Data           8  rc.o(.data)
    NS_cnt                                   0x20000bc2   Data           2  rc.o(.data)
    MAX_CH                                   0x20000bc4   Data          16  rc.o(.data)
    MIN_CH                                   0x20000bd4   Data          16  rc.o(.data)
    CH_DIR                                   0x20000be4   Data           8  rc.o(.data)
    filter_A                                 0x20000bec   Data           4  rc.o(.data)
    fly_ready                                0x20000bf0   Data           1  rc.o(.data)
    thr_stick_low                            0x20000bf1   Data           1  rc.o(.data)
    ready_cnt                                0x20000bf2   Data           2  rc.o(.data)
    mag_cali_cnt                             0x20000bf4   Data           2  rc.o(.data)
    locked_cnt                               0x20000bf6   Data           2  rc.o(.data)
    mpu6050_ok                               0x20000bf8   Data           1  mpu6050.o(.data)
    acc_sum_cnt                              0x20000bfa   Data           2  mpu6050.o(.data)
    gyro_sum_cnt                             0x20000bfc   Data           2  mpu6050.o(.data)
    filter_cnt                               0x20000bfe   Data           1  mpu6050.o(.data)
    filter_cnt_old                           0x20000bff   Data           1  mpu6050.o(.data)
    test_ang                                 0x20000c00   Data           4  mpu6050.o(.data)
    test_ang_old                             0x20000c04   Data           4  mpu6050.o(.data)
    test_ang_d                               0x20000c08   Data           4  mpu6050.o(.data)
    test_fli_a                               0x20000c0c   Data           4  mpu6050.o(.data)
    test_i                                   0x20000c10   Data           4  mpu6050.o(.data)
    ak8975                                   0x20000c18   Data          48  ak8975.o(.data)
    ak8975_fc                                0x20000c48   Data          48  ak8975.o(.data)
    ak8975_ok                                0x20000cc8   Data           1  ak8975.o(.data)
    hml_fix                                  0x20000cc9   Data           1  ak8975.o(.data)
    Mag_CALIBRATED                           0x20000cca   Data           1  ak8975.o(.data)
    Mag_CALIBRATED_R                         0x20000ccb   Data           1  ak8975.o(.data)
    HMC5883_lastx                            0x20000ccc   Data           4  ak8975.o(.data)
    HMC5883_lasty                            0x20000cd0   Data           4  ak8975.o(.data)
    HMC5883_lastz                            0x20000cd4   Data           4  ak8975.o(.data)
    HMC5883_maxx                             0x20000cd8   Data           2  ak8975.o(.data)
    HMC5883_maxy                             0x20000cda   Data           2  ak8975.o(.data)
    HMC5883_maxz                             0x20000cdc   Data           2  ak8975.o(.data)
    HMC5883_minx                             0x20000cde   Data           2  ak8975.o(.data)
    HMC5883_miny                             0x20000ce0   Data           2  ak8975.o(.data)
    HMC5883_minz                             0x20000ce2   Data           2  ak8975.o(.data)
    MS5611_Temperature                       0x20000d18   Data           4  bmp.o(.data)
    MS5611_Pressure                          0x20000d1c   Data           4  bmp.o(.data)
    MS5611_Altitude                          0x20000d20   Data           4  bmp.o(.data)
    MS5611_VerticalSpeed                     0x20000d24   Data           4  bmp.o(.data)
    baro_alt_speed_ano                       0x20000d28   Data           4  bmp.o(.data)
    baroAlt                                  0x20000d2c   Data           4  bmp.o(.data)
    baroAlt_fc                               0x20000d30   Data           4  bmp.o(.data)
    baro_set                                 0x20000d34   Data           1  bmp.o(.data)
    paOffsetNum                              0x20000d50   Data           8  bmp.o(.data)
    paInitCnt                                0x20000d58   Data           2  bmp.o(.data)
    paOffsetInited                           0x20000d5a   Data           1  bmp.o(.data)
    Baro_ALT_Updated                         0x20000d5b   Data           1  bmp.o(.data)
    MS5611_Delay_us                          0x20000d5c   Data          36  bmp.o(.data)
    for_fly_ready                            0x20000d8e   Data           1  bmp.o(.data)
    angle_baro                               0x20000d90   Data           4  bmp.o(.data)
    ultra_start_f                            0x20000da6   Data           1  ultrasonic.o(.data)
    ultra_distance_old                       0x20000da8   Data           2  ultrasonic.o(.data)
    measure_num                              0x20000daa   Data           1  ultrasonic.o(.data)
    sonar_av_cnt                             0x20000dac   Data           2  anotc_baro_ctrl.o(.data)
    sonar_f_set                              0x20000db0   Data          24  anotc_baro_ctrl.o(.data)
    baro_av_cnt                              0x20000dc8   Data           2  anotc_baro_ctrl.o(.data)
    baro_f_set                               0x20000dcc   Data          24  anotc_baro_ctrl.o(.data)
    sonar_weight                             0x20000de4   Data           4  anotc_baro_ctrl.o(.data)
    wz_speed                                 0x20000de8   Data           4  anotc_baro_ctrl.o(.data)
    baro_com_val                             0x20000dec   Data           4  anotc_baro_ctrl.o(.data)
    rtInf                                    0x20000e08   Data           8  rt_nonfinite.o(.data)
    rtMinusInf                               0x20000e10   Data           8  rt_nonfinite.o(.data)
    rtNaN                                    0x20000e18   Data           8  rt_nonfinite.o(.data)
    rtInfF                                   0x20000e20   Data           4  rt_nonfinite.o(.data)
    rtMinusInfF                              0x20000e24   Data           4  rt_nonfinite.o(.data)
    rtNaNF                                   0x20000e28   Data           4  rt_nonfinite.o(.data)
    Rc_Pwm_In                                0x20000e2c   Data          16  scheduler.o(.bss)
    loop                                     0x20000e3c   Data          16  scheduler.o(.bss)
    test                                     0x20000e4c   Data          20  scheduler.o(.bss)
    sensor_setup                             0x20000e60   Data          64  parameter.o(.bss)
    pid_setup                                0x20000ea0   Data         192  parameter.o(.bss)
    mode_value                               0x20000f60   Data          10  fly_mode.o(.bss)
    mode                                     0x20000f6a   Data          86  fly_mode.o(.bss)
    W25QXX_BUFFER                            0x20000fc0   Data        4096  flash.o(.bss)
    FLASH_READ_BUF                           0x20001fc0   Data         100  flash.o(.bss)
    FLASH_Buffer                             0x20002024   Data         100  flash.o(.bss)
    Cycle_T                                  0x20002088   Data         360  time.o(.bss)
    reference_v                              0x200021f0   Data          12  imu.o(.bss)
    ref                                      0x200021fc   Data          60  imu.o(.bss)
    reference_vr_imd_down                    0x20002238   Data          12  imu.o(.bss)
    reference_vr                             0x20002244   Data          12  imu.o(.bss)
    q_nav                                    0x20002250   Data          16  imu.o(.bss)
    ref_q_imd_down                           0x20002260   Data          16  imu.o(.bss)
    mag_sim_3d                               0x20002270   Data          12  imu.o(.bss)
    acc_3d_hg                                0x2000227c   Data          12  imu.o(.bss)
    acc_ng                                   0x20002288   Data          12  imu.o(.bss)
    acc_ng_offset                            0x20002294   Data          12  imu.o(.bss)
    reference_vr_imd_down_fc                 0x200022a0   Data          12  imu.o(.bss)
    X_ukf_baro                               0x200022b8   Data          24  alt_fushion.o(.bss)
    X_ukf_barob                              0x200022d0   Data          32  alt_fushion.o(.bss)
    X_kf_baro                                0x200022f0   Data          24  alt_fushion.o(.bss)
    acc_body                                 0x20002308   Data          12  alt_fushion.o(.bss)
    acc_bias                                 0x20002314   Data          12  alt_fushion.o(.bss)
    accel_bias_corr                          0x20002320   Data          12  alt_fushion.o(.bss)
    e_R                                      0x2000232c   Data          12  quar.o(.bss)
    exp_angle                                0x20002338   Data          12  quar.o(.bss)
    ero_angle_px4                            0x20002344   Data          16  quar.o(.bss)
    angle_now                                0x20002354   Data          12  quar.o(.bss)
    Q_control                                0x20002360   Data          32  quar.o(.bss)
    R_control_set                            0x20002380   Data          36  quar.o(.bss)
    R_control_ero                            0x200023a4   Data          36  quar.o(.bss)
    R_control_now                            0x200023c8   Data          36  quar.o(.bss)
    R_control_now_t                          0x200023ec   Data          36  quar.o(.bss)
    ctrl_1                                   0x20002410   Data         196  ctrl.o(.bss)
    ctrl_2                                   0x200024d4   Data         196  ctrl.o(.bss)
    except_A                                 0x20002598   Data          12  ctrl.o(.bss)
    ctrl_angle_offset                        0x200025a4   Data          12  ctrl.o(.bss)
    compensation                             0x200025b0   Data          12  ctrl.o(.bss)
    except_AS                                0x200025bc   Data          12  ctrl.o(.bss)
    g_old                                    0x200025c8   Data          28  ctrl.o(.bss)
    motor                                    0x200025e4   Data          16  ctrl.o(.bss)
    posture_value                            0x200025f4   Data          16  ctrl.o(.bss)
    curve                                    0x20002604   Data          16  ctrl.o(.bss)
    circle                                   0x20002614   Data          88  pos_ctrl.o(.bss)
    track                                    0x2000266c   Data          88  pos_ctrl.o(.bss)
    marker                                   0x200026c4   Data          76  pos_ctrl.o(.bss)
    out_back_step                            0x20002710   Data          12  pos_ctrl.o(.bss)
    acc_temp                                 0x2000271c   Data          12  pos_ctrl.o(.bss)
    nav_pos_pid                              0x20002728   Data          28  pos_ctrl.o(.bss)
    nav_spd_pid                              0x20002744   Data          28  pos_ctrl.o(.bss)
    nav_acc_pid                              0x20002760   Data          28  pos_ctrl.o(.bss)
    nav_pos_ctrl                             0x2000277c   Data          80  pos_ctrl.o(.bss)
    nav_spd_ctrl                             0x200027cc   Data          80  pos_ctrl.o(.bss)
    nav_acc_ctrl                             0x2000281c   Data          80  pos_ctrl.o(.bss)
    hc_value                                 0x20002880   Data          24  height_ctrl1.o(.bss)
    wz_speed_pid_v                           0x20002898   Data          36  height_ctrl1.o(.bss)
    wz_speed_pid_v_safe                      0x200028bc   Data          36  height_ctrl1.o(.bss)
    wz_speed_pid_v_eso                       0x200028e0   Data          36  height_ctrl1.o(.bss)
    ultra_ctrl                               0x20002904   Data          36  height_ctrl1.o(.bss)
    ultra_ctrl_safe                          0x20002928   Data          36  height_ctrl1.o(.bss)
    wz_speed_pid                             0x2000294c   Data          16  height_ctrl1.o(.bss)
    wz_speed_pid_safe                        0x2000295c   Data          16  height_ctrl1.o(.bss)
    wz_speed_pid_use                         0x2000296c   Data          16  height_ctrl1.o(.bss)
    ultra_pid_safe                           0x2000297c   Data          16  height_ctrl1.o(.bss)
    ultra_pid                                0x2000298c   Data          16  height_ctrl1.o(.bss)
    ultra_pid_use                            0x2000299c   Data          16  height_ctrl1.o(.bss)
    baro_speed_arr                           0x200029ac   Data         204  height_ctrl1.o(.bss)
    baro_h_arr                               0x20002a78   Data         404  height_ctrl1.o(.bss)
    baro_h_arr1                              0x20002c0c   Data         404  height_ctrl1.o(.bss)
    eso_att_outter_c                         0x20002da0   Data         576  eso.o(.bss)
    eso_att_inner_c                          0x20002fe0   Data         576  eso.o(.bss)
    eso_pos_spd                              0x20003220   Data         432  eso.o(.bss)
    eso_pos                                  0x200033d0   Data         432  eso.o(.bss)
    BLE_DEBUG                                0x20003580   Data          32  usart.o(.bss)
    m100                                     0x200035a0   Data         100  usart.o(.bss)
    color                                    0x20003604   Data          20  usart.o(.bss)
    HPID                                     0x20003618   Data          18  usart.o(.bss)
    SPID                                     0x2000362a   Data          18  usart.o(.bss)
    FIX_PID                                  0x2000363c   Data          18  usart.o(.bss)
    NAV_PID                                  0x2000364e   Data          18  usart.o(.bss)
    HPID_app                                 0x20003660   Data          18  usart.o(.bss)
    SPID_app                                 0x20003672   Data          18  usart.o(.bss)
    FIX_PID_app                              0x20003684   Data          18  usart.o(.bss)
    NAV_PID_app                              0x20003696   Data          18  usart.o(.bss)
    pid                                      0x200036a8   Data         320  usart.o(.bss)
    smart                                    0x200037e8   Data          52  usart.o(.bss)
    smart_in                                 0x2000381c   Data          52  usart.o(.bss)
    Rc_Get                                   0x20003850   Data          26  usart.o(.bss)
    Rc_Get_PWM                               0x2000386a   Data          26  usart.o(.bss)
    plane                                    0x20003884   Data         116  usart.o(.bss)
    slam                                     0x200038f8   Data          20  usart.o(.bss)
    imu_nav                                  0x2000390c   Data         100  usart.o(.bss)
    flow_debug                               0x20003970   Data          40  usart.o(.bss)
    flow_matlab_data                         0x20003998   Data          16  usart.o(.bss)
    uart_time                                0x200039a8   Data          40  usart.o(.bss)
    TxBuffer                                 0x200039d0   Data         256  usart.o(.bss)
    Rx_Buf                                   0x20003ad0   Data         256  usart.o(.bss)
    RxBuffer                                 0x20003bd0   Data          50  usart.o(.bss)
    imu_board                                0x20003c04   Data          20  usart.o(.bss)
    mark_map                                 0x20003c18   Data         200  usart.o(.bss)
    TxBuffer5                                0x20003ce0   Data         256  usart.o(.bss)
    Rx_Buf5                                  0x20003de0   Data         256  usart.o(.bss)
    RxBuffer5                                0x20003ee0   Data          50  usart.o(.bss)
    DEBUG                                    0x20003f14   Data         140  usart.o(.bss)
    Rx_Buf_app                               0x20003fa0   Data         256  usart.o(.bss)
    RxBuffer_app                             0x200040a0   Data          50  usart.o(.bss)
    Rx_Buf4                                  0x200040d2   Data         256  usart.o(.bss)
    RxBuffer4                                0x200041d2   Data          50  usart.o(.bss)
    Rx_Buf3                                  0x20004204   Data         256  usart.o(.bss)
    RxBuffer3                                0x20004304   Data          50  usart.o(.bss)
    SendBuff1                                0x20004336   Data          96  usart.o(.bss)
    SendBuff2                                0x20004396   Data          40  usart.o(.bss)
    SendBuff3                                0x200043be   Data          32  usart.o(.bss)
    SendBuff4                                0x200043de   Data         192  usart.o(.bss)
    sd_save                                  0x200044a0   Data         300  usart.o(.bss)
    f                                        0x200045cc   Data          21  data_transfer.o(.bss)
    data_to_send                             0x200045e1   Data          50  data_transfer.o(.bss)
    RX_CH                                    0x20004650   Data          16  rc.o(.bss)
    CH                                       0x20004660   Data          16  rc.o(.bss)
    RX_CH_PWM                                0x20004670   Data          16  rc.o(.bss)
    RX_CH_FIX                                0x20004680   Data          16  rc.o(.bss)
    RX_CH_FIX_PWM                            0x20004690   Data          16  rc.o(.bss)
    CH_Old                                   0x200046a0   Data          32  rc.o(.bss)
    CH_filter                                0x200046c0   Data          32  rc.o(.bss)
    CH_filter_Old                            0x200046e0   Data          32  rc.o(.bss)
    CH_filter_D                              0x20004700   Data          32  rc.o(.bss)
    CLR_CH_Error                             0x20004720   Data          16  rc.o(.bss)
    mpu6050                                  0x20004740   Data         128  mpu6050.o(.bss)
    mpu6050_fc                               0x200047c0   Data         128  mpu6050.o(.bss)
    mpu6050_buffer                           0x20004840   Data          14  mpu6050.o(.bss)
    sum_temp                                 0x20004850   Data          28  mpu6050.o(.bss)
    FILT_BUF                                 0x2000486c   Data         154  mpu6050.o(.bss)
    mpu6050_tmp                              0x20004908   Data          28  mpu6050.o(.bss)
    mpu_fil_tmp                              0x20004924   Data          28  mpu6050.o(.bss)
    HMC5883_FIFO                             0x20004a30   Data          66  ak8975.o(.bss)
    baro                                     0x20004a80   Data          20  bmp.o(.bss)
    ultra                                    0x20004aa0   Data          20  ultrasonic.o(.bss)
    Distance                                 0x20004ab4   Data         100  ultrasonic.o(.bss)
    sonar_av_arr                             0x20004b18   Data         200  anotc_baro_ctrl.o(.bss)
    sonar                                    0x20004be0   Data          24  anotc_baro_ctrl.o(.bss)
    sonar_fusion                             0x20004bf8   Data          68  anotc_baro_ctrl.o(.bss)
    baro_av_arr                              0x20004c3c   Data         400  anotc_baro_ctrl.o(.bss)
    baro_p                                   0x20004dcc   Data          24  anotc_baro_ctrl.o(.bss)
    baro_fusion                              0x20004de4   Data          68  anotc_baro_ctrl.o(.bss)
    __libspace_start                         0x20004e28   Data          96  libspace.o(.bss)
    __temporary_stack_top$libspace           0x20004e88   Data           0  libspace.o(.bss)



==============================================================================

Memory Map of the image

  Image Entry point : 0x08000189

  Load Region LR_IROM1 (Base: 0x08000000, Size: 0x0002a4a4, Max: 0x00100000, ABSOLUTE, COMPRESSED[0x00029cb0])

    Execution Region ER_IROM1 (Base: 0x08000000, Size: 0x00029678, Max: 0x00100000, ABSOLUTE)

    Base Addr    Size         Type   Attr      Idx    E Section Name        Object

    0x08000000   0x00000188   Data   RO          802    RESET               startup_stm32f4xx.o
    0x08000188   0x00000008   Code   RO         1424  * !!!main             c_w.l(__main.o)
    0x08000190   0x00000034   Code   RO         1846    !!!scatter          c_w.l(__scatter.o)
    0x080001c4   0x0000005a   Code   RO         1844    !!dczerorl2         c_w.l(__dczerorl2.o)
    0x0800021e   0x00000002   PAD
    0x08000220   0x0000001c   Code   RO         1848    !!handler_zi        c_w.l(__scatter_zi.o)
    0x0800023c   0x00000002   Code   RO         1709    .ARM.Collect$$libinit$$00000000  c_w.l(libinit.o)
    0x0800023e   0x00000004   Code   RO         1718    .ARM.Collect$$libinit$$00000001  c_w.l(libinit2.o)
    0x08000242   0x00000000   Code   RO         1721    .ARM.Collect$$libinit$$00000004  c_w.l(libinit2.o)
    0x08000242   0x00000000   Code   RO         1724    .ARM.Collect$$libinit$$0000000A  c_w.l(libinit2.o)
    0x08000242   0x00000000   Code   RO         1726    .ARM.Collect$$libinit$$0000000C  c_w.l(libinit2.o)
    0x08000242   0x00000000   Code   RO         1728    .ARM.Collect$$libinit$$0000000E  c_w.l(libinit2.o)
    0x08000242   0x00000000   Code   RO         1731    .ARM.Collect$$libinit$$00000011  c_w.l(libinit2.o)
    0x08000242   0x00000000   Code   RO         1733    .ARM.Collect$$libinit$$00000013  c_w.l(libinit2.o)
    0x08000242   0x00000000   Code   RO         1735    .ARM.Collect$$libinit$$00000015  c_w.l(libinit2.o)
    0x08000242   0x00000000   Code   RO         1737    .ARM.Collect$$libinit$$00000017  c_w.l(libinit2.o)
    0x08000242   0x00000000   Code   RO         1739    .ARM.Collect$$libinit$$00000019  c_w.l(libinit2.o)
    0x08000242   0x00000000   Code   RO         1741    .ARM.Collect$$libinit$$0000001B  c_w.l(libinit2.o)
    0x08000242   0x00000000   Code   RO         1743    .ARM.Collect$$libinit$$0000001D  c_w.l(libinit2.o)
    0x08000242   0x00000000   Code   RO         1745    .ARM.Collect$$libinit$$0000001F  c_w.l(libinit2.o)
    0x08000242   0x00000000   Code   RO         1747    .ARM.Collect$$libinit$$00000021  c_w.l(libinit2.o)
    0x08000242   0x00000000   Code   RO         1749    .ARM.Collect$$libinit$$00000023  c_w.l(libinit2.o)
    0x08000242   0x00000000   Code   RO         1751    .ARM.Collect$$libinit$$00000025  c_w.l(libinit2.o)
    0x08000242   0x00000000   Code   RO         1755    .ARM.Collect$$libinit$$0000002C  c_w.l(libinit2.o)
    0x08000242   0x00000000   Code   RO         1757    .ARM.Collect$$libinit$$0000002E  c_w.l(libinit2.o)
    0x08000242   0x00000000   Code   RO         1759    .ARM.Collect$$libinit$$00000030  c_w.l(libinit2.o)
    0x08000242   0x00000000   Code   RO         1761    .ARM.Collect$$libinit$$00000032  c_w.l(libinit2.o)
    0x08000242   0x00000002   Code   RO         1762    .ARM.Collect$$libinit$$00000033  c_w.l(libinit2.o)
    0x08000244   0x00000002   Code   RO         1794    .ARM.Collect$$libshutdown$$00000000  c_w.l(libshutdown.o)
    0x08000246   0x00000000   Code   RO         1811    .ARM.Collect$$libshutdown$$00000002  c_w.l(libshutdown2.o)
    0x08000246   0x00000000   Code   RO         1813    .ARM.Collect$$libshutdown$$00000004  c_w.l(libshutdown2.o)
    0x08000246   0x00000000   Code   RO         1816    .ARM.Collect$$libshutdown$$00000007  c_w.l(libshutdown2.o)
    0x08000246   0x00000000   Code   RO         1819    .ARM.Collect$$libshutdown$$0000000A  c_w.l(libshutdown2.o)
    0x08000246   0x00000000   Code   RO         1821    .ARM.Collect$$libshutdown$$0000000C  c_w.l(libshutdown2.o)
    0x08000246   0x00000000   Code   RO         1824    .ARM.Collect$$libshutdown$$0000000F  c_w.l(libshutdown2.o)
    0x08000246   0x00000002   Code   RO         1825    .ARM.Collect$$libshutdown$$00000010  c_w.l(libshutdown2.o)
    0x08000248   0x00000000   Code   RO         1600    .ARM.Collect$$rtentry$$00000000  c_w.l(__rtentry.o)
    0x08000248   0x00000000   Code   RO         1670    .ARM.Collect$$rtentry$$00000002  c_w.l(__rtentry2.o)
    0x08000248   0x00000006   Code   RO         1682    .ARM.Collect$$rtentry$$00000004  c_w.l(__rtentry4.o)
    0x0800024e   0x00000000   Code   RO         1672    .ARM.Collect$$rtentry$$00000009  c_w.l(__rtentry2.o)
    0x0800024e   0x00000004   Code   RO         1673    .ARM.Collect$$rtentry$$0000000A  c_w.l(__rtentry2.o)
    0x08000252   0x00000000   Code   RO         1675    .ARM.Collect$$rtentry$$0000000C  c_w.l(__rtentry2.o)
    0x08000252   0x00000008   Code   RO         1676    .ARM.Collect$$rtentry$$0000000D  c_w.l(__rtentry2.o)
    0x0800025a   0x00000002   Code   RO         1712    .ARM.Collect$$rtexit$$00000000  c_w.l(rtexit.o)
    0x0800025c   0x00000000   Code   RO         1766    .ARM.Collect$$rtexit$$00000002  c_w.l(rtexit2.o)
    0x0800025c   0x00000004   Code   RO         1767    .ARM.Collect$$rtexit$$00000003  c_w.l(rtexit2.o)
    0x08000260   0x00000006   Code   RO         1768    .ARM.Collect$$rtexit$$00000004  c_w.l(rtexit2.o)
    0x08000266   0x00000002   PAD
    0x08000268   0x000013c8   Code   RO            2    .text               scheduler.o
    0x08001630   0x0000012c   Code   RO          216    .text               init.o
    0x0800175c   0x00000570   Code   RO          249    .text               parameter.o
    0x08001ccc   0x000000e8   Code   RO          302    .text               fly_mode.o
    0x08001db4   0x00000014   Code   RO          329    .text               main.o
    0x08001dc8   0x0000002c   Code   RO          351    .text               stm32f4xx_it.o
    0x08001df4   0x000003cc   Code   RO          367    .text               pwm_out.o
    0x080021c0   0x00000424   Code   RO          437    .text               iic_hml.o
    0x080025e4   0x000003a8   Code   RO          456    .text               i2c_soft.o
    0x0800298c   0x0000006c   Code   RO          482    .text               led.o
    0x080029f8   0x00000c2c   Code   RO          503    .text               flash.o
    0x08003624   0x00000280   Code   RO          526    .text               time.o
    0x080038a4   0x000000e0   Code   RO          553    .text               misc.o
    0x08003984   0x000003a8   Code   RO          601    .text               stm32f4xx_dma.o
    0x08003d2c   0x000004bc   Code   RO          633    .text               stm32f4xx_flash.o
    0x080041e8   0x0000025c   Code   RO          649    .text               stm32f4xx_gpio.o
    0x08004444   0x00000588   Code   RO          697    .text               stm32f4xx_rcc.o
    0x080049cc   0x000003f8   Code   RO          715    .text               stm32f4xx_spi.o
    0x08004dc4   0x00000ca2   Code   RO          747    .text               stm32f4xx_tim.o
    0x08005a66   0x00000002   PAD
    0x08005a68   0x0000041a   Code   RO          763    .text               stm32f4xx_usart.o
    0x08005e82   0x00000002   PAD
    0x08005e84   0x00000210   Code   RO          779    .text               system_stm32f4xx.o
    0x08006094   0x00000040   Code   RO          803    .text               startup_stm32f4xx.o
    0x080060d4   0x000024e0   Code   RO          808    .text               imu.o
    0x080085b4   0x00000f54   Code   RO          843    .text               alt_fushion.o
    0x08009508   0x00000870   Code   RO          885    .text               mymath.o
    0x08009d78   0x00000594   Code   RO          904    .text               filter.o
    0x0800a30c   0x000013f8   Code   RO          920    .text               fastmath.o
    0x0800b704   0x000021d0   Code   RO          936    .text               quar.o
    0x0800d8d4   0x00001404   Code   RO          974    .text               kf_oldx_nav.o
    0x0800ecd8   0x00001f0c   Code   RO         1001    .text               ctrl.o
    0x08010be4   0x000039a0   Code   RO         1024    .text               pos_ctrl.o
    0x08014584   0x00001f08   Code   RO         1049    .text               height_ctrl1.o
    0x0801648c   0x0000150c   Code   RO         1073    .text               eso.o
    0x08017998   0x00008ab8   Code   RO         1096    .text               usart.o
    0x08020450   0x00002110   Code   RO         1155    .text               data_transfer.o
    0x08022560   0x0000066c   Code   RO         1179    .text               rc.o
    0x08022bcc   0x000000e8   Code   RO         1206    .text               dma.o
    0x08022cb4   0x00000998   Code   RO         1222    .text               mpu6050.o
    0x0802364c   0x00000940   Code   RO         1246    .text               ak8975.o
    0x08023f8c   0x0000077c   Code   RO         1276    .text               bmp.o
    0x08024708   0x000002cc   Code   RO         1307    .text               ultrasonic.o
    0x080249d4   0x000006fc   Code   RO         1330    .text               anotc_baro_ctrl.o
    0x080250d0   0x00000100   Code   RO         1356    .text               kf_oldx.lib(rt_nonfinite.o)
    0x080251d0   0x00000134   Code   RO         1386    .text               kf_oldx.lib(rtgetinf.o)
    0x08025304   0x000000c8   Code   RO         1402    .text               kf_oldx.lib(rtgetnan.o)
    0x080253cc   0x00000048   Code   RO         1416    .text               c_w.l(llsdiv.o)
    0x08025414   0x00000064   Code   RO         1418    .text               c_w.l(rt_memcpy_w.o)
    0x08025478   0x0000004e   Code   RO         1420    .text               c_w.l(rt_memclr_w.o)
    0x080254c6   0x00000006   Code   RO         1422    .text               c_w.l(heapauxi.o)
    0x080254cc   0x000000ee   Code   RO         1601    .text               c_w.l(lludivv7m.o)
    0x080255ba   0x00000016   Code   RO         1603    .text               c_w.l(_rserrno.o)
    0x080255d0   0x00000008   Code   RO         1691    .text               c_w.l(rt_errno_addr_intlibspace.o)
    0x080255d8   0x00000008   Code   RO         1695    .text               c_w.l(libspace.o)
    0x080255e0   0x0000004a   Code   RO         1698    .text               c_w.l(sys_stackheap_outer.o)
    0x0802562a   0x00000012   Code   RO         1702    .text               c_w.l(exit.o)
    0x0802563c   0x0000000c   Code   RO         1782    .text               c_w.l(sys_exit.o)
    0x08025648   0x00000002   Code   RO         1799    .text               c_w.l(use_no_semi.o)
    0x0802564a   0x00000000   Code   RO         1801    .text               c_w.l(indicate_semi.o)
    0x0802564a   0x00000030   Code   RO         1637    i.__ARM_fpclassify  m_wm.l(fpclassify.o)
    0x0802567a   0x00000026   Code   RO         1639    i.__ARM_fpclassifyf  m_wm.l(fpclassifyf.o)
    0x080256a0   0x00000360   Code   RO         1462    i.__hardfp_asin     m_wm.l(asin.o)
    0x08025a00   0x0000012c   Code   RO         1476    i.__hardfp_asinf    m_wm.l(asinf.o)
    0x08025b2c   0x00000004   PAD
    0x08025b30   0x000002d8   Code   RO         1488    i.__hardfp_atan     m_wm.l(atan.o)
    0x08025e08   0x000001f0   Code   RO         1502    i.__hardfp_atan2    m_wm.l(atan2.o)
    0x08025ff8   0x00000250   Code   RO         1514    i.__hardfp_atan2f   m_wm.l(atan2f.o)
    0x08026248   0x000000c8   Code   RO         1526    i.__hardfp_cos      m_wm.l(cos.o)
    0x08026310   0x00000014   Code   RO         1538    i.__hardfp_fabs     m_wm.l(fabs.o)
    0x08026324   0x00000004   PAD
    0x08026328   0x00000118   Code   RO         1544    i.__hardfp_floor    m_wm.l(floor.o)
    0x08026440   0x00000c50   Code   RO         1550    i.__hardfp_pow      m_wm.l(pow.o)
    0x08027090   0x000000c8   Code   RO         1564    i.__hardfp_sin      m_wm.l(sin.o)
    0x08027158   0x0000007a   Code   RO         1576    i.__hardfp_sqrt     m_wm.l(sqrt.o)
    0x080271d2   0x0000003a   Code   RO         1588    i.__hardfp_sqrtf    m_wm.l(sqrtf.o)
    0x0802720c   0x00000004   PAD
    0x08027210   0x00000438   Code   RO         1658    i.__ieee754_rem_pio2  m_wm.l(rred.o)
    0x08027648   0x00000170   Code   RO         1620    i.__kernel_cos      m_wm.l(cos_i.o)
    0x080277b8   0x000000f8   Code   RO         1655    i.__kernel_poly     m_wm.l(poly.o)
    0x080278b0   0x00000130   Code   RO         1663    i.__kernel_sin      m_wm.l(sin_i.o)
    0x080279e0   0x00000030   Code   RO         1623    i.__mathlib_dbl_divzero  m_wm.l(dunder.o)
    0x08027a10   0x00000014   Code   RO         1624    i.__mathlib_dbl_infnan  m_wm.l(dunder.o)
    0x08027a24   0x00000014   Code   RO         1625    i.__mathlib_dbl_infnan2  m_wm.l(dunder.o)
    0x08027a38   0x00000020   Code   RO         1626    i.__mathlib_dbl_invalid  m_wm.l(dunder.o)
    0x08027a58   0x00000020   Code   RO         1627    i.__mathlib_dbl_overflow  m_wm.l(dunder.o)
    0x08027a78   0x00000020   Code   RO         1629    i.__mathlib_dbl_underflow  m_wm.l(dunder.o)
    0x08027a98   0x00000006   Code   RO         1642    i.__mathlib_flt_infnan  m_wm.l(funder.o)
    0x08027a9e   0x00000006   Code   RO         1643    i.__mathlib_flt_infnan2  m_wm.l(funder.o)
    0x08027aa4   0x00000010   Code   RO         1644    i.__mathlib_flt_invalid  m_wm.l(funder.o)
    0x08027ab4   0x00000010   Code   RO         1647    i.__mathlib_flt_underflow  m_wm.l(funder.o)
    0x08027ac4   0x00000010   Code   RO         1490    i.atan              m_wm.l(atan.o)
    0x08027ad4   0x00000018   Code   RO         1540    i.fabs              m_wm.l(fabs.o)
    0x08027aec   0x0000006e   Code   RO         1578    i.sqrt              m_wm.l(sqrt.o)
    0x08027b5a   0x0000003e   Code   RO         1590    i.sqrtf             m_wm.l(sqrtf.o)
    0x08027b98   0x00000018   Code   RO         1426    x$fpl$basic         fz_wm.l(basic.o)
    0x08027bb0   0x00000062   Code   RO         1428    x$fpl$d2f           fz_wm.l(d2f.o)
    0x08027c12   0x00000002   PAD
    0x08027c14   0x00000150   Code   RO         1430    x$fpl$dadd          fz_wm.l(daddsub_clz.o)
    0x08027d64   0x00000010   Code   RO         1693    x$fpl$dcheck1       fz_wm.l(dcheck1.o)
    0x08027d74   0x00000018   Code   RO         1605    x$fpl$dcmpinf       fz_wm.l(dcmpi.o)
    0x08027d8c   0x000002b0   Code   RO         1437    x$fpl$ddiv          fz_wm.l(ddiv.o)
    0x0802803c   0x00000078   Code   RO         1440    x$fpl$deqf          fz_wm.l(deqf.o)
    0x080280b4   0x0000005e   Code   RO         1442    x$fpl$dfix          fz_wm.l(dfix.o)
    0x08028112   0x0000002e   Code   RO         1447    x$fpl$dflt          fz_wm.l(dflt_clz.o)
    0x08028140   0x00000026   Code   RO         1446    x$fpl$dfltu         fz_wm.l(dflt_clz.o)
    0x08028166   0x00000002   PAD
    0x08028168   0x00000078   Code   RO         1452    x$fpl$dleqf         fz_wm.l(dleqf.o)
    0x080281e0   0x00000154   Code   RO         1454    x$fpl$dmul          fz_wm.l(dmul.o)
    0x08028334   0x0000009c   Code   RO         1607    x$fpl$dnaninf       fz_wm.l(dnaninf.o)
    0x080283d0   0x0000000c   Code   RO         1609    x$fpl$dretinf       fz_wm.l(dretinf.o)
    0x080283dc   0x0000006c   Code   RO         1456    x$fpl$drleqf        fz_wm.l(drleqf.o)
    0x08028448   0x00000016   Code   RO         1431    x$fpl$drsb          fz_wm.l(daddsub_clz.o)
    0x0802845e   0x00000002   PAD
    0x08028460   0x00000198   Code   RO         1611    x$fpl$dsqrt         fz_wm.l(dsqrt_umaal.o)
    0x080285f8   0x000001d4   Code   RO         1432    x$fpl$dsub          fz_wm.l(daddsub_clz.o)
    0x080287cc   0x00000056   Code   RO         1458    x$fpl$f2d           fz_wm.l(f2d.o)
    0x08028822   0x00000060   Code   RO         1460    x$fpl$ffltll        fz_wm.l(ffltll_clz.o)
    0x08028882   0x0000008c   Code   RO         1613    x$fpl$fnaninf       fz_wm.l(fnaninf.o)
    0x0802890e   0x0000000a   Code   RO         1780    x$fpl$fpinit        fz_wm.l(fpinit.o)
    0x08028918   0x0000000a   Code   RO         1615    x$fpl$fretinf       fz_wm.l(fretinf.o)
    0x08028922   0x00000064   Code   RO         1710    x$fpl$retnan        fz_wm.l(retnan.o)
    0x08028986   0x0000005c   Code   RO         1617    x$fpl$scalbn        fz_wm.l(scalbn.o)
    0x080289e2   0x00000030   Code   RO         1763    x$fpl$trapveneer    fz_wm.l(trapv.o)
    0x08028a12   0x00000000   Code   RO         1619    x$fpl$usenofp       fz_wm.l(usenofp.o)
    0x08028a12   0x00000002   PAD
    0x08028a14   0x00000030   Data   RO          251    .constdata          parameter.o
    0x08028a44   0x00000004   PAD
    0x08028a48   0x00000090   Data   RO          845    .constdata          alt_fushion.o
    0x08028ad8   0x00000880   Data   RO          921    .constdata          fastmath.o
    0x08029358   0x00000024   Data   RO          938    .constdata          quar.o
    0x0802937c   0x00000004   PAD
    0x08029380   0x0000003c   Data   RO          975    .constdata          kf_oldx_nav.o
    0x080293bc   0x00000004   Data   RO         1026    .constdata          pos_ctrl.o
    0x080293c0   0x00000050   Data   RO         1465    .constdata          m_wm.l(asin.o)
    0x08029410   0x00000098   Data   RO         1491    .constdata          m_wm.l(atan.o)
    0x080294a8   0x00000088   Data   RO         1553    .constdata          m_wm.l(pow.o)
    0x08029530   0x00000030   Data   RO         1621    .constdata          m_wm.l(cos_i.o)
    0x08029560   0x00000008   Data   RO         1657    .constdata          m_wm.l(qnan.o)
    0x08029568   0x000000c8   Data   RO         1660    .constdata          m_wm.l(rred.o)
    0x08029630   0x00000028   Data   RO         1664    .constdata          m_wm.l(sin_i.o)
    0x08029658   0x00000020   Data   RO         1842    Region$$Table       anon$$obj.o


    Execution Region RW_IRAM1 (Base: 0x20000000, Size: 0x00005a88, Max: 0x00020000, ABSOLUTE, COMPRESSED[0x00000638])

    Base Addr    Size         Type   Attr      Idx    E Section Name        Object

    0x20000000   0x00000032   Data   RW            4    .data               scheduler.o
    0x20000032   0x00000003   Data   RW          217    .data               init.o
    0x20000035   0x00000003   PAD
    0x20000038   0x0000000c   Data   RW          252    .data               parameter.o
    0x20000044   0x00000008   Data   RW          304    .data               fly_mode.o
    0x2000004c   0x00000001   Data   RW          330    .data               main.o
    0x2000004d   0x00000001   PAD
    0x2000004e   0x0000000e   Data   RW          368    .data               pwm_out.o
    0x2000005c   0x00000001   Data   RW          457    .data               i2c_soft.o
    0x2000005d   0x00000001   Data   RW          483    .data               led.o
    0x2000005e   0x00000002   PAD
    0x20000060   0x00000010   Data   RW          505    .data               flash.o
    0x20000070   0x00000014   Data   RW          528    .data               time.o
    0x20000084   0x00000010   Data   RW          698    .data               stm32f4xx_rcc.o
    0x20000094   0x00000014   Data   RW          780    .data               system_stm32f4xx.o
    0x200000a8   0x00000092   Data   RW          810    .data               imu.o
    0x2000013a   0x00000006   PAD
    0x20000140   0x0000020c   Data   RW          846    .data               alt_fushion.o
    0x2000034c   0x00000404   Data   RW          886    .data               mymath.o
    0x20000750   0x0000000c   Data   RW          905    .data               filter.o
    0x2000075c   0x00000038   Data   RW         1003    .data               ctrl.o
    0x20000794   0x00000126   Data   RW         1027    .data               pos_ctrl.o
    0x200008ba   0x00000002   PAD
    0x200008bc   0x00000168   Data   RW         1051    .data               height_ctrl1.o
    0x20000a24   0x00000040   Data   RW         1075    .data               eso.o
    0x20000a64   0x00000124   Data   RW         1098    .data               usart.o
    0x20000b88   0x00000027   Data   RW         1157    .data               data_transfer.o
    0x20000baf   0x00000001   PAD
    0x20000bb0   0x00000048   Data   RW         1181    .data               rc.o
    0x20000bf8   0x0000001c   Data   RW         1224    .data               mpu6050.o
    0x20000c14   0x00000004   PAD
    0x20000c18   0x00000100   Data   RW         1248    .data               ak8975.o
    0x20000d18   0x0000008d   Data   RW         1278    .data               bmp.o
    0x20000da5   0x00000001   PAD
    0x20000da6   0x00000006   Data   RW         1309    .data               ultrasonic.o
    0x20000dac   0x00000058   Data   RW         1332    .data               anotc_baro_ctrl.o
    0x20000e04   0x00000004   PAD
    0x20000e08   0x00000024   Data   RW         1357    .data               kf_oldx.lib(rt_nonfinite.o)
    0x20000e2c   0x00000034   Zero   RW            3    .bss                scheduler.o
    0x20000e60   0x00000100   Zero   RW          250    .bss                parameter.o
    0x20000f60   0x00000060   Zero   RW          303    .bss                fly_mode.o
    0x20000fc0   0x000010c8   Zero   RW          504    .bss                flash.o
    0x20002088   0x00000168   Zero   RW          527    .bss                time.o
    0x200021f0   0x000000c8   Zero   RW          809    .bss                imu.o
    0x200022b8   0x00000074   Zero   RW          844    .bss                alt_fushion.o
    0x2000232c   0x000000e4   Zero   RW          937    .bss                quar.o
    0x20002410   0x00000204   Zero   RW         1002    .bss                ctrl.o
    0x20002614   0x0000026c   Zero   RW         1025    .bss                pos_ctrl.o
    0x20002880   0x00000520   Zero   RW         1050    .bss                height_ctrl1.o
    0x20002da0   0x000007e0   Zero   RW         1074    .bss                eso.o
    0x20003580   0x0000104c   Zero   RW         1097    .bss                usart.o
    0x200045cc   0x00000083   Zero   RW         1156    .bss                data_transfer.o
    0x2000464f   0x00000001   PAD
    0x20004650   0x000000f0   Zero   RW         1180    .bss                rc.o
    0x20004740   0x00000200   Zero   RW         1223    .bss                mpu6050.o
    0x20004940   0x00000140   Zero   RW         1247    .bss                ak8975.o
    0x20004a80   0x00000020   Zero   RW         1277    .bss                bmp.o
    0x20004aa0   0x00000078   Zero   RW         1308    .bss                ultrasonic.o
    0x20004b18   0x00000310   Zero   RW         1331    .bss                anotc_baro_ctrl.o
    0x20004e28   0x00000060   Zero   RW         1696    .bss                c_w.l(libspace.o)
    0x20004e88   0x00000400   Zero   RW          801    HEAP                startup_stm32f4xx.o
    0x20005288   0x00000800   Zero   RW          800    STACK               startup_stm32f4xx.o


==============================================================================

Image component sizes


      Code (inc. data)   RO Data    RW Data    ZI Data      Debug   Object Name

      2368        122          0        256        320       8353   ak8975.o
      3924        404        144        524        116      10368   alt_fushion.o
      1788        170          0         88        784       6410   anotc_baro_ctrl.o
      1916        182          0        141         32       7043   bmp.o
      7948        518          0         56        516       5741   ctrl.o
      8464        406          0         39        131      13163   data_transfer.o
       232          4          0          0          0       1380   dma.o
      5388        194          0         64       2016      10664   eso.o
      5112        288       2176          0          0      11903   fastmath.o
      1428         36          0         12          0       3755   filter.o
      3116        164          0         16       4296       7516   flash.o
       232         28          0          8         96      10863   fly_mode.o
      7944        846          0        360       1312      10631   height_ctrl1.o
       936         10          0          1          0       4478   i2c_soft.o
      1060         14          0          0          0       4755   iic_hml.o
      9440        392          0        146        200       9532   imu.o
       300         42          0          3          0       1402   init.o
      5124        146         60          0          0       3879   kf_oldx_nav.o
       108         10          0          1          0        642   led.o
        20          4          0          1          0        653   main.o
       224         20          0          0          0       1925   misc.o
      2456        118          0         28        512      16662   mpu6050.o
      2160        152          0       1028          0       6825   mymath.o
      1392        132         48         12        256       4490   parameter.o
     14752       1152          4        294        620      11739   pos_ctrl.o
       972         30          0         14          0       3651   pwm_out.o
      8656        150         36          0        228      12048   quar.o
      1644        148          0         72        240       3603   rc.o
      5064        540          0         50         52     299750   scheduler.o
        64         26        392          0       3072        888   startup_stm32f4xx.o
       936         32          0          0          0       6501   stm32f4xx_dma.o
      1212         26          0          0          0       7193   stm32f4xx_flash.o
       604         36          0          0          0       4229   stm32f4xx_gpio.o
        44          4          0          0          0       1349   stm32f4xx_it.o
      1416         48          0         16          0      11159   stm32f4xx_rcc.o
      1016         22          0          0          0       6953   stm32f4xx_spi.o
      3234         60          0          0          0      23124   stm32f4xx_tim.o
      1050         26          0          0          0       7968   stm32f4xx_usart.o
       528         46          0         20          0       1987   system_stm32f4xx.o
       640         38          0         20        360      21388   time.o
       716         48          0          6        120       2243   ultrasonic.o
     35512       1496          0        292       4172      37024   usart.o

    ----------------------------------------------------------------------
    151144       8330       2900       3592      19452     625830   Object Totals
         0          0         32          0          0          0   (incl. Generated)
         4          0          8         24          1          0   (incl. Padding)

    ----------------------------------------------------------------------

      Code (inc. data)   RO Data    RW Data    ZI Data      Debug   Library Member Name

        90          0          0          0          0          0   __dczerorl2.o
         8          0          0          0          0         68   __main.o
         0          0          0          0          0          0   __rtentry.o
        12          0          0          0          0          0   __rtentry2.o
         6          0          0          0          0          0   __rtentry4.o
        52          8          0          0          0          0   __scatter.o
        28          0          0          0          0          0   __scatter_zi.o
        22          0          0          0          0        100   _rserrno.o
        18          0          0          0          0         80   exit.o
         6          0          0          0          0        152   heapauxi.o
         0          0          0          0          0          0   indicate_semi.o
         2          0          0          0          0          0   libinit.o
         6          0          0          0          0          0   libinit2.o
         2          0          0          0          0          0   libshutdown.o
         2          0          0          0          0          0   libshutdown2.o
         8          4          0          0         96         68   libspace.o
        72          0          0          0          0         76   llsdiv.o
       238          0          0          0          0        100   lludivv7m.o
         8          4          0          0          0         68   rt_errno_addr_intlibspace.o
        78          0          0          0          0         80   rt_memclr_w.o
       100          0          0          0          0         80   rt_memcpy_w.o
         2          0          0          0          0          0   rtexit.o
        10          0          0          0          0          0   rtexit2.o
        12          4          0          0          0         68   sys_exit.o
        74          0          0          0          0         80   sys_stackheap_outer.o
         2          0          0          0          0         68   use_no_semi.o
        24          0          0          0          0        164   basic.o
        98          4          0          0          0        140   d2f.o
       826         16          0          0          0        492   daddsub_clz.o
        16          4          0          0          0        116   dcheck1.o
        24          0          0          0          0        116   dcmpi.o
       688        140          0          0          0        256   ddiv.o
       120          4          0          0          0        140   deqf.o
        94          4          0          0          0        140   dfix.o
        84          0          0          0          0        232   dflt_clz.o
       120          4          0          0          0        140   dleqf.o
       340         12          0          0          0        152   dmul.o
       156          4          0          0          0        140   dnaninf.o
        12          0          0          0          0        116   dretinf.o
       108          0          0          0          0        128   drleqf.o
       408         56          0          0          0        168   dsqrt_umaal.o
        86          4          0          0          0        132   f2d.o
        96          0          0          0          0        132   ffltll_clz.o
       140          4          0          0          0        132   fnaninf.o
        10          0          0          0          0        116   fpinit.o
        10          0          0          0          0        116   fretinf.o
       100          0          0          0          0        116   retnan.o
        92          0          0          0          0        116   scalbn.o
        48          0          0          0          0        116   trapv.o
         0          0          0          0          0          0   usenofp.o
       256         26          0         36          0       3848   rt_nonfinite.o
       308         22          0          0          0       2701   rtgetinf.o
       200         18          0          0          0       1305   rtgetnan.o
       864         94         80          0          0        280   asin.o
       300         42          0          0          0        176   asinf.o
       744        106        152          0          0        352   atan.o
       496         64          0          0          0        192   atan2.o
       592         90          0          0          0        184   atan2f.o
       200         20          0          0          0        164   cos.o
       368         46         48          0          0        200   cos_i.o
       184         44          0          0          0        744   dunder.o
        44          0          0          0          0        248   fabs.o
       280         28          0          0          0        156   floor.o
        48          0          0          0          0        124   fpclassify.o
        38          0          0          0          0        116   fpclassifyf.o
        44         12          0          0          0        464   funder.o
       248          0          0          0          0        152   poly.o
      3152        296        136          0          0        352   pow.o
         0          0          8          0          0          0   qnan.o
      1080        142        200          0          0        188   rred.o
       200         20          0          0          0        164   sin.o
       304         24         40          0          0        208   sin_i.o
       232          0          0          0          0        296   sqrt.o
       120          0          0          0          0        272   sqrtf.o

    ----------------------------------------------------------------------
     14884       1374        664         36         96      17590   Library Totals
        24          4          0          0          0          0   (incl. Padding)

    ----------------------------------------------------------------------

      Code (inc. data)   RO Data    RW Data    ZI Data      Debug   Library Name

       858         20          0          0         96       1088   c_w.l
      3700        256          0          0          0       3616   fz_wm.l
       764         66          0         36          0       7854   kf_oldx.lib
      9538       1028        664          0          0       5032   m_wm.l

    ----------------------------------------------------------------------
     14884       1374        664         36         96      17590   Library Totals

    ----------------------------------------------------------------------

==============================================================================


      Code (inc. data)   RO Data    RW Data    ZI Data      Debug   

    166028       9704       3564       3628      19548     627552   Grand Totals
    166028       9704       3564       1592      19548     627552   ELF Image Totals (compressed)
    166028       9704       3564       1592          0          0   ROM Totals

==============================================================================

    Total RO  Size (Code + RO Data)               169592 ( 165.62kB)
    Total RW  Size (RW Data + ZI Data)             23176 (  22.63kB)
    Total ROM Size (Code + RO Data + RW Data)     171184 ( 167.17kB)

==============================================================================

