Component: ARM Compiler 5.06 update 2 (build 183) Tool: armlink [4d35b7]

==============================================================================

Section Cross References

    scheduler.o(.text) refers to time.o(.text) for Get_Cycle_T
    scheduler.o(.text) refers to f2d.o(x$fpl$f2d) for __aeabi_f2d
    scheduler.o(.text) refers to dleqf.o(x$fpl$dleqf) for __aeabi_cdcmple
    scheduler.o(.text) refers to drleqf.o(x$fpl$drleqf) for __aeabi_cdrcmple
    scheduler.o(.text) refers to mpu6050.o(.text) for MPU6050_Read
    scheduler.o(.text) refers to dflt_clz.o(x$fpl$dfltu) for __aeabi_ui2d
    scheduler.o(.text) refers to imu.o(.text) for IMUupdate
    scheduler.o(.text) refers to ctrl.o(.text) for CTRL_1
    scheduler.o(.text) refers to rc.o(.text) for RC_Duty
    scheduler.o(.text) refers to usart.o(.text) for GOL_LINK_TASK
    scheduler.o(.text) refers to stm32f4xx_dma.o(.text) for DMA_GetFlagStatus
    scheduler.o(.text) refers to data_transfer.o(.text) for ANO_DT_Data_Exchange
    scheduler.o(.text) refers to dmul.o(x$fpl$dmul) for __aeabi_dmul
    scheduler.o(.text) refers to dfix.o(x$fpl$dfix) for __aeabi_d2iz
    scheduler.o(.text) refers to scheduler.o(.bss) for loop
    scheduler.o(.text) refers to scheduler.o(.data) for inner_loop_time
    scheduler.o(.text) refers to mpu6050.o(.bss) for mpu6050_fc
    scheduler.o(.text) refers to imu.o(.data) for Pit_fc
    scheduler.o(.text) refers to usart.o(.data) for NAV_BOARD_CONNECT
    scheduler.o(.text) refers to fly_mode.o(.bss) for mode
    scheduler.o(.text) refers to ctrl.o(.bss) for ctrl_2
    scheduler.o(.text) refers to usart.o(.bss) for flow_debug
    scheduler.o(.text) refers to ddiv.o(x$fpl$ddiv) for __aeabi_ddiv
    scheduler.o(.text) refers to height_ctrl1.o(.data) for ultra_speed
    scheduler.o(.text) refers to height_ctrl1.o(.bss) for hc_value
    scheduler.o(.text) refers to bmp.o(.bss) for baro
    scheduler.o(.text) refers to bmp.o(.data) for baroAlt
    scheduler.o(.text) refers to ctrl.o(.data) for thr_value
    scheduler.o(.text) refers to alt_fushion.o(.data) for ALT_POS_SONAR2
    scheduler.o(.text) refers to alt_fushion.o(.bss) for acc_body
    scheduler.o(.text) refers to pos_ctrl.o(.bss) for nav_spd_ctrl
    scheduler.o(.text) refers to stm32f4xx_usart.o(.text) for USART_DMACmd
    scheduler.o(.text) refers to dma.o(.text) for MYDMA_Enable
    scheduler.o(.text) refers to d2f.o(x$fpl$d2f) for __aeabi_d2f
    scheduler.o(.text) refers to anotc_baro_ctrl.o(.text) for baro_ctrl
    scheduler.o(.text) refers to pos_ctrl.o(.text) for Positon_control
    scheduler.o(.text) refers to mymath.o(.text) for my_deathzoom_rc
    scheduler.o(.text) refers to rc.o(.bss) for RX_CH_FIX_PWM
    scheduler.o(.text) refers to rc.o(.data) for fly_ready
    scheduler.o(.text) refers to pos_ctrl.o(.data) for state_v
    scheduler.o(.text) refers to fly_mode.o(.text) for mode_check
    scheduler.o(.text) refers to ak8975.o(.text) for ANO_AK8975_Read
    scheduler.o(.text) refers to led.o(.text) for LEDRGB
    scheduler.o(.text) refers to time.o(.data) for time_1ms
    init.o(.text) refers to misc.o(.text) for NVIC_PriorityGroupConfig
    init.o(.text) refers to time.o(.text) for SysTick_Configuration
    init.o(.text) refers to i2c_soft.o(.text) for I2c_Soft_Init
    init.o(.text) refers to pwm_out.o(.text) for PWM_Out_Init
    init.o(.text) refers to mpu6050.o(.text) for MPU6050_Init
    init.o(.text) refers to led.o(.text) for LED_Init
    init.o(.text) refers to parameter.o(.text) for Para_Init
    init.o(.text) refers to ak8975.o(.text) for HMC5883L_SetUp
    init.o(.text) refers to bmp.o(.text) for MS5611_Init_FC
    init.o(.text) refers to usart.o(.text) for Usart1_Init
    init.o(.text) refers to dma.o(.text) for MYDMA_Config
    init.o(.text) refers to stm32f4xx_usart.o(.text) for USART_DMACmd
    init.o(.text) refers to flash.o(.text) for READ_PARM
    init.o(.text) refers to usart.o(.bss) for SendBuff1
    parameter.o(.text) refers to ctrl.o(.text) for Ctrl_Para_Init
    parameter.o(.text) refers to mpu6050.o(.bss) for mpu6050
    parameter.o(.text) refers to parameter.o(.bss) for sensor_setup
    parameter.o(.text) refers to ak8975.o(.data) for ak8975
    parameter.o(.text) refers to ctrl.o(.bss) for ctrl_1
    parameter.o(.text) refers to parameter.o(.constdata) for .constdata
    parameter.o(.text) refers to eso.o(.bss) for eso_att_inner_c
    parameter.o(.text) refers to parameter.o(.data) for flash_init_error
    fly_mode.o(.text) refers to usart.o(.bss) for Rc_Get_PWM
    fly_mode.o(.text) refers to height_ctrl1.o(.data) for height_ctrl_mode
    fly_mode.o(.text) refers to fly_mode.o(.bss) for mode
    fly_mode.o(.text) refers to fly_mode.o(.data) for mode_state
    main.o(.text) refers to init.o(.text) for All_Init
    main.o(.text) refers to scheduler.o(.text) for Duty_Loop
    main.o(.text) refers to main.o(.data) for Init_Finish
    stm32f4xx_it.o(.text) refers to time.o(.text) for sys_time
[...]
    MS561101BA_getPressure                   0x080236f7   Thumb Code   830  bmp.o(.text)
    MS5611_ThreadNew                         0x08023a35   Thumb Code   172  bmp.o(.text)
    WaitBaroInitOffset                       0x08023ae1   Thumb Code    58  bmp.o(.text)
    Ultrasonic_Init                          0x08023b6d   Thumb Code    12  ultrasonic.o(.text)
    Ultra_Duty                               0x08023b79   Thumb Code    80  ultrasonic.o(.text)
    sonar_filter_oldx                        0x08023bc9   Thumb Code   416  ultrasonic.o(.text)
    Ultra_Get                                0x08023d69   Thumb Code   152  ultrasonic.o(.text)
    baro_compensate                          0x08023e2d   Thumb Code   274  anotc_baro_ctrl.o(.text)
    fusion_prepare                           0x08023f3f   Thumb Code   178  anotc_baro_ctrl.o(.text)
    acc_fusion                               0x08023ff1   Thumb Code   388  anotc_baro_ctrl.o(.text)
    baro_ctrl                                0x08024175   Thumb Code   876  anotc_baro_ctrl.o(.text)
    rt_InitInfAndNaN                         0x08024529   Thumb Code    66  rt_nonfinite.o(.text)
    rtIsInf                                  0x0802456b   Thumb Code    66  rt_nonfinite.o(.text)
    rtIsInfF                                 0x080245ad   Thumb Code    40  rt_nonfinite.o(.text)
    rtIsNaN                                  0x080245d5   Thumb Code    40  rt_nonfinite.o(.text)
    rtIsNaNF                                 0x080245fd   Thumb Code    18  rt_nonfinite.o(.text)
    rtGetInfF                                0x08024629   Thumb Code    14  rtgetinf.o(.text)
    rtGetInf                                 0x08024637   Thumb Code   130  rtgetinf.o(.text)
    rtGetMinusInfF                           0x080246b9   Thumb Code    12  rtgetinf.o(.text)
    rtGetMinusInf                            0x080246c5   Thumb Code   130  rtgetinf.o(.text)
    rtGetNaNF                                0x0802475d   Thumb Code    48  rtgetnan.o(.text)
    rtGetNaN                                 0x0802478d   Thumb Code   134  rtgetnan.o(.text)
    __aeabi_ldivmod                          0x08024825   Thumb Code     0  llsdiv.o(.text)
    _ll_sdiv                                 0x08024825   Thumb Code    72  llsdiv.o(.text)
    __aeabi_memcpy4                          0x0802486d   Thumb Code     0  rt_memcpy_w.o(.text)
    __aeabi_memcpy8                          0x0802486d   Thumb Code     0  rt_memcpy_w.o(.text)
    __rt_memcpy_w                            0x0802486d   Thumb Code   100  rt_memcpy_w.o(.text)
    _memcpy_lastbytes_aligned                0x080248b5   Thumb Code     0  rt_memcpy_w.o(.text)
    __aeabi_memclr4                          0x080248d1   Thumb Code     0  rt_memclr_w.o(.text)
    __aeabi_memclr8                          0x080248d1   Thumb Code     0  rt_memclr_w.o(.text)
    __rt_memclr_w                            0x080248d1   Thumb Code    78  rt_memclr_w.o(.text)
    _memset_w                                0x080248d5   Thumb Code     0  rt_memclr_w.o(.text)
    __use_two_region_memory                  0x0802491f   Thumb Code     2  heapauxi.o(.text)
    __rt_heap_escrow$2region                 0x08024921   Thumb Code     2  heapauxi.o(.text)
    __rt_heap_expand$2region                 0x08024923   Thumb Code     2  heapauxi.o(.text)
    __aeabi_uldivmod                         0x08024925   Thumb Code     0  lludivv7m.o(.text)
    _ll_udiv                                 0x08024925   Thumb Code   238  lludivv7m.o(.text)
    __read_errno                             0x08024a13   Thumb Code    10  _rserrno.o(.text)
    __set_errno                              0x08024a1d   Thumb Code    12  _rserrno.o(.text)
    __aeabi_errno_addr                       0x08024a29   Thumb Code     8  rt_errno_addr_intlibspace.o(.text)
    __errno$intlibspace                      0x08024a29   Thumb Code     0  rt_errno_addr_intlibspace.o(.text)
    __rt_errno_addr$intlibspace              0x08024a29   Thumb Code     0  rt_errno_addr_intlibspace.o(.text)
    __user_libspace                          0x08024a31   Thumb Code     8  libspace.o(.text)
    __user_perproc_libspace                  0x08024a31   Thumb Code     0  libspace.o(.text)
    __user_perthread_libspace                0x08024a31   Thumb Code     0  libspace.o(.text)
    __user_setup_stackheap                   0x08024a39   Thumb Code    74  sys_stackheap_outer.o(.text)
    exit                                     0x08024a83   Thumb Code    18  exit.o(.text)
    _sys_exit                                0x08024a95   Thumb Code     8  sys_exit.o(.text)
    __I$use$semihosting                      0x08024aa1   Thumb Code     0  use_no_semi.o(.text)
    __use_no_semihosting_swi                 0x08024aa1   Thumb Code     2  use_no_semi.o(.text)
    __ARM_fpclassify                         0x08024aa3   Thumb Code    48  fpclassify.o(i.__ARM_fpclassify)
    __semihosting_library_function           0x08024aa3   Thumb Code     0  indicate_semi.o(.text)
    __ARM_fpclassifyf                        0x08024ad3   Thumb Code    38  fpclassifyf.o(i.__ARM_fpclassifyf)
    __hardfp_asin                            0x08024af9   Thumb Code   770  asin.o(i.__hardfp_asin)
    __hardfp_asinf                           0x08024e59   Thumb Code   258  asinf.o(i.__hardfp_asinf)
    __hardfp_atan                            0x08024f89   Thumb Code   622  atan.o(i.__hardfp_atan)
    __hardfp_atan2                           0x08025261   Thumb Code   432  atan2.o(i.__hardfp_atan2)
    __hardfp_atan2f                          0x08025451   Thumb Code   502  atan2f.o(i.__hardfp_atan2f)
    __hardfp_cos                             0x080256a1   Thumb Code   180  cos.o(i.__hardfp_cos)
    __hardfp_fabs                            0x08025769   Thumb Code    20  fabs.o(i.__hardfp_fabs)
    __hardfp_floor                           0x08025781   Thumb Code   252  floor.o(i.__hardfp_floor)
    __hardfp_pow                             0x08025899   Thumb Code  3072  pow.o(i.__hardfp_pow)
    __hardfp_sin                             0x080264e9   Thumb Code   180  sin.o(i.__hardfp_sin)
    __hardfp_sqrt                            0x080265b1   Thumb Code   122  sqrt.o(i.__hardfp_sqrt)
    __hardfp_sqrtf                           0x0802662b   Thumb Code    58  sqrtf.o(i.__hardfp_sqrtf)
    __ieee754_rem_pio2                       0x08026669   Thumb Code   938  rred.o(i.__ieee754_rem_pio2)
    __kernel_cos                             0x08026aa1   Thumb Code   322  cos_i.o(i.__kernel_cos)
    __kernel_poly                            0x08026c11   Thumb Code   248  poly.o(i.__kernel_poly)
    __kernel_sin                             0x08026d09   Thumb Code   280  sin_i.o(i.__kernel_sin)
    __mathlib_dbl_divzero                    0x08026e39   Thumb Code    28  dunder.o(i.__mathlib_dbl_divzero)
    __mathlib_dbl_infnan                     0x08026e69   Thumb Code    20  dunder.o(i.__mathlib_dbl_infnan)
    __mathlib_dbl_infnan2                    0x08026e7d   Thumb Code    20  dunder.o(i.__mathlib_dbl_infnan2)
    __mathlib_dbl_invalid                    0x08026e91   Thumb Code    24  dunder.o(i.__mathlib_dbl_invalid)
    __mathlib_dbl_overflow                   0x08026eb1   Thumb Code    24  dunder.o(i.__mathlib_dbl_overflow)
    __mathlib_dbl_underflow                  0x08026ed1   Thumb Code    24  dunder.o(i.__mathlib_dbl_underflow)
    __mathlib_flt_infnan                     0x08026ef1   Thumb Code     6  funder.o(i.__mathlib_flt_infnan)
    __mathlib_flt_infnan2                    0x08026ef7   Thumb Code     6  funder.o(i.__mathlib_flt_infnan2)
    __mathlib_flt_invalid                    0x08026efd   Thumb Code    10  funder.o(i.__mathlib_flt_invalid)
    __mathlib_flt_underflow                  0x08026f0d   Thumb Code    10  funder.o(i.__mathlib_flt_underflow)
    atan                                     0x08026f1d   Thumb Code    16  atan.o(i.atan)
    fabs                                     0x08026f2d   Thumb Code    24  fabs.o(i.fabs)
    sqrt                                     0x08026f45   Thumb Code   110  sqrt.o(i.sqrt)
    sqrtf                                    0x08026fb3   Thumb Code    62  sqrtf.o(i.sqrtf)
    __aeabi_dneg                             0x08026ff1   Thumb Code     0  basic.o(x$fpl$basic)
    _dneg                                    0x08026ff1   Thumb Code     6  basic.o(x$fpl$basic)
    __aeabi_fneg                             0x08026ff7   Thumb Code     0  basic.o(x$fpl$basic)
    _fneg                                    0x08026ff7   Thumb Code     6  basic.o(x$fpl$basic)
    _dabs                                    0x08026ffd   Thumb Code     6  basic.o(x$fpl$basic)
    _fabs                                    0x08027003   Thumb Code     6  basic.o(x$fpl$basic)
    __aeabi_d2f                              0x08027009   Thumb Code     0  d2f.o(x$fpl$d2f)
    _d2f                                     0x08027009   Thumb Code    98  d2f.o(x$fpl$d2f)
    __aeabi_dadd                             0x0802706d   Thumb Code     0  daddsub_clz.o(x$fpl$dadd)
    _dadd                                    0x0802706d   Thumb Code   332  daddsub_clz.o(x$fpl$dadd)
    __fpl_dcheck_NaN1                        0x080271bd   Thumb Code    10  dcheck1.o(x$fpl$dcheck1)
    __fpl_dcmp_Inf                           0x080271cd   Thumb Code    24  dcmpi.o(x$fpl$dcmpinf)
    __aeabi_ddiv                             0x080271e5   Thumb Code     0  ddiv.o(x$fpl$ddiv)
    _ddiv                                    0x080271e5   Thumb Code   552  ddiv.o(x$fpl$ddiv)
    __aeabi_cdcmpeq                          0x08027495   Thumb Code     0  deqf.o(x$fpl$deqf)
    _dcmpeq                                  0x08027495   Thumb Code   120  deqf.o(x$fpl$deqf)
    __aeabi_d2iz                             0x0802750d   Thumb Code     0  dfix.o(x$fpl$dfix)
    _dfix                                    0x0802750d   Thumb Code    94  dfix.o(x$fpl$dfix)
    __aeabi_i2d                              0x0802756b   Thumb Code     0  dflt_clz.o(x$fpl$dflt)
    _dflt                                    0x0802756b   Thumb Code    46  dflt_clz.o(x$fpl$dflt)
    __aeabi_ui2d                             0x08027599   Thumb Code     0  dflt_clz.o(x$fpl$dfltu)
    _dfltu                                   0x08027599   Thumb Code    38  dflt_clz.o(x$fpl$dfltu)
    __aeabi_cdcmple                          0x080275c1   Thumb Code     0  dleqf.o(x$fpl$dleqf)
    _dcmple                                  0x080275c1   Thumb Code   120  dleqf.o(x$fpl$dleqf)
    __fpl_dcmple_InfNaN                      0x08027623   Thumb Code     0  dleqf.o(x$fpl$dleqf)
    __aeabi_dmul                             0x08027639   Thumb Code     0  dmul.o(x$fpl$dmul)
    _dmul                                    0x08027639   Thumb Code   332  dmul.o(x$fpl$dmul)
    __fpl_dnaninf                            0x0802778d   Thumb Code   156  dnaninf.o(x$fpl$dnaninf)
    __fpl_dretinf                            0x08027829   Thumb Code    12  dretinf.o(x$fpl$dretinf)
    __aeabi_cdrcmple                         0x08027835   Thumb Code     0  drleqf.o(x$fpl$drleqf)
    _drcmple                                 0x08027835   Thumb Code   108  drleqf.o(x$fpl$drleqf)
    __aeabi_drsub                            0x080278a1   Thumb Code     0  daddsub_clz.o(x$fpl$drsb)
    _drsb                                    0x080278a1   Thumb Code    22  daddsub_clz.o(x$fpl$drsb)
    _dsqrt                                   0x080278b9   Thumb Code   404  dsqrt_umaal.o(x$fpl$dsqrt)
    __aeabi_dsub                             0x08027a51   Thumb Code     0  daddsub_clz.o(x$fpl$dsub)
    _dsub                                    0x08027a51   Thumb Code   464  daddsub_clz.o(x$fpl$dsub)
    __aeabi_f2d                              0x08027c25   Thumb Code     0  f2d.o(x$fpl$f2d)
    _f2d                                     0x08027c25   Thumb Code    86  f2d.o(x$fpl$f2d)
    __aeabi_ul2f                             0x08027c7b   Thumb Code     0  ffltll_clz.o(x$fpl$ffltll)
    _ll_uto_f                                0x08027c7b   Thumb Code     6  ffltll_clz.o(x$fpl$ffltll)
    __aeabi_l2f                              0x08027c81   Thumb Code     0  ffltll_clz.o(x$fpl$ffltll)
    _ll_sto_f                                0x08027c81   Thumb Code    90  ffltll_clz.o(x$fpl$ffltll)
    __fpl_fnaninf                            0x08027cdb   Thumb Code   140  fnaninf.o(x$fpl$fnaninf)
    _fp_init                                 0x08027d67   Thumb Code    10  fpinit.o(x$fpl$fpinit)
    __fplib_config_fpu_vfp                   0x08027d6f   Thumb Code     0  fpinit.o(x$fpl$fpinit)
    __fplib_config_pureend_doubles           0x08027d6f   Thumb Code     0  fpinit.o(x$fpl$fpinit)
    __fpl_fretinf                            0x08027d71   Thumb Code    10  fretinf.o(x$fpl$fretinf)
    __fpl_return_NaN                         0x08027d7b   Thumb Code   100  retnan.o(x$fpl$retnan)
    __ARM_scalbn                             0x08027ddf   Thumb Code    92  scalbn.o(x$fpl$scalbn)
    __fpl_cmpreturn                          0x08027e3b   Thumb Code    48  trapv.o(x$fpl$trapveneer)
    __I$use$fp                               0x08027e6a   Number         0  usenofp.o(x$fpl$usenofp)
    sinTable                                 0x08027f30   Data        2052  fastmath.o(.constdata)
    __mathlib_zero                           0x080289b8   Data           8  qnan.o(.constdata)
    Region$$Table$$Base                      0x08028ab0   Number         0  anon$$obj.o(Region$$Table)
    Region$$Table$$Limit                     0x08028ad0   Number         0  anon$$obj.o(Region$$Table)
    loop_cnt                                 0x20000000   Data           2  scheduler.o(.data)
    yaw_use_fc                               0x20000002   Data           1  scheduler.o(.data)
    inner_loop_time                          0x20000004   Data           4  scheduler.o(.data)
    inner_loop_time_yaw                      0x20000008   Data           4  scheduler.o(.data)
    Rol_fc1                                  0x2000000c   Data           4  scheduler.o(.data)
    Pit_fc1                                  0x20000010   Data           4  scheduler.o(.data)
    Yaw_fc1                                  0x20000014   Data           4  scheduler.o(.data)
    outer_loop_time                          0x20000018   Data           4  scheduler.o(.data)
    pos_time                                 0x2000001c   Data           4  scheduler.o(.data)
    baro_task_time                           0x20000020   Data           4  scheduler.o(.data)
    UART_UP_LOAD_SEL                         0x20000024   Data           1  scheduler.o(.data)
    force_flow_ble_debug                     0x20000025   Data           1  scheduler.o(.data)
    flash_init_error                         0x20000032   Data           1  parameter.o(.data)
    ero                                      0x20000033   Data           6  fly_mode.o(.data)
    mode_state                               0x20000039   Data           1  fly_mode.o(.data)
    mode_state_old                           0x2000003a   Data           1  fly_mode.o(.data)
    Init_Finish                              0x2000003b   Data           1  main.o(.data)
    motor_cal                                0x2000003c   Data           1  pwm_out.o(.data)
    BEEP_RATE                                0x2000003e   Data           2  pwm_out.o(.data)
    PMW_T                                    0x20000040   Data           1  pwm_out.o(.data)
    CH_out_Mapping                           0x20000041   Data           8  pwm_out.o(.data)
    sel                                      0x20000049   Data           1  pwm_out.o(.data)
    I2C_FastMode                             0x2000004a   Data           1  i2c_soft.o(.data)
    W25QXX_TYPE                              0x2000004c   Data           2  flash.o(.data)
    FLASH_SIZE                               0x20000050   Data           4  flash.o(.data)
    SONAR_HEIGHT                             0x20000054   Data           4  flash.o(.data)
    sysTickUptime                            0x20000058   Data           4  time.o(.data)
    time_1h                                  0x2000005c   Data           4  time.o(.data)
    time_1m                                  0x20000060   Data           4  time.o(.data)
    time_1s                                  0x20000064   Data           4  time.o(.data)
    time_1ms                                 0x20000068   Data           4  time.o(.data)
    SystemCoreClock                          0x2000007c   Data           4  system_stm32f4xx.o(.data)
    AHBPrescTable                            0x20000080   Data          16  system_stm32f4xx.o(.data)
    Roll                                     0x20000090   Data           4  imu.o(.data)
    Pitch                                    0x20000094   Data           4  imu.o(.data)
    Yaw                                      0x20000098   Data           4  imu.o(.data)
    Roll_mid_down                            0x2000009c   Data           4  imu.o(.data)
    Pitch_mid_down                           0x200000a0   Data           4  imu.o(.data)
    Yaw_mid_down                             0x200000a4   Data           4  imu.o(.data)
    Rol_fc                                   0x200000a8   Data           4  imu.o(.data)
    Pit_fc                                   0x200000ac   Data           4  imu.o(.data)
    Yaw_fc                                   0x200000b0   Data           4  imu.o(.data)
    ref_q                                    0x200000b4   Data          16  imu.o(.data)
    norm_acc                                 0x200000c4   Data           4  imu.o(.data)
    norm_q                                   0x200000c8   Data           4  imu.o(.data)
    norm_acc_lpf                             0x200000cc   Data           4  imu.o(.data)
    mag_norm                                 0x200000d0   Data           4  imu.o(.data)
    mag_norm_xyz                             0x200000d4   Data           4  imu.o(.data)
    acc_ng_cali                              0x200000d8   Data           1  imu.o(.data)
    yaw_mag                                  0x200000dc   Data           4  imu.o(.data)
    Yaw_fc_q                                 0x200000e0   Data           4  imu.o(.data)
    beta                                     0x200000e4   Data           4  imu.o(.data)
    q0_m_fc                                  0x200000e8   Data           4  imu.o(.data)
    q1_m_fc                                  0x200000ec   Data           4  imu.o(.data)
    q2_m_fc                                  0x200000f0   Data           4  imu.o(.data)
    q3_m_fc                                  0x200000f4   Data           4  imu.o(.data)
    q0_fc                                    0x200000f8   Data           4  imu.o(.data)
    q1_fc                                    0x200000fc   Data           4  imu.o(.data)
    q2_fc                                    0x20000100   Data           4  imu.o(.data)
    q3_fc                                    0x20000104   Data           4  imu.o(.data)
    ref_q_imd_down_fc                        0x20000108   Data          16  imu.o(.data)
    init_q                                   0x20000118   Data           1  imu.o(.data)
    ALT_POS_BMP                              0x20000128   Data           4  alt_fushion.o(.data)
    ALT_VEL_BMP                              0x2000012c   Data           4  alt_fushion.o(.data)
    ALT_POS_SONAR                            0x20000130   Data           4  alt_fushion.o(.data)
    ALT_VEL_SONAR                            0x20000134   Data           4  alt_fushion.o(.data)
    ALT_POS_SONAR2                           0x20000138   Data           4  alt_fushion.o(.data)
    ALT_POS_SONAR3                           0x2000013c   Data           4  alt_fushion.o(.data)
    ALT_POS_BMP_EKF                          0x20000140   Data           4  alt_fushion.o(.data)
    ALT_VEL_BMP_EKF                          0x20000144   Data           4  alt_fushion.o(.data)
    ALT_POS_BMP_UKF_OLDX                     0x20000148   Data           4  alt_fushion.o(.data)
    ALT_VEL_BMP_UKF_OLDX                     0x2000014c   Data           4  alt_fushion.o(.data)
    ALT_ACC_BMP_UKF_OLDX                     0x20000150   Data           4  alt_fushion.o(.data)
    P_baro                                   0x20000158   Data          72  alt_fushion.o(.data)
    P_barob                                  0x200001a0   Data         128  alt_fushion.o(.data)
    gh                                       0x20000220   Data           4  alt_fushion.o(.data)
    ga                                       0x20000224   Data           4  alt_fushion.o(.data)
    gwa                                      0x20000228   Data           4  alt_fushion.o(.data)
    P_kf_baro                                0x20000230   Data          72  alt_fushion.o(.data)
    r_baro_ukf                               0x20000278   Data          16  alt_fushion.o(.data)
    q_baro_ukf                               0x20000288   Data          16  alt_fushion.o(.data)
    dead_accz                                0x20000298   Data           4  alt_fushion.o(.data)
    acc_off_baro                             0x2000029c   Data           4  alt_fushion.o(.data)
    acc_scale_bmp                            0x200002a0   Data           4  alt_fushion.o(.data)
    k_flt_accz                               0x200002a4   Data           4  alt_fushion.o(.data)
    acc_bmp                                  0x200002a8   Data           4  alt_fushion.o(.data)
    X_apo_height                             0x200002ac   Data           8  alt_fushion.o(.data)
    P_apo_k_height                           0x200002b4   Data          16  alt_fushion.o(.data)
    k_bais                                   0x200002c4   Data           4  alt_fushion.o(.data)
    k_bais2                                  0x200002c8   Data           4  alt_fushion.o(.data)
    r_baro                                   0x200002cc   Data           4  alt_fushion.o(.data)
    r_acc                                    0x200002d0   Data           4  alt_fushion.o(.data)
    x_tst                                    0x200002d4   Data           8  alt_fushion.o(.data)
    p_tst                                    0x200002dc   Data           8  alt_fushion.o(.data)
    kf_tst                                   0x200002e4   Data           8  alt_fushion.o(.data)
    k_acc_bais                               0x200002ec   Data           4  alt_fushion.o(.data)
    w_z_baro                                 0x200002f0   Data           4  alt_fushion.o(.data)
    w_acc_bias                               0x200002f4   Data           4  alt_fushion.o(.data)
    flag_ero                                 0x200002f8   Data           4  alt_fushion.o(.data)
    Alt_Offset_m1                            0x200002fc   Data           4  alt_fushion.o(.data)
    en_bias_fix                              0x20000300   Data           4  alt_fushion.o(.data)
    flt_body_acc                             0x20000304   Data           4  alt_fushion.o(.data)
    k_body_acc                               0x20000308   Data           4  alt_fushion.o(.data)
    K_SONAR                                  0x2000030c   Data           4  alt_fushion.o(.data)
    acc_est                                  0x20000310   Data           4  alt_fushion.o(.data)
    acc_est_imu                              0x20000314   Data           4  alt_fushion.o(.data)
    fast_atan_table                          0x20000334   Data        1028  mymath.o(.data)
    inner_set                                0x20000744   Data           4  ctrl.o(.data)
    en_h_inf                                 0x20000748   Data           1  ctrl.o(.data)
    k_rc_gyro_spd                            0x2000074c   Data           4  ctrl.o(.data)
    thr_view                                 0x20000750   Data           4  ctrl.o(.data)
    thr_value                                0x20000754   Data           4  ctrl.o(.data)
    Thr_Low                                  0x20000758   Data           1  ctrl.o(.data)
    Thr_Weight                               0x2000075c   Data           4  ctrl.o(.data)
    force_Thr_low                            0x20000760   Data           1  ctrl.o(.data)
    motor_out                                0x20000762   Data           8  ctrl.o(.data)
    nav_circle                               0x20000778   Data           8  pos_ctrl.o(.data)
    nav_circle_last                          0x20000780   Data           8  pos_ctrl.o(.data)
    circle_check                             0x20000788   Data           4  pos_ctrl.o(.data)
    circle_lfp                               0x2000078c   Data           4  pos_ctrl.o(.data)
    k_back_step                              0x20000790   Data           4  pos_ctrl.o(.data)
    nav                                      0x20000794   Data           8  pos_ctrl.o(.data)
    GPS_angle                                0x2000079c   Data           8  pos_ctrl.o(.data)
    target_position                          0x200007a4   Data           8  pos_ctrl.o(.data)
    now_position                             0x200007ac   Data           8  pos_ctrl.o(.data)
    actual_speed                             0x200007b4   Data           8  pos_ctrl.o(.data)
    tar_speed                                0x200007bc   Data           8  pos_ctrl.o(.data)
    tar_speed_avoidc                         0x200007c4   Data           8  pos_ctrl.o(.data)
    d_flow_watch                             0x200007cc   Data           8  pos_ctrl.o(.data)
    integrator                               0x200007d4   Data           8  pos_ctrl.o(.data)
    k_break                                  0x200007dc   Data           4  pos_ctrl.o(.data)
    k_flt_break                              0x200007e0   Data           4  pos_ctrl.o(.data)
    cnt_sb_sample_max                        0x200007e4   Data           1  pos_ctrl.o(.data)
    scale_flow_rc                            0x200007e8   Data           4  pos_ctrl.o(.data)
    r_circle                                 0x200007ec   Data           4  pos_ctrl.o(.data)
    d_angle                                  0x200007f0   Data           4  pos_ctrl.o(.data)
    circle_angle                             0x200007f4   Data           4  pos_ctrl.o(.data)
    exp_center_cycle                         0x200007f8   Data          20  pos_ctrl.o(.data)
    line_test_num                            0x2000080c   Data           2  pos_ctrl.o(.data)
    tan_test_num                             0x2000080e   Data           4  pos_ctrl.o(.data)
    pos_exp_test                             0x20000812   Data           1  pos_ctrl.o(.data)
    yaw_qr_off                               0x20000814   Data           4  pos_ctrl.o(.data)
    out_timer_nav                            0x20000818   Data           4  pos_ctrl.o(.data)
    in_timer_nav                             0x2000081c   Data           4  pos_ctrl.o(.data)
    mode_change                              0x20000820   Data           1  pos_ctrl.o(.data)
    state_v                                  0x20000821   Data           1  pos_ctrl.o(.data)
    force_pass                               0x20000822   Data           1  pos_ctrl.o(.data)
    AUTO_UP_CUARVE                           0x20000824   Data          18  pos_ctrl.o(.data)
    AUTO_DOWN_CUARVE                         0x20000836   Data          12  pos_ctrl.o(.data)
    AUTO_DOWN_CUARVE1                        0x20000842   Data          12  pos_ctrl.o(.data)
    height_ctrl_mode                         0x200008a0   Data           1  height_ctrl1.o(.data)
    ultra_distance                           0x200008a4   Data           4  height_ctrl1.o(.data)
    exp_height                               0x200008a8   Data           4  height_ctrl1.o(.data)
    set_height_e                             0x200008ac   Data           4  height_ctrl1.o(.data)
    set_height_em                            0x200008b0   Data           4  height_ctrl1.o(.data)
    set_speed_t                              0x200008b4   Data           4  height_ctrl1.o(.data)
    set_speed                                0x200008b8   Data           4  height_ctrl1.o(.data)
    exp_speed                                0x200008bc   Data           4  height_ctrl1.o(.data)
    fb_speed                                 0x200008c0   Data           4  height_ctrl1.o(.data)
    exp_acc                                  0x200008c4   Data           4  height_ctrl1.o(.data)
    fb_acc                                   0x200008c8   Data           4  height_ctrl1.o(.data)
    fb_speed_old                             0x200008cc   Data           4  height_ctrl1.o(.data)
    rng_time1                                0x200008d0   Data           4  height_ctrl1.o(.data)
    HOLD_THR                                 0x200008d4   Data           4  height_ctrl1.o(.data)
    ALT_HOLD_THR_RANGE_SCALE                 0x200008d8   Data           4  height_ctrl1.o(.data)
    exp_spd_zv                               0x200008dc   Data           4  height_ctrl1.o(.data)
    thr_use                                  0x200008e0   Data           4  height_ctrl1.o(.data)
    thr_in_view                              0x200008e4   Data           4  height_ctrl1.o(.data)
    exp_height_speed                         0x200008e8   Data           4  height_ctrl1.o(.data)
    exp_height_speed_safe                    0x200008ec   Data           4  height_ctrl1.o(.data)
    exp_height_safe                          0x200008f0   Data           4  height_ctrl1.o(.data)
    ultra_speed                              0x200008f4   Data           4  height_ctrl1.o(.data)
    ultra_speed_safe                         0x200008f8   Data           4  height_ctrl1.o(.data)
    ultra_dis_lpf                            0x200008fc   Data           4  height_ctrl1.o(.data)
    ultra_dis_lpf_safe                       0x20000900   Data           4  height_ctrl1.o(.data)
    ultra_ctrl_out_safe                      0x20000904   Data           4  height_ctrl1.o(.data)
    ultra_ctrl_out                           0x20000908   Data           4  height_ctrl1.o(.data)
    ultra_ctrl_out_use                       0x2000090c   Data           4  height_ctrl1.o(.data)
    baro_speed_ano                           0x20000910   Data           4  height_ctrl1.o(.data)
    height_ctrl_out                          0x20000914   Data           4  height_ctrl1.o(.data)
    wz_acc                                   0x20000918   Data           4  height_ctrl1.o(.data)
    adrc_out                                 0x2000091c   Data           4  height_ctrl1.o(.data)
    baro_cnt                                 0x20000920   Data           4  height_ctrl1.o(.data)
    switch_r                                 0x20000924   Data           1  height_ctrl1.o(.data)
    wz_acc_ukf                               0x20000928   Data           4  height_ctrl1.o(.data)
    sonar_spd                                0x2000092c   Data           4  height_ctrl1.o(.data)
    BARO_HIHG_NUM                            0x20000930   Data           1  height_ctrl1.o(.data)
    baro_h_cnt                               0x20000932   Data           4  height_ctrl1.o(.data)
    baro_h_cnt1                              0x20000936   Data           4  height_ctrl1.o(.data)
    k_temp                                   0x2000093c   Data           4  height_ctrl1.o(.data)
    hs_ctrl_cnt_max                          0x20000940   Data           2  height_ctrl1.o(.data)
    hold_alt_flag                            0x20000942   Data           1  height_ctrl1.o(.data)
    out_timer_high                           0x20000944   Data           4  height_ctrl1.o(.data)
    in_timer_high                            0x20000948   Data           4  height_ctrl1.o(.data)
    baro_only_move                           0x2000094c   Data           4  height_ctrl1.o(.data)
    baro_only_move_flt                       0x20000950   Data           4  height_ctrl1.o(.data)
    ano_temp                                 0x20000954   Data           4  height_ctrl1.o(.data)
    k_acc_ukf                                0x20000958   Data           4  height_ctrl1.o(.data)
    mid_usp                                  0x2000095c   Data           1  height_ctrl1.o(.data)
    EN_TUO_ACC_FIX_H                         0x2000095d   Data           1  height_ctrl1.o(.data)
    off_inner                                0x20000960   Data           4  height_ctrl1.o(.data)
    wz_acc_ukf1                              0x20000964   Data           4  height_ctrl1.o(.data)
    wz_acc1                                  0x20000968   Data           4  height_ctrl1.o(.data)
    ultra_speed_bmp                          0x2000096c   Data           4  height_ctrl1.o(.data)
    tilted_fix1                              0x20000970   Data           4  height_ctrl1.o(.data)
    k_d                                      0x20000974   Data           4  height_ctrl1.o(.data)
    p1                                       0x20000978   Data           4  height_ctrl1.o(.data)
    p2                                       0x2000097c   Data           4  height_ctrl1.o(.data)
    speed_ctrl_sel                           0x20000980   Data           1  height_ctrl1.o(.data)
    speed_spd_sel                            0x20000981   Data           1  height_ctrl1.o(.data)
    wz_speed_old                             0x20000984   Data           4  height_ctrl1.o(.data)
    wz_acc_mms2                              0x20000988   Data           4  height_ctrl1.o(.data)
    height_thrv                              0x2000098c   Data           4  height_ctrl1.o(.data)
    wz_speed_pid_v_view                      0x20000990   Data           4  height_ctrl1.o(.data)
    wz_speed_pid_v_view_eso                  0x20000994   Data           4  height_ctrl1.o(.data)
    d_view                                   0x20000998   Data           4  height_ctrl1.o(.data)
    ero_view                                 0x2000099c   Data           8  height_ctrl1.o(.data)
    baro_ctrl_start                          0x200009a4   Data           1  height_ctrl1.o(.data)
    baro_height                              0x200009a8   Data           4  height_ctrl1.o(.data)
    ultra_sp_test                            0x200009ac   Data           8  height_ctrl1.o(.data)
    k_dh                                     0x200009b4   Data           4  height_ctrl1.o(.data)
    flt_eso                                  0x20000a08   Data           4  eso.o(.data)
    np                                       0x20000a0c   Data           4  eso.o(.data)
    L1                                       0x20000a10   Data           4  eso.o(.data)
    dt_flow_rx                               0x20000a48   Data           4  usart.o(.data)
    data_rate_gol_link                       0x20000a4c   Data           2  usart.o(.data)
    LOCK                                     0x20000a4e   Data           1  usart.o(.data)
    KEY                                      0x20000a4f   Data           8  usart.o(.data)
    KEY_SEL                                  0x20000a57   Data           4  usart.o(.data)
    NAV_BOARD_CONNECT                        0x20000a5b   Data           1  usart.o(.data)
    imu_loss_cnt                             0x20000a5c   Data           4  usart.o(.data)
    baro_matlab_data                         0x20000a60   Data           8  usart.o(.data)
    POS_UKF_X                                0x20000a68   Data           4  usart.o(.data)
    POS_UKF_Y                                0x20000a6c   Data           4  usart.o(.data)
    VEL_UKF_X                                0x20000a70   Data           4  usart.o(.data)
    VEL_UKF_Y                                0x20000a74   Data           4  usart.o(.data)
    k_scale_pix                              0x20000a78   Data           4  usart.o(.data)
    pos_kf_state                             0x20000a7c   Data           3  usart.o(.data)
    TxCounter                                0x20000a7f   Data           1  usart.o(.data)
    count                                    0x20000a80   Data           1  usart.o(.data)
    RxState                                  0x20000a81   Data           1  usart.o(.data)
    RxBufferNum                              0x20000a82   Data           1  usart.o(.data)
    RxBufferCnt                              0x20000a83   Data           1  usart.o(.data)
    RxLen                                    0x20000a84   Data           1  usart.o(.data)
    com_data                                 0x20000a85   Data           1  usart.o(.data)
    PWM_DJI                                  0x20000a88   Data           8  usart.o(.data)
    TxCounter5                               0x20000a90   Data           1  usart.o(.data)
    count5                                   0x20000a91   Data           1  usart.o(.data)
    RxState5                                 0x20000a92   Data           1  usart.o(.data)
    RxBufferNum5                             0x20000a93   Data           1  usart.o(.data)
    RxBufferCnt5                             0x20000a94   Data           1  usart.o(.data)
    RxLen5                                   0x20000a95   Data           1  usart.o(.data)
    BLE_UP1                                  0x20000a98   Data          20  usart.o(.data)
    BLE_TEST                                 0x20000aac   Data          20  usart.o(.data)
    BLE_BAUD                                 0x20000ac0   Data          20  usart.o(.data)
    BLE_RENEW                                0x20000ad4   Data          20  usart.o(.data)
    BLE_RATE                                 0x20000ae8   Data          20  usart.o(.data)
    SET_PIN                                  0x20000afc   Data          20  usart.o(.data)
    app_connect_fc_loss                      0x20000b10   Data           4  usart.o(.data)
    app_connect_fc                           0x20000b14   Data           1  usart.o(.data)
    lock_tx                                  0x20000b15   Data           1  usart.o(.data)
    RxState_app                              0x20000b16   Data           1  usart.o(.data)
    RxBufferNum_app                          0x20000b17   Data           1  usart.o(.data)
    RxBufferCnt_app                          0x20000b18   Data           1  usart.o(.data)
    RxLen_app                                0x20000b19   Data           1  usart.o(.data)
    time_rc                                  0x20000b1c   Data           4  usart.o(.data)
    rc_board_connect                         0x20000b20   Data           1  usart.o(.data)
    rc_board_connect_lose_cnt                0x20000b22   Data           2  usart.o(.data)
    RxState4                                 0x20000b24   Data           1  usart.o(.data)
    RxBufferNum4                             0x20000b25   Data           1  usart.o(.data)
    RxBufferCnt4                             0x20000b26   Data           1  usart.o(.data)
    RxLen4                                   0x20000b27   Data           1  usart.o(.data)
    rate_gps_board                           0x20000b2c   Data           4  usart.o(.data)
    RxState3                                 0x20000b30   Data           1  usart.o(.data)
    RxBufferNum3                             0x20000b31   Data           1  usart.o(.data)
    RxBufferCnt3                             0x20000b32   Data           1  usart.o(.data)
    RxLen3                                   0x20000b33   Data           1  usart.o(.data)
    Angle_Yun                                0x20000b38   Data           8  usart.o(.data)
    SendBuff1_cnt                            0x20000b40   Data           1  usart.o(.data)
    nrf_uart_cnt                             0x20000b42   Data           2  usart.o(.data)
    sd_pub_sel                               0x20000b44   Data           1  usart.o(.data)
    checkdata_to_send                        0x20000b6c   Data           1  data_transfer.o(.data)
    checksum_to_send                         0x20000b6d   Data           1  data_transfer.o(.data)
    fly_mode                                 0x20000b6e   Data           1  data_transfer.o(.data)
    off_flow_pos                             0x20000b70   Data           8  data_transfer.o(.data)
    flash_save_en_cnt                        0x20000b78   Data           2  data_transfer.o(.data)
    CH_in_Mapping                            0x20000b94   Data           8  rc.o(.data)
    rc_lose                                  0x20000b9c   Data           1  rc.o(.data)
    NS                                       0x20000b9d   Data           1  rc.o(.data)
    CH_Error                                 0x20000b9e   Data           8  rc.o(.data)
    NS_cnt                                   0x20000ba6   Data           2  rc.o(.data)
    MAX_CH                                   0x20000ba8   Data          16  rc.o(.data)
    MIN_CH                                   0x20000bb8   Data          16  rc.o(.data)
    CH_DIR                                   0x20000bc8   Data           8  rc.o(.data)
    filter_A                                 0x20000bd0   Data           4  rc.o(.data)
    fly_ready                                0x20000bd4   Data           1  rc.o(.data)
    thr_stick_low                            0x20000bd5   Data           1  rc.o(.data)
    ready_cnt                                0x20000bd6   Data           2  rc.o(.data)
    mag_cali_cnt                             0x20000bd8   Data           2  rc.o(.data)
    locked_cnt                               0x20000bda   Data           2  rc.o(.data)
    mpu6050_ok                               0x20000bdc   Data           1  mpu6050.o(.data)
    acc_sum_cnt                              0x20000bde   Data           2  mpu6050.o(.data)
    gyro_sum_cnt                             0x20000be0   Data           2  mpu6050.o(.data)
    filter_cnt                               0x20000be2   Data           1  mpu6050.o(.data)
    filter_cnt_old                           0x20000be3   Data           1  mpu6050.o(.data)
    test_ang                                 0x20000be4   Data           4  mpu6050.o(.data)
    test_ang_old                             0x20000be8   Data           4  mpu6050.o(.data)
    test_ang_d                               0x20000bec   Data           4  mpu6050.o(.data)
    test_fli_a                               0x20000bf0   Data           4  mpu6050.o(.data)
    test_i                                   0x20000bf4   Data           4  mpu6050.o(.data)
    ak8975                                   0x20000bf8   Data          48  ak8975.o(.data)
    ak8975_fc                                0x20000c28   Data          48  ak8975.o(.data)
    ak8975_ok                                0x20000ca8   Data           1  ak8975.o(.data)
    hml_fix                                  0x20000ca9   Data           1  ak8975.o(.data)
    Mag_CALIBRATED                           0x20000caa   Data           1  ak8975.o(.data)
    Mag_CALIBRATED_R                         0x20000cab   Data           1  ak8975.o(.data)
    HMC5883_lastx                            0x20000cac   Data           4  ak8975.o(.data)
    HMC5883_lasty                            0x20000cb0   Data           4  ak8975.o(.data)
    HMC5883_lastz                            0x20000cb4   Data           4  ak8975.o(.data)
    HMC5883_maxx                             0x20000cb8   Data           2  ak8975.o(.data)
    HMC5883_maxy                             0x20000cba   Data           2  ak8975.o(.data)
    HMC5883_maxz                             0x20000cbc   Data           2  ak8975.o(.data)
    HMC5883_minx                             0x20000cbe   Data           2  ak8975.o(.data)
    HMC5883_miny                             0x20000cc0   Data           2  ak8975.o(.data)
    HMC5883_minz                             0x20000cc2   Data           2  ak8975.o(.data)
    MS5611_Temperature                       0x20000cf8   Data           4  bmp.o(.data)
    MS5611_Pressure                          0x20000cfc   Data           4  bmp.o(.data)
    MS5611_Altitude                          0x20000d00   Data           4  bmp.o(.data)
    MS5611_VerticalSpeed                     0x20000d04   Data           4  bmp.o(.data)
    baro_alt_speed_ano                       0x20000d08   Data           4  bmp.o(.data)
    baroAlt                                  0x20000d0c   Data           4  bmp.o(.data)
    baroAlt_fc                               0x20000d10   Data           4  bmp.o(.data)
    baro_set                                 0x20000d14   Data           1  bmp.o(.data)
    paOffsetNum                              0x20000d30   Data           8  bmp.o(.data)
    paInitCnt                                0x20000d38   Data           2  bmp.o(.data)
    paOffsetInited                           0x20000d3a   Data           1  bmp.o(.data)
    Baro_ALT_Updated                         0x20000d3b   Data           1  bmp.o(.data)
    MS5611_Delay_us                          0x20000d3c   Data          36  bmp.o(.data)
    for_fly_ready                            0x20000d6e   Data           1  bmp.o(.data)
    angle_baro                               0x20000d70   Data           4  bmp.o(.data)
    ultra_start_f                            0x20000d86   Data           1  ultrasonic.o(.data)
    ultra_distance_old                       0x20000d88   Data           2  ultrasonic.o(.data)
    measure_num                              0x20000d8a   Data           1  ultrasonic.o(.data)
    sonar_av_cnt                             0x20000d8c   Data           2  anotc_baro_ctrl.o(.data)
    sonar_f_set                              0x20000d90   Data          24  anotc_baro_ctrl.o(.data)
    baro_av_cnt                              0x20000da8   Data           2  anotc_baro_ctrl.o(.data)
    baro_f_set                               0x20000dac   Data          24  anotc_baro_ctrl.o(.data)
    sonar_weight                             0x20000dc4   Data           4  anotc_baro_ctrl.o(.data)
    wz_speed                                 0x20000dc8   Data           4  anotc_baro_ctrl.o(.data)
    baro_com_val                             0x20000dcc   Data           4  anotc_baro_ctrl.o(.data)
    rtInf                                    0x20000de8   Data           8  rt_nonfinite.o(.data)
    rtMinusInf                               0x20000df0   Data           8  rt_nonfinite.o(.data)
    rtNaN                                    0x20000df8   Data           8  rt_nonfinite.o(.data)
    rtInfF                                   0x20000e00   Data           4  rt_nonfinite.o(.data)
    rtMinusInfF                              0x20000e04   Data           4  rt_nonfinite.o(.data)
    rtNaNF                                   0x20000e08   Data           4  rt_nonfinite.o(.data)
    Rc_Pwm_In                                0x20000e0c   Data          16  scheduler.o(.bss)
    loop                                     0x20000e1c   Data          16  scheduler.o(.bss)
    test                                     0x20000e2c   Data          20  scheduler.o(.bss)
    sensor_setup                             0x20000e40   Data          64  parameter.o(.bss)
    pid_setup                                0x20000e80   Data         192  parameter.o(.bss)
    mode_value                               0x20000f40   Data          10  fly_mode.o(.bss)
    mode                                     0x20000f4a   Data          86  fly_mode.o(.bss)
    W25QXX_BUFFER                            0x20000fa0   Data        4096  flash.o(.bss)
    FLASH_READ_BUF                           0x20001fa0   Data         100  flash.o(.bss)
    FLASH_Buffer                             0x20002004   Data         100  flash.o(.bss)
    Cycle_T                                  0x20002068   Data         360  time.o(.bss)
    reference_v                              0x200021d0   Data          12  imu.o(.bss)
    ref                                      0x200021dc   Data          60  imu.o(.bss)
    reference_vr_imd_down                    0x20002218   Data          12  imu.o(.bss)
    reference_vr                             0x20002224   Data          12  imu.o(.bss)
    q_nav                                    0x20002230   Data          16  imu.o(.bss)
    ref_q_imd_down                           0x20002240   Data          16  imu.o(.bss)
    mag_sim_3d                               0x20002250   Data          12  imu.o(.bss)
    acc_3d_hg                                0x2000225c   Data          12  imu.o(.bss)
    acc_ng                                   0x20002268   Data          12  imu.o(.bss)
    acc_ng_offset                            0x20002274   Data          12  imu.o(.bss)
    reference_vr_imd_down_fc                 0x20002280   Data          12  imu.o(.bss)
    X_ukf_baro                               0x20002298   Data          24  alt_fushion.o(.bss)
    X_ukf_barob                              0x200022b0   Data          32  alt_fushion.o(.bss)
    X_kf_baro                                0x200022d0   Data          24  alt_fushion.o(.bss)
    acc_body                                 0x200022e8   Data          12  alt_fushion.o(.bss)
    acc_bias                                 0x200022f4   Data          12  alt_fushion.o(.bss)
    accel_bias_corr                          0x20002300   Data          12  alt_fushion.o(.bss)
    e_R                                      0x2000230c   Data          12  quar.o(.bss)
    exp_angle                                0x20002318   Data          12  quar.o(.bss)
    ero_angle_px4                            0x20002324   Data          16  quar.o(.bss)
    angle_now                                0x20002334   Data          12  quar.o(.bss)
    Q_control                                0x20002340   Data          32  quar.o(.bss)
    R_control_set                            0x20002360   Data          36  quar.o(.bss)
    R_control_ero                            0x20002384   Data          36  quar.o(.bss)
    R_control_now                            0x200023a8   Data          36  quar.o(.bss)
    R_control_now_t                          0x200023cc   Data          36  quar.o(.bss)
    ctrl_1                                   0x200023f0   Data         196  ctrl.o(.bss)
    ctrl_2                                   0x200024b4   Data         196  ctrl.o(.bss)
    except_A                                 0x20002578   Data          12  ctrl.o(.bss)
    ctrl_angle_offset                        0x20002584   Data          12  ctrl.o(.bss)
    compensation                             0x20002590   Data          12  ctrl.o(.bss)
    except_AS                                0x2000259c   Data          12  ctrl.o(.bss)
    g_old                                    0x200025a8   Data          28  ctrl.o(.bss)
    motor                                    0x200025c4   Data          16  ctrl.o(.bss)
    posture_value                            0x200025d4   Data          16  ctrl.o(.bss)
    curve                                    0x200025e4   Data          16  ctrl.o(.bss)
    circle                                   0x200025f4   Data          88  pos_ctrl.o(.bss)
    track                                    0x2000264c   Data          88  pos_ctrl.o(.bss)
    marker                                   0x200026a4   Data          76  pos_ctrl.o(.bss)
    out_back_step                            0x200026f0   Data          12  pos_ctrl.o(.bss)
    acc_temp                                 0x200026fc   Data          12  pos_ctrl.o(.bss)
    nav_pos_pid                              0x20002708   Data          28  pos_ctrl.o(.bss)
    nav_spd_pid                              0x20002724   Data          28  pos_ctrl.o(.bss)
    nav_acc_pid                              0x20002740   Data          28  pos_ctrl.o(.bss)
    nav_pos_ctrl                             0x2000275c   Data          80  pos_ctrl.o(.bss)
    nav_spd_ctrl                             0x200027ac   Data          80  pos_ctrl.o(.bss)
    nav_acc_ctrl                             0x200027fc   Data          80  pos_ctrl.o(.bss)
    hc_value                                 0x20002860   Data          24  height_ctrl1.o(.bss)
    wz_speed_pid_v                           0x20002878   Data          36  height_ctrl1.o(.bss)
    wz_speed_pid_v_safe                      0x2000289c   Data          36  height_ctrl1.o(.bss)
    wz_speed_pid_v_eso                       0x200028c0   Data          36  height_ctrl1.o(.bss)
    ultra_ctrl                               0x200028e4   Data          36  height_ctrl1.o(.bss)
    ultra_ctrl_safe                          0x20002908   Data          36  height_ctrl1.o(.bss)
    wz_speed_pid                             0x2000292c   Data          16  height_ctrl1.o(.bss)
    wz_speed_pid_safe                        0x2000293c   Data          16  height_ctrl1.o(.bss)
    wz_speed_pid_use                         0x2000294c   Data          16  height_ctrl1.o(.bss)
    ultra_pid_safe                           0x2000295c   Data          16  height_ctrl1.o(.bss)
    ultra_pid                                0x2000296c   Data          16  height_ctrl1.o(.bss)
    ultra_pid_use                            0x2000297c   Data          16  height_ctrl1.o(.bss)
    baro_speed_arr                           0x2000298c   Data         204  height_ctrl1.o(.bss)
    baro_h_arr                               0x20002a58   Data         404  height_ctrl1.o(.bss)
    baro_h_arr1                              0x20002bec   Data         404  height_ctrl1.o(.bss)
    eso_att_outter_c                         0x20002d80   Data         576  eso.o(.bss)
    eso_att_inner_c                          0x20002fc0   Data         576  eso.o(.bss)
    eso_pos_spd                              0x20003200   Data         432  eso.o(.bss)
    eso_pos                                  0x200033b0   Data         432  eso.o(.bss)
    BLE_DEBUG                                0x20003560   Data          32  usart.o(.bss)
    m100                                     0x20003580   Data         100  usart.o(.bss)
    color                                    0x200035e4   Data          20  usart.o(.bss)
    HPID                                     0x200035f8   Data          18  usart.o(.bss)
    SPID                                     0x2000360a   Data          18  usart.o(.bss)
    FIX_PID                                  0x2000361c   Data          18  usart.o(.bss)
    NAV_PID                                  0x2000362e   Data          18  usart.o(.bss)
    HPID_app                                 0x20003640   Data          18  usart.o(.bss)
    SPID_app                                 0x20003652   Data          18  usart.o(.bss)
    FIX_PID_app                              0x20003664   Data          18  usart.o(.bss)
    NAV_PID_app                              0x20003676   Data          18  usart.o(.bss)
    pid                                      0x20003688   Data         320  usart.o(.bss)
    smart                                    0x200037c8   Data          52  usart.o(.bss)
    smart_in                                 0x200037fc   Data          52  usart.o(.bss)
    Rc_Get                                   0x20003830   Data          26  usart.o(.bss)
    Rc_Get_PWM                               0x2000384a   Data          26  usart.o(.bss)
    plane                                    0x20003864   Data         116  usart.o(.bss)
    slam                                     0x200038d8   Data          20  usart.o(.bss)
    imu_nav                                  0x200038ec   Data         100  usart.o(.bss)
    flow_debug                               0x20003950   Data          40  usart.o(.bss)
    flow_matlab_data                         0x20003978   Data          16  usart.o(.bss)
    uart_time                                0x20003988   Data          40  usart.o(.bss)
    TxBuffer                                 0x200039b0   Data         256  usart.o(.bss)
    Rx_Buf                                   0x20003ab0   Data         256  usart.o(.bss)
    RxBuffer                                 0x20003bb0   Data          50  usart.o(.bss)
    mark_map                                 0x20003be4   Data         200  usart.o(.bss)
    TxBuffer5                                0x20003cac   Data         256  usart.o(.bss)
    Rx_Buf5                                  0x20003dac   Data         256  usart.o(.bss)
    RxBuffer5                                0x20003eac   Data          50  usart.o(.bss)
    DEBUG                                    0x20003ee0   Data         140  usart.o(.bss)
    Rx_Buf_app                               0x20003f6c   Data         256  usart.o(.bss)
    RxBuffer_app                             0x2000406c   Data          50  usart.o(.bss)
    Rx_Buf4                                  0x2000409e   Data         256  usart.o(.bss)
    RxBuffer4                                0x2000419e   Data          50  usart.o(.bss)
    Rx_Buf3                                  0x200041d0   Data         256  usart.o(.bss)
    RxBuffer3                                0x200042d0   Data          50  usart.o(.bss)
    SendBuff1                                0x20004302   Data          96  usart.o(.bss)
    SendBuff2                                0x20004362   Data          40  usart.o(.bss)
    SendBuff3                                0x2000438a   Data          32  usart.o(.bss)
    SendBuff4                                0x200043aa   Data         192  usart.o(.bss)
    sd_save                                  0x2000446c   Data         300  usart.o(.bss)
    f                                        0x20004598   Data          21  data_transfer.o(.bss)
    data_to_send                             0x200045ad   Data          50  data_transfer.o(.bss)
    RX_CH                                    0x2000461c   Data          16  rc.o(.bss)
    CH                                       0x2000462c   Data          16  rc.o(.bss)
    RX_CH_PWM                                0x2000463c   Data          16  rc.o(.bss)
    RX_CH_FIX                                0x2000464c   Data          16  rc.o(.bss)
    RX_CH_FIX_PWM                            0x2000465c   Data          16  rc.o(.bss)
    CH_Old                                   0x2000466c   Data          32  rc.o(.bss)
    CH_filter                                0x2000468c   Data          32  rc.o(.bss)
    CH_filter_Old                            0x200046ac   Data          32  rc.o(.bss)
    CH_filter_D                              0x200046cc   Data          32  rc.o(.bss)
    CLR_CH_Error                             0x200046ec   Data          16  rc.o(.bss)
    mpu6050                                  0x2000470c   Data         128  mpu6050.o(.bss)
    mpu6050_fc                               0x2000478c   Data         128  mpu6050.o(.bss)
    mpu6050_buffer                           0x2000480c   Data          14  mpu6050.o(.bss)
    sum_temp                                 0x2000481c   Data          28  mpu6050.o(.bss)
    FILT_BUF                                 0x20004838   Data         154  mpu6050.o(.bss)
    mpu6050_tmp                              0x200048d4   Data          28  mpu6050.o(.bss)
    mpu_fil_tmp                              0x200048f0   Data          28  mpu6050.o(.bss)
    HMC5883_FIFO                             0x20004a00   Data          66  ak8975.o(.bss)
    baro                                     0x20004a50   Data          20  bmp.o(.bss)
    ultra                                    0x20004a70   Data          20  ultrasonic.o(.bss)
    Distance                                 0x20004a84   Data         100  ultrasonic.o(.bss)
    sonar_av_arr                             0x20004ae8   Data         200  anotc_baro_ctrl.o(.bss)
    sonar                                    0x20004bb0   Data          24  anotc_baro_ctrl.o(.bss)
    sonar_fusion                             0x20004bc8   Data          68  anotc_baro_ctrl.o(.bss)
    baro_av_arr                              0x20004c0c   Data         400  anotc_baro_ctrl.o(.bss)
    baro_p                                   0x20004d9c   Data          24  anotc_baro_ctrl.o(.bss)
    baro_fusion                              0x20004db4   Data          68  anotc_baro_ctrl.o(.bss)
    __libspace_start                         0x20004df8   Data          96  libspace.o(.bss)
    __temporary_stack_top$libspace           0x20004e58   Data           0  libspace.o(.bss)



==============================================================================

Memory Map of the image

  Image Entry point : 0x08000189

  Load Region LR_IROM1 (Base: 0x08000000, Size: 0x000298dc, Max: 0x00100000, ABSOLUTE, COMPRESSED[0x00029100])

    Execution Region ER_IROM1 (Base: 0x08000000, Size: 0x00028ad0, Max: 0x00100000, ABSOLUTE)

    Base Addr    Size         Type   Attr      Idx    E Section Name        Object

    0x08000000   0x00000188   Data   RO          802    RESET               startup_stm32f4xx.o
    0x08000188   0x00000008   Code   RO         1424  * !!!main             c_w.l(__main.o)
    0x08000190   0x00000034   Code   RO         1846    !!!scatter          c_w.l(__scatter.o)
    0x080001c4   0x0000005a   Code   RO         1844    !!dczerorl2         c_w.l(__dczerorl2.o)
    0x0800021e   0x00000002   PAD
    0x08000220   0x0000001c   Code   RO         1848    !!handler_zi        c_w.l(__scatter_zi.o)
    0x0800023c   0x00000002   Code   RO         1709    .ARM.Collect$$libinit$$00000000  c_w.l(libinit.o)
    0x0800023e   0x00000004   Code   RO         1718    .ARM.Collect$$libinit$$00000001  c_w.l(libinit2.o)
    0x08000242   0x00000000   Code   RO         1721    .ARM.Collect$$libinit$$00000004  c_w.l(libinit2.o)
    0x08000242   0x00000000   Code   RO         1724    .ARM.Collect$$libinit$$0000000A  c_w.l(libinit2.o)
    0x08000242   0x00000000   Code   RO         1726    .ARM.Collect$$libinit$$0000000C  c_w.l(libinit2.o)
    0x08000242   0x00000000   Code   RO         1728    .ARM.Collect$$libinit$$0000000E  c_w.l(libinit2.o)
    0x08000242   0x00000000   Code   RO         1731    .ARM.Collect$$libinit$$00000011  c_w.l(libinit2.o)
    0x08000242   0x00000000   Code   RO         1733    .ARM.Collect$$libinit$$00000013  c_w.l(libinit2.o)
    0x08000242   0x00000000   Code   RO         1735    .ARM.Collect$$libinit$$00000015  c_w.l(libinit2.o)
    0x08000242   0x00000000   Code   RO         1737    .ARM.Collect$$libinit$$00000017  c_w.l(libinit2.o)
    0x08000242   0x00000000   Code   RO         1739    .ARM.Collect$$libinit$$00000019  c_w.l(libinit2.o)
    0x08000242   0x00000000   Code   RO         1741    .ARM.Collect$$libinit$$0000001B  c_w.l(libinit2.o)
    0x08000242   0x00000000   Code   RO         1743    .ARM.Collect$$libinit$$0000001D  c_w.l(libinit2.o)
    0x08000242   0x00000000   Code   RO         1745    .ARM.Collect$$libinit$$0000001F  c_w.l(libinit2.o)
    0x08000242   0x00000000   Code   RO         1747    .ARM.Collect$$libinit$$00000021  c_w.l(libinit2.o)
    0x08000242   0x00000000   Code   RO         1749    .ARM.Collect$$libinit$$00000023  c_w.l(libinit2.o)
    0x08000242   0x00000000   Code   RO         1751    .ARM.Collect$$libinit$$00000025  c_w.l(libinit2.o)
    0x08000242   0x00000000   Code   RO         1755    .ARM.Collect$$libinit$$0000002C  c_w.l(libinit2.o)
    0x08000242   0x00000000   Code   RO         1757    .ARM.Collect$$libinit$$0000002E  c_w.l(libinit2.o)
    0x08000242   0x00000000   Code   RO         1759    .ARM.Collect$$libinit$$00000030  c_w.l(libinit2.o)
    0x08000242   0x00000000   Code   RO         1761    .ARM.Collect$$libinit$$00000032  c_w.l(libinit2.o)
    0x08000242   0x00000002   Code   RO         1762    .ARM.Collect$$libinit$$00000033  c_w.l(libinit2.o)
    0x08000244   0x00000002   Code   RO         1794    .ARM.Collect$$libshutdown$$00000000  c_w.l(libshutdown.o)
    0x08000246   0x00000000   Code   RO         1811    .ARM.Collect$$libshutdown$$00000002  c_w.l(libshutdown2.o)
    0x08000246   0x00000000   Code   RO         1813    .ARM.Collect$$libshutdown$$00000004  c_w.l(libshutdown2.o)
    0x08000246   0x00000000   Code   RO         1816    .ARM.Collect$$libshutdown$$00000007  c_w.l(libshutdown2.o)
    0x08000246   0x00000000   Code   RO         1819    .ARM.Collect$$libshutdown$$0000000A  c_w.l(libshutdown2.o)
    0x08000246   0x00000000   Code   RO         1821    .ARM.Collect$$libshutdown$$0000000C  c_w.l(libshutdown2.o)
    0x08000246   0x00000000   Code   RO         1824    .ARM.Collect$$libshutdown$$0000000F  c_w.l(libshutdown2.o)
    0x08000246   0x00000002   Code   RO         1825    .ARM.Collect$$libshutdown$$00000010  c_w.l(libshutdown2.o)
    0x08000248   0x00000000   Code   RO         1600    .ARM.Collect$$rtentry$$00000000  c_w.l(__rtentry.o)
    0x08000248   0x00000000   Code   RO         1670    .ARM.Collect$$rtentry$$00000002  c_w.l(__rtentry2.o)
    0x08000248   0x00000006   Code   RO         1682    .ARM.Collect$$rtentry$$00000004  c_w.l(__rtentry4.o)
    0x0800024e   0x00000000   Code   RO         1672    .ARM.Collect$$rtentry$$00000009  c_w.l(__rtentry2.o)
    0x0800024e   0x00000004   Code   RO         1673    .ARM.Collect$$rtentry$$0000000A  c_w.l(__rtentry2.o)
    0x08000252   0x00000000   Code   RO         1675    .ARM.Collect$$rtentry$$0000000C  c_w.l(__rtentry2.o)
    0x08000252   0x00000008   Code   RO         1676    .ARM.Collect$$rtentry$$0000000D  c_w.l(__rtentry2.o)
    0x0800025a   0x00000002   Code   RO         1712    .ARM.Collect$$rtexit$$00000000  c_w.l(rtexit.o)
    0x0800025c   0x00000000   Code   RO         1766    .ARM.Collect$$rtexit$$00000002  c_w.l(rtexit2.o)
    0x0800025c   0x00000004   Code   RO         1767    .ARM.Collect$$rtexit$$00000003  c_w.l(rtexit2.o)
    0x08000260   0x00000006   Code   RO         1768    .ARM.Collect$$rtexit$$00000004  c_w.l(rtexit2.o)
    0x08000266   0x00000002   PAD
    0x08000268   0x000013bc   Code   RO            2    .text               scheduler.o
    0x08001624   0x000000e4   Code   RO          216    .text               init.o
    0x08001708   0x00000370   Code   RO          249    .text               parameter.o
    0x08001a78   0x000000e8   Code   RO          302    .text               fly_mode.o
    0x08001b60   0x00000014   Code   RO          329    .text               main.o
    0x08001b74   0x0000002c   Code   RO          351    .text               stm32f4xx_it.o
    0x08001ba0   0x000003cc   Code   RO          367    .text               pwm_out.o
    0x08001f6c   0x00000424   Code   RO          437    .text               iic_hml.o
    0x08002390   0x000003a8   Code   RO          456    .text               i2c_soft.o
    0x08002738   0x0000006c   Code   RO          482    .text               led.o
    0x080027a4   0x00000a7c   Code   RO          503    .text               flash.o
    0x08003220   0x00000280   Code   RO          526    .text               time.o
    0x080034a0   0x000000e0   Code   RO          553    .text               misc.o
    0x08003580   0x000003a8   Code   RO          601    .text               stm32f4xx_dma.o
    0x08003928   0x000004bc   Code   RO          633    .text               stm32f4xx_flash.o
    0x08003de4   0x0000025c   Code   RO          649    .text               stm32f4xx_gpio.o
    0x08004040   0x00000588   Code   RO          697    .text               stm32f4xx_rcc.o
    0x080045c8   0x000003f8   Code   RO          715    .text               stm32f4xx_spi.o
    0x080049c0   0x00000ca2   Code   RO          747    .text               stm32f4xx_tim.o
    0x08005662   0x00000002   PAD
    0x08005664   0x0000041a   Code   RO          763    .text               stm32f4xx_usart.o
    0x08005a7e   0x00000002   PAD
    0x08005a80   0x00000210   Code   RO          779    .text               system_stm32f4xx.o
    0x08005c90   0x00000040   Code   RO          803    .text               startup_stm32f4xx.o
    0x08005cd0   0x000024e0   Code   RO          808    .text               imu.o
    0x080081b0   0x00000d10   Code   RO          843    .text               alt_fushion.o
    0x08008ec0   0x00000870   Code   RO          885    .text               mymath.o
    0x08009730   0x00000594   Code   RO          904    .text               filter.o
    0x08009cc4   0x000013f8   Code   RO          920    .text               fastmath.o
    0x0800b0bc   0x000021d0   Code   RO          936    .text               quar.o
    0x0800d28c   0x00001404   Code   RO          974    .text               kf_oldx_nav.o
    0x0800e690   0x00001eb8   Code   RO         1001    .text               ctrl.o
    0x08010548   0x000038a4   Code   RO         1024    .text               pos_ctrl.o
    0x08013dec   0x00001f04   Code   RO         1049    .text               height_ctrl1.o
    0x08015cf0   0x0000150c   Code   RO         1073    .text               eso.o
    0x080171fc   0x000089f0   Code   RO         1096    .text               usart.o
    0x0801fbec   0x00001dd8   Code   RO         1155    .text               data_transfer.o
    0x080219c4   0x0000066c   Code   RO         1179    .text               rc.o
    0x08022030   0x000000e8   Code   RO         1206    .text               dma.o
    0x08022118   0x00000998   Code   RO         1222    .text               mpu6050.o
    0x08022ab0   0x00000940   Code   RO         1246    .text               ak8975.o
    0x080233f0   0x0000077c   Code   RO         1276    .text               bmp.o
    0x08023b6c   0x000002c0   Code   RO         1307    .text               ultrasonic.o
    0x08023e2c   0x000006fc   Code   RO         1330    .text               anotc_baro_ctrl.o
    0x08024528   0x00000100   Code   RO         1356    .text               kf_oldx.lib(rt_nonfinite.o)
    0x08024628   0x00000134   Code   RO         1386    .text               kf_oldx.lib(rtgetinf.o)
    0x0802475c   0x000000c8   Code   RO         1402    .text               kf_oldx.lib(rtgetnan.o)
    0x08024824   0x00000048   Code   RO         1416    .text               c_w.l(llsdiv.o)
    0x0802486c   0x00000064   Code   RO         1418    .text               c_w.l(rt_memcpy_w.o)
    0x080248d0   0x0000004e   Code   RO         1420    .text               c_w.l(rt_memclr_w.o)
    0x0802491e   0x00000006   Code   RO         1422    .text               c_w.l(heapauxi.o)
    0x08024924   0x000000ee   Code   RO         1601    .text               c_w.l(lludivv7m.o)
    0x08024a12   0x00000016   Code   RO         1603    .text               c_w.l(_rserrno.o)
    0x08024a28   0x00000008   Code   RO         1691    .text               c_w.l(rt_errno_addr_intlibspace.o)
    0x08024a30   0x00000008   Code   RO         1695    .text               c_w.l(libspace.o)
    0x08024a38   0x0000004a   Code   RO         1698    .text               c_w.l(sys_stackheap_outer.o)
    0x08024a82   0x00000012   Code   RO         1702    .text               c_w.l(exit.o)
    0x08024a94   0x0000000c   Code   RO         1782    .text               c_w.l(sys_exit.o)
    0x08024aa0   0x00000002   Code   RO         1799    .text               c_w.l(use_no_semi.o)
    0x08024aa2   0x00000000   Code   RO         1801    .text               c_w.l(indicate_semi.o)
    0x08024aa2   0x00000030   Code   RO         1637    i.__ARM_fpclassify  m_wm.l(fpclassify.o)
    0x08024ad2   0x00000026   Code   RO         1639    i.__ARM_fpclassifyf  m_wm.l(fpclassifyf.o)
    0x08024af8   0x00000360   Code   RO         1462    i.__hardfp_asin     m_wm.l(asin.o)
    0x08024e58   0x0000012c   Code   RO         1476    i.__hardfp_asinf    m_wm.l(asinf.o)
    0x08024f84   0x00000004   PAD
    0x08024f88   0x000002d8   Code   RO         1488    i.__hardfp_atan     m_wm.l(atan.o)
    0x08025260   0x000001f0   Code   RO         1502    i.__hardfp_atan2    m_wm.l(atan2.o)
    0x08025450   0x00000250   Code   RO         1514    i.__hardfp_atan2f   m_wm.l(atan2f.o)
    0x080256a0   0x000000c8   Code   RO         1526    i.__hardfp_cos      m_wm.l(cos.o)
    0x08025768   0x00000014   Code   RO         1538    i.__hardfp_fabs     m_wm.l(fabs.o)
    0x0802577c   0x00000004   PAD
    0x08025780   0x00000118   Code   RO         1544    i.__hardfp_floor    m_wm.l(floor.o)
    0x08025898   0x00000c50   Code   RO         1550    i.__hardfp_pow      m_wm.l(pow.o)
    0x080264e8   0x000000c8   Code   RO         1564    i.__hardfp_sin      m_wm.l(sin.o)
    0x080265b0   0x0000007a   Code   RO         1576    i.__hardfp_sqrt     m_wm.l(sqrt.o)
    0x0802662a   0x0000003a   Code   RO         1588    i.__hardfp_sqrtf    m_wm.l(sqrtf.o)
    0x08026664   0x00000004   PAD
    0x08026668   0x00000438   Code   RO         1658    i.__ieee754_rem_pio2  m_wm.l(rred.o)
    0x08026aa0   0x00000170   Code   RO         1620    i.__kernel_cos      m_wm.l(cos_i.o)
    0x08026c10   0x000000f8   Code   RO         1655    i.__kernel_poly     m_wm.l(poly.o)
    0x08026d08   0x00000130   Code   RO         1663    i.__kernel_sin      m_wm.l(sin_i.o)
    0x08026e38   0x00000030   Code   RO         1623    i.__mathlib_dbl_divzero  m_wm.l(dunder.o)
    0x08026e68   0x00000014   Code   RO         1624    i.__mathlib_dbl_infnan  m_wm.l(dunder.o)
    0x08026e7c   0x00000014   Code   RO         1625    i.__mathlib_dbl_infnan2  m_wm.l(dunder.o)
    0x08026e90   0x00000020   Code   RO         1626    i.__mathlib_dbl_invalid  m_wm.l(dunder.o)
    0x08026eb0   0x00000020   Code   RO         1627    i.__mathlib_dbl_overflow  m_wm.l(dunder.o)
    0x08026ed0   0x00000020   Code   RO         1629    i.__mathlib_dbl_underflow  m_wm.l(dunder.o)
    0x08026ef0   0x00000006   Code   RO         1642    i.__mathlib_flt_infnan  m_wm.l(funder.o)
    0x08026ef6   0x00000006   Code   RO         1643    i.__mathlib_flt_infnan2  m_wm.l(funder.o)
    0x08026efc   0x00000010   Code   RO         1644    i.__mathlib_flt_invalid  m_wm.l(funder.o)
    0x08026f0c   0x00000010   Code   RO         1647    i.__mathlib_flt_underflow  m_wm.l(funder.o)
    0x08026f1c   0x00000010   Code   RO         1490    i.atan              m_wm.l(atan.o)
    0x08026f2c   0x00000018   Code   RO         1540    i.fabs              m_wm.l(fabs.o)
    0x08026f44   0x0000006e   Code   RO         1578    i.sqrt              m_wm.l(sqrt.o)
    0x08026fb2   0x0000003e   Code   RO         1590    i.sqrtf             m_wm.l(sqrtf.o)
    0x08026ff0   0x00000018   Code   RO         1426    x$fpl$basic         fz_wm.l(basic.o)
    0x08027008   0x00000062   Code   RO         1428    x$fpl$d2f           fz_wm.l(d2f.o)
    0x0802706a   0x00000002   PAD
    0x0802706c   0x00000150   Code   RO         1430    x$fpl$dadd          fz_wm.l(daddsub_clz.o)
    0x080271bc   0x00000010   Code   RO         1693    x$fpl$dcheck1       fz_wm.l(dcheck1.o)
    0x080271cc   0x00000018   Code   RO         1605    x$fpl$dcmpinf       fz_wm.l(dcmpi.o)
    0x080271e4   0x000002b0   Code   RO         1437    x$fpl$ddiv          fz_wm.l(ddiv.o)
    0x08027494   0x00000078   Code   RO         1440    x$fpl$deqf          fz_wm.l(deqf.o)
    0x0802750c   0x0000005e   Code   RO         1442    x$fpl$dfix          fz_wm.l(dfix.o)
    0x0802756a   0x0000002e   Code   RO         1447    x$fpl$dflt          fz_wm.l(dflt_clz.o)
    0x08027598   0x00000026   Code   RO         1446    x$fpl$dfltu         fz_wm.l(dflt_clz.o)
    0x080275be   0x00000002   PAD
    0x080275c0   0x00000078   Code   RO         1452    x$fpl$dleqf         fz_wm.l(dleqf.o)
    0x08027638   0x00000154   Code   RO         1454    x$fpl$dmul          fz_wm.l(dmul.o)
    0x0802778c   0x0000009c   Code   RO         1607    x$fpl$dnaninf       fz_wm.l(dnaninf.o)
    0x08027828   0x0000000c   Code   RO         1609    x$fpl$dretinf       fz_wm.l(dretinf.o)
    0x08027834   0x0000006c   Code   RO         1456    x$fpl$drleqf        fz_wm.l(drleqf.o)
    0x080278a0   0x00000016   Code   RO         1431    x$fpl$drsb          fz_wm.l(daddsub_clz.o)
    0x080278b6   0x00000002   PAD
    0x080278b8   0x00000198   Code   RO         1611    x$fpl$dsqrt         fz_wm.l(dsqrt_umaal.o)
    0x08027a50   0x000001d4   Code   RO         1432    x$fpl$dsub          fz_wm.l(daddsub_clz.o)
    0x08027c24   0x00000056   Code   RO         1458    x$fpl$f2d           fz_wm.l(f2d.o)
    0x08027c7a   0x00000060   Code   RO         1460    x$fpl$ffltll        fz_wm.l(ffltll_clz.o)
    0x08027cda   0x0000008c   Code   RO         1613    x$fpl$fnaninf       fz_wm.l(fnaninf.o)
    0x08027d66   0x0000000a   Code   RO         1780    x$fpl$fpinit        fz_wm.l(fpinit.o)
    0x08027d70   0x0000000a   Code   RO         1615    x$fpl$fretinf       fz_wm.l(fretinf.o)
    0x08027d7a   0x00000064   Code   RO         1710    x$fpl$retnan        fz_wm.l(retnan.o)
    0x08027dde   0x0000005c   Code   RO         1617    x$fpl$scalbn        fz_wm.l(scalbn.o)
    0x08027e3a   0x00000030   Code   RO         1763    x$fpl$trapveneer    fz_wm.l(trapv.o)
    0x08027e6a   0x00000000   Code   RO         1619    x$fpl$usenofp       fz_wm.l(usenofp.o)
    0x08027e6a   0x00000002   PAD
    0x08027e6c   0x00000030   Data   RO          251    .constdata          parameter.o
    0x08027e9c   0x00000004   PAD
    0x08027ea0   0x00000090   Data   RO          845    .constdata          alt_fushion.o
    0x08027f30   0x00000880   Data   RO          921    .constdata          fastmath.o
    0x080287b0   0x00000024   Data   RO          938    .constdata          quar.o
    0x080287d4   0x00000004   PAD
    0x080287d8   0x0000003c   Data   RO          975    .constdata          kf_oldx_nav.o
    0x08028814   0x00000004   Data   RO         1026    .constdata          pos_ctrl.o
    0x08028818   0x00000050   Data   RO         1465    .constdata          m_wm.l(asin.o)
    0x08028868   0x00000098   Data   RO         1491    .constdata          m_wm.l(atan.o)
    0x08028900   0x00000088   Data   RO         1553    .constdata          m_wm.l(pow.o)
    0x08028988   0x00000030   Data   RO         1621    .constdata          m_wm.l(cos_i.o)
    0x080289b8   0x00000008   Data   RO         1657    .constdata          m_wm.l(qnan.o)
    0x080289c0   0x000000c8   Data   RO         1660    .constdata          m_wm.l(rred.o)
    0x08028a88   0x00000028   Data   RO         1664    .constdata          m_wm.l(sin_i.o)
    0x08028ab0   0x00000020   Data   RO         1842    Region$$Table       anon$$obj.o


    Execution Region RW_IRAM1 (Base: 0x20000000, Size: 0x00005a58, Max: 0x00020000, ABSOLUTE, COMPRESSED[0x00000630])

    Base Addr    Size         Type   Attr      Idx    E Section Name        Object

    0x20000000   0x00000032   Data   RW            4    .data               scheduler.o
    0x20000032   0x00000001   Data   RW          252    .data               parameter.o
    0x20000033   0x00000008   Data   RW          304    .data               fly_mode.o
    0x2000003b   0x00000001   Data   RW          330    .data               main.o
    0x2000003c   0x0000000e   Data   RW          368    .data               pwm_out.o
    0x2000004a   0x00000001   Data   RW          457    .data               i2c_soft.o
    0x2000004b   0x00000001   Data   RW          483    .data               led.o
    0x2000004c   0x0000000c   Data   RW          505    .data               flash.o
    0x20000058   0x00000014   Data   RW          528    .data               time.o
    0x2000006c   0x00000010   Data   RW          698    .data               stm32f4xx_rcc.o
    0x2000007c   0x00000014   Data   RW          780    .data               system_stm32f4xx.o
    0x20000090   0x00000092   Data   RW          810    .data               imu.o
    0x20000122   0x00000006   PAD
    0x20000128   0x0000020c   Data   RW          846    .data               alt_fushion.o
    0x20000334   0x00000404   Data   RW          886    .data               mymath.o
    0x20000738   0x0000000c   Data   RW          905    .data               filter.o
    0x20000744   0x00000034   Data   RW         1003    .data               ctrl.o
    0x20000778   0x00000126   Data   RW         1027    .data               pos_ctrl.o
    0x2000089e   0x00000002   PAD
    0x200008a0   0x00000168   Data   RW         1051    .data               height_ctrl1.o
    0x20000a08   0x00000040   Data   RW         1075    .data               eso.o
    0x20000a48   0x00000124   Data   RW         1098    .data               usart.o
    0x20000b6c   0x00000027   Data   RW         1157    .data               data_transfer.o
    0x20000b93   0x00000001   PAD
    0x20000b94   0x00000048   Data   RW         1181    .data               rc.o
    0x20000bdc   0x0000001c   Data   RW         1224    .data               mpu6050.o
    0x20000bf8   0x00000100   Data   RW         1248    .data               ak8975.o
    0x20000cf8   0x0000008d   Data   RW         1278    .data               bmp.o
    0x20000d85   0x00000001   PAD
    0x20000d86   0x00000006   Data   RW         1309    .data               ultrasonic.o
    0x20000d8c   0x00000058   Data   RW         1332    .data               anotc_baro_ctrl.o
    0x20000de4   0x00000004   PAD
    0x20000de8   0x00000024   Data   RW         1357    .data               kf_oldx.lib(rt_nonfinite.o)
    0x20000e0c   0x00000034   Zero   RW            3    .bss                scheduler.o
    0x20000e40   0x00000100   Zero   RW          250    .bss                parameter.o
    0x20000f40   0x00000060   Zero   RW          303    .bss                fly_mode.o
    0x20000fa0   0x000010c8   Zero   RW          504    .bss                flash.o
    0x20002068   0x00000168   Zero   RW          527    .bss                time.o
    0x200021d0   0x000000c8   Zero   RW          809    .bss                imu.o
    0x20002298   0x00000074   Zero   RW          844    .bss                alt_fushion.o
    0x2000230c   0x000000e4   Zero   RW          937    .bss                quar.o
    0x200023f0   0x00000204   Zero   RW         1002    .bss                ctrl.o
    0x200025f4   0x0000026c   Zero   RW         1025    .bss                pos_ctrl.o
    0x20002860   0x00000520   Zero   RW         1050    .bss                height_ctrl1.o
    0x20002d80   0x000007e0   Zero   RW         1074    .bss                eso.o
    0x20003560   0x00001038   Zero   RW         1097    .bss                usart.o
    0x20004598   0x00000083   Zero   RW         1156    .bss                data_transfer.o
    0x2000461b   0x00000001   PAD
    0x2000461c   0x000000f0   Zero   RW         1180    .bss                rc.o
    0x2000470c   0x00000200   Zero   RW         1223    .bss                mpu6050.o
    0x2000490c   0x00000004   PAD
    0x20004910   0x00000140   Zero   RW         1247    .bss                ak8975.o
    0x20004a50   0x00000020   Zero   RW         1277    .bss                bmp.o
    0x20004a70   0x00000078   Zero   RW         1308    .bss                ultrasonic.o
    0x20004ae8   0x00000310   Zero   RW         1331    .bss                anotc_baro_ctrl.o
    0x20004df8   0x00000060   Zero   RW         1696    .bss                c_w.l(libspace.o)
    0x20004e58   0x00000400   Zero   RW          801    HEAP                startup_stm32f4xx.o
    0x20005258   0x00000800   Zero   RW          800    STACK               startup_stm32f4xx.o


==============================================================================

Image component sizes


      Code (inc. data)   RO Data    RW Data    ZI Data      Debug   Object Name

      2368        122          0        256        320       8353   ak8975.o
      3344        360        144        524        116      10220   alt_fushion.o
      1788        170          0         88        784       6363   anotc_baro_ctrl.o
      1916        182          0        141         32       7043   bmp.o
      7864        506          0         52        516       5669   ctrl.o
      7640        394          0         39        131      12927   data_transfer.o
       232          4          0          0          0       1380   dma.o
      5388        194          0         64       2016      10664   eso.o
      5112        288       2176          0          0      11903   fastmath.o
      1428         36          0         12          0       3755   filter.o
      2684        148          0         12       4296       7396   flash.o
       232         28          0          8         96      10693   fly_mode.o
      7940        846          0        360       1312      10631   height_ctrl1.o
       936         10          0          1          0       4478   i2c_soft.o
      1060         14          0          0          0       4755   iic_hml.o
      9440        392          0        146        200       9532   imu.o
       228         28          0          0          0        591   init.o
      5124        146         60          0          0       3879   kf_oldx_nav.o
       108         10          0          1          0        642   led.o
        20          4          0          1          0        653   main.o
       224         20          0          0          0       1925   misc.o
      2456        118          0         28        512      16662   mpu6050.o
      2160        152          0       1028          0       6825   mymath.o
       880         38         48          1        256       4266   parameter.o
     14500       1092          4        294        620      11711   pos_ctrl.o
       972         30          0         14          0       3651   pwm_out.o
      8656        150         36          0        228      12048   quar.o
      1644        148          0         72        240       3603   rc.o
      5052        532          0         50         52     299750   scheduler.o
        64         26        392          0       3072        888   startup_stm32f4xx.o
       936         32          0          0          0       6501   stm32f4xx_dma.o
      1212         26          0          0          0       7193   stm32f4xx_flash.o
       604         36          0          0          0       4229   stm32f4xx_gpio.o
        44          4          0          0          0       1349   stm32f4xx_it.o
      1416         48          0         16          0      11159   stm32f4xx_rcc.o
      1016         22          0          0          0       6953   stm32f4xx_spi.o
      3234         60          0          0          0      23124   stm32f4xx_tim.o
      1050         26          0          0          0       7968   stm32f4xx_usart.o
       528         46          0         20          0       1987   system_stm32f4xx.o
       640         38          0         20        360      21388   time.o
       704         44          0          6        120       2231   ultrasonic.o
     35312       1574          0        292       4152      36480   usart.o

    ----------------------------------------------------------------------
    148160       8144       2900       3560      19436     623418   Object Totals
         0          0         32          0          0          0   (incl. Generated)
         4          0          8         14          5          0   (incl. Padding)

    ----------------------------------------------------------------------

      Code (inc. data)   RO Data    RW Data    ZI Data      Debug   Library Member Name

        90          0          0          0          0          0   __dczerorl2.o
         8          0          0          0          0         68   __main.o
         0          0          0          0          0          0   __rtentry.o
        12          0          0          0          0          0   __rtentry2.o
         6          0          0          0          0          0   __rtentry4.o
        52          8          0          0          0          0   __scatter.o
        28          0          0          0          0          0   __scatter_zi.o
        22          0          0          0          0        100   _rserrno.o
        18          0          0          0          0         80   exit.o
         6          0          0          0          0        152   heapauxi.o
         0          0          0          0          0          0   indicate_semi.o
         2          0          0          0          0          0   libinit.o
         6          0          0          0          0          0   libinit2.o
         2          0          0          0          0          0   libshutdown.o
         2          0          0          0          0          0   libshutdown2.o
         8          4          0          0         96         68   libspace.o
        72          0          0          0          0         76   llsdiv.o
       238          0          0          0          0        100   lludivv7m.o
         8          4          0          0          0         68   rt_errno_addr_intlibspace.o
        78          0          0          0          0         80   rt_memclr_w.o
       100          0          0          0          0         80   rt_memcpy_w.o
         2          0          0          0          0          0   rtexit.o
        10          0          0          0          0          0   rtexit2.o
        12          4          0          0          0         68   sys_exit.o
        74          0          0          0          0         80   sys_stackheap_outer.o
         2          0          0          0          0         68   use_no_semi.o
        24          0          0          0          0        164   basic.o
        98          4          0          0          0        140   d2f.o
       826         16          0          0          0        492   daddsub_clz.o
        16          4          0          0          0        116   dcheck1.o
        24          0          0          0          0        116   dcmpi.o
       688        140          0          0          0        256   ddiv.o
       120          4          0          0          0        140   deqf.o
        94          4          0          0          0        140   dfix.o
        84          0          0          0          0        232   dflt_clz.o
       120          4          0          0          0        140   dleqf.o
       340         12          0          0          0        152   dmul.o
       156          4          0          0          0        140   dnaninf.o
        12          0          0          0          0        116   dretinf.o
       108          0          0          0          0        128   drleqf.o
       408         56          0          0          0        168   dsqrt_umaal.o
        86          4          0          0          0        132   f2d.o
        96          0          0          0          0        132   ffltll_clz.o
       140          4          0          0          0        132   fnaninf.o
        10          0          0          0          0        116   fpinit.o
        10          0          0          0          0        116   fretinf.o
       100          0          0          0          0        116   retnan.o
        92          0          0          0          0        116   scalbn.o
        48          0          0          0          0        116   trapv.o
         0          0          0          0          0          0   usenofp.o
       256         26          0         36          0       3848   rt_nonfinite.o
       308         22          0          0          0       2701   rtgetinf.o
       200         18          0          0          0       1305   rtgetnan.o
       864         94         80          0          0        280   asin.o
       300         42          0          0          0        176   asinf.o
       744        106        152          0          0        352   atan.o
       496         64          0          0          0        192   atan2.o
       592         90          0          0          0        184   atan2f.o
       200         20          0          0          0        164   cos.o
       368         46         48          0          0        200   cos_i.o
       184         44          0          0          0        744   dunder.o
        44          0          0          0          0        248   fabs.o
       280         28          0          0          0        156   floor.o
        48          0          0          0          0        124   fpclassify.o
        38          0          0          0          0        116   fpclassifyf.o
        44         12          0          0          0        464   funder.o
       248          0          0          0          0        152   poly.o
      3152        296        136          0          0        352   pow.o
         0          0          8          0          0          0   qnan.o
      1080        142        200          0          0        188   rred.o
       200         20          0          0          0        164   sin.o
       304         24         40          0          0        208   sin_i.o
       232          0          0          0          0        296   sqrt.o
       120          0          0          0          0        272   sqrtf.o

    ----------------------------------------------------------------------
     14884       1374        664         36         96      17590   Library Totals
        24          4          0          0          0          0   (incl. Padding)

    ----------------------------------------------------------------------

      Code (inc. data)   RO Data    RW Data    ZI Data      Debug   Library Name

       858         20          0          0         96       1088   c_w.l
      3700        256          0          0          0       3616   fz_wm.l
       764         66          0         36          0       7854   kf_oldx.lib
      9538       1028        664          0          0       5032   m_wm.l

    ----------------------------------------------------------------------
     14884       1374        664         36         96      17590   Library Totals

    ----------------------------------------------------------------------

==============================================================================


      Code (inc. data)   RO Data    RW Data    ZI Data      Debug   

    163044       9518       3564       3596      19532     625240   Grand Totals
    163044       9518       3564       1584      19532     625240   ELF Image Totals (compressed)
    163044       9518       3564       1584          0          0   ROM Totals

==============================================================================

    Total RO  Size (Code + RO Data)               166608 ( 162.70kB)
    Total RW  Size (RW Data + ZI Data)             23128 (  22.59kB)
    Total ROM Size (Code + RO Data + RW Data)     168192 ( 164.25kB)

==============================================================================

