Component: ARM Compiler 5.06 update 2 (build 183) Tool: armlink [4d35b7]

==============================================================================

Section Cross References

    scheduler.o(.text) refers to bmp.o(.text) for MS5611_ThreadNew
    scheduler.o(.text) refers to time.o(.text) for Get_Cycle_T
    scheduler.o(.text) refers to f2d.o(x$fpl$f2d) for __aeabi_f2d
    scheduler.o(.text) refers to dleqf.o(x$fpl$dleqf) for __aeabi_cdcmple
    scheduler.o(.text) refers to drleqf.o(x$fpl$drleqf) for __aeabi_cdrcmple
    scheduler.o(.text) refers to mpu6050.o(.text) for MPU6050_Read
    scheduler.o(.text) refers to dflt_clz.o(x$fpl$dfltu) for __aeabi_ui2d
    scheduler.o(.text) refers to imu.o(.text) for IMUupdate
    scheduler.o(.text) refers to ctrl.o(.text) for CTRL_1
    scheduler.o(.text) refers to rc.o(.text) for RC_Duty
    scheduler.o(.text) refers to usart.o(.text) for GOL_LINK_TASK
    scheduler.o(.text) refers to stm32f4xx_dma.o(.text) for DMA_GetFlagStatus
    scheduler.o(.text) refers to data_transfer.o(.text) for ANO_DT_Data_Exchange
    scheduler.o(.text) refers to scheduler.o(.bss) for loop
    scheduler.o(.text) refers to bmp.o(.data) for baroAlt_fc
    scheduler.o(.text) refers to bmp.o(.bss) for baro
    scheduler.o(.text) refers to scheduler.o(.data) for inner_loop_time
    scheduler.o(.text) refers to mpu6050.o(.bss) for mpu6050_fc
    scheduler.o(.text) refers to imu.o(.data) for Pit_fc
    scheduler.o(.text) refers to usart.o(.data) for NAV_BOARD_CONNECT
    scheduler.o(.text) refers to fly_mode.o(.bss) for mode_oldx
    scheduler.o(.text) refers to ctrl.o(.bss) for ctrl_2
    scheduler.o(.text) refers to dmul.o(x$fpl$dmul) for __aeabi_dmul
    scheduler.o(.text) refers to dfix.o(x$fpl$dfix) for __aeabi_d2iz
    scheduler.o(.text) refers to ddiv.o(x$fpl$ddiv) for __aeabi_ddiv
    scheduler.o(.text) refers to usart.o(.bss) for flow_debug
    scheduler.o(.text) refers to height_ctrl.o(.bss) for wz_speed_pid_v
    scheduler.o(.text) refers to ctrl.o(.data) for thr_value
    scheduler.o(.text) refers to alt_fushion.o(.data) for ALT_VEL_BMP
    scheduler.o(.text) refers to alt_fushion.o(.bss) for acc_body
    scheduler.o(.text) refers to height_ctrl.o(.data) for ultra_speed
    scheduler.o(.text) refers to pos_ctrl.o(.bss) for nav_spd_ctrl
    scheduler.o(.text) refers to stm32f4xx_usart.o(.text) for USART_DMACmd
    scheduler.o(.text) refers to dma.o(.text) for MYDMA_Enable
    scheduler.o(.text) refers to d2f.o(x$fpl$d2f) for __aeabi_d2f
    scheduler.o(.text) refers to anotc_baro_ctrl.o(.text) for baro_ctrl
    scheduler.o(.text) refers to pos_ctrl.o(.text) for Positon_control
    scheduler.o(.text) refers to fabs.o(i.__hardfp_fabs) for __hardfp_fabs
    scheduler.o(.text) refers to mymath.o(.text) for my_deathzoom1
    scheduler.o(.text) refers to pow.o(i.__hardfp_pow) for __hardfp_pow
    scheduler.o(.text) refers to daddsub_clz.o(x$fpl$dadd) for __aeabi_dadd
    scheduler.o(.text) refers to sqrt.o(i.__hardfp_sqrt) for __hardfp_sqrt
    scheduler.o(.text) refers to pwm_out.o(.bss) for aux
    scheduler.o(.text) refers to pos_ctrl.o(.data) for state_v
    scheduler.o(.text) refers to sin.o(i.__hardfp_sin) for __hardfp_sin
    scheduler.o(.text) refers to tan.o(i.__hardfp_tan) for __hardfp_tan
    scheduler.o(.text) refers to pwm_out.o(.text) for SetPwm_AUX
    scheduler.o(.text) refers to rc.o(.bss) for RX_CH_FIX_PWM
    scheduler.o(.text) refers to rc.o(.data) for fly_ready
    scheduler.o(.text) refers to fly_mode.o(.text) for mode_check
    scheduler.o(.text) refers to ak8975.o(.text) for ANO_AK8975_Read
    scheduler.o(.text) refers to led.o(.text) for LEDRGB
    scheduler.o(.text) refers to stm32f4xx_gpio.o(.text) for GPIO_ResetBits
    scheduler.o(.text) refers to ak8975.o(.data) for ak8975_fc
    scheduler.o(.text) refers to time.o(.data) for time_1ms
    init.o(.text) refers to misc.o(.text) for NVIC_PriorityGroupConfig
    init.o(.text) refers to time.o(.text) for SysTick_Configuration
    init.o(.text) refers to i2c_soft.o(.text) for I2c_Soft_Init
    init.o(.text) refers to pwm_out.o(.text) for PWM_Out_Init
    init.o(.text) refers to mpu6050.o(.text) for MPU6050_Init
    init.o(.text) refers to led.o(.text) for LED_Init
    init.o(.text) refers to ak8975.o(.text) for HMC5883L_SetUp
    init.o(.text) refers to bmp.o(.text) for MS5611_Init_FC
    init.o(.text) refers to usart.o(.text) for Usart1_Init
    init.o(.text) refers to dma.o(.text) for MYDMA_Config
    init.o(.text) refers to stm32f4xx_usart.o(.text) for USART_DMACmd
    init.o(.text) refers to flash.o(.text) for READ_PARM
    init.o(.text) refers to parameter.o(.text) for Para_Init
    init.o(.text) refers to init.o(.data) for mcuID
    init.o(.text) refers to usart.o(.bss) for SendBuff1
    init.o(.text) refers to fly_mode.o(.bss) for mode_oldx
    init.o(.text) refers to ctrl.o(.bss) for fan
    parameter.o(.text) refers to ctrl.o(.text) for Ctrl_Para_Init
[...]
    __fplib_config_pureend_doubles           0x0802c5cf   Thumb Code     0  fpinit.o(x$fpl$fpinit)
    __fpl_fretinf                            0x0802c5d1   Thumb Code    10  fretinf.o(x$fpl$fretinf)
    __fpl_return_NaN                         0x0802c5db   Thumb Code   100  retnan.o(x$fpl$retnan)
    __ARM_scalbn                             0x0802c63f   Thumb Code    92  scalbn.o(x$fpl$scalbn)
    __fpl_cmpreturn                          0x0802c69b   Thumb Code    48  trapv.o(x$fpl$trapveneer)
    __I$use$fp                               0x0802c6ca   Number         0  usenofp.o(x$fpl$usenofp)
    __mathlib_zero                           0x0802c910   Data           8  qnan.o(.constdata)
    Region$$Table$$Base                      0x0802ca68   Number         0  anon$$obj.o(Region$$Table)
    Region$$Table$$Limit                     0x0802ca88   Number         0  anon$$obj.o(Region$$Table)
    pos_time                                 0x20000000   Data           4  scheduler.o(.data)
    baro_task_time                           0x20000004   Data           4  scheduler.o(.data)
    loop_cnt                                 0x20000008   Data           2  scheduler.o(.data)
    yaw_use_fc                               0x2000000a   Data           1  scheduler.o(.data)
    inner_loop_time                          0x2000000c   Data           4  scheduler.o(.data)
    inner_loop_time_yaw                      0x20000010   Data           4  scheduler.o(.data)
    Rol_fc1                                  0x20000014   Data           4  scheduler.o(.data)
    Pit_fc1                                  0x20000018   Data           4  scheduler.o(.data)
    Yaw_fc1                                  0x2000001c   Data           4  scheduler.o(.data)
    outer_loop_time                          0x20000020   Data           4  scheduler.o(.data)
    UART_UP_LOAD_SEL                         0x20000024   Data           1  scheduler.o(.data)
    UART_UP_LOAD_SEL_FORCE                   0x20000025   Data           1  scheduler.o(.data)
    force_flow_ble_debug                     0x20000026   Data           1  scheduler.o(.data)
    flow_debug_stop                          0x20000027   Data           1  scheduler.o(.data)
    k_dj                                     0x20000028   Data          20  scheduler.o(.data)
    k_scan                                   0x2000003c   Data           8  scheduler.o(.data)
    off_scan                                 0x20000044   Data           4  scheduler.o(.data)
    d_sita                                   0x20000048   Data           4  scheduler.o(.data)
    k_fp_dj                                  0x2000004c   Data           8  scheduler.o(.data)
    sys_init                                 0x2000007a   Data           3  init.o(.data)
    mcuID                                    0x2000007d   Data           3  init.o(.data)
    ble_imu_force                            0x20000080   Data           1  init.o(.data)
    flash_init_error                         0x20000084   Data           1  parameter.o(.data)
    k_pid                                    0x20000088   Data           4  parameter.o(.data)
    ero                                      0x2000008c   Data           6  fly_mode.o(.data)
    mode_state                               0x20000092   Data           1  fly_mode.o(.data)
    mode_state_old                           0x20000093   Data           1  fly_mode.o(.data)
    height_ctrl_mode_rc                      0x20000094   Data           1  fly_mode.o(.data)
    Init_Finish                              0x2000009e   Data           1  main.o(.data)
    motor_cal                                0x200000a0   Data           1  pwm_out.o(.data)
    BEEP_RATE                                0x200000a2   Data           2  pwm_out.o(.data)
    PMW_T                                    0x200000a4   Data           1  pwm_out.o(.data)
    CH_out_Mapping                           0x200000a5   Data           8  pwm_out.o(.data)
    sel                                      0x200000ad   Data           1  pwm_out.o(.data)
    pwm_test                                 0x200000ae   Data           2  pwm_out.o(.data)
    k_sensitivity                            0x200000b4   Data          12  flash.o(.data)
    FLASH_SIZE                               0x200000c0   Data           4  flash.o(.data)
    LENGTH_OF_DRONE                          0x200000c4   Data           2  flash.o(.data)
    H_INT                                    0x200000c8   Data           4  flash.o(.data)
    SONAR_HEIGHT                             0x200000cc   Data           4  flash.o(.data)
    need_init_mems                           0x200000d0   Data           1  flash.o(.data)
    SBUS_MIN                                 0x200000d2   Data           2  flash.o(.data)
    SBUS_MAX                                 0x200000d4   Data           2  flash.o(.data)
    SBUS_MID                                 0x200000d6   Data           2  flash.o(.data)
    SBUS_MIN_A                               0x200000d8   Data           2  flash.o(.data)
    SBUS_MAX_A                               0x200000da   Data           2  flash.o(.data)
    SBUS_MID_A                               0x200000dc   Data           2  flash.o(.data)
    rate                                     0x200000e0   Data           4  iic_hml.o(.data)
    height                                   0x200000e4   Data           4  iic_hml.o(.data)
    z_speed123                               0x200000e8   Data           4  iic_hml.o(.data)
    buf_test                                 0x200000ec   Data           4  iic_hml.o(.data)
    I2C_FastMode                             0x200000f0   Data           1  i2c_soft.o(.data)
    sysTickUptime                            0x200000f4   Data           4  time.o(.data)
    time_1h                                  0x200000f8   Data           4  time.o(.data)
    time_1m                                  0x200000fc   Data           4  time.o(.data)
    time_1s                                  0x20000100   Data           4  time.o(.data)
    time_1ms                                 0x20000104   Data           4  time.o(.data)
    SystemCoreClock                          0x20000118   Data           4  system_stm32f4xx.o(.data)
    AHBPrescTable                            0x2000011c   Data          16  system_stm32f4xx.o(.data)
    Kp_use                                   0x2000012c   Data           4  imu.o(.data)
    Roll                                     0x20000130   Data           4  imu.o(.data)
    Pitch                                    0x20000134   Data           4  imu.o(.data)
    Yaw                                      0x20000138   Data           4  imu.o(.data)
    Roll_mid_down                            0x2000013c   Data           4  imu.o(.data)
    Pitch_mid_down                           0x20000140   Data           4  imu.o(.data)
    Yaw_mid_down                             0x20000144   Data           4  imu.o(.data)
    Rol_fc                                   0x20000148   Data           4  imu.o(.data)
    Pit_fc                                   0x2000014c   Data           4  imu.o(.data)
    Yaw_fc                                   0x20000150   Data           4  imu.o(.data)
    ref_q                                    0x20000154   Data          16  imu.o(.data)
    norm_acc                                 0x20000164   Data           4  imu.o(.data)
    norm_q                                   0x20000168   Data           4  imu.o(.data)
    norm_acc_lpf                             0x2000016c   Data           4  imu.o(.data)
    mag_norm                                 0x20000170   Data           4  imu.o(.data)
    mag_norm_xyz                             0x20000174   Data           4  imu.o(.data)
    acc_ng_cali                              0x20000178   Data           1  imu.o(.data)
    yaw_mag                                  0x2000017c   Data           4  imu.o(.data)
    accConfidenceDecay                       0x20000180   Data           4  imu.o(.data)
    accConfidence                            0x20000184   Data           4  imu.o(.data)
    Yaw_fc_q                                 0x20000188   Data           4  imu.o(.data)
    beta                                     0x2000018c   Data           4  imu.o(.data)
    q0_m_fc                                  0x20000190   Data           4  imu.o(.data)
    q1_m_fc                                  0x20000194   Data           4  imu.o(.data)
    q2_m_fc                                  0x20000198   Data           4  imu.o(.data)
    q3_m_fc                                  0x2000019c   Data           4  imu.o(.data)
    q0_fc                                    0x200001a0   Data           4  imu.o(.data)
    q1_fc                                    0x200001a4   Data           4  imu.o(.data)
    q2_fc                                    0x200001a8   Data           4  imu.o(.data)
    q3_fc                                    0x200001ac   Data           4  imu.o(.data)
    ref_q_imd_down_fc                        0x200001b0   Data          16  imu.o(.data)
    init_q                                   0x200001c0   Data           1  imu.o(.data)
    ACC_FORWARD_BMP                          0x200001d8   Data           1  alt_fushion.o(.data)
    ACC_FORWARD                              0x200001d9   Data           1  alt_fushion.o(.data)
    en_bmp_avoid_wind                        0x200001da   Data           1  alt_fushion.o(.data)
    ALT_POS_BMP                              0x20000290   Data           4  alt_fushion.o(.data)
    ALT_VEL_BMP                              0x20000294   Data           4  alt_fushion.o(.data)
    ALT_POS_SONAR                            0x20000298   Data           4  alt_fushion.o(.data)
    ALT_VEL_SONAR                            0x2000029c   Data           4  alt_fushion.o(.data)
    ALT_POS_SONAR2                           0x200002a0   Data           4  alt_fushion.o(.data)
    ALT_POS_SONAR3                           0x200002a4   Data           4  alt_fushion.o(.data)
    ALT_POS_BMP_EKF                          0x200002a8   Data           4  alt_fushion.o(.data)
    ALT_VEL_BMP_EKF                          0x200002ac   Data           4  alt_fushion.o(.data)
    ALT_POS_BMP_UKF_OLDX                     0x200002b0   Data           4  alt_fushion.o(.data)
    ALT_VEL_BMP_UKF_OLDX                     0x200002b4   Data           4  alt_fushion.o(.data)
    ALT_ACC_BMP_UKF_OLDX                     0x200002b8   Data           4  alt_fushion.o(.data)
    P_baro                                   0x200002c0   Data          72  alt_fushion.o(.data)
    P_barob                                  0x20000308   Data         128  alt_fushion.o(.data)
    gh_bmp                                   0x20000388   Data           4  alt_fushion.o(.data)
    k_fp_spd_bmp                             0x2000038c   Data           4  alt_fushion.o(.data)
    gh_bmp1                                  0x20000390   Data           4  alt_fushion.o(.data)
    k_fp_spd_bmp1                            0x20000394   Data           4  alt_fushion.o(.data)
    gh_sonar                                 0x20000398   Data           4  alt_fushion.o(.data)
    k_fp_spd_sonar                           0x2000039c   Data           4  alt_fushion.o(.data)
    ga                                       0x200003a0   Data           4  alt_fushion.o(.data)
    gwa                                      0x200003a4   Data           4  alt_fushion.o(.data)
    r_baro_new                               0x200003a8   Data          16  alt_fushion.o(.data)
    r_sonar_new                              0x200003b8   Data          16  alt_fushion.o(.data)
    P_kf_baro                                0x200003c8   Data          72  alt_fushion.o(.data)
    P_kf_baro_bmp                            0x20000410   Data          72  alt_fushion.o(.data)
    r_baro_ukf                               0x20000458   Data          16  alt_fushion.o(.data)
    q_baro_ukf                               0x20000468   Data          16  alt_fushion.o(.data)
    dead_accz                                0x20000478   Data           4  alt_fushion.o(.data)
    acc_off_baro                             0x2000047c   Data           4  alt_fushion.o(.data)
    acc_scale_bmp                            0x20000480   Data           4  alt_fushion.o(.data)
    k_flt_accz                               0x20000484   Data           4  alt_fushion.o(.data)
    acc_bmp                                  0x20000488   Data           4  alt_fushion.o(.data)
    X_apo_height                             0x2000048c   Data           8  alt_fushion.o(.data)
    P_apo_k_height                           0x20000494   Data          16  alt_fushion.o(.data)
    k_bais                                   0x200004a4   Data           4  alt_fushion.o(.data)
    k_bais2                                  0x200004a8   Data           4  alt_fushion.o(.data)
    r_baro                                   0x200004ac   Data           4  alt_fushion.o(.data)
    r_acc                                    0x200004b0   Data           4  alt_fushion.o(.data)
    x_tst                                    0x200004b4   Data           8  alt_fushion.o(.data)
    p_tst                                    0x200004bc   Data           8  alt_fushion.o(.data)
    kf_tst                                   0x200004c4   Data           8  alt_fushion.o(.data)
    k_acc_bais                               0x200004cc   Data           4  alt_fushion.o(.data)
    w_z_baro                                 0x200004d0   Data           4  alt_fushion.o(.data)
    w_acc_bias                               0x200004d4   Data           4  alt_fushion.o(.data)
    flag_ero                                 0x200004d8   Data           4  alt_fushion.o(.data)
    Alt_Offset_m1                            0x200004dc   Data           4  alt_fushion.o(.data)
    en_bias_fix                              0x200004e0   Data           4  alt_fushion.o(.data)
    flt_body_acc                             0x200004e4   Data           4  alt_fushion.o(.data)
    k_body_acc                               0x200004e8   Data           4  alt_fushion.o(.data)
    K_SONAR                                  0x200004ec   Data           4  alt_fushion.o(.data)
    acc_est                                  0x200004f0   Data           4  alt_fushion.o(.data)
    acc_est_imu                              0x200004f4   Data           4  alt_fushion.o(.data)
    test_bmp                                 0x200004f8   Data           1  alt_fushion.o(.data)
    flag_acc_bias                            0x200004fc   Data           4  alt_fushion.o(.data)
    acc_z_att_corr                           0x20000500   Data           4  alt_fushion.o(.data)
    speed_estimation                         0x20000504   Data           4  alt_fushion.o(.data)
    bias_accel                               0x20000508   Data           4  alt_fushion.o(.data)
    position_estimation                      0x2000050c   Data           4  alt_fushion.o(.data)
    sigmaAcc                                 0x20000510   Data           4  alt_fushion.o(.data)
    sigmaPos                                 0x20000514   Data           4  alt_fushion.o(.data)
    gammaAcc                                 0x20000518   Data           4  alt_fushion.o(.data)
    gammaBiasAcc                             0x2000051c   Data           4  alt_fushion.o(.data)
    baro_flt_sel                             0x20000520   Data           1  alt_fushion.o(.data)
    W_GPS_DEAD                               0x20000558   Data           4  anotc_baro_ctrl.o(.data)
    W_BMP_DEAD                               0x2000055c   Data           4  anotc_baro_ctrl.o(.data)
    K_BMP_FIX                                0x20000560   Data           4  anotc_baro_ctrl.o(.data)
    test_wind                                0x20000564   Data           1  anotc_baro_ctrl.o(.data)
    sonar_weight                             0x20000568   Data           4  anotc_baro_ctrl.o(.data)
    k_w_bmp                                  0x2000056c   Data           4  anotc_baro_ctrl.o(.data)
    bmp_w                                    0x20000570   Data           4  anotc_baro_ctrl.o(.data)
    wz_speed                                 0x20000574   Data           4  anotc_baro_ctrl.o(.data)
    baro_com_val                             0x20000578   Data           4  anotc_baro_ctrl.o(.data)
    fast_atan_table                          0x20000590   Data        1028  mymath.o(.data)
    ACC_HIGHPASS_TAU                         0x20000994   Data           4  filter.o(.data)
    ACC_LOWPASS_TAU                          0x20000998   Data           4  filter.o(.data)
    ACC_LOWPASS_SAMPLE_TIME                  0x2000099c   Data           4  filter.o(.data)
    ACC_LOWPASS_A                            0x200009a0   Data           4  filter.o(.data)
    ACC_LOWPASS_GX1                          0x200009a4   Data           4  filter.o(.data)
    ACC_LOWPASS_GX2                          0x200009a8   Data           4  filter.o(.data)
    ACC_LOWPASS_GX3                          0x200009ac   Data           4  filter.o(.data)
    BARO_LOWPASS_TAU                         0x200009b0   Data           4  filter.o(.data)
    BARO_LOWPASS_SAMPLE_TIME                 0x200009b4   Data           4  filter.o(.data)
    BARO_LOWPASS_A                           0x200009b8   Data           4  filter.o(.data)
    BARO_LOWPASS_GX1                         0x200009bc   Data           4  filter.o(.data)
    BARO_LOWPASS_GX2                         0x200009c0   Data           4  filter.o(.data)
    BARO_LOWPASS_GX3                         0x200009c4   Data           4  filter.o(.data)
    FLOW_LOWPASS_TAU                         0x200009c8   Data           4  filter.o(.data)
    FLOW_LOWPASS_SAMPLE_TIME                 0x200009cc   Data           4  filter.o(.data)
    FLOW_LOWPASS_A                           0x200009d0   Data           4  filter.o(.data)
    FLOW_LOWPASS_GX1                         0x200009d4   Data           4  filter.o(.data)
    FLOW_LOWPASS_GX2                         0x200009d8   Data           4  filter.o(.data)
    FLOW_LOWPASS_GX3                         0x200009dc   Data           4  filter.o(.data)
    rtInf                                    0x200009f0   Data           8  rt_nonfinite.o(.data)
    rtMinusInf                               0x200009f8   Data           8  rt_nonfinite.o(.data)
    rtNaN                                    0x20000a00   Data           8  rt_nonfinite.o(.data)
    rtInfF                                   0x20000a08   Data           4  rt_nonfinite.o(.data)
    rtMinusInfF                              0x20000a0c   Data           4  rt_nonfinite.o(.data)
    rtNaNF                                   0x20000a10   Data           4  rt_nonfinite.o(.data)
    r1                                       0x20000a18   Data           4  pos_ctrl.o(.data)
    r2                                       0x20000a1c   Data           4  pos_ctrl.o(.data)
    home_lat                                 0x20000a20   Data           8  pos_ctrl.o(.data)
    home_lon                                 0x20000a28   Data           8  pos_ctrl.o(.data)
    way_point_to_go                          0x20000a30   Data           1  pos_ctrl.o(.data)
    home_set                                 0x20000a31   Data           1  pos_ctrl.o(.data)
    nav_circle                               0x20000a34   Data           8  pos_ctrl.o(.data)
    nav_circle_last                          0x20000a3c   Data           8  pos_ctrl.o(.data)
    circle_check                             0x20000a44   Data           4  pos_ctrl.o(.data)
    circle_lfp                               0x20000a48   Data           4  pos_ctrl.o(.data)
    k_back_step                              0x20000a4c   Data           4  pos_ctrl.o(.data)
    nav                                      0x20000a50   Data           8  pos_ctrl.o(.data)
    GPS_angle                                0x20000a58   Data           8  pos_ctrl.o(.data)
    target_position                          0x20000a60   Data           8  pos_ctrl.o(.data)
    now_position                             0x20000a68   Data           8  pos_ctrl.o(.data)
    actual_speed                             0x20000a70   Data           8  pos_ctrl.o(.data)
    tar_speed                                0x20000a78   Data           8  pos_ctrl.o(.data)
    tar_speed_avoidc                         0x20000a80   Data           8  pos_ctrl.o(.data)
    d_flow_watch                             0x20000a88   Data           8  pos_ctrl.o(.data)
    integrator                               0x20000a90   Data           8  pos_ctrl.o(.data)
    k_break                                  0x20000a98   Data           4  pos_ctrl.o(.data)
    k_flt_break                              0x20000a9c   Data           4  pos_ctrl.o(.data)
    cnt_sb_sample_max                        0x20000aa0   Data           1  pos_ctrl.o(.data)
    scale_flow_rc                            0x20000aa4   Data           4  pos_ctrl.o(.data)
    r_circle                                 0x20000aa8   Data           4  pos_ctrl.o(.data)
    d_angle                                  0x20000aac   Data           4  pos_ctrl.o(.data)
    circle_angle                             0x20000ab0   Data           4  pos_ctrl.o(.data)
    exp_center_cycle                         0x20000ab4   Data          20  pos_ctrl.o(.data)
    line_test_num                            0x20000ac8   Data           2  pos_ctrl.o(.data)
    tan_test_num                             0x20000aca   Data           4  pos_ctrl.o(.data)
    pos_exp_test                             0x20000ace   Data           1  pos_ctrl.o(.data)
    yaw_qr_off                               0x20000ad0   Data           4  pos_ctrl.o(.data)
    out_timer_nav                            0x20000ad4   Data           4  pos_ctrl.o(.data)
    in_timer_nav                             0x20000ad8   Data           4  pos_ctrl.o(.data)
    nav_spd_pid_flt_nav_rc                   0x20000adc   Data           4  pos_ctrl.o(.data)
    off_GPS                                  0x20000ae0   Data           8  pos_ctrl.o(.data)
    circle_p                                 0x20000ae8   Data           4  pos_ctrl.o(.data)
    circle_size                              0x20000aec   Data           4  pos_ctrl.o(.data)
    circle_flt                               0x20000af0   Data           4  pos_ctrl.o(.data)
    cycle_control                            0x20000af4   Data           8  pos_ctrl.o(.data)
    mode_change                              0x20000afc   Data           1  pos_ctrl.o(.data)
    state_v                                  0x20000afd   Data           1  pos_ctrl.o(.data)
    force_pass                               0x20000afe   Data           1  pos_ctrl.o(.data)
    AUTO_UP_CUARVE                           0x20000b00   Data          18  pos_ctrl.o(.data)
    AUTO_DOWN_CUARVE                         0x20000b12   Data          12  pos_ctrl.o(.data)
    AUTO_DOWN_CUARVE1                        0x20000b1e   Data          12  pos_ctrl.o(.data)
    inner_set                                0x20000b84   Data           4  ctrl.o(.data)
    en_h_inf                                 0x20000b88   Data           1  ctrl.o(.data)
    k_rc_gyro_spd                            0x20000b8c   Data           4  ctrl.o(.data)
    thr_view                                 0x20000b90   Data           4  ctrl.o(.data)
    thr_value                                0x20000b94   Data           4  ctrl.o(.data)
    Thr_Low                                  0x20000b98   Data           1  ctrl.o(.data)
    Thr_Weight                               0x20000b9c   Data           4  ctrl.o(.data)
    force_Thr_low                            0x20000ba0   Data           1  ctrl.o(.data)
    cnt_for_low                              0x20000ba2   Data           2  ctrl.o(.data)
    motor_out                                0x20000ba4   Data           8  ctrl.o(.data)
    height_ctrl_mode                         0x20000bc0   Data           1  height_ctrl.o(.data)
    ultra_distance                           0x20000bc4   Data           4  height_ctrl.o(.data)
    exp_height                               0x20000bc8   Data           4  height_ctrl.o(.data)
    set_height_e                             0x20000bcc   Data           4  height_ctrl.o(.data)
    set_height_em                            0x20000bd0   Data           4  height_ctrl.o(.data)
    set_speed_t                              0x20000bd4   Data           4  height_ctrl.o(.data)
    set_speed                                0x20000bd8   Data           4  height_ctrl.o(.data)
    exp_speed                                0x20000bdc   Data           4  height_ctrl.o(.data)
    fb_speed                                 0x20000be0   Data           4  height_ctrl.o(.data)
    exp_acc                                  0x20000be4   Data           4  height_ctrl.o(.data)
    fb_acc                                   0x20000be8   Data           4  height_ctrl.o(.data)
    fb_speed_old                             0x20000bec   Data           4  height_ctrl.o(.data)
    rng_time1                                0x20000bf0   Data           4  height_ctrl.o(.data)
    HOLD_THR                                 0x20000bf4   Data           4  height_ctrl.o(.data)
    ALT_HOLD_THR_RANGE_SCALE                 0x20000bf8   Data           4  height_ctrl.o(.data)
    exp_spd_zv                               0x20000bfc   Data           4  height_ctrl.o(.data)
    thr_use                                  0x20000c00   Data           4  height_ctrl.o(.data)
    thr_in_view                              0x20000c04   Data           4  height_ctrl.o(.data)
    exp_height_speed                         0x20000c08   Data           4  height_ctrl.o(.data)
    exp_height_speed_safe                    0x20000c0c   Data           4  height_ctrl.o(.data)
    exp_height_safe                          0x20000c10   Data           4  height_ctrl.o(.data)
    ultra_speed                              0x20000c14   Data           4  height_ctrl.o(.data)
    ultra_speed_safe                         0x20000c18   Data           4  height_ctrl.o(.data)
    ultra_dis_lpf                            0x20000c1c   Data           4  height_ctrl.o(.data)
    ultra_dis_lpf_safe                       0x20000c20   Data           4  height_ctrl.o(.data)
    ultra_ctrl_out_safe                      0x20000c24   Data           4  height_ctrl.o(.data)
    ultra_ctrl_out                           0x20000c28   Data           4  height_ctrl.o(.data)
    ultra_ctrl_out_use                       0x20000c2c   Data           4  height_ctrl.o(.data)
    baro_speed_ano                           0x20000c30   Data           4  height_ctrl.o(.data)
    height_ctrl_out                          0x20000c34   Data           4  height_ctrl.o(.data)
    wz_acc                                   0x20000c38   Data           4  height_ctrl.o(.data)
    adrc_out                                 0x20000c3c   Data           4  height_ctrl.o(.data)
    baro_cnt                                 0x20000c40   Data           4  height_ctrl.o(.data)
    switch_r                                 0x20000c44   Data           1  height_ctrl.o(.data)
    wz_acc_ukf                               0x20000c48   Data           4  height_ctrl.o(.data)
    sonar_spd                                0x20000c4c   Data           4  height_ctrl.o(.data)
    BARO_HIHG_NUM                            0x20000c50   Data           1  height_ctrl.o(.data)
    baro_h_cnt                               0x20000c52   Data           4  height_ctrl.o(.data)
    baro_h_cnt1                              0x20000c56   Data           4  height_ctrl.o(.data)
    k_temp                                   0x20000c5c   Data           4  height_ctrl.o(.data)
    hs_ctrl_cnt_max                          0x20000c60   Data           2  height_ctrl.o(.data)
    hold_alt_flag                            0x20000c62   Data           1  height_ctrl.o(.data)
    out_timer_high                           0x20000c64   Data           4  height_ctrl.o(.data)
    in_timer_high                            0x20000c68   Data           4  height_ctrl.o(.data)
    baro_only_move                           0x20000c6c   Data           4  height_ctrl.o(.data)
    baro_only_move_flt                       0x20000c70   Data           4  height_ctrl.o(.data)
    ano_temp                                 0x20000c74   Data           4  height_ctrl.o(.data)
    k_acc_ukf                                0x20000c78   Data           4  height_ctrl.o(.data)
    mid_usp                                  0x20000c7c   Data           1  height_ctrl.o(.data)
    EN_TUO_ACC_FIX_H                         0x20000c7d   Data           1  height_ctrl.o(.data)
    off_inner                                0x20000c80   Data           4  height_ctrl.o(.data)
    wz_acc_ukf1                              0x20000c84   Data           4  height_ctrl.o(.data)
    wz_acc1                                  0x20000c88   Data           4  height_ctrl.o(.data)
    ultra_speed_bmp                          0x20000c8c   Data           4  height_ctrl.o(.data)
    tilted_fix1                              0x20000c90   Data           4  height_ctrl.o(.data)
    k_flt_z_spd                              0x20000c94   Data           4  height_ctrl.o(.data)
    k_d                                      0x20000c98   Data           4  height_ctrl.o(.data)
    p1                                       0x20000c9c   Data           4  height_ctrl.o(.data)
    p2                                       0x20000ca0   Data           4  height_ctrl.o(.data)
    speed_ctrl_sel                           0x20000ca4   Data           1  height_ctrl.o(.data)
    speed_spd_sel                            0x20000ca5   Data           1  height_ctrl.o(.data)
    wz_speed_old                             0x20000ca8   Data           4  height_ctrl.o(.data)
    wz_acc_mms2                              0x20000cac   Data           4  height_ctrl.o(.data)
    height_thrv                              0x20000cb0   Data           4  height_ctrl.o(.data)
    wz_speed_pid_v_view                      0x20000cb4   Data           4  height_ctrl.o(.data)
    wz_speed_pid_v_view_eso                  0x20000cb8   Data           4  height_ctrl.o(.data)
    d_view                                   0x20000cbc   Data           4  height_ctrl.o(.data)
    ero_view                                 0x20000cc0   Data           8  height_ctrl.o(.data)
    H_INT_REG                                0x20000cc8   Data           4  height_ctrl.o(.data)
    int_save                                 0x20000ccc   Data           1  height_ctrl.o(.data)
    baro_ctrl_start                          0x20000ccd   Data           1  height_ctrl.o(.data)
    k_flt_pos_z                              0x20000cd0   Data           4  height_ctrl.o(.data)
    baro_height                              0x20000cd4   Data           4  height_ctrl.o(.data)
    ultra_sp_test                            0x20000cd8   Data           8  height_ctrl.o(.data)
    k_dh                                     0x20000ce0   Data           4  height_ctrl.o(.data)
    dt_flow_rx                               0x20000d40   Data           4  usart.o(.data)
    data_rate_gol_link                       0x20000d44   Data           2  usart.o(.data)
    LOCK                                     0x20000d46   Data           1  usart.o(.data)
    KEY                                      0x20000d47   Data           8  usart.o(.data)
    KEY_SEL                                  0x20000d4f   Data           4  usart.o(.data)
    NAV_BOARD_CONNECT                        0x20000d53   Data           1  usart.o(.data)
    imu_loss_cnt                             0x20000d54   Data           4  usart.o(.data)
    baro_matlab_data                         0x20000d58   Data           8  usart.o(.data)
    POS_UKF_X                                0x20000d60   Data           4  usart.o(.data)
    POS_UKF_Y                                0x20000d64   Data           4  usart.o(.data)
    VEL_UKF_X                                0x20000d68   Data           4  usart.o(.data)
    VEL_UKF_Y                                0x20000d6c   Data           4  usart.o(.data)
    k_scale_pix                              0x20000d70   Data           4  usart.o(.data)
    pos_kf_state                             0x20000d74   Data           3  usart.o(.data)
    m100_connect                             0x20000d77   Data           1  usart.o(.data)
    TxCounter                                0x20000d78   Data           1  usart.o(.data)
    count                                    0x20000d79   Data           1  usart.o(.data)
    RxState                                  0x20000d7a   Data           1  usart.o(.data)
    RxBufferNum                              0x20000d7b   Data           1  usart.o(.data)
    RxBufferCnt                              0x20000d7c   Data           1  usart.o(.data)
    RxLen                                    0x20000d7d   Data           1  usart.o(.data)
    com_data                                 0x20000d7e   Data           1  usart.o(.data)
    feed_imu_dog                             0x20000d81   Data           1  usart.o(.data)
    PWM_DJI                                  0x20000d82   Data           8  usart.o(.data)
    TxCounter5                               0x20000d8a   Data           1  usart.o(.data)
    count5                                   0x20000d8b   Data           1  usart.o(.data)
    RxState5                                 0x20000d8c   Data           1  usart.o(.data)
    RxBufferNum5                             0x20000d8d   Data           1  usart.o(.data)
    RxBufferCnt5                             0x20000d8e   Data           1  usart.o(.data)
    RxLen5                                   0x20000d8f   Data           1  usart.o(.data)
    BLE_UP1                                  0x20000d92   Data          20  usart.o(.data)
    BLE_TEST                                 0x20000da6   Data          20  usart.o(.data)
    BLE_BAUD                                 0x20000dba   Data          20  usart.o(.data)
    BLE_RENEW                                0x20000dce   Data          20  usart.o(.data)
    BLE_RATE                                 0x20000de2   Data          20  usart.o(.data)
    SET_PIN                                  0x20000df6   Data          20  usart.o(.data)
    app_connect_fc_loss                      0x20000e0c   Data           4  usart.o(.data)
    app_connect_fc                           0x20000e10   Data           1  usart.o(.data)
    lock_tx                                  0x20000e11   Data           1  usart.o(.data)
    RxState_app                              0x20000e12   Data           1  usart.o(.data)
    RxBufferNum_app                          0x20000e13   Data           1  usart.o(.data)
    RxBufferCnt_app                          0x20000e14   Data           1  usart.o(.data)
    RxLen_app                                0x20000e15   Data           1  usart.o(.data)
    time_rc                                  0x20000e18   Data           4  usart.o(.data)
    rc_board_connect                         0x20000e1c   Data           1  usart.o(.data)
    rc_board_connect_lose_cnt                0x20000e1e   Data           2  usart.o(.data)
    RxState4                                 0x20000e20   Data           1  usart.o(.data)
    RxBufferNum4                             0x20000e21   Data           1  usart.o(.data)
    RxBufferCnt4                             0x20000e22   Data           1  usart.o(.data)
    RxLen4                                   0x20000e23   Data           1  usart.o(.data)
    rate_gps_board                           0x20000e28   Data           4  usart.o(.data)
    RxState3                                 0x20000e2c   Data           1  usart.o(.data)
    RxBufferNum3                             0x20000e2d   Data           1  usart.o(.data)
    RxBufferCnt3                             0x20000e2e   Data           1  usart.o(.data)
    RxLen3                                   0x20000e2f   Data           1  usart.o(.data)
    Angle_Yun                                0x20000e34   Data           8  usart.o(.data)
    SendBuff1_cnt                            0x20000e3c   Data           1  usart.o(.data)
    nrf_uart_cnt                             0x20000e3e   Data           2  usart.o(.data)
    sd_pub_sel                               0x20000e40   Data           1  usart.o(.data)
    checkdata_to_send                        0x20000e74   Data           1  data_transfer.o(.data)
    checksum_to_send                         0x20000e75   Data           1  data_transfer.o(.data)
    fly_mode                                 0x20000e76   Data           1  data_transfer.o(.data)
    off_flow_pos                             0x20000e78   Data           8  data_transfer.o(.data)
    flash_save_en_cnt                        0x20000e80   Data           2  data_transfer.o(.data)
    acc_3d_calibrate_f                       0x20000e82   Data           1  data_transfer.o(.data)
    acc_3d_step                              0x20000e83   Data           1  data_transfer.o(.data)
    CH_in_Mapping                            0x20000ea8   Data           8  rc.o(.data)
    rc_lose                                  0x20000eb0   Data           1  rc.o(.data)
    NS                                       0x20000eb1   Data           1  rc.o(.data)
    CH_Error                                 0x20000eb2   Data           8  rc.o(.data)
    NS_cnt                                   0x20000eba   Data           2  rc.o(.data)
    MAX_CH                                   0x20000ebc   Data          16  rc.o(.data)
    MIN_CH                                   0x20000ecc   Data          16  rc.o(.data)
    CH_DIR                                   0x20000edc   Data           8  rc.o(.data)
    filter_A                                 0x20000ee4   Data           4  rc.o(.data)
    fly_ready                                0x20000ee8   Data           1  rc.o(.data)
    thr_stick_low                            0x20000ee9   Data           1  rc.o(.data)
    ready_cnt                                0x20000eea   Data           2  rc.o(.data)
    mag_cali_cnt                             0x20000eec   Data           2  rc.o(.data)
    locked_cnt                               0x20000eee   Data           2  rc.o(.data)
    mpu6050_ok                               0x20000ef0   Data           1  mpu6050.o(.data)
    sum_temp_att                             0x20000ef4   Data           8  mpu6050.o(.data)
    acc_sum_cnt                              0x20000efc   Data           2  mpu6050.o(.data)
    acc_sum_cnt_3d                           0x20000efe   Data           2  mpu6050.o(.data)
    acc_smple_cnt_3d                         0x20000f00   Data           2  mpu6050.o(.data)
    gyro_sum_cnt                             0x20000f02   Data           2  mpu6050.o(.data)
    filter_cnt                               0x20000f04   Data           1  mpu6050.o(.data)
    filter_cnt_old                           0x20000f05   Data           1  mpu6050.o(.data)
    test_ang                                 0x20000f08   Data           4  mpu6050.o(.data)
    test_ang_old                             0x20000f0c   Data           4  mpu6050.o(.data)
    test_ang_d                               0x20000f10   Data           4  mpu6050.o(.data)
    test_fli_a                               0x20000f14   Data           4  mpu6050.o(.data)
    test_i                                   0x20000f18   Data           4  mpu6050.o(.data)
    ak8975                                   0x20000f20   Data          48  ak8975.o(.data)
    ak8975_fc                                0x20000f50   Data          48  ak8975.o(.data)
    ak8975_ok                                0x20000fd0   Data           1  ak8975.o(.data)
    hml_fix                                  0x20000fd1   Data           1  ak8975.o(.data)
    Mag_CALIBRATED                           0x20000fd2   Data           1  ak8975.o(.data)
    Mag_CALIBRATED_R                         0x20000fd3   Data           1  ak8975.o(.data)
    HMC5883_lastx                            0x20000fd4   Data           4  ak8975.o(.data)
    HMC5883_lasty                            0x20000fd8   Data           4  ak8975.o(.data)
    HMC5883_lastz                            0x20000fdc   Data           4  ak8975.o(.data)
    HMC5883_maxx                             0x20000fe0   Data           2  ak8975.o(.data)
    HMC5883_maxy                             0x20000fe2   Data           2  ak8975.o(.data)
    HMC5883_maxz                             0x20000fe4   Data           2  ak8975.o(.data)
    HMC5883_minx                             0x20000fe6   Data           2  ak8975.o(.data)
    HMC5883_miny                             0x20000fe8   Data           2  ak8975.o(.data)
    HMC5883_minz                             0x20000fea   Data           2  ak8975.o(.data)
    MS5611_Temperature                       0x20001020   Data           4  bmp.o(.data)
    MS5611_Pressure                          0x20001024   Data           4  bmp.o(.data)
    MS5611_Altitude                          0x20001028   Data           4  bmp.o(.data)
    MS5611_VerticalSpeed                     0x2000102c   Data           4  bmp.o(.data)
    baro_alt_speed_ano                       0x20001030   Data           4  bmp.o(.data)
    baroAlt                                  0x20001034   Data           4  bmp.o(.data)
    baroAlt_fc                               0x20001038   Data           4  bmp.o(.data)
    baro_set                                 0x2000103c   Data           1  bmp.o(.data)
    paOffsetNum                              0x20001058   Data           8  bmp.o(.data)
    paInitCnt                                0x20001060   Data           2  bmp.o(.data)
    paOffsetInited                           0x20001062   Data           1  bmp.o(.data)
    Baro_ALT_Updated                         0x20001063   Data           1  bmp.o(.data)
    MS5611_Delay_us                          0x20001064   Data          36  bmp.o(.data)
    for_fly_ready                            0x2000108a   Data           1  bmp.o(.data)
    angle_baro                               0x2000108c   Data           4  bmp.o(.data)
    baro_height_old                          0x20001090   Data           4  bmp.o(.data)
    baro_Offset                              0x20001094   Data           4  bmp.o(.data)
    ms5611_ut                                0x20001098   Data           4  bmp.o(.data)
    ms5611_up                                0x2000109c   Data           4  bmp.o(.data)
    t_rxbuf                                  0x200010a0   Data           3  bmp.o(.data)
    p_rxbuf                                  0x200010a3   Data           3  bmp.o(.data)
    ms5611_ok                                0x200010a6   Data           1  bmp.o(.data)
    temperature_5611                         0x200010a8   Data           4  bmp.o(.data)
    moavcnt                                  0x200010ac   Data           2  bmp.o(.data)
    ultra_start_f                            0x200010cc   Data           1  ultrasonic.o(.data)
    ultra_distance_old                       0x200010ce   Data           2  ultrasonic.o(.data)
    measure_num                              0x200010d0   Data           1  ultrasonic.o(.data)
    flt_eso                                  0x200010dc   Data           4  eso.o(.data)
    np                                       0x200010e0   Data           4  eso.o(.data)
    L1                                       0x200010e4   Data           4  eso.o(.data)
    Rc_Pwm_In                                0x2000111c   Data          16  scheduler.o(.bss)
    loop                                     0x2000112c   Data          16  scheduler.o(.bss)
    test                                     0x2000113c   Data          20  scheduler.o(.bss)
    sensor_setup                             0x20001150   Data          64  parameter.o(.bss)
    pid_setup                                0x20001190   Data         192  parameter.o(.bss)
    mode_value                               0x20001250   Data          10  fly_mode.o(.bss)
    mode_oldx                                0x2000125a   Data          92  fly_mode.o(.bss)
    module                                   0x200012b6   Data          10  fly_mode.o(.bss)
    aux                                      0x200012c0   Data          68  pwm_out.o(.bss)
    FLASH_READ_BUF                           0x20001304   Data         100  flash.o(.bss)
    FLASH_Buffer                             0x20001368   Data         100  flash.o(.bss)
    Cycle_T                                  0x200013cc   Data         360  time.o(.bss)
    reference_v                              0x20001534   Data          12  imu.o(.bss)
    ref                                      0x20001540   Data          60  imu.o(.bss)
    reference_vr_imd_down                    0x2000157c   Data          12  imu.o(.bss)
    reference_vr                             0x20001588   Data          12  imu.o(.bss)
    q_nav                                    0x20001594   Data          16  imu.o(.bss)
    ref_q_imd_down                           0x200015a4   Data          16  imu.o(.bss)
    mag_sim_3d                               0x200015b4   Data          12  imu.o(.bss)
    acc_3d_hg                                0x200015c0   Data          12  imu.o(.bss)
    acc_ng                                   0x200015cc   Data          12  imu.o(.bss)
    acc_ng_offset                            0x200015d8   Data          12  imu.o(.bss)
    reference_vr_imd_down_fc                 0x200015e4   Data          12  imu.o(.bss)
    acc_z_acc                                0x20001600   Data          12  alt_fushion.o(.bss)
    X_ukf_baro                               0x200018d0   Data          24  alt_fushion.o(.bss)
    X_ukf_barob                              0x200018e8   Data          32  alt_fushion.o(.bss)
    X_kf_baro                                0x20001908   Data          24  alt_fushion.o(.bss)
    state_correct_baro                       0x20001920   Data          48  alt_fushion.o(.bss)
    state_correct_sonar                      0x20001950   Data          48  alt_fushion.o(.bss)
    X_kf_baro_bmp                            0x20001980   Data          24  alt_fushion.o(.bss)
    acc_body                                 0x20001998   Data          12  alt_fushion.o(.bss)
    acc_body_buf                             0x200019a4   Data         240  alt_fushion.o(.bss)
    acc_bias                                 0x20001a94   Data          12  alt_fushion.o(.bss)
    accel_bias_corr                          0x20001aa0   Data          12  alt_fushion.o(.bss)
    eso_h_acc                                0x20001aac   Data         144  alt_fushion.o(.bss)
    eso_h_spd                                0x20001b3c   Data         144  alt_fushion.o(.bss)
    sonar                                    0x20001c94   Data          24  anotc_baro_ctrl.o(.bss)
    sonar_fusion                             0x20001cac   Data          68  anotc_baro_ctrl.o(.bss)
    baro_p                                   0x20001cf0   Data          24  anotc_baro_ctrl.o(.bss)
    baro_fusion                              0x20001d08   Data          68  anotc_baro_ctrl.o(.bss)
    med_filter_tmp                           0x20001d58   Data        6000  filter.o(.bss)
    med_filter_out                           0x200034c8   Data         120  filter.o(.bss)
    med_fil_cnt                              0x20003540   Data          30  filter.o(.bss)
    firstOrderFilters                        0x20003560   Data         400  filter.o(.bss)
    e_R                                      0x200036f0   Data          12  quar.o(.bss)
    exp_angle                                0x200036fc   Data          12  quar.o(.bss)
    ero_angle_px4                            0x20003708   Data          16  quar.o(.bss)
    angle_now                                0x20003718   Data          12  quar.o(.bss)
    Q_control                                0x20003724   Data          32  quar.o(.bss)
    R_control_set                            0x20003744   Data          36  quar.o(.bss)
    R_control_ero                            0x20003768   Data          36  quar.o(.bss)
    R_control_now                            0x2000378c   Data          36  quar.o(.bss)
    R_control_now_t                          0x200037b0   Data          36  quar.o(.bss)
    way_point                                0x200037d8   Data         480  pos_ctrl.o(.bss)
    robot_land                               0x200039b8   Data          12  pos_ctrl.o(.bss)
    circle                                   0x200039c4   Data          92  pos_ctrl.o(.bss)
    track                                    0x20003a20   Data          92  pos_ctrl.o(.bss)
    marker                                   0x20003a7c   Data          76  pos_ctrl.o(.bss)
    out_back_step                            0x20003ac8   Data          12  pos_ctrl.o(.bss)
    acc_temp                                 0x20003ad4   Data          12  pos_ctrl.o(.bss)
    nav_pos_pid                              0x20003ae0   Data          28  pos_ctrl.o(.bss)
    nav_spd_pid                              0x20003afc   Data          28  pos_ctrl.o(.bss)
    nav_acc_pid                              0x20003b18   Data          28  pos_ctrl.o(.bss)
    nav_pos_ctrl                             0x20003b34   Data          80  pos_ctrl.o(.bss)
    nav_spd_ctrl                             0x20003b84   Data          80  pos_ctrl.o(.bss)
    nav_acc_ctrl                             0x20003bd4   Data          80  pos_ctrl.o(.bss)
    ctrl_1                                   0x20003c38   Data         196  ctrl.o(.bss)
    ctrl_2                                   0x20003cfc   Data         196  ctrl.o(.bss)
    fan                                      0x20003dc0   Data         104  ctrl.o(.bss)
    except_A                                 0x20003e28   Data          12  ctrl.o(.bss)
    ctrl_angle_offset                        0x20003e34   Data          12  ctrl.o(.bss)
    compensation                             0x20003e40   Data          12  ctrl.o(.bss)
    except_AS                                0x20003e4c   Data          12  ctrl.o(.bss)
    g_old                                    0x20003e58   Data          28  ctrl.o(.bss)
    motor                                    0x20003e74   Data          16  ctrl.o(.bss)
    posture_value                            0x20003e84   Data          16  ctrl.o(.bss)
    curve                                    0x20003e94   Data          16  ctrl.o(.bss)
    view_out                                 0x20003ea4   Data          12  ctrl.o(.bss)
    hc_value                                 0x20003eb0   Data          24  height_ctrl.o(.bss)
    wz_speed_pid_v                           0x20003ec8   Data          36  height_ctrl.o(.bss)
    wz_speed_pid_v_safe                      0x20003eec   Data          36  height_ctrl.o(.bss)
    wz_speed_pid_v_eso                       0x20003f10   Data          36  height_ctrl.o(.bss)
    ultra_ctrl                               0x20003f34   Data          36  height_ctrl.o(.bss)
    ultra_ctrl_safe                          0x20003f58   Data          36  height_ctrl.o(.bss)
    wz_speed_pid                             0x20003f7c   Data          16  height_ctrl.o(.bss)
    wz_speed_pid_safe                        0x20003f8c   Data          16  height_ctrl.o(.bss)
    wz_speed_pid_use                         0x20003f9c   Data          16  height_ctrl.o(.bss)
    ultra_pid_safe                           0x20003fac   Data          16  height_ctrl.o(.bss)
    ultra_pid                                0x20003fbc   Data          16  height_ctrl.o(.bss)
    ultra_pid_use                            0x20003fcc   Data          16  height_ctrl.o(.bss)
    baro_speed_arr                           0x20003fdc   Data         204  height_ctrl.o(.bss)
    baro_h_arr                               0x200040a8   Data         404  height_ctrl.o(.bss)
    baro_h_arr1                              0x2000423c   Data         404  height_ctrl.o(.bss)
    DEBUG                                    0x200043d0   Data         140  usart.o(.bss)
    BLE_DEBUG                                0x2000445c   Data          32  usart.o(.bss)
    m100                                     0x20004480   Data         144  usart.o(.bss)
    color                                    0x20004510   Data          20  usart.o(.bss)
    HPID                                     0x20004524   Data          18  usart.o(.bss)
    SPID                                     0x20004536   Data          18  usart.o(.bss)
    FIX_PID                                  0x20004548   Data          18  usart.o(.bss)
    NAV_PID                                  0x2000455a   Data          18  usart.o(.bss)
    HPID_app                                 0x2000456c   Data          18  usart.o(.bss)
    SPID_app                                 0x2000457e   Data          18  usart.o(.bss)
    FIX_PID_app                              0x20004590   Data          18  usart.o(.bss)
    NAV_PID_app                              0x200045a2   Data          18  usart.o(.bss)
    pid                                      0x200045b4   Data         320  usart.o(.bss)
    smart                                    0x200046f4   Data          72  usart.o(.bss)
    smart_in                                 0x2000473c   Data          72  usart.o(.bss)
    Rc_Get                                   0x20004784   Data          34  usart.o(.bss)
    Rc_Get_PWM                               0x200047a6   Data          34  usart.o(.bss)
    Rc_Get_SBUS                              0x200047c8   Data          34  usart.o(.bss)
    plane                                    0x200047ec   Data         116  usart.o(.bss)
    slam                                     0x20004860   Data          20  usart.o(.bss)
    imu_nav                                  0x20004874   Data         100  usart.o(.bss)
    flow_debug                               0x200048d8   Data          40  usart.o(.bss)
    flow_matlab_data                         0x20004900   Data          16  usart.o(.bss)
    uart_time                                0x20004910   Data          40  usart.o(.bss)
    pi_flow                                  0x20004938   Data         324  usart.o(.bss)
    debug_pi_flow                            0x20004a7c   Data          80  usart.o(.bss)
    TxBuffer                                 0x20004acc   Data         256  usart.o(.bss)
    Rx_Buf                                   0x20004bcc   Data         256  usart.o(.bss)
    RxBuffer                                 0x20004ccc   Data          50  usart.o(.bss)
    imu_board                                0x20004d00   Data          20  usart.o(.bss)
    robot                                    0x20004d14   Data         228  usart.o(.bss)
    mark_map                                 0x20004df8   Data         200  usart.o(.bss)
    TxBuffer5                                0x20004ec0   Data         256  usart.o(.bss)
    Rx_Buf5                                  0x20004fc0   Data         256  usart.o(.bss)
    RxBuffer5                                0x200050c0   Data          50  usart.o(.bss)
    sbus_data_i_check                        0x200050f2   Data          50  usart.o(.bss)
    Rx_Buf_app                               0x20005124   Data         256  usart.o(.bss)
    RxBuffer_app                             0x20005224   Data          50  usart.o(.bss)
    Rx_Buf4                                  0x20005256   Data         256  usart.o(.bss)
    RxBuffer4                                0x20005356   Data          50  usart.o(.bss)
    Rx_Buf3                                  0x20005388   Data         256  usart.o(.bss)
    RxBuffer3                                0x20005488   Data          50  usart.o(.bss)
    SendBuff1                                0x200054ba   Data          96  usart.o(.bss)
    SendBuff2                                0x2000551a   Data          40  usart.o(.bss)
    SendBuff3                                0x20005542   Data          32  usart.o(.bss)
    SendBuff4                                0x20005562   Data         192  usart.o(.bss)
    sd_save                                  0x20005624   Data         300  usart.o(.bss)
    f                                        0x20005750   Data          21  data_transfer.o(.bss)
    data_to_send                             0x20005765   Data          50  data_transfer.o(.bss)
    test_up                                  0x20005798   Data          20  data_transfer.o(.bss)
    RX_CH                                    0x200057e8   Data          16  rc.o(.bss)
    CH                                       0x200057f8   Data          16  rc.o(.bss)
    RX_CH_PWM                                0x20005808   Data          16  rc.o(.bss)
    RX_CH_FIX                                0x20005818   Data          16  rc.o(.bss)
    RX_CH_FIX_PWM                            0x20005828   Data          16  rc.o(.bss)
    CH_Old                                   0x20005838   Data          32  rc.o(.bss)
    CH_filter                                0x20005858   Data          32  rc.o(.bss)
    CH_filter_Old                            0x20005878   Data          32  rc.o(.bss)
    CH_filter_D                              0x20005898   Data          32  rc.o(.bss)
    CLR_CH_Error                             0x200058b8   Data          16  rc.o(.bss)
    mpu6050                                  0x200058d8   Data         160  mpu6050.o(.bss)
    mpu6050_fc                               0x20005978   Data         160  mpu6050.o(.bss)
    mpu6050_buffer                           0x20005a18   Data          14  mpu6050.o(.bss)
    sum_temp                                 0x20005a28   Data          28  mpu6050.o(.bss)
    sum_temp_3d                              0x20005a44   Data          28  mpu6050.o(.bss)
    FILT_BUF                                 0x20005a60   Data         154  mpu6050.o(.bss)
    mpu6050_tmp                              0x20005afc   Data          28  mpu6050.o(.bss)
    mpu_fil_tmp                              0x20005b18   Data          28  mpu6050.o(.bss)
    HMC5883_FIFO                             0x20005c30   Data          66  ak8975.o(.bss)
    baro                                     0x20005c80   Data          52  bmp.o(.bss)
    ms5611_prom                              0x20006170   Data          16  bmp.o(.bss)
    mo_av_baro                               0x20006180   Data          20  bmp.o(.bss)
    ultra                                    0x20006194   Data          52  ultrasonic.o(.bss)
    Distance                                 0x200061c8   Data         100  ultrasonic.o(.bss)
    eso_att_outter_c                         0x20006238   Data         576  eso.o(.bss)
    eso_att_inner_c                          0x20006478   Data         576  eso.o(.bss)
    eso_pos_spd                              0x200066b8   Data         432  eso.o(.bss)
    eso_pos                                  0x20006868   Data         432  eso.o(.bss)
    hml_lsq                                  0x20006a18   Data         168  cycle_cal_oldx.o(.bss)
    __libspace_start                         0x20006ac0   Data          96  libspace.o(.bss)
    __temporary_stack_top$libspace           0x20006b20   Data           0  libspace.o(.bss)



==============================================================================

Memory Map of the image

  Image Entry point : 0x08000189

  Load Region LR_IROM1 (Base: 0x08000000, Size: 0x0002dba4, Max: 0x00100000, ABSOLUTE, COMPRESSED[0x0002d1e0])

    Execution Region ER_IROM1 (Base: 0x08000000, Size: 0x0002ca88, Max: 0x00100000, ABSOLUTE)

    Base Addr    Size         Type   Attr      Idx    E Section Name        Object

    0x08000000   0x00000188   Data   RO          888    RESET               startup_stm32f4xx.o
    0x08000188   0x00000008   Code   RO         1599  * !!!main             c_w.l(__main.o)
    0x08000190   0x00000034   Code   RO         2013    !!!scatter          c_w.l(__scatter.o)
    0x080001c4   0x0000005a   Code   RO         2011    !!dczerorl2         c_w.l(__dczerorl2.o)
    0x0800021e   0x00000002   PAD
    0x08000220   0x0000001c   Code   RO         2015    !!handler_zi        c_w.l(__scatter_zi.o)
    0x0800023c   0x00000002   Code   RO         1876    .ARM.Collect$$libinit$$00000000  c_w.l(libinit.o)
    0x0800023e   0x00000004   Code   RO         1885    .ARM.Collect$$libinit$$00000001  c_w.l(libinit2.o)
    0x08000242   0x00000000   Code   RO         1888    .ARM.Collect$$libinit$$00000004  c_w.l(libinit2.o)
    0x08000242   0x00000000   Code   RO         1891    .ARM.Collect$$libinit$$0000000A  c_w.l(libinit2.o)
    0x08000242   0x00000000   Code   RO         1893    .ARM.Collect$$libinit$$0000000C  c_w.l(libinit2.o)
    0x08000242   0x00000000   Code   RO         1895    .ARM.Collect$$libinit$$0000000E  c_w.l(libinit2.o)
    0x08000242   0x00000000   Code   RO         1898    .ARM.Collect$$libinit$$00000011  c_w.l(libinit2.o)
    0x08000242   0x00000000   Code   RO         1900    .ARM.Collect$$libinit$$00000013  c_w.l(libinit2.o)
    0x08000242   0x00000000   Code   RO         1902    .ARM.Collect$$libinit$$00000015  c_w.l(libinit2.o)
    0x08000242   0x00000000   Code   RO         1904    .ARM.Collect$$libinit$$00000017  c_w.l(libinit2.o)
    0x08000242   0x00000000   Code   RO         1906    .ARM.Collect$$libinit$$00000019  c_w.l(libinit2.o)
    0x08000242   0x00000000   Code   RO         1908    .ARM.Collect$$libinit$$0000001B  c_w.l(libinit2.o)
    0x08000242   0x00000000   Code   RO         1910    .ARM.Collect$$libinit$$0000001D  c_w.l(libinit2.o)
    0x08000242   0x00000000   Code   RO         1912    .ARM.Collect$$libinit$$0000001F  c_w.l(libinit2.o)
    0x08000242   0x00000000   Code   RO         1914    .ARM.Collect$$libinit$$00000021  c_w.l(libinit2.o)
    0x08000242   0x00000000   Code   RO         1916    .ARM.Collect$$libinit$$00000023  c_w.l(libinit2.o)
    0x08000242   0x00000000   Code   RO         1918    .ARM.Collect$$libinit$$00000025  c_w.l(libinit2.o)
    0x08000242   0x00000000   Code   RO         1922    .ARM.Collect$$libinit$$0000002C  c_w.l(libinit2.o)
    0x08000242   0x00000000   Code   RO         1924    .ARM.Collect$$libinit$$0000002E  c_w.l(libinit2.o)
    0x08000242   0x00000000   Code   RO         1926    .ARM.Collect$$libinit$$00000030  c_w.l(libinit2.o)
    0x08000242   0x00000000   Code   RO         1928    .ARM.Collect$$libinit$$00000032  c_w.l(libinit2.o)
    0x08000242   0x00000002   Code   RO         1929    .ARM.Collect$$libinit$$00000033  c_w.l(libinit2.o)
    0x08000244   0x00000002   Code   RO         1961    .ARM.Collect$$libshutdown$$00000000  c_w.l(libshutdown.o)
    0x08000246   0x00000000   Code   RO         1978    .ARM.Collect$$libshutdown$$00000002  c_w.l(libshutdown2.o)
    0x08000246   0x00000000   Code   RO         1980    .ARM.Collect$$libshutdown$$00000004  c_w.l(libshutdown2.o)
    0x08000246   0x00000000   Code   RO         1983    .ARM.Collect$$libshutdown$$00000007  c_w.l(libshutdown2.o)
    0x08000246   0x00000000   Code   RO         1986    .ARM.Collect$$libshutdown$$0000000A  c_w.l(libshutdown2.o)
    0x08000246   0x00000000   Code   RO         1988    .ARM.Collect$$libshutdown$$0000000C  c_w.l(libshutdown2.o)
    0x08000246   0x00000000   Code   RO         1991    .ARM.Collect$$libshutdown$$0000000F  c_w.l(libshutdown2.o)
    0x08000246   0x00000002   Code   RO         1992    .ARM.Collect$$libshutdown$$00000010  c_w.l(libshutdown2.o)
    0x08000248   0x00000000   Code   RO         1761    .ARM.Collect$$rtentry$$00000000  c_w.l(__rtentry.o)
    0x08000248   0x00000000   Code   RO         1837    .ARM.Collect$$rtentry$$00000002  c_w.l(__rtentry2.o)
    0x08000248   0x00000006   Code   RO         1849    .ARM.Collect$$rtentry$$00000004  c_w.l(__rtentry4.o)
    0x0800024e   0x00000000   Code   RO         1839    .ARM.Collect$$rtentry$$00000009  c_w.l(__rtentry2.o)
    0x0800024e   0x00000004   Code   RO         1840    .ARM.Collect$$rtentry$$0000000A  c_w.l(__rtentry2.o)
    0x08000252   0x00000000   Code   RO         1842    .ARM.Collect$$rtentry$$0000000C  c_w.l(__rtentry2.o)
    0x08000252   0x00000008   Code   RO         1843    .ARM.Collect$$rtentry$$0000000D  c_w.l(__rtentry2.o)
    0x0800025a   0x00000002   Code   RO         1879    .ARM.Collect$$rtexit$$00000000  c_w.l(rtexit.o)
    0x0800025c   0x00000000   Code   RO         1933    .ARM.Collect$$rtexit$$00000002  c_w.l(rtexit2.o)
    0x0800025c   0x00000004   Code   RO         1934    .ARM.Collect$$rtexit$$00000003  c_w.l(rtexit2.o)
    0x08000260   0x00000006   Code   RO         1935    .ARM.Collect$$rtexit$$00000004  c_w.l(rtexit2.o)
    0x08000266   0x00000002   PAD
    0x08000268   0x00002300   Code   RO            2    .text               scheduler.o
    0x08002568   0x000001ec   Code   RO          233    .text               init.o
    0x08002754   0x00000544   Code   RO          285    .text               parameter.o
    0x08002c98   0x00000190   Code   RO          338    .text               fly_mode.o
    0x08002e28   0x00000028   Code   RO          365    .text               stm32f4xx_it.o
    0x08002e50   0x00000014   Code   RO          381    .text               main.o
    0x08002e64   0x00000878   Code   RO          404    .text               pwm_out.o
    0x080036dc   0x00001138   Code   RO          495    .text               flash.o
    0x08004814   0x0000080c   Code   RO          519    .text               iic_hml.o
    0x08005020   0x000003a8   Code   RO          539    .text               i2c_soft.o
    0x080053c8   0x0000006c   Code   RO          561    .text               led.o
    0x08005434   0x000002dc   Code   RO          585    .text               time.o
    0x08005710   0x000000e0   Code   RO          671    .text               misc.o
    0x080057f0   0x000003a8   Code   RO          703    .text               stm32f4xx_dma.o
    0x08005b98   0x000004bc   Code   RO          735    .text               stm32f4xx_flash.o
    0x08006054   0x0000025c   Code   RO          751    .text               stm32f4xx_gpio.o
    0x080062b0   0x00000588   Code   RO          783    .text               stm32f4xx_rcc.o
    0x08006838   0x00000ca2   Code   RO          833    .text               stm32f4xx_tim.o
    0x080074da   0x00000002   PAD
    0x080074dc   0x0000041a   Code   RO          849    .text               stm32f4xx_usart.o
    0x080078f6   0x00000002   PAD
    0x080078f8   0x00000210   Code   RO          865    .text               system_stm32f4xx.o
    0x08007b08   0x00000040   Code   RO          889    .text               startup_stm32f4xx.o
    0x08007b48   0x00000da8   Code   RO          894    .text               imu.o
    0x080088f0   0x0000148c   Code   RO          930    .text               alt_fushion.o
    0x08009d7c   0x00000dac   Code   RO          971    .text               anotc_baro_ctrl.o
    0x0800ab28   0x00000910   Code   RO         1002    .text               mymath.o
    0x0800b438   0x00000828   Code   RO         1021    .text               filter.o
    0x0800bc60   0x00000c60   Code   RO         1059    .text               quar.o
    0x0800c8c0   0x00000100   Code   RO         1093    .text               rt_nonfinite.o
    0x0800c9c0   0x00000134   Code   RO         1120    .text               rtgetinf.o
    0x0800caf4   0x000000c8   Code   RO         1136    .text               rtgetnan.o
    0x0800cbbc   0x00001404   Code   RO         1148    .text               kf_oldx_nav.o
    0x0800dfc0   0x000050dc   Code   RO         1168    .text               pos_ctrl.o
    0x0801309c   0x000023d4   Code   RO         1197    .text               ctrl.o
    0x08015470   0x000023d8   Code   RO         1221    .text               height_ctrl.o
    0x08017848   0x0000956c   Code   RO         1245    .text               usart.o
    0x08020db4   0x00003706   Code   RO         1301    .text               data_transfer.o
    0x080244ba   0x00000002   PAD
    0x080244bc   0x00000670   Code   RO         1326    .text               rc.o
    0x08024b2c   0x000000e8   Code   RO         1353    .text               dma.o
    0x08024c14   0x00000f38   Code   RO         1369    .text               mpu6050.o
    0x08025b4c   0x000008da   Code   RO         1396    .text               ak8975.o
    0x08026426   0x00000002   PAD
    0x08026428   0x00000a80   Code   RO         1423    .text               bmp.o
    0x08026ea8   0x000003b8   Code   RO         1453    .text               ultrasonic.o
    0x08027260   0x00001514   Code   RO         1476    .text               eso_oldx.lib(eso.o)
    0x08028774   0x00000a18   Code   RO         1567    .text               cycle_cal_oldx.lib(cycle_cal_oldx.o)
    0x0802918c   0x00000048   Code   RO         1591    .text               c_w.l(llsdiv.o)
    0x080291d4   0x00000064   Code   RO         1593    .text               c_w.l(rt_memcpy_w.o)
    0x08029238   0x0000004e   Code   RO         1595    .text               c_w.l(rt_memclr_w.o)
    0x08029286   0x00000006   Code   RO         1597    .text               c_w.l(heapauxi.o)
    0x0802928c   0x000000ee   Code   RO         1762    .text               c_w.l(lludivv7m.o)
    0x0802937a   0x00000016   Code   RO         1764    .text               c_w.l(_rserrno.o)
    0x08029390   0x00000008   Code   RO         1858    .text               c_w.l(rt_errno_addr_intlibspace.o)
    0x08029398   0x00000008   Code   RO         1862    .text               c_w.l(libspace.o)
    0x080293a0   0x0000004a   Code   RO         1865    .text               c_w.l(sys_stackheap_outer.o)
    0x080293ea   0x00000012   Code   RO         1869    .text               c_w.l(exit.o)
    0x080293fc   0x0000000c   Code   RO         1949    .text               c_w.l(sys_exit.o)
    0x08029408   0x00000002   Code   RO         1966    .text               c_w.l(use_no_semi.o)
    0x0802940a   0x00000000   Code   RO         1968    .text               c_w.l(indicate_semi.o)
    0x0802940a   0x00000030   Code   RO         1798    i.__ARM_fpclassify  m_wm.l(fpclassify.o)
    0x0802943a   0x00000026   Code   RO         1800    i.__ARM_fpclassifyf  m_wm.l(fpclassifyf.o)
    0x08029460   0x00000360   Code   RO         1637    i.__hardfp_asin     m_wm.l(asin.o)
    0x080297c0   0x0000012c   Code   RO         1651    i.__hardfp_asinf    m_wm.l(asinf.o)
    0x080298ec   0x00000250   Code   RO         1663    i.__hardfp_atan2f   m_wm.l(atan2f.o)
    0x08029b3c   0x00000004   PAD
    0x08029b40   0x000000c8   Code   RO         1675    i.__hardfp_cos      m_wm.l(cos.o)
    0x08029c08   0x00000014   Code   RO         1687    i.__hardfp_fabs     m_wm.l(fabs.o)
    0x08029c1c   0x00000004   PAD
    0x08029c20   0x00000118   Code   RO         1693    i.__hardfp_floor    m_wm.l(floor.o)
    0x08029d38   0x00000c50   Code   RO         1699    i.__hardfp_pow      m_wm.l(pow.o)
    0x0802a988   0x000000c8   Code   RO         1713    i.__hardfp_sin      m_wm.l(sin.o)
    0x0802aa50   0x0000007a   Code   RO         1725    i.__hardfp_sqrt     m_wm.l(sqrt.o)
    0x0802aaca   0x0000003a   Code   RO         1737    i.__hardfp_sqrtf    m_wm.l(sqrtf.o)
    0x0802ab04   0x00000004   PAD
    0x0802ab08   0x00000080   Code   RO         1749    i.__hardfp_tan      m_wm.l(tan.o)
    0x0802ab88   0x00000438   Code   RO         1819    i.__ieee754_rem_pio2  m_wm.l(rred.o)
    0x0802afc0   0x00000170   Code   RO         1781    i.__kernel_cos      m_wm.l(cos_i.o)
    0x0802b130   0x000000f8   Code   RO         1816    i.__kernel_poly     m_wm.l(poly.o)
    0x0802b228   0x00000130   Code   RO         1824    i.__kernel_sin      m_wm.l(sin_i.o)
    0x0802b358   0x00000350   Code   RO         1830    i.__kernel_tan      m_wm.l(tan_i.o)
    0x0802b6a8   0x00000030   Code   RO         1784    i.__mathlib_dbl_divzero  m_wm.l(dunder.o)
    0x0802b6d8   0x00000014   Code   RO         1785    i.__mathlib_dbl_infnan  m_wm.l(dunder.o)
    0x0802b6ec   0x00000014   Code   RO         1786    i.__mathlib_dbl_infnan2  m_wm.l(dunder.o)
    0x0802b700   0x00000020   Code   RO         1787    i.__mathlib_dbl_invalid  m_wm.l(dunder.o)
    0x0802b720   0x00000020   Code   RO         1788    i.__mathlib_dbl_overflow  m_wm.l(dunder.o)
    0x0802b740   0x00000020   Code   RO         1790    i.__mathlib_dbl_underflow  m_wm.l(dunder.o)
    0x0802b760   0x00000006   Code   RO         1803    i.__mathlib_flt_infnan  m_wm.l(funder.o)
    0x0802b766   0x00000006   Code   RO         1804    i.__mathlib_flt_infnan2  m_wm.l(funder.o)
    0x0802b76c   0x00000010   Code   RO         1805    i.__mathlib_flt_invalid  m_wm.l(funder.o)
    0x0802b77c   0x00000010   Code   RO         1808    i.__mathlib_flt_underflow  m_wm.l(funder.o)
    0x0802b78c   0x00000018   Code   RO         1689    i.fabs              m_wm.l(fabs.o)
    0x0802b7a4   0x0000006e   Code   RO         1727    i.sqrt              m_wm.l(sqrt.o)
    0x0802b812   0x0000003e   Code   RO         1739    i.sqrtf             m_wm.l(sqrtf.o)
    0x0802b850   0x00000018   Code   RO         1601    x$fpl$basic         fz_wm.l(basic.o)
    0x0802b868   0x00000062   Code   RO         1603    x$fpl$d2f           fz_wm.l(d2f.o)
    0x0802b8ca   0x00000002   PAD
    0x0802b8cc   0x00000150   Code   RO         1605    x$fpl$dadd          fz_wm.l(daddsub_clz.o)
    0x0802ba1c   0x00000010   Code   RO         1860    x$fpl$dcheck1       fz_wm.l(dcheck1.o)
    0x0802ba2c   0x00000018   Code   RO         1766    x$fpl$dcmpinf       fz_wm.l(dcmpi.o)
    0x0802ba44   0x000002b0   Code   RO         1612    x$fpl$ddiv          fz_wm.l(ddiv.o)
    0x0802bcf4   0x00000078   Code   RO         1615    x$fpl$deqf          fz_wm.l(deqf.o)
    0x0802bd6c   0x0000005e   Code   RO         1617    x$fpl$dfix          fz_wm.l(dfix.o)
    0x0802bdca   0x0000002e   Code   RO         1622    x$fpl$dflt          fz_wm.l(dflt_clz.o)
    0x0802bdf8   0x00000026   Code   RO         1621    x$fpl$dfltu         fz_wm.l(dflt_clz.o)
    0x0802be1e   0x00000002   PAD
    0x0802be20   0x00000078   Code   RO         1627    x$fpl$dleqf         fz_wm.l(dleqf.o)
    0x0802be98   0x00000154   Code   RO         1629    x$fpl$dmul          fz_wm.l(dmul.o)
    0x0802bfec   0x0000009c   Code   RO         1768    x$fpl$dnaninf       fz_wm.l(dnaninf.o)
    0x0802c088   0x0000000c   Code   RO         1770    x$fpl$dretinf       fz_wm.l(dretinf.o)
    0x0802c094   0x0000006c   Code   RO         1631    x$fpl$drleqf        fz_wm.l(drleqf.o)
    0x0802c100   0x00000016   Code   RO         1606    x$fpl$drsb          fz_wm.l(daddsub_clz.o)
    0x0802c116   0x00000002   PAD
    0x0802c118   0x00000198   Code   RO         1772    x$fpl$dsqrt         fz_wm.l(dsqrt_umaal.o)
    0x0802c2b0   0x000001d4   Code   RO         1607    x$fpl$dsub          fz_wm.l(daddsub_clz.o)
    0x0802c484   0x00000056   Code   RO         1633    x$fpl$f2d           fz_wm.l(f2d.o)
    0x0802c4da   0x00000060   Code   RO         1635    x$fpl$ffltll        fz_wm.l(ffltll_clz.o)
    0x0802c53a   0x0000008c   Code   RO         1774    x$fpl$fnaninf       fz_wm.l(fnaninf.o)
    0x0802c5c6   0x0000000a   Code   RO         1947    x$fpl$fpinit        fz_wm.l(fpinit.o)
    0x0802c5d0   0x0000000a   Code   RO         1776    x$fpl$fretinf       fz_wm.l(fretinf.o)
    0x0802c5da   0x00000064   Code   RO         1877    x$fpl$retnan        fz_wm.l(retnan.o)
    0x0802c63e   0x0000005c   Code   RO         1778    x$fpl$scalbn        fz_wm.l(scalbn.o)
    0x0802c69a   0x00000030   Code   RO         1930    x$fpl$trapveneer    fz_wm.l(trapv.o)
    0x0802c6ca   0x00000000   Code   RO         1780    x$fpl$usenofp       fz_wm.l(usenofp.o)
    0x0802c6ca   0x00000002   PAD
    0x0802c6cc   0x00000030   Data   RO          287    .constdata          parameter.o
    0x0802c6fc   0x00000004   PAD
    0x0802c700   0x00000090   Data   RO          932    .constdata          alt_fushion.o
    0x0802c790   0x00000024   Data   RO         1061    .constdata          quar.o
    0x0802c7b4   0x00000004   PAD
    0x0802c7b8   0x0000003c   Data   RO         1149    .constdata          kf_oldx_nav.o
    0x0802c7f4   0x00000004   Data   RO         1170    .constdata          pos_ctrl.o
    0x0802c7f8   0x0000000c   Data   RO         1199    .constdata          ctrl.o
    0x0802c804   0x00000004   PAD
    0x0802c808   0x00000050   Data   RO         1640    .constdata          m_wm.l(asin.o)
    0x0802c858   0x00000088   Data   RO         1702    .constdata          m_wm.l(pow.o)
    0x0802c8e0   0x00000030   Data   RO         1782    .constdata          m_wm.l(cos_i.o)
    0x0802c910   0x00000008   Data   RO         1818    .constdata          m_wm.l(qnan.o)
    0x0802c918   0x000000c8   Data   RO         1821    .constdata          m_wm.l(rred.o)
    0x0802c9e0   0x00000028   Data   RO         1825    .constdata          m_wm.l(sin_i.o)
    0x0802ca08   0x00000060   Data   RO         1831    .constdata          m_wm.l(tan_i.o)
    0x0802ca68   0x00000020   Data   RO         2009    Region$$Table       anon$$obj.o


    Execution Region RW_IRAM1 (Base: 0x20000000, Size: 0x00007720, Max: 0x00020000, ABSOLUTE, COMPRESSED[0x00000758])

    Base Addr    Size         Type   Attr      Idx    E Section Name        Object

    0x20000000   0x0000007a   Data   RW            4    .data               scheduler.o
    0x2000007a   0x00000007   Data   RW          234    .data               init.o
    0x20000081   0x00000003   PAD
    0x20000084   0x00000008   Data   RW          288    .data               parameter.o
    0x2000008c   0x00000012   Data   RW          340    .data               fly_mode.o
    0x2000009e   0x00000001   Data   RW          382    .data               main.o
    0x2000009f   0x00000001   PAD
    0x200000a0   0x00000011   Data   RW          406    .data               pwm_out.o
    0x200000b1   0x00000003   PAD
    0x200000b4   0x0000002a   Data   RW          497    .data               flash.o
    0x200000de   0x00000002   PAD
    0x200000e0   0x00000010   Data   RW          521    .data               iic_hml.o
    0x200000f0   0x00000001   Data   RW          540    .data               i2c_soft.o
    0x200000f1   0x00000001   Data   RW          562    .data               led.o
    0x200000f2   0x00000002   PAD
    0x200000f4   0x00000014   Data   RW          587    .data               time.o
    0x20000108   0x00000010   Data   RW          784    .data               stm32f4xx_rcc.o
    0x20000118   0x00000014   Data   RW          866    .data               system_stm32f4xx.o
    0x2000012c   0x000000a8   Data   RW          896    .data               imu.o
    0x200001d4   0x00000004   PAD
    0x200001d8   0x0000037c   Data   RW          933    .data               alt_fushion.o
    0x20000554   0x0000003c   Data   RW          973    .data               anotc_baro_ctrl.o
    0x20000590   0x00000404   Data   RW         1003    .data               mymath.o
    0x20000994   0x00000059   Data   RW         1023    .data               filter.o
    0x200009ed   0x00000003   PAD
    0x200009f0   0x00000024   Data   RW         1094    .data               rt_nonfinite.o
    0x20000a14   0x00000004   PAD
    0x20000a18   0x0000016a   Data   RW         1171    .data               pos_ctrl.o
    0x20000b82   0x00000002   PAD
    0x20000b84   0x0000003c   Data   RW         1200    .data               ctrl.o
    0x20000bc0   0x0000017e   Data   RW         1223    .data               height_ctrl.o
    0x20000d3e   0x00000002   PAD
    0x20000d40   0x00000134   Data   RW         1247    .data               usart.o
    0x20000e74   0x00000034   Data   RW         1303    .data               data_transfer.o
    0x20000ea8   0x00000048   Data   RW         1328    .data               rc.o
    0x20000ef0   0x0000002d   Data   RW         1371    .data               mpu6050.o
    0x20000f1d   0x00000003   PAD
    0x20000f20   0x00000100   Data   RW         1398    .data               ak8975.o
    0x20001020   0x000000aa   Data   RW         1425    .data               bmp.o
    0x200010ca   0x00000002   PAD
    0x200010cc   0x0000000d   Data   RW         1455    .data               ultrasonic.o
    0x200010d9   0x00000003   PAD
    0x200010dc   0x00000040   Data   RW         1478    .data               eso_oldx.lib(eso.o)
    0x2000111c   0x00000034   Zero   RW            3    .bss                scheduler.o
    0x20001150   0x00000100   Zero   RW          286    .bss                parameter.o
    0x20001250   0x00000070   Zero   RW          339    .bss                fly_mode.o
    0x200012c0   0x00000044   Zero   RW          405    .bss                pwm_out.o
    0x20001304   0x000000c8   Zero   RW          496    .bss                flash.o
    0x200013cc   0x00000168   Zero   RW          586    .bss                time.o
    0x20001534   0x000000c8   Zero   RW          895    .bss                imu.o
    0x200015fc   0x00000004   PAD
    0x20001600   0x00000694   Zero   RW          931    .bss                alt_fushion.o
    0x20001c94   0x000000c4   Zero   RW          972    .bss                anotc_baro_ctrl.o
    0x20001d58   0x00001998   Zero   RW         1022    .bss                filter.o
    0x200036f0   0x000000e4   Zero   RW         1060    .bss                quar.o
    0x200037d4   0x00000004   PAD
    0x200037d8   0x00000460   Zero   RW         1169    .bss                pos_ctrl.o
    0x20003c38   0x00000278   Zero   RW         1198    .bss                ctrl.o
    0x20003eb0   0x00000520   Zero   RW         1222    .bss                height_ctrl.o
    0x200043d0   0x00001380   Zero   RW         1246    .bss                usart.o
    0x20005750   0x00000098   Zero   RW         1302    .bss                data_transfer.o
    0x200057e8   0x000000f0   Zero   RW         1327    .bss                rc.o
    0x200058d8   0x00000268   Zero   RW         1370    .bss                mpu6050.o
    0x20005b40   0x00000140   Zero   RW         1397    .bss                ak8975.o
    0x20005c80   0x00000514   Zero   RW         1424    .bss                bmp.o
    0x20006194   0x000000a4   Zero   RW         1454    .bss                ultrasonic.o
    0x20006238   0x000007e0   Zero   RW         1477    .bss                eso_oldx.lib(eso.o)
    0x20006a18   0x000000a8   Zero   RW         1568    .bss                cycle_cal_oldx.lib(cycle_cal_oldx.o)
    0x20006ac0   0x00000060   Zero   RW         1863    .bss                c_w.l(libspace.o)
    0x20006b20   0x00000400   Zero   RW          887    HEAP                startup_stm32f4xx.o
    0x20006f20   0x00000800   Zero   RW          886    STACK               startup_stm32f4xx.o


==============================================================================

Image component sizes


      Code (inc. data)   RO Data    RW Data    ZI Data      Debug   Object Name

      2266        122          0        256        320       7998   ak8975.o
      5260        386        144        892       1684      10328   alt_fushion.o
      3500        256          0         60        196       7082   anotc_baro_ctrl.o
      2688        264          0        170       1300       9439   bmp.o
      9172        632         12         60        632       6342   ctrl.o
     14086        646          0         52        152      18888   data_transfer.o
       232          4          0          0          0       1380   dma.o
      2088        122          0         89       6552       6750   filter.o
      4408        274          0         42        200       4235   flash.o
       400         54          0         18        112      10945   fly_mode.o
      9176       1068          0        382       1312      11430   height_ctrl.o
       936         10          0          1          0       4522   i2c_soft.o
      2060         20          0         16          0       9347   iic_hml.o
      3496        260          0        168        200       5460   imu.o
       492         64          0          7          0       2035   init.o
      5124        146         60          0          0       3879   kf_oldx_nav.o
       108         10          0          1          0        642   led.o
        20          4          0          1          0        653   main.o
       224         20          0          0          0       1925   misc.o
      3896        230          0         45        616      17490   mpu6050.o
      2320        150          0       1028          0       7384   mymath.o
      1348        118         48          8        256       4440   parameter.o
     20700       1576          4        362       1120      21670   pos_ctrl.o
      2168         90          0         17         68       5739   pwm_out.o
      3168        110         36          0        228       5317   quar.o
      1648        150          0         72        240       3603   rc.o
       256         26          0         36          0       3248   rt_nonfinite.o
       308         22          0          0          0       2653   rtgetinf.o
       200         18          0          0          0       1281   rtgetnan.o
      8960        910          0        122         52     294763   scheduler.o
        64         26        392          0       3072        888   startup_stm32f4xx.o
       936         32          0          0          0       6501   stm32f4xx_dma.o
      1212         26          0          0          0       7193   stm32f4xx_flash.o
       604         36          0          0          0       4229   stm32f4xx_gpio.o
        40          4          0          0          0       1157   stm32f4xx_it.o
      1416         48          0         16          0      11159   stm32f4xx_rcc.o
      3234         60          0          0          0      23124   stm32f4xx_tim.o
      1050         26          0          0          0       7968   stm32f4xx_usart.o
       528         46          0         20          0       1987   system_stm32f4xx.o
       732         42          0         20        360      21714   time.o
       952         52          0         13        164       3137   ultrasonic.o
     38252       1680          0        308       4992      38776   usart.o

    ----------------------------------------------------------------------
    159736       9840        740       4316      23836     618701   Object Totals
         0          0         32          0          0          0   (incl. Generated)
         8          0         12         34          8          0   (incl. Padding)

    ----------------------------------------------------------------------

      Code (inc. data)   RO Data    RW Data    ZI Data      Debug   Library Member Name

        90          0          0          0          0          0   __dczerorl2.o
         8          0          0          0          0         68   __main.o
         0          0          0          0          0          0   __rtentry.o
        12          0          0          0          0          0   __rtentry2.o
         6          0          0          0          0          0   __rtentry4.o
        52          8          0          0          0          0   __scatter.o
        28          0          0          0          0          0   __scatter_zi.o
        22          0          0          0          0        100   _rserrno.o
        18          0          0          0          0         80   exit.o
         6          0          0          0          0        152   heapauxi.o
         0          0          0          0          0          0   indicate_semi.o
         2          0          0          0          0          0   libinit.o
         6          0          0          0          0          0   libinit2.o
         2          0          0          0          0          0   libshutdown.o
         2          0          0          0          0          0   libshutdown2.o
         8          4          0          0         96         68   libspace.o
        72          0          0          0          0         76   llsdiv.o
       238          0          0          0          0        100   lludivv7m.o
         8          4          0          0          0         68   rt_errno_addr_intlibspace.o
        78          0          0          0          0         80   rt_memclr_w.o
       100          0          0          0          0         80   rt_memcpy_w.o
         2          0          0          0          0          0   rtexit.o
        10          0          0          0          0          0   rtexit2.o
        12          4          0          0          0         68   sys_exit.o
        74          0          0          0          0         80   sys_stackheap_outer.o
         2          0          0          0          0         68   use_no_semi.o
      2584         12          0          0        168       4813   cycle_cal_oldx.o
      5396        194          0         64       2016     226153   eso.o
        24          0          0          0          0        164   basic.o
        98          4          0          0          0        140   d2f.o
       826         16          0          0          0        492   daddsub_clz.o
        16          4          0          0          0        116   dcheck1.o
        24          0          0          0          0        116   dcmpi.o
       688        140          0          0          0        256   ddiv.o
       120          4          0          0          0        140   deqf.o
        94          4          0          0          0        140   dfix.o
        84          0          0          0          0        232   dflt_clz.o
       120          4          0          0          0        140   dleqf.o
       340         12          0          0          0        152   dmul.o
       156          4          0          0          0        140   dnaninf.o
        12          0          0          0          0        116   dretinf.o
       108          0          0          0          0        128   drleqf.o
       408         56          0          0          0        168   dsqrt_umaal.o
        86          4          0          0          0        132   f2d.o
        96          0          0          0          0        132   ffltll_clz.o
       140          4          0          0          0        132   fnaninf.o
        10          0          0          0          0        116   fpinit.o
        10          0          0          0          0        116   fretinf.o
       100          0          0          0          0        116   retnan.o
        92          0          0          0          0        116   scalbn.o
        48          0          0          0          0        116   trapv.o
         0          0          0          0          0          0   usenofp.o
       864         94         80          0          0        280   asin.o
       300         42          0          0          0        176   asinf.o
       592         90          0          0          0        184   atan2f.o
       200         20          0          0          0        164   cos.o
       368         46         48          0          0        200   cos_i.o
       184         44          0          0          0        744   dunder.o
        44          0          0          0          0        248   fabs.o
       280         28          0          0          0        156   floor.o
        48          0          0          0          0        124   fpclassify.o
        38          0          0          0          0        116   fpclassifyf.o
        44         12          0          0          0        464   funder.o
       248          0          0          0          0        152   poly.o
      3152        296        136          0          0        352   pow.o
         0          0          8          0          0          0   qnan.o
      1080        142        200          0          0        188   rred.o
       200         20          0          0          0        164   sin.o
       304         24         40          0          0        208   sin_i.o
       232          0          0          0          0        296   sqrt.o
       120          0          0          0          0        272   sqrtf.o
       128         20          0          0          0        144   tan.o
       848         84         96          0          0        196   tan_i.o

    ----------------------------------------------------------------------
     21836       1448        608         64       2280     240498   Library Totals
        24          4          0          0          0          0   (incl. Padding)

    ----------------------------------------------------------------------

      Code (inc. data)   RO Data    RW Data    ZI Data      Debug   Library Name

       858         20          0          0         96       1088   c_w.l
      2584         12          0          0        168       4813   cycle_cal_oldx.lib
      5396        194          0         64       2016     226153   eso_oldx.lib
      3700        256          0          0          0       3616   fz_wm.l
      9274        962        608          0          0       4828   m_wm.l

    ----------------------------------------------------------------------
     21836       1448        608         64       2280     240498   Library Totals

    ----------------------------------------------------------------------

==============================================================================


      Code (inc. data)   RO Data    RW Data    ZI Data      Debug   

    181572      11288       1348       4380      26116     843631   Grand Totals
    181572      11288       1348       1880      26116     843631   ELF Image Totals (compressed)
    181572      11288       1348       1880          0          0   ROM Totals

==============================================================================

    Total RO  Size (Code + RO Data)               182920 ( 178.63kB)
    Total RW  Size (RW Data + ZI Data)             30496 (  29.78kB)
    Total ROM Size (Code + RO Data + RW Data)     184800 ( 180.47kB)

==============================================================================

