Component: ARM Compiler 5.06 update 2 (build 183) Tool: armlink [4d35b7]

==============================================================================

Section Cross References

    scheduler.o(.text) refers to time.o(.text) for Get_Cycle_T
    scheduler.o(.text) refers to f2d.o(x$fpl$f2d) for __aeabi_f2d
    scheduler.o(.text) refers to dleqf.o(x$fpl$dleqf) for __aeabi_cdcmple
    scheduler.o(.text) refers to drleqf.o(x$fpl$drleqf) for __aeabi_cdrcmple
    scheduler.o(.text) refers to mpu6050.o(.text) for MPU6050_Read
    scheduler.o(.text) refers to dflt_clz.o(x$fpl$dfltu) for __aeabi_ui2d
    scheduler.o(.text) refers to imu.o(.text) for IMUupdate
    scheduler.o(.text) refers to ctrl.o(.text) for CTRL_1
    scheduler.o(.text) refers to rc.o(.text) for RC_Duty
    scheduler.o(.text) refers to usart.o(.text) for GOL_LINK_TASK
    scheduler.o(.text) refers to stm32f4xx_dma.o(.text) for DMA_GetFlagStatus
    scheduler.o(.text) refers to data_transfer.o(.text) for ANO_DT_Data_Exchange
    scheduler.o(.text) refers to dmul.o(x$fpl$dmul) for __aeabi_dmul
    scheduler.o(.text) refers to dfix.o(x$fpl$dfix) for __aeabi_d2iz
    scheduler.o(.text) refers to scheduler.o(.bss) for loop
    scheduler.o(.text) refers to scheduler.o(.data) for inner_loop_time
    scheduler.o(.text) refers to mpu6050.o(.bss) for mpu6050_fc
    scheduler.o(.text) refers to imu.o(.data) for Pit_fc
    scheduler.o(.text) refers to usart.o(.data) for NAV_BOARD_CONNECT
    scheduler.o(.text) refers to fly_mode.o(.bss) for mode
    scheduler.o(.text) refers to ctrl.o(.bss) for ctrl_2
    scheduler.o(.text) refers to usart.o(.bss) for flow_debug
    scheduler.o(.text) refers to ddiv.o(x$fpl$ddiv) for __aeabi_ddiv
    scheduler.o(.text) refers to height_ctrl.o(.bss) for hc_value
    scheduler.o(.text) refers to bmp.o(.bss) for baro
    scheduler.o(.text) refers to ctrl.o(.data) for thr_value
    scheduler.o(.text) refers to alt_fushion.o(.data) for ALT_POS_SONAR2
    scheduler.o(.text) refers to alt_fushion.o(.bss) for acc_body
    scheduler.o(.text) refers to height_ctrl.o(.data) for ultra_speed
    scheduler.o(.text) refers to pos_ctrl.o(.bss) for nav_spd_ctrl
    scheduler.o(.text) refers to stm32f4xx_usart.o(.text) for USART_DMACmd
    scheduler.o(.text) refers to dma.o(.text) for MYDMA_Enable
    scheduler.o(.text) refers to d2f.o(x$fpl$d2f) for __aeabi_d2f
    scheduler.o(.text) refers to anotc_baro_ctrl.o(.text) for baro_ctrl
    scheduler.o(.text) refers to pos_ctrl.o(.text) for AUTO_LAND_FLYUP
    scheduler.o(.text) refers to mymath.o(.text) for my_deathzoom_rc
    scheduler.o(.text) refers to rc.o(.bss) for RX_CH_FIX_PWM
    scheduler.o(.text) refers to rc.o(.data) for fly_ready
    scheduler.o(.text) refers to fly_mode.o(.text) for mode_check
    scheduler.o(.text) refers to ak8975.o(.text) for ANO_AK8975_Read
    scheduler.o(.text) refers to ultrasonic.o(.text) for Ultra_Duty
    scheduler.o(.text) refers to led.o(.text) for LEDRGB
    scheduler.o(.text) refers to pos_ctrl.o(.data) for state_v
    scheduler.o(.text) refers to time.o(.data) for time_1ms
    init.o(.text) refers to misc.o(.text) for NVIC_PriorityGroupConfig
    init.o(.text) refers to time.o(.text) for SysTick_Configuration
    init.o(.text) refers to i2c_soft.o(.text) for I2c_Soft_Init
    init.o(.text) refers to pwm_out.o(.text) for PWM_Out_Init
    init.o(.text) refers to mpu6050.o(.text) for MPU6050_Init
    init.o(.text) refers to led.o(.text) for LED_Init
    init.o(.text) refers to ak8975.o(.text) for HMC5883L_SetUp
    init.o(.text) refers to bmp.o(.text) for MS5611_Init_FC
    init.o(.text) refers to usart.o(.text) for Usart1_Init
    init.o(.text) refers to dma.o(.text) for MYDMA_Config
    init.o(.text) refers to stm32f4xx_usart.o(.text) for USART_DMACmd
    init.o(.text) refers to ultrasonic.o(.text) for Ultrasonic_Init
    init.o(.text) refers to flash.o(.text) for READ_PARM
    init.o(.text) refers to parameter.o(.text) for Para_Init
    init.o(.text) refers to init.o(.data) for mcuID
    init.o(.text) refers to usart.o(.bss) for SendBuff1
    init.o(.text) refers to fly_mode.o(.bss) for mode
    parameter.o(.text) refers to ctrl.o(.text) for Ctrl_Para_Init
    parameter.o(.text) refers to f2d.o(x$fpl$f2d) for __aeabi_f2d
    parameter.o(.text) refers to dflt_clz.o(x$fpl$dfltu) for __aeabi_ui2d
    parameter.o(.text) refers to ddiv.o(x$fpl$ddiv) for __aeabi_ddiv
    parameter.o(.text) refers to dleqf.o(x$fpl$dleqf) for __aeabi_cdcmple
    parameter.o(.text) refers to drleqf.o(x$fpl$drleqf) for __aeabi_cdrcmple
    parameter.o(.text) refers to dmul.o(x$fpl$dmul) for __aeabi_dmul
    parameter.o(.text) refers to d2f.o(x$fpl$d2f) for __aeabi_d2f
    parameter.o(.text) refers to mpu6050.o(.bss) for mpu6050
    parameter.o(.text) refers to parameter.o(.bss) for sensor_setup
    parameter.o(.text) refers to ak8975.o(.data) for ak8975
    parameter.o(.text) refers to ctrl.o(.bss) for ctrl_1
[...]
    __kernel_poly                            0x080293e9   Thumb Code   248  poly.o(i.__kernel_poly)
    __kernel_sin                             0x080294e1   Thumb Code   280  sin_i.o(i.__kernel_sin)
    __mathlib_dbl_divzero                    0x08029611   Thumb Code    28  dunder.o(i.__mathlib_dbl_divzero)
    __mathlib_dbl_infnan                     0x08029641   Thumb Code    20  dunder.o(i.__mathlib_dbl_infnan)
    __mathlib_dbl_infnan2                    0x08029655   Thumb Code    20  dunder.o(i.__mathlib_dbl_infnan2)
    __mathlib_dbl_invalid                    0x08029669   Thumb Code    24  dunder.o(i.__mathlib_dbl_invalid)
    __mathlib_dbl_overflow                   0x08029689   Thumb Code    24  dunder.o(i.__mathlib_dbl_overflow)
    __mathlib_dbl_underflow                  0x080296a9   Thumb Code    24  dunder.o(i.__mathlib_dbl_underflow)
    __mathlib_flt_infnan                     0x080296c9   Thumb Code     6  funder.o(i.__mathlib_flt_infnan)
    __mathlib_flt_infnan2                    0x080296cf   Thumb Code     6  funder.o(i.__mathlib_flt_infnan2)
    __mathlib_flt_invalid                    0x080296d5   Thumb Code    10  funder.o(i.__mathlib_flt_invalid)
    __mathlib_flt_underflow                  0x080296e5   Thumb Code    10  funder.o(i.__mathlib_flt_underflow)
    __mathlib_rredf2                         0x080296f5   Thumb Code   316  rredf.o(i.__mathlib_rredf2)
    atan                                     0x08029849   Thumb Code    16  atan.o(i.atan)
    fabs                                     0x08029859   Thumb Code    24  fabs.o(i.fabs)
    sqrt                                     0x08029871   Thumb Code   110  sqrt.o(i.sqrt)
    sqrtf                                    0x080298df   Thumb Code    62  sqrtf.o(i.sqrtf)
    __aeabi_dneg                             0x0802991d   Thumb Code     0  basic.o(x$fpl$basic)
    _dneg                                    0x0802991d   Thumb Code     6  basic.o(x$fpl$basic)
    __aeabi_fneg                             0x08029923   Thumb Code     0  basic.o(x$fpl$basic)
    _fneg                                    0x08029923   Thumb Code     6  basic.o(x$fpl$basic)
    _dabs                                    0x08029929   Thumb Code     6  basic.o(x$fpl$basic)
    _fabs                                    0x0802992f   Thumb Code     6  basic.o(x$fpl$basic)
    __aeabi_d2f                              0x08029935   Thumb Code     0  d2f.o(x$fpl$d2f)
    _d2f                                     0x08029935   Thumb Code    98  d2f.o(x$fpl$d2f)
    __aeabi_dadd                             0x08029999   Thumb Code     0  daddsub_clz.o(x$fpl$dadd)
    _dadd                                    0x08029999   Thumb Code   332  daddsub_clz.o(x$fpl$dadd)
    __fpl_dcheck_NaN1                        0x08029ae9   Thumb Code    10  dcheck1.o(x$fpl$dcheck1)
    __fpl_dcmp_Inf                           0x08029af9   Thumb Code    24  dcmpi.o(x$fpl$dcmpinf)
    __aeabi_ddiv                             0x08029b11   Thumb Code     0  ddiv.o(x$fpl$ddiv)
    _ddiv                                    0x08029b11   Thumb Code   552  ddiv.o(x$fpl$ddiv)
    __aeabi_cdcmpeq                          0x08029dc1   Thumb Code     0  deqf.o(x$fpl$deqf)
    _dcmpeq                                  0x08029dc1   Thumb Code   120  deqf.o(x$fpl$deqf)
    __aeabi_d2iz                             0x08029e39   Thumb Code     0  dfix.o(x$fpl$dfix)
    _dfix                                    0x08029e39   Thumb Code    94  dfix.o(x$fpl$dfix)
    __aeabi_i2d                              0x08029e97   Thumb Code     0  dflt_clz.o(x$fpl$dflt)
    _dflt                                    0x08029e97   Thumb Code    46  dflt_clz.o(x$fpl$dflt)
    __aeabi_ui2d                             0x08029ec5   Thumb Code     0  dflt_clz.o(x$fpl$dfltu)
    _dfltu                                   0x08029ec5   Thumb Code    38  dflt_clz.o(x$fpl$dfltu)
    __aeabi_cdcmple                          0x08029eed   Thumb Code     0  dleqf.o(x$fpl$dleqf)
    _dcmple                                  0x08029eed   Thumb Code   120  dleqf.o(x$fpl$dleqf)
    __fpl_dcmple_InfNaN                      0x08029f4f   Thumb Code     0  dleqf.o(x$fpl$dleqf)
    __aeabi_dmul                             0x08029f65   Thumb Code     0  dmul.o(x$fpl$dmul)
    _dmul                                    0x08029f65   Thumb Code   332  dmul.o(x$fpl$dmul)
    __fpl_dnaninf                            0x0802a0b9   Thumb Code   156  dnaninf.o(x$fpl$dnaninf)
    __fpl_dretinf                            0x0802a155   Thumb Code    12  dretinf.o(x$fpl$dretinf)
    __aeabi_cdrcmple                         0x0802a161   Thumb Code     0  drleqf.o(x$fpl$drleqf)
    _drcmple                                 0x0802a161   Thumb Code   108  drleqf.o(x$fpl$drleqf)
    __aeabi_drsub                            0x0802a1cd   Thumb Code     0  daddsub_clz.o(x$fpl$drsb)
    _drsb                                    0x0802a1cd   Thumb Code    22  daddsub_clz.o(x$fpl$drsb)
    _dsqrt                                   0x0802a1e5   Thumb Code   404  dsqrt_umaal.o(x$fpl$dsqrt)
    __aeabi_dsub                             0x0802a37d   Thumb Code     0  daddsub_clz.o(x$fpl$dsub)
    _dsub                                    0x0802a37d   Thumb Code   464  daddsub_clz.o(x$fpl$dsub)
    __aeabi_f2d                              0x0802a551   Thumb Code     0  f2d.o(x$fpl$f2d)
    _f2d                                     0x0802a551   Thumb Code    86  f2d.o(x$fpl$f2d)
    __aeabi_ul2f                             0x0802a5a7   Thumb Code     0  ffltll_clz.o(x$fpl$ffltll)
    _ll_uto_f                                0x0802a5a7   Thumb Code     6  ffltll_clz.o(x$fpl$ffltll)
    __aeabi_l2f                              0x0802a5ad   Thumb Code     0  ffltll_clz.o(x$fpl$ffltll)
    _ll_sto_f                                0x0802a5ad   Thumb Code    90  ffltll_clz.o(x$fpl$ffltll)
    __fpl_fnaninf                            0x0802a607   Thumb Code   140  fnaninf.o(x$fpl$fnaninf)
    _fp_init                                 0x0802a693   Thumb Code    10  fpinit.o(x$fpl$fpinit)
    __fplib_config_fpu_vfp                   0x0802a69b   Thumb Code     0  fpinit.o(x$fpl$fpinit)
    __fplib_config_pureend_doubles           0x0802a69b   Thumb Code     0  fpinit.o(x$fpl$fpinit)
    __fpl_fretinf                            0x0802a69d   Thumb Code    10  fretinf.o(x$fpl$fretinf)
    __fpl_return_NaN                         0x0802a6a7   Thumb Code   100  retnan.o(x$fpl$retnan)
    __ARM_scalbn                             0x0802a70b   Thumb Code    92  scalbn.o(x$fpl$scalbn)
    __fpl_cmpreturn                          0x0802a767   Thumb Code    48  trapv.o(x$fpl$trapveneer)
    __I$use$fp                               0x0802a796   Number         0  usenofp.o(x$fpl$usenofp)
    sinTable                                 0x0802a7e0   Data        2052  fastmath.o(.constdata)
    __mathlib_zero                           0x0802b2c8   Data           8  qnan.o(.constdata)
    Region$$Table$$Base                      0x0802b3e0   Number         0  anon$$obj.o(Region$$Table)
    Region$$Table$$Limit                     0x0802b400   Number         0  anon$$obj.o(Region$$Table)
    loop_cnt                                 0x20000000   Data           2  scheduler.o(.data)
    yaw_use_fc                               0x20000002   Data           1  scheduler.o(.data)
    inner_loop_time                          0x20000004   Data           4  scheduler.o(.data)
    inner_loop_time_yaw                      0x20000008   Data           4  scheduler.o(.data)
    Rol_fc1                                  0x2000000c   Data           4  scheduler.o(.data)
    Pit_fc1                                  0x20000010   Data           4  scheduler.o(.data)
    Yaw_fc1                                  0x20000014   Data           4  scheduler.o(.data)
    outer_loop_time                          0x20000018   Data           4  scheduler.o(.data)
    pos_time                                 0x2000001c   Data           4  scheduler.o(.data)
    baro_task_time                           0x20000020   Data           4  scheduler.o(.data)
    UART_UP_LOAD_SEL                         0x20000024   Data           1  scheduler.o(.data)
    UART_UP_LOAD_SEL_FORCE                   0x20000025   Data           1  scheduler.o(.data)
    force_flow_ble_debug                     0x20000026   Data           1  scheduler.o(.data)
    mcuID                                    0x20000037   Data           3  init.o(.data)
    ble_imu_force                            0x2000003a   Data           1  init.o(.data)
    flash_init_error                         0x2000003c   Data           1  parameter.o(.data)
    k_pid                                    0x20000040   Data           4  parameter.o(.data)
    k_sensitivity                            0x20000044   Data           4  parameter.o(.data)
    ero                                      0x20000048   Data           6  fly_mode.o(.data)
    mode_state                               0x2000004e   Data           1  fly_mode.o(.data)
    mode_state_old                           0x2000004f   Data           1  fly_mode.o(.data)
    Init_Finish                              0x20000050   Data           1  main.o(.data)
    motor_cal                                0x20000052   Data           1  pwm_out.o(.data)
    BEEP_RATE                                0x20000054   Data           2  pwm_out.o(.data)
    PMW_T                                    0x20000056   Data           1  pwm_out.o(.data)
    CH_out_Mapping                           0x20000057   Data           8  pwm_out.o(.data)
    sel                                      0x2000005f   Data           1  pwm_out.o(.data)
    I2C_FastMode                             0x20000060   Data           1  i2c_soft.o(.data)
    W25QXX_TYPE                              0x20000064   Data           2  flash.o(.data)
    FLASH_SIZE                               0x20000068   Data           4  flash.o(.data)
    LENGTH_OF_DRONE                          0x2000006c   Data           2  flash.o(.data)
    SONAR_HEIGHT                             0x20000070   Data           4  flash.o(.data)
    sysTickUptime                            0x20000074   Data           4  time.o(.data)
    time_1h                                  0x20000078   Data           4  time.o(.data)
    time_1m                                  0x2000007c   Data           4  time.o(.data)
    time_1s                                  0x20000080   Data           4  time.o(.data)
    time_1ms                                 0x20000084   Data           4  time.o(.data)
    SystemCoreClock                          0x2000009c   Data           4  system_stm32f4xx.o(.data)
    AHBPrescTable                            0x200000a0   Data          16  system_stm32f4xx.o(.data)
    Roll                                     0x200000b0   Data           4  imu.o(.data)
    Pitch                                    0x200000b4   Data           4  imu.o(.data)
    Yaw                                      0x200000b8   Data           4  imu.o(.data)
    Roll_mid_down                            0x200000bc   Data           4  imu.o(.data)
    Pitch_mid_down                           0x200000c0   Data           4  imu.o(.data)
    Yaw_mid_down                             0x200000c4   Data           4  imu.o(.data)
    Rol_fc                                   0x200000c8   Data           4  imu.o(.data)
    Pit_fc                                   0x200000cc   Data           4  imu.o(.data)
    Yaw_fc                                   0x200000d0   Data           4  imu.o(.data)
    ref_q                                    0x200000d4   Data          16  imu.o(.data)
    norm_acc                                 0x200000e4   Data           4  imu.o(.data)
    norm_q                                   0x200000e8   Data           4  imu.o(.data)
    norm_acc_lpf                             0x200000ec   Data           4  imu.o(.data)
    mag_norm                                 0x200000f0   Data           4  imu.o(.data)
    mag_norm_xyz                             0x200000f4   Data           4  imu.o(.data)
    acc_ng_cali                              0x200000f8   Data           1  imu.o(.data)
    yaw_mag                                  0x200000fc   Data           4  imu.o(.data)
    Yaw_fc_q                                 0x20000100   Data           4  imu.o(.data)
    beta                                     0x20000104   Data           4  imu.o(.data)
    q0_m_fc                                  0x20000108   Data           4  imu.o(.data)
    q1_m_fc                                  0x2000010c   Data           4  imu.o(.data)
    q2_m_fc                                  0x20000110   Data           4  imu.o(.data)
    q3_m_fc                                  0x20000114   Data           4  imu.o(.data)
    q0_fc                                    0x20000118   Data           4  imu.o(.data)
    q1_fc                                    0x2000011c   Data           4  imu.o(.data)
    q2_fc                                    0x20000120   Data           4  imu.o(.data)
    q3_fc                                    0x20000124   Data           4  imu.o(.data)
    ref_q_imd_down_fc                        0x20000128   Data          16  imu.o(.data)
    init_q                                   0x20000138   Data           1  imu.o(.data)
    Mag_P                                    0x2000013c   Data           4  imu.o(.data)
    Mag_R                                    0x20000140   Data           4  imu.o(.data)
    Mag_Y                                    0x20000144   Data           4  imu.o(.data)
    exAcc                                    0x20000148   Data           4  imu.o(.data)
    eyAcc                                    0x2000014c   Data           4  imu.o(.data)
    ezAcc                                    0x20000150   Data           4  imu.o(.data)
    exAccInt                                 0x20000154   Data           4  imu.o(.data)
    eyAccInt                                 0x20000158   Data           4  imu.o(.data)
    ezAccInt                                 0x2000015c   Data           4  imu.o(.data)
    exMag                                    0x20000160   Data           4  imu.o(.data)
    eyMag                                    0x20000164   Data           4  imu.o(.data)
    ezMag                                    0x20000168   Data           4  imu.o(.data)
    exMagInt                                 0x2000016c   Data           4  imu.o(.data)
    eyMagInt                                 0x20000170   Data           4  imu.o(.data)
    ezMagInt                                 0x20000174   Data           4  imu.o(.data)
    kpAcc                                    0x20000178   Data           4  imu.o(.data)
    kiAcc                                    0x2000017c   Data           4  imu.o(.data)
    q0                                       0x20000180   Data           4  imu.o(.data)
    q1                                       0x20000184   Data           4  imu.o(.data)
    q2                                       0x20000188   Data           4  imu.o(.data)
    q3                                       0x2000018c   Data           4  imu.o(.data)
    q0q0                                     0x20000190   Data           4  imu.o(.data)
    q0q1                                     0x20000194   Data           4  imu.o(.data)
    q0q2                                     0x20000198   Data           4  imu.o(.data)
    q0q3                                     0x2000019c   Data           4  imu.o(.data)
    q1q1                                     0x200001a0   Data           4  imu.o(.data)
    q1q2                                     0x200001a4   Data           4  imu.o(.data)
    q1q3                                     0x200001a8   Data           4  imu.o(.data)
    q2q2                                     0x200001ac   Data           4  imu.o(.data)
    q2q3                                     0x200001b0   Data           4  imu.o(.data)
    q3q3                                     0x200001b4   Data           4  imu.o(.data)
    halfT                                    0x200001b8   Data           4  imu.o(.data)
    MargAHRSinitialized                      0x200001bc   Data           1  imu.o(.data)
    KpAcc                                    0x200001c0   Data           4  imu.o(.data)
    KiAcc                                    0x200001c4   Data           4  imu.o(.data)
    KpMag                                    0x200001c8   Data           4  imu.o(.data)
    KiMag                                    0x200001cc   Data           4  imu.o(.data)
    accConfidenceDecay                       0x200001d0   Data           4  imu.o(.data)
    accConfidence                            0x200001d4   Data           4  imu.o(.data)
    ALT_POS_BMP                              0x200001e8   Data           4  alt_fushion.o(.data)
    ALT_VEL_BMP                              0x200001ec   Data           4  alt_fushion.o(.data)
    ALT_POS_SONAR                            0x200001f0   Data           4  alt_fushion.o(.data)
    ALT_VEL_SONAR                            0x200001f4   Data           4  alt_fushion.o(.data)
    ALT_POS_SONAR2                           0x200001f8   Data           4  alt_fushion.o(.data)
    ALT_POS_SONAR3                           0x200001fc   Data           4  alt_fushion.o(.data)
    ALT_POS_BMP_EKF                          0x20000200   Data           4  alt_fushion.o(.data)
    ALT_VEL_BMP_EKF                          0x20000204   Data           4  alt_fushion.o(.data)
    ALT_POS_BMP_UKF_OLDX                     0x20000208   Data           4  alt_fushion.o(.data)
    ALT_VEL_BMP_UKF_OLDX                     0x2000020c   Data           4  alt_fushion.o(.data)
    ALT_ACC_BMP_UKF_OLDX                     0x20000210   Data           4  alt_fushion.o(.data)
    P_baro                                   0x20000218   Data          72  alt_fushion.o(.data)
    P_barob                                  0x20000260   Data         128  alt_fushion.o(.data)
    gh                                       0x200002e0   Data           4  alt_fushion.o(.data)
    ga                                       0x200002e4   Data           4  alt_fushion.o(.data)
    gwa                                      0x200002e8   Data           4  alt_fushion.o(.data)
    P_kf_baro                                0x200002f0   Data          72  alt_fushion.o(.data)
    r_baro_ukf                               0x20000338   Data          16  alt_fushion.o(.data)
    q_baro_ukf                               0x20000348   Data          16  alt_fushion.o(.data)
    dead_accz                                0x20000358   Data           4  alt_fushion.o(.data)
    acc_off_baro                             0x2000035c   Data           4  alt_fushion.o(.data)
    acc_scale_bmp                            0x20000360   Data           4  alt_fushion.o(.data)
    k_flt_accz                               0x20000364   Data           4  alt_fushion.o(.data)
    acc_bmp                                  0x20000368   Data           4  alt_fushion.o(.data)
    X_apo_height                             0x2000036c   Data           8  alt_fushion.o(.data)
    P_apo_k_height                           0x20000374   Data          16  alt_fushion.o(.data)
    k_bais                                   0x20000384   Data           4  alt_fushion.o(.data)
    k_bais2                                  0x20000388   Data           4  alt_fushion.o(.data)
    r_baro                                   0x2000038c   Data           4  alt_fushion.o(.data)
    r_acc                                    0x20000390   Data           4  alt_fushion.o(.data)
    x_tst                                    0x20000394   Data           8  alt_fushion.o(.data)
    p_tst                                    0x2000039c   Data           8  alt_fushion.o(.data)
    kf_tst                                   0x200003a4   Data           8  alt_fushion.o(.data)
    k_acc_bais                               0x200003ac   Data           4  alt_fushion.o(.data)
    w_z_baro                                 0x200003b0   Data           4  alt_fushion.o(.data)
    w_acc_bias                               0x200003b4   Data           4  alt_fushion.o(.data)
    flag_ero                                 0x200003b8   Data           4  alt_fushion.o(.data)
    Alt_Offset_m1                            0x200003bc   Data           4  alt_fushion.o(.data)
    en_bias_fix                              0x200003c0   Data           4  alt_fushion.o(.data)
    flt_body_acc                             0x200003c4   Data           4  alt_fushion.o(.data)
    k_body_acc                               0x200003c8   Data           4  alt_fushion.o(.data)
    K_SONAR                                  0x200003cc   Data           4  alt_fushion.o(.data)
    acc_est                                  0x200003d0   Data           4  alt_fushion.o(.data)
    acc_est_imu                              0x200003d4   Data           4  alt_fushion.o(.data)
    fast_atan_table                          0x200003f4   Data        1028  mymath.o(.data)
    ACC_LOWPASS_TAU                          0x200007f8   Data           4  filter.o(.data)
    ACC_LOWPASS_SAMPLE_TIME                  0x200007fc   Data           4  filter.o(.data)
    ACC_LOWPASS_A                            0x20000800   Data           4  filter.o(.data)
    ACC_LOWPASS_GX1                          0x20000804   Data           4  filter.o(.data)
    ACC_LOWPASS_GX2                          0x20000808   Data           4  filter.o(.data)
    ACC_LOWPASS_GX3                          0x2000080c   Data           4  filter.o(.data)
    inner_set                                0x20000820   Data           4  ctrl.o(.data)
    en_h_inf                                 0x20000824   Data           1  ctrl.o(.data)
    k_rc_gyro_spd                            0x20000828   Data           4  ctrl.o(.data)
    thr_view                                 0x2000082c   Data           4  ctrl.o(.data)
    thr_value                                0x20000830   Data           4  ctrl.o(.data)
    Thr_Low                                  0x20000834   Data           1  ctrl.o(.data)
    Thr_Weight                               0x20000838   Data           4  ctrl.o(.data)
    force_Thr_low                            0x2000083c   Data           1  ctrl.o(.data)
    cnt_for_low                              0x2000083e   Data           2  ctrl.o(.data)
    motor_out                                0x20000840   Data           8  ctrl.o(.data)
    height_ctrl_mode                         0x20000858   Data           1  height_ctrl.o(.data)
    ultra_distance                           0x2000085c   Data           4  height_ctrl.o(.data)
    exp_height                               0x20000860   Data           4  height_ctrl.o(.data)
    set_height_e                             0x20000864   Data           4  height_ctrl.o(.data)
    set_height_em                            0x20000868   Data           4  height_ctrl.o(.data)
    set_speed_t                              0x2000086c   Data           4  height_ctrl.o(.data)
    set_speed                                0x20000870   Data           4  height_ctrl.o(.data)
    exp_speed                                0x20000874   Data           4  height_ctrl.o(.data)
    fb_speed                                 0x20000878   Data           4  height_ctrl.o(.data)
    exp_acc                                  0x2000087c   Data           4  height_ctrl.o(.data)
    fb_acc                                   0x20000880   Data           4  height_ctrl.o(.data)
    fb_speed_old                             0x20000884   Data           4  height_ctrl.o(.data)
    rng_time1                                0x20000888   Data           4  height_ctrl.o(.data)
    HOLD_THR                                 0x2000088c   Data           4  height_ctrl.o(.data)
    ALT_HOLD_THR_RANGE_SCALE                 0x20000890   Data           4  height_ctrl.o(.data)
    exp_spd_zv                               0x20000894   Data           4  height_ctrl.o(.data)
    thr_use                                  0x20000898   Data           4  height_ctrl.o(.data)
    thr_in_view                              0x2000089c   Data           4  height_ctrl.o(.data)
    exp_height_speed                         0x200008a0   Data           4  height_ctrl.o(.data)
    exp_height_speed_safe                    0x200008a4   Data           4  height_ctrl.o(.data)
    exp_height_safe                          0x200008a8   Data           4  height_ctrl.o(.data)
    ultra_speed                              0x200008ac   Data           4  height_ctrl.o(.data)
    ultra_speed_safe                         0x200008b0   Data           4  height_ctrl.o(.data)
    ultra_dis_lpf                            0x200008b4   Data           4  height_ctrl.o(.data)
    ultra_dis_lpf_safe                       0x200008b8   Data           4  height_ctrl.o(.data)
    ultra_ctrl_out_safe                      0x200008bc   Data           4  height_ctrl.o(.data)
    ultra_ctrl_out                           0x200008c0   Data           4  height_ctrl.o(.data)
    ultra_ctrl_out_use                       0x200008c4   Data           4  height_ctrl.o(.data)
    baro_speed_ano                           0x200008c8   Data           4  height_ctrl.o(.data)
    height_ctrl_out                          0x200008cc   Data           4  height_ctrl.o(.data)
    wz_acc                                   0x200008d0   Data           4  height_ctrl.o(.data)
    adrc_out                                 0x200008d4   Data           4  height_ctrl.o(.data)
    baro_cnt                                 0x200008d8   Data           4  height_ctrl.o(.data)
    switch_r                                 0x200008dc   Data           1  height_ctrl.o(.data)
    wz_acc_ukf                               0x200008e0   Data           4  height_ctrl.o(.data)
    sonar_spd                                0x200008e4   Data           4  height_ctrl.o(.data)
    BARO_HIHG_NUM                            0x200008e8   Data           1  height_ctrl.o(.data)
    baro_h_cnt                               0x200008ea   Data           4  height_ctrl.o(.data)
    baro_h_cnt1                              0x200008ee   Data           4  height_ctrl.o(.data)
    k_temp                                   0x200008f4   Data           4  height_ctrl.o(.data)
    hs_ctrl_cnt_max                          0x200008f8   Data           2  height_ctrl.o(.data)
    hold_alt_flag                            0x200008fa   Data           1  height_ctrl.o(.data)
    out_timer_high                           0x200008fc   Data           4  height_ctrl.o(.data)
    in_timer_high                            0x20000900   Data           4  height_ctrl.o(.data)
    baro_only_move                           0x20000904   Data           4  height_ctrl.o(.data)
    baro_only_move_flt                       0x20000908   Data           4  height_ctrl.o(.data)
    ano_temp                                 0x2000090c   Data           4  height_ctrl.o(.data)
    k_acc_ukf                                0x20000910   Data           4  height_ctrl.o(.data)
    mid_usp                                  0x20000914   Data           1  height_ctrl.o(.data)
    EN_TUO_ACC_FIX_H                         0x20000915   Data           1  height_ctrl.o(.data)
    off_inner                                0x20000918   Data           4  height_ctrl.o(.data)
    wz_acc_ukf1                              0x2000091c   Data           4  height_ctrl.o(.data)
    wz_acc1                                  0x20000920   Data           4  height_ctrl.o(.data)
    ultra_speed_bmp                          0x20000924   Data           4  height_ctrl.o(.data)
    tilted_fix1                              0x20000928   Data           4  height_ctrl.o(.data)
    k_d                                      0x2000092c   Data           4  height_ctrl.o(.data)
    p1                                       0x20000930   Data           4  height_ctrl.o(.data)
    p2                                       0x20000934   Data           4  height_ctrl.o(.data)
    speed_ctrl_sel                           0x20000938   Data           1  height_ctrl.o(.data)
    speed_spd_sel                            0x20000939   Data           1  height_ctrl.o(.data)
    wz_speed_old                             0x2000093c   Data           4  height_ctrl.o(.data)
    wz_acc_mms2                              0x20000940   Data           4  height_ctrl.o(.data)
    height_thrv                              0x20000944   Data           4  height_ctrl.o(.data)
    wz_speed_pid_v_view                      0x20000948   Data           4  height_ctrl.o(.data)
    wz_speed_pid_v_view_eso                  0x2000094c   Data           4  height_ctrl.o(.data)
    d_view                                   0x20000950   Data           4  height_ctrl.o(.data)
    ero_view                                 0x20000954   Data           8  height_ctrl.o(.data)
    baro_ctrl_start                          0x2000095c   Data           1  height_ctrl.o(.data)
    baro_height                              0x20000960   Data           4  height_ctrl.o(.data)
    ultra_sp_test                            0x20000964   Data           8  height_ctrl.o(.data)
    k_dh                                     0x2000096c   Data           4  height_ctrl.o(.data)
    nav_circle                               0x200009c0   Data           8  pos_ctrl.o(.data)
    nav_circle_last                          0x200009c8   Data           8  pos_ctrl.o(.data)
    circle_check                             0x200009d0   Data           4  pos_ctrl.o(.data)
    circle_lfp                               0x200009d4   Data           4  pos_ctrl.o(.data)
    k_back_step                              0x200009d8   Data           4  pos_ctrl.o(.data)
    nav                                      0x200009dc   Data           8  pos_ctrl.o(.data)
    GPS_angle                                0x200009e4   Data           8  pos_ctrl.o(.data)
    target_position                          0x200009ec   Data           8  pos_ctrl.o(.data)
    now_position                             0x200009f4   Data           8  pos_ctrl.o(.data)
    actual_speed                             0x200009fc   Data           8  pos_ctrl.o(.data)
    tar_speed                                0x20000a04   Data           8  pos_ctrl.o(.data)
    tar_speed_avoidc                         0x20000a0c   Data           8  pos_ctrl.o(.data)
    d_flow_watch                             0x20000a14   Data           8  pos_ctrl.o(.data)
    integrator                               0x20000a1c   Data           8  pos_ctrl.o(.data)
    k_break                                  0x20000a24   Data           4  pos_ctrl.o(.data)
    k_flt_break                              0x20000a28   Data           4  pos_ctrl.o(.data)
    cnt_sb_sample_max                        0x20000a2c   Data           1  pos_ctrl.o(.data)
    scale_flow_rc                            0x20000a30   Data           4  pos_ctrl.o(.data)
    r_circle                                 0x20000a34   Data           4  pos_ctrl.o(.data)
    d_angle                                  0x20000a38   Data           4  pos_ctrl.o(.data)
    circle_angle                             0x20000a3c   Data           4  pos_ctrl.o(.data)
    exp_center_cycle                         0x20000a40   Data          20  pos_ctrl.o(.data)
    line_test_num                            0x20000a54   Data           2  pos_ctrl.o(.data)
    tan_test_num                             0x20000a56   Data           4  pos_ctrl.o(.data)
    pos_exp_test                             0x20000a5a   Data           1  pos_ctrl.o(.data)
    yaw_qr_off                               0x20000a5c   Data           4  pos_ctrl.o(.data)
    out_timer_nav                            0x20000a60   Data           4  pos_ctrl.o(.data)
    in_timer_nav                             0x20000a64   Data           4  pos_ctrl.o(.data)
    mode_change                              0x20000a68   Data           1  pos_ctrl.o(.data)
    state_v                                  0x20000a69   Data           1  pos_ctrl.o(.data)
    force_pass                               0x20000a6a   Data           1  pos_ctrl.o(.data)
    AUTO_UP_CUARVE                           0x20000a6c   Data          18  pos_ctrl.o(.data)
    AUTO_DOWN_CUARVE                         0x20000a7e   Data          12  pos_ctrl.o(.data)
    AUTO_DOWN_CUARVE1                        0x20000a8a   Data          12  pos_ctrl.o(.data)
    dt_flow_rx                               0x20000ae8   Data           4  usart.o(.data)
    data_rate_gol_link                       0x20000aec   Data           2  usart.o(.data)
    LOCK                                     0x20000aee   Data           1  usart.o(.data)
    KEY                                      0x20000aef   Data           8  usart.o(.data)
    KEY_SEL                                  0x20000af7   Data           4  usart.o(.data)
    NAV_BOARD_CONNECT                        0x20000afb   Data           1  usart.o(.data)
    imu_loss_cnt                             0x20000afc   Data           4  usart.o(.data)
    baro_matlab_data                         0x20000b00   Data           8  usart.o(.data)
    POS_UKF_X                                0x20000b08   Data           4  usart.o(.data)
    POS_UKF_Y                                0x20000b0c   Data           4  usart.o(.data)
    VEL_UKF_X                                0x20000b10   Data           4  usart.o(.data)
    VEL_UKF_Y                                0x20000b14   Data           4  usart.o(.data)
    k_scale_pix                              0x20000b18   Data           4  usart.o(.data)
    pos_kf_state                             0x20000b1c   Data           3  usart.o(.data)
    TxCounter                                0x20000b1f   Data           1  usart.o(.data)
    count                                    0x20000b20   Data           1  usart.o(.data)
    RxState                                  0x20000b21   Data           1  usart.o(.data)
    RxBufferNum                              0x20000b22   Data           1  usart.o(.data)
    RxBufferCnt                              0x20000b23   Data           1  usart.o(.data)
    RxLen                                    0x20000b24   Data           1  usart.o(.data)
    com_data                                 0x20000b25   Data           1  usart.o(.data)
    PWM_DJI                                  0x20000b28   Data           8  usart.o(.data)
    TxCounter5                               0x20000b30   Data           1  usart.o(.data)
    count5                                   0x20000b31   Data           1  usart.o(.data)
    RxState5                                 0x20000b32   Data           1  usart.o(.data)
    RxBufferNum5                             0x20000b33   Data           1  usart.o(.data)
    RxBufferCnt5                             0x20000b34   Data           1  usart.o(.data)
    RxLen5                                   0x20000b35   Data           1  usart.o(.data)
    BLE_UP1                                  0x20000b38   Data          20  usart.o(.data)
    BLE_TEST                                 0x20000b4c   Data          20  usart.o(.data)
    BLE_BAUD                                 0x20000b60   Data          20  usart.o(.data)
    BLE_RENEW                                0x20000b74   Data          20  usart.o(.data)
    BLE_RATE                                 0x20000b88   Data          20  usart.o(.data)
    SET_PIN                                  0x20000b9c   Data          20  usart.o(.data)
    app_connect_fc_loss                      0x20000bb0   Data           4  usart.o(.data)
    app_connect_fc                           0x20000bb4   Data           1  usart.o(.data)
    lock_tx                                  0x20000bb5   Data           1  usart.o(.data)
    RxState_app                              0x20000bb6   Data           1  usart.o(.data)
    RxBufferNum_app                          0x20000bb7   Data           1  usart.o(.data)
    RxBufferCnt_app                          0x20000bb8   Data           1  usart.o(.data)
    RxLen_app                                0x20000bb9   Data           1  usart.o(.data)
    time_rc                                  0x20000bbc   Data           4  usart.o(.data)
    rc_board_connect                         0x20000bc0   Data           1  usart.o(.data)
    rc_board_connect_lose_cnt                0x20000bc2   Data           2  usart.o(.data)
    RxState4                                 0x20000bc4   Data           1  usart.o(.data)
    RxBufferNum4                             0x20000bc5   Data           1  usart.o(.data)
    RxBufferCnt4                             0x20000bc6   Data           1  usart.o(.data)
    RxLen4                                   0x20000bc7   Data           1  usart.o(.data)
    rate_gps_board                           0x20000bcc   Data           4  usart.o(.data)
    RxState3                                 0x20000bd0   Data           1  usart.o(.data)
    RxBufferNum3                             0x20000bd1   Data           1  usart.o(.data)
    RxBufferCnt3                             0x20000bd2   Data           1  usart.o(.data)
    RxLen3                                   0x20000bd3   Data           1  usart.o(.data)
    Angle_Yun                                0x20000bd8   Data           8  usart.o(.data)
    SendBuff1_cnt                            0x20000be0   Data           1  usart.o(.data)
    nrf_uart_cnt                             0x20000be2   Data           2  usart.o(.data)
    sd_pub_sel                               0x20000be4   Data           1  usart.o(.data)
    checkdata_to_send                        0x20000c0c   Data           1  data_transfer.o(.data)
    checksum_to_send                         0x20000c0d   Data           1  data_transfer.o(.data)
    fly_mode                                 0x20000c0e   Data           1  data_transfer.o(.data)
    off_flow_pos                             0x20000c10   Data           8  data_transfer.o(.data)
    flash_save_en_cnt                        0x20000c18   Data           2  data_transfer.o(.data)
    CH_in_Mapping                            0x20000c34   Data           8  rc.o(.data)
    rc_lose                                  0x20000c3c   Data           1  rc.o(.data)
    NS                                       0x20000c3d   Data           1  rc.o(.data)
    CH_Error                                 0x20000c3e   Data           8  rc.o(.data)
    NS_cnt                                   0x20000c46   Data           2  rc.o(.data)
    MAX_CH                                   0x20000c48   Data          16  rc.o(.data)
    MIN_CH                                   0x20000c58   Data          16  rc.o(.data)
    CH_DIR                                   0x20000c68   Data           8  rc.o(.data)
    filter_A                                 0x20000c70   Data           4  rc.o(.data)
    fly_ready                                0x20000c74   Data           1  rc.o(.data)
    thr_stick_low                            0x20000c75   Data           1  rc.o(.data)
    ready_cnt                                0x20000c76   Data           2  rc.o(.data)
    mag_cali_cnt                             0x20000c78   Data           2  rc.o(.data)
    locked_cnt                               0x20000c7a   Data           2  rc.o(.data)
    mpu6050_ok                               0x20000c7c   Data           1  mpu6050.o(.data)
    acc_sum_cnt                              0x20000c7e   Data           2  mpu6050.o(.data)
    gyro_sum_cnt                             0x20000c80   Data           2  mpu6050.o(.data)
    filter_cnt                               0x20000c82   Data           1  mpu6050.o(.data)
    filter_cnt_old                           0x20000c83   Data           1  mpu6050.o(.data)
    test_ang                                 0x20000c84   Data           4  mpu6050.o(.data)
    test_ang_old                             0x20000c88   Data           4  mpu6050.o(.data)
    test_ang_d                               0x20000c8c   Data           4  mpu6050.o(.data)
    test_fli_a                               0x20000c90   Data           4  mpu6050.o(.data)
    test_i                                   0x20000c94   Data           4  mpu6050.o(.data)
    ak8975                                   0x20000c98   Data          48  ak8975.o(.data)
    ak8975_fc                                0x20000cc8   Data          48  ak8975.o(.data)
    ak8975_ok                                0x20000d48   Data           1  ak8975.o(.data)
    hml_fix                                  0x20000d49   Data           1  ak8975.o(.data)
    Mag_CALIBRATED                           0x20000d4a   Data           1  ak8975.o(.data)
    Mag_CALIBRATED_R                         0x20000d4b   Data           1  ak8975.o(.data)
    HMC5883_lastx                            0x20000d4c   Data           4  ak8975.o(.data)
    HMC5883_lasty                            0x20000d50   Data           4  ak8975.o(.data)
    HMC5883_lastz                            0x20000d54   Data           4  ak8975.o(.data)
    HMC5883_maxx                             0x20000d58   Data           2  ak8975.o(.data)
    HMC5883_maxy                             0x20000d5a   Data           2  ak8975.o(.data)
    HMC5883_maxz                             0x20000d5c   Data           2  ak8975.o(.data)
    HMC5883_minx                             0x20000d5e   Data           2  ak8975.o(.data)
    HMC5883_miny                             0x20000d60   Data           2  ak8975.o(.data)
    HMC5883_minz                             0x20000d62   Data           2  ak8975.o(.data)
    MS5611_Temperature                       0x20000d98   Data           4  bmp.o(.data)
    MS5611_Pressure                          0x20000d9c   Data           4  bmp.o(.data)
    MS5611_Altitude                          0x20000da0   Data           4  bmp.o(.data)
    MS5611_VerticalSpeed                     0x20000da4   Data           4  bmp.o(.data)
    baro_alt_speed_ano                       0x20000da8   Data           4  bmp.o(.data)
    baroAlt                                  0x20000dac   Data           4  bmp.o(.data)
    baroAlt_fc                               0x20000db0   Data           4  bmp.o(.data)
    baro_set                                 0x20000db4   Data           1  bmp.o(.data)
    paOffsetNum                              0x20000dd0   Data           8  bmp.o(.data)
    paInitCnt                                0x20000dd8   Data           2  bmp.o(.data)
    paOffsetInited                           0x20000dda   Data           1  bmp.o(.data)
    Baro_ALT_Updated                         0x20000ddb   Data           1  bmp.o(.data)
    MS5611_Delay_us                          0x20000ddc   Data          36  bmp.o(.data)
    for_fly_ready                            0x20000e0e   Data           1  bmp.o(.data)
    angle_baro                               0x20000e10   Data           4  bmp.o(.data)
    ultra_start_f                            0x20000e28   Data           1  ultrasonic.o(.data)
    ultra_distance_old                       0x20000e2a   Data           2  ultrasonic.o(.data)
    measure_num                              0x20000e2c   Data           1  ultrasonic.o(.data)
    sonar_av_cnt                             0x20000e38   Data           2  anotc_baro_ctrl.o(.data)
    sonar_f_set                              0x20000e3c   Data          24  anotc_baro_ctrl.o(.data)
    baro_av_cnt                              0x20000e54   Data           2  anotc_baro_ctrl.o(.data)
    baro_f_set                               0x20000e58   Data          24  anotc_baro_ctrl.o(.data)
    sonar_weight                             0x20000e70   Data           4  anotc_baro_ctrl.o(.data)
    wz_speed                                 0x20000e74   Data           4  anotc_baro_ctrl.o(.data)
    baro_com_val                             0x20000e78   Data           4  anotc_baro_ctrl.o(.data)
    flt_eso                                  0x20000e84   Data           4  eso.o(.data)
    np                                       0x20000e88   Data           4  eso.o(.data)
    L1                                       0x20000e8c   Data           4  eso.o(.data)
    rtInf                                    0x20000ec8   Data           8  rt_nonfinite.o(.data)
    rtMinusInf                               0x20000ed0   Data           8  rt_nonfinite.o(.data)
    rtNaN                                    0x20000ed8   Data           8  rt_nonfinite.o(.data)
    rtInfF                                   0x20000ee0   Data           4  rt_nonfinite.o(.data)
    rtMinusInfF                              0x20000ee4   Data           4  rt_nonfinite.o(.data)
    rtNaNF                                   0x20000ee8   Data           4  rt_nonfinite.o(.data)
    Rc_Pwm_In                                0x20000eec   Data          16  scheduler.o(.bss)
    loop                                     0x20000efc   Data          16  scheduler.o(.bss)
    test                                     0x20000f0c   Data          20  scheduler.o(.bss)
    sensor_setup                             0x20000f20   Data          64  parameter.o(.bss)
    pid_setup                                0x20000f60   Data         192  parameter.o(.bss)
    mode_value                               0x20001020   Data          10  fly_mode.o(.bss)
    mode                                     0x2000102a   Data          86  fly_mode.o(.bss)
    W25QXX_BUFFER                            0x20001080   Data        4096  flash.o(.bss)
    FLASH_READ_BUF                           0x20002080   Data         100  flash.o(.bss)
    FLASH_Buffer                             0x200020e4   Data         100  flash.o(.bss)
    Cycle_T                                  0x20002148   Data         360  time.o(.bss)
    buf1                                     0x200022b0   Data          10  spi.o(.bss)
    reference_v                              0x200022bc   Data          12  imu.o(.bss)
    ref                                      0x200022c8   Data          60  imu.o(.bss)
    reference_vr_imd_down                    0x20002304   Data          12  imu.o(.bss)
    reference_vr                             0x20002310   Data          12  imu.o(.bss)
    q_nav                                    0x2000231c   Data          16  imu.o(.bss)
    ref_q_imd_down                           0x2000232c   Data          16  imu.o(.bss)
    mag_sim_3d                               0x2000233c   Data          12  imu.o(.bss)
    acc_3d_hg                                0x20002348   Data          12  imu.o(.bss)
    acc_ng                                   0x20002354   Data          12  imu.o(.bss)
    acc_ng_offset                            0x20002360   Data          12  imu.o(.bss)
    reference_vr_imd_down_fc                 0x2000236c   Data          12  imu.o(.bss)
    X_ukf_baro                               0x20002388   Data          24  alt_fushion.o(.bss)
    X_ukf_barob                              0x200023a0   Data          32  alt_fushion.o(.bss)
    X_kf_baro                                0x200023c0   Data          24  alt_fushion.o(.bss)
    acc_body                                 0x200023d8   Data          12  alt_fushion.o(.bss)
    acc_bias                                 0x200023e4   Data          12  alt_fushion.o(.bss)
    accel_bias_corr                          0x200023f0   Data          12  alt_fushion.o(.bss)
    eso_h_acc                                0x200023fc   Data         144  alt_fushion.o(.bss)
    eso_h_spd                                0x2000248c   Data         144  alt_fushion.o(.bss)
    firstOrderFilters                        0x20002654   Data         100  filter.o(.bss)
    e_R                                      0x200026b8   Data          12  quar.o(.bss)
    exp_angle                                0x200026c4   Data          12  quar.o(.bss)
    ero_angle_px4                            0x200026d0   Data          16  quar.o(.bss)
    angle_now                                0x200026e0   Data          12  quar.o(.bss)
    Q_control                                0x200026ec   Data          32  quar.o(.bss)
    R_control_set                            0x2000270c   Data          36  quar.o(.bss)
    R_control_ero                            0x20002730   Data          36  quar.o(.bss)
    R_control_now                            0x20002754   Data          36  quar.o(.bss)
    R_control_now_t                          0x20002778   Data          36  quar.o(.bss)
    ctrl_1                                   0x2000279c   Data         196  ctrl.o(.bss)
    ctrl_2                                   0x20002860   Data         196  ctrl.o(.bss)
    except_A                                 0x20002924   Data          12  ctrl.o(.bss)
    ctrl_angle_offset                        0x20002930   Data          12  ctrl.o(.bss)
    compensation                             0x2000293c   Data          12  ctrl.o(.bss)
    except_AS                                0x20002948   Data          12  ctrl.o(.bss)
    g_old                                    0x20002954   Data          28  ctrl.o(.bss)
    motor                                    0x20002970   Data          16  ctrl.o(.bss)
    posture_value                            0x20002980   Data          16  ctrl.o(.bss)
    curve                                    0x20002990   Data          16  ctrl.o(.bss)
    hc_value                                 0x200029a0   Data          24  height_ctrl.o(.bss)
    wz_speed_pid_v                           0x200029b8   Data          36  height_ctrl.o(.bss)
    wz_speed_pid_v_safe                      0x200029dc   Data          36  height_ctrl.o(.bss)
    wz_speed_pid_v_eso                       0x20002a00   Data          36  height_ctrl.o(.bss)
    ultra_ctrl                               0x20002a24   Data          36  height_ctrl.o(.bss)
    ultra_ctrl_safe                          0x20002a48   Data          36  height_ctrl.o(.bss)
    wz_speed_pid                             0x20002a6c   Data          16  height_ctrl.o(.bss)
    wz_speed_pid_safe                        0x20002a7c   Data          16  height_ctrl.o(.bss)
    wz_speed_pid_use                         0x20002a8c   Data          16  height_ctrl.o(.bss)
    ultra_pid_safe                           0x20002a9c   Data          16  height_ctrl.o(.bss)
    ultra_pid                                0x20002aac   Data          16  height_ctrl.o(.bss)
    ultra_pid_use                            0x20002abc   Data          16  height_ctrl.o(.bss)
    baro_speed_arr                           0x20002acc   Data         204  height_ctrl.o(.bss)
    baro_h_arr                               0x20002b98   Data         404  height_ctrl.o(.bss)
    baro_h_arr1                              0x20002d2c   Data         404  height_ctrl.o(.bss)
    circle                                   0x20002ec0   Data          92  pos_ctrl.o(.bss)
    track                                    0x20002f1c   Data          92  pos_ctrl.o(.bss)
    marker                                   0x20002f78   Data          76  pos_ctrl.o(.bss)
    out_back_step                            0x20002fc4   Data          12  pos_ctrl.o(.bss)
    acc_temp                                 0x20002fd0   Data          12  pos_ctrl.o(.bss)
    nav_pos_pid                              0x20002fdc   Data          28  pos_ctrl.o(.bss)
    nav_spd_pid                              0x20002ff8   Data          28  pos_ctrl.o(.bss)
    nav_acc_pid                              0x20003014   Data          28  pos_ctrl.o(.bss)
    nav_pos_ctrl                             0x20003030   Data          80  pos_ctrl.o(.bss)
    nav_spd_ctrl                             0x20003080   Data          80  pos_ctrl.o(.bss)
    nav_acc_ctrl                             0x200030d0   Data          80  pos_ctrl.o(.bss)
    DEBUG                                    0x20003134   Data         140  usart.o(.bss)
    BLE_DEBUG                                0x200031c0   Data          32  usart.o(.bss)
    m100                                     0x200031e0   Data         100  usart.o(.bss)
    color                                    0x20003244   Data          20  usart.o(.bss)
    HPID                                     0x20003258   Data          18  usart.o(.bss)
    SPID                                     0x2000326a   Data          18  usart.o(.bss)
    FIX_PID                                  0x2000327c   Data          18  usart.o(.bss)
    NAV_PID                                  0x2000328e   Data          18  usart.o(.bss)
    HPID_app                                 0x200032a0   Data          18  usart.o(.bss)
    SPID_app                                 0x200032b2   Data          18  usart.o(.bss)
    FIX_PID_app                              0x200032c4   Data          18  usart.o(.bss)
    NAV_PID_app                              0x200032d6   Data          18  usart.o(.bss)
    pid                                      0x200032e8   Data         320  usart.o(.bss)
    smart                                    0x20003428   Data          52  usart.o(.bss)
    smart_in                                 0x2000345c   Data          52  usart.o(.bss)
    Rc_Get                                   0x20003490   Data          26  usart.o(.bss)
    Rc_Get_PWM                               0x200034aa   Data          26  usart.o(.bss)
    plane                                    0x200034c4   Data         116  usart.o(.bss)
    slam                                     0x20003538   Data          20  usart.o(.bss)
    imu_nav                                  0x2000354c   Data         100  usart.o(.bss)
    flow_debug                               0x200035b0   Data          40  usart.o(.bss)
    flow_matlab_data                         0x200035d8   Data          16  usart.o(.bss)
    uart_time                                0x200035e8   Data          40  usart.o(.bss)
    TxBuffer                                 0x20003610   Data         256  usart.o(.bss)
    Rx_Buf                                   0x20003710   Data         256  usart.o(.bss)
    RxBuffer                                 0x20003810   Data          50  usart.o(.bss)
    imu_board                                0x20003844   Data          20  usart.o(.bss)
    mark_map                                 0x20003858   Data         200  usart.o(.bss)
    TxBuffer5                                0x20003920   Data         256  usart.o(.bss)
    Rx_Buf5                                  0x20003a20   Data         256  usart.o(.bss)
    RxBuffer5                                0x20003b20   Data          50  usart.o(.bss)
    Rx_Buf_app                               0x20003b52   Data         256  usart.o(.bss)
    RxBuffer_app                             0x20003c52   Data          50  usart.o(.bss)
    Rx_Buf4                                  0x20003c84   Data         256  usart.o(.bss)
    RxBuffer4                                0x20003d84   Data          50  usart.o(.bss)
    Rx_Buf3                                  0x20003db6   Data         256  usart.o(.bss)
    RxBuffer3                                0x20003eb6   Data          50  usart.o(.bss)
    SendBuff1                                0x20003ee8   Data          96  usart.o(.bss)
    SendBuff2                                0x20003f48   Data          40  usart.o(.bss)
    SendBuff3                                0x20003f70   Data          32  usart.o(.bss)
    SendBuff4                                0x20003f90   Data         192  usart.o(.bss)
    sd_save                                  0x20004050   Data         300  usart.o(.bss)
    f                                        0x2000417c   Data          21  data_transfer.o(.bss)
    data_to_send                             0x20004191   Data          50  data_transfer.o(.bss)
    RX_CH                                    0x20004200   Data          16  rc.o(.bss)
    CH                                       0x20004210   Data          16  rc.o(.bss)
    RX_CH_PWM                                0x20004220   Data          16  rc.o(.bss)
    RX_CH_FIX                                0x20004230   Data          16  rc.o(.bss)
    RX_CH_FIX_PWM                            0x20004240   Data          16  rc.o(.bss)
    CH_Old                                   0x20004250   Data          32  rc.o(.bss)
    CH_filter                                0x20004270   Data          32  rc.o(.bss)
    CH_filter_Old                            0x20004290   Data          32  rc.o(.bss)
    CH_filter_D                              0x200042b0   Data          32  rc.o(.bss)
    CLR_CH_Error                             0x200042d0   Data          16  rc.o(.bss)
    mpu6050                                  0x200042f0   Data         128  mpu6050.o(.bss)
    mpu6050_fc                               0x20004370   Data         128  mpu6050.o(.bss)
    mpu6050_buffer                           0x200043f0   Data          14  mpu6050.o(.bss)
    sum_temp                                 0x20004400   Data          28  mpu6050.o(.bss)
    FILT_BUF                                 0x2000441c   Data         154  mpu6050.o(.bss)
    mpu6050_tmp                              0x200044b8   Data          28  mpu6050.o(.bss)
    mpu_fil_tmp                              0x200044d4   Data          28  mpu6050.o(.bss)
    HMC5883_FIFO                             0x200045e0   Data          66  ak8975.o(.bss)
    baro                                     0x20004630   Data          48  bmp.o(.bss)
    ultra                                    0x2000466c   Data          48  ultrasonic.o(.bss)
    Distance                                 0x2000469c   Data         100  ultrasonic.o(.bss)
    sonar_av_arr                             0x2000470c   Data         200  anotc_baro_ctrl.o(.bss)
    sonar                                    0x200047d4   Data          24  anotc_baro_ctrl.o(.bss)
    sonar_fusion                             0x200047ec   Data          68  anotc_baro_ctrl.o(.bss)
    baro_av_arr                              0x20004830   Data         400  anotc_baro_ctrl.o(.bss)
    baro_p                                   0x200049c0   Data          24  anotc_baro_ctrl.o(.bss)
    baro_fusion                              0x200049d8   Data          68  anotc_baro_ctrl.o(.bss)
    eso_att_outter_c                         0x20004a1c   Data         576  eso.o(.bss)
    eso_att_inner_c                          0x20004c5c   Data         576  eso.o(.bss)
    eso_pos_spd                              0x20004e9c   Data         432  eso.o(.bss)
    eso_pos                                  0x2000504c   Data         432  eso.o(.bss)
    __libspace_start                         0x200051fc   Data          96  libspace.o(.bss)
    __temporary_stack_top$libspace           0x2000525c   Data           0  libspace.o(.bss)



==============================================================================

Memory Map of the image

  Image Entry point : 0x08000189

  Load Region LR_IROM1 (Base: 0x08000000, Size: 0x0002c2ec, Max: 0x00100000, ABSOLUTE, COMPRESSED[0x0002ba48])

    Execution Region ER_IROM1 (Base: 0x08000000, Size: 0x0002b400, Max: 0x00100000, ABSOLUTE)

    Base Addr    Size         Type   Attr      Idx    E Section Name        Object

    0x08000000   0x00000188   Data   RO          830    RESET               startup_stm32f4xx.o
    0x08000188   0x00000008   Code   RO         1532  * !!!main             c_w.l(__main.o)
    0x08000190   0x00000034   Code   RO         1981    !!!scatter          c_w.l(__scatter.o)
    0x080001c4   0x0000005a   Code   RO         1979    !!dczerorl2         c_w.l(__dczerorl2.o)
    0x0800021e   0x00000002   PAD
    0x08000220   0x0000001c   Code   RO         1983    !!handler_zi        c_w.l(__scatter_zi.o)
    0x0800023c   0x00000002   Code   RO         1844    .ARM.Collect$$libinit$$00000000  c_w.l(libinit.o)
    0x0800023e   0x00000004   Code   RO         1853    .ARM.Collect$$libinit$$00000001  c_w.l(libinit2.o)
    0x08000242   0x00000000   Code   RO         1856    .ARM.Collect$$libinit$$00000004  c_w.l(libinit2.o)
    0x08000242   0x00000000   Code   RO         1859    .ARM.Collect$$libinit$$0000000A  c_w.l(libinit2.o)
    0x08000242   0x00000000   Code   RO         1861    .ARM.Collect$$libinit$$0000000C  c_w.l(libinit2.o)
    0x08000242   0x00000000   Code   RO         1863    .ARM.Collect$$libinit$$0000000E  c_w.l(libinit2.o)
    0x08000242   0x00000000   Code   RO         1866    .ARM.Collect$$libinit$$00000011  c_w.l(libinit2.o)
    0x08000242   0x00000000   Code   RO         1868    .ARM.Collect$$libinit$$00000013  c_w.l(libinit2.o)
    0x08000242   0x00000000   Code   RO         1870    .ARM.Collect$$libinit$$00000015  c_w.l(libinit2.o)
    0x08000242   0x00000000   Code   RO         1872    .ARM.Collect$$libinit$$00000017  c_w.l(libinit2.o)
    0x08000242   0x00000000   Code   RO         1874    .ARM.Collect$$libinit$$00000019  c_w.l(libinit2.o)
    0x08000242   0x00000000   Code   RO         1876    .ARM.Collect$$libinit$$0000001B  c_w.l(libinit2.o)
    0x08000242   0x00000000   Code   RO         1878    .ARM.Collect$$libinit$$0000001D  c_w.l(libinit2.o)
    0x08000242   0x00000000   Code   RO         1880    .ARM.Collect$$libinit$$0000001F  c_w.l(libinit2.o)
    0x08000242   0x00000000   Code   RO         1882    .ARM.Collect$$libinit$$00000021  c_w.l(libinit2.o)
    0x08000242   0x00000000   Code   RO         1884    .ARM.Collect$$libinit$$00000023  c_w.l(libinit2.o)
    0x08000242   0x00000000   Code   RO         1886    .ARM.Collect$$libinit$$00000025  c_w.l(libinit2.o)
    0x08000242   0x00000000   Code   RO         1890    .ARM.Collect$$libinit$$0000002C  c_w.l(libinit2.o)
    0x08000242   0x00000000   Code   RO         1892    .ARM.Collect$$libinit$$0000002E  c_w.l(libinit2.o)
    0x08000242   0x00000000   Code   RO         1894    .ARM.Collect$$libinit$$00000030  c_w.l(libinit2.o)
    0x08000242   0x00000000   Code   RO         1896    .ARM.Collect$$libinit$$00000032  c_w.l(libinit2.o)
    0x08000242   0x00000002   Code   RO         1897    .ARM.Collect$$libinit$$00000033  c_w.l(libinit2.o)
    0x08000244   0x00000002   Code   RO         1929    .ARM.Collect$$libshutdown$$00000000  c_w.l(libshutdown.o)
    0x08000246   0x00000000   Code   RO         1946    .ARM.Collect$$libshutdown$$00000002  c_w.l(libshutdown2.o)
    0x08000246   0x00000000   Code   RO         1948    .ARM.Collect$$libshutdown$$00000004  c_w.l(libshutdown2.o)
    0x08000246   0x00000000   Code   RO         1951    .ARM.Collect$$libshutdown$$00000007  c_w.l(libshutdown2.o)
    0x08000246   0x00000000   Code   RO         1954    .ARM.Collect$$libshutdown$$0000000A  c_w.l(libshutdown2.o)
    0x08000246   0x00000000   Code   RO         1956    .ARM.Collect$$libshutdown$$0000000C  c_w.l(libshutdown2.o)
    0x08000246   0x00000000   Code   RO         1959    .ARM.Collect$$libshutdown$$0000000F  c_w.l(libshutdown2.o)
    0x08000246   0x00000002   Code   RO         1960    .ARM.Collect$$libshutdown$$00000010  c_w.l(libshutdown2.o)
    0x08000248   0x00000000   Code   RO         1732    .ARM.Collect$$rtentry$$00000000  c_w.l(__rtentry.o)
    0x08000248   0x00000000   Code   RO         1805    .ARM.Collect$$rtentry$$00000002  c_w.l(__rtentry2.o)
    0x08000248   0x00000006   Code   RO         1817    .ARM.Collect$$rtentry$$00000004  c_w.l(__rtentry4.o)
    0x0800024e   0x00000000   Code   RO         1807    .ARM.Collect$$rtentry$$00000009  c_w.l(__rtentry2.o)
    0x0800024e   0x00000004   Code   RO         1808    .ARM.Collect$$rtentry$$0000000A  c_w.l(__rtentry2.o)
    0x08000252   0x00000000   Code   RO         1810    .ARM.Collect$$rtentry$$0000000C  c_w.l(__rtentry2.o)
    0x08000252   0x00000008   Code   RO         1811    .ARM.Collect$$rtentry$$0000000D  c_w.l(__rtentry2.o)
    0x0800025a   0x00000002   Code   RO         1847    .ARM.Collect$$rtexit$$00000000  c_w.l(rtexit.o)
    0x0800025c   0x00000000   Code   RO         1901    .ARM.Collect$$rtexit$$00000002  c_w.l(rtexit2.o)
    0x0800025c   0x00000004   Code   RO         1902    .ARM.Collect$$rtexit$$00000003  c_w.l(rtexit2.o)
    0x08000260   0x00000006   Code   RO         1903    .ARM.Collect$$rtexit$$00000004  c_w.l(rtexit2.o)
    0x08000266   0x00000002   PAD
    0x08000268   0x000015d4   Code   RO            2    .text               scheduler.o
    0x0800183c   0x00000130   Code   RO          217    .text               init.o
    0x0800196c   0x00000570   Code   RO          257    .text               parameter.o
    0x08001edc   0x000000e8   Code   RO          310    .text               fly_mode.o
    0x08001fc4   0x00000014   Code   RO          337    .text               main.o
    0x08001fd8   0x0000002c   Code   RO          359    .text               stm32f4xx_it.o
    0x08002004   0x000003cc   Code   RO          375    .text               pwm_out.o
    0x080023d0   0x00000424   Code   RO          445    .text               iic_hml.o
    0x080027f4   0x000003a8   Code   RO          464    .text               i2c_soft.o
    0x08002b9c   0x0000006c   Code   RO          490    .text               led.o
    0x08002c08   0x00000ca8   Code   RO          511    .text               flash.o
    0x080038b0   0x00000280   Code   RO          534    .text               time.o
    0x08003b30   0x000001c4   Code   RO          561    .text               spi.o
    0x08003cf4   0x000000e0   Code   RO          581    .text               misc.o
    0x08003dd4   0x000003a8   Code   RO          629    .text               stm32f4xx_dma.o
    0x0800417c   0x000004bc   Code   RO          661    .text               stm32f4xx_flash.o
    0x08004638   0x0000025c   Code   RO          677    .text               stm32f4xx_gpio.o
    0x08004894   0x00000588   Code   RO          725    .text               stm32f4xx_rcc.o
    0x08004e1c   0x000003f8   Code   RO          743    .text               stm32f4xx_spi.o
    0x08005214   0x00000ca2   Code   RO          775    .text               stm32f4xx_tim.o
    0x08005eb6   0x00000002   PAD
    0x08005eb8   0x0000041a   Code   RO          791    .text               stm32f4xx_usart.o
    0x080062d2   0x00000002   PAD
    0x080062d4   0x00000210   Code   RO          807    .text               system_stm32f4xx.o
    0x080064e4   0x00000040   Code   RO          831    .text               startup_stm32f4xx.o
    0x08006524   0x00003420   Code   RO          836    .text               imu.o
    0x08009944   0x00000ef8   Code   RO          871    .text               alt_fushion.o
    0x0800a83c   0x00000910   Code   RO          913    .text               mymath.o
    0x0800b14c   0x000006f0   Code   RO          932    .text               filter.o
    0x0800b83c   0x000013f8   Code   RO          954    .text               fastmath.o
    0x0800cc34   0x000021d0   Code   RO          970    .text               quar.o
    0x0800ee04   0x00001f78   Code   RO         1009    .text               ctrl.o
    0x08010d7c   0x00001e64   Code   RO         1032    .text               height_ctrl.o
    0x08012be0   0x00003a60   Code   RO         1056    .text               pos_ctrl.o
    0x08016640   0x000083a8   Code   RO         1081    .text               usart.o
    0x0801e9e8   0x000028a4   Code   RO         1144    .text               data_transfer.o
    0x0802128c   0x0000066c   Code   RO         1169    .text               rc.o
    0x080218f8   0x000000e8   Code   RO         1196    .text               dma.o
    0x080219e0   0x00000998   Code   RO         1212    .text               mpu6050.o
    0x08022378   0x0000092c   Code   RO         1236    .text               ak8975.o
    0x08022ca4   0x0000077c   Code   RO         1267    .text               bmp.o
    0x08023420   0x000003b8   Code   RO         1298    .text               ultrasonic.o
    0x080237d8   0x000005e4   Code   RO         1321    .text               anotc_baro_ctrl.o
    0x08023dbc   0x00001758   Code   RO         1347    .text               kf_oldx.lib(kf_oldx.o)
    0x08025514   0x0000150c   Code   RO         1384    .text               eso.lib(eso.o)
    0x08026a20   0x00000100   Code   RO         1474    .text               kf_oldx.lib(rt_nonfinite.o)
    0x08026b20   0x00000134   Code   RO         1498    .text               kf_oldx.lib(rtgetinf.o)
    0x08026c54   0x000000c8   Code   RO         1510    .text               kf_oldx.lib(rtgetnan.o)
    0x08026d1c   0x00000048   Code   RO         1524    .text               c_w.l(llsdiv.o)
    0x08026d64   0x00000064   Code   RO         1526    .text               c_w.l(rt_memcpy_w.o)
    0x08026dc8   0x0000004e   Code   RO         1528    .text               c_w.l(rt_memclr_w.o)
    0x08026e16   0x00000006   Code   RO         1530    .text               c_w.l(heapauxi.o)
    0x08026e1c   0x000000ee   Code   RO         1733    .text               c_w.l(lludivv7m.o)
    0x08026f0a   0x00000016   Code   RO         1735    .text               c_w.l(_rserrno.o)
    0x08026f20   0x00000008   Code   RO         1826    .text               c_w.l(rt_errno_addr_intlibspace.o)
    0x08026f28   0x00000008   Code   RO         1830    .text               c_w.l(libspace.o)
    0x08026f30   0x0000004a   Code   RO         1833    .text               c_w.l(sys_stackheap_outer.o)
    0x08026f7a   0x00000012   Code   RO         1837    .text               c_w.l(exit.o)
    0x08026f8c   0x0000000c   Code   RO         1917    .text               c_w.l(sys_exit.o)
    0x08026f98   0x00000002   Code   RO         1934    .text               c_w.l(use_no_semi.o)
    0x08026f9a   0x00000000   Code   RO         1936    .text               c_w.l(indicate_semi.o)
    0x08026f9a   0x00000030   Code   RO         1769    i.__ARM_fpclassify  m_wm.l(fpclassify.o)
    0x08026fca   0x00000026   Code   RO         1771    i.__ARM_fpclassifyf  m_wm.l(fpclassifyf.o)
    0x08026ff0   0x00000360   Code   RO         1570    i.__hardfp_asin     m_wm.l(asin.o)
    0x08027350   0x0000012c   Code   RO         1584    i.__hardfp_asinf    m_wm.l(asinf.o)
    0x0802747c   0x00000004   PAD
    0x08027480   0x000002d8   Code   RO         1596    i.__hardfp_atan     m_wm.l(atan.o)
    0x08027758   0x000001f0   Code   RO         1610    i.__hardfp_atan2    m_wm.l(atan2.o)
    0x08027948   0x00000250   Code   RO         1622    i.__hardfp_atan2f   m_wm.l(atan2f.o)
    0x08027b98   0x000000c8   Code   RO         1634    i.__hardfp_cos      m_wm.l(cos.o)
    0x08027c60   0x00000150   Code   RO         1646    i.__hardfp_cosf     m_wm.l(cosf.o)
    0x08027db0   0x00000014   Code   RO         1658    i.__hardfp_fabs     m_wm.l(fabs.o)
    0x08027dc4   0x00000004   PAD
    0x08027dc8   0x00000118   Code   RO         1664    i.__hardfp_floor    m_wm.l(floor.o)
    0x08027ee0   0x00000c50   Code   RO         1670    i.__hardfp_pow      m_wm.l(pow.o)
    0x08028b30   0x000000c8   Code   RO         1684    i.__hardfp_sin      m_wm.l(sin.o)
    0x08028bf8   0x00000190   Code   RO         1696    i.__hardfp_sinf     m_wm.l(sinf.o)
    0x08028d88   0x0000007a   Code   RO         1708    i.__hardfp_sqrt     m_wm.l(sqrt.o)
    0x08028e02   0x0000003a   Code   RO         1720    i.__hardfp_sqrtf    m_wm.l(sqrtf.o)
    0x08028e3c   0x00000004   PAD
    0x08028e40   0x00000438   Code   RO         1790    i.__ieee754_rem_pio2  m_wm.l(rred.o)
    0x08029278   0x00000170   Code   RO         1752    i.__kernel_cos      m_wm.l(cos_i.o)
    0x080293e8   0x000000f8   Code   RO         1787    i.__kernel_poly     m_wm.l(poly.o)
    0x080294e0   0x00000130   Code   RO         1798    i.__kernel_sin      m_wm.l(sin_i.o)
    0x08029610   0x00000030   Code   RO         1755    i.__mathlib_dbl_divzero  m_wm.l(dunder.o)
    0x08029640   0x00000014   Code   RO         1756    i.__mathlib_dbl_infnan  m_wm.l(dunder.o)
    0x08029654   0x00000014   Code   RO         1757    i.__mathlib_dbl_infnan2  m_wm.l(dunder.o)
    0x08029668   0x00000020   Code   RO         1758    i.__mathlib_dbl_invalid  m_wm.l(dunder.o)
    0x08029688   0x00000020   Code   RO         1759    i.__mathlib_dbl_overflow  m_wm.l(dunder.o)
    0x080296a8   0x00000020   Code   RO         1761    i.__mathlib_dbl_underflow  m_wm.l(dunder.o)
    0x080296c8   0x00000006   Code   RO         1774    i.__mathlib_flt_infnan  m_wm.l(funder.o)
    0x080296ce   0x00000006   Code   RO         1775    i.__mathlib_flt_infnan2  m_wm.l(funder.o)
    0x080296d4   0x00000010   Code   RO         1776    i.__mathlib_flt_invalid  m_wm.l(funder.o)
    0x080296e4   0x00000010   Code   RO         1779    i.__mathlib_flt_underflow  m_wm.l(funder.o)
    0x080296f4   0x00000154   Code   RO         1795    i.__mathlib_rredf2  m_wm.l(rredf.o)
    0x08029848   0x00000010   Code   RO         1598    i.atan              m_wm.l(atan.o)
    0x08029858   0x00000018   Code   RO         1660    i.fabs              m_wm.l(fabs.o)
    0x08029870   0x0000006e   Code   RO         1710    i.sqrt              m_wm.l(sqrt.o)
    0x080298de   0x0000003e   Code   RO         1722    i.sqrtf             m_wm.l(sqrtf.o)
    0x0802991c   0x00000018   Code   RO         1534    x$fpl$basic         fz_wm.l(basic.o)
    0x08029934   0x00000062   Code   RO         1536    x$fpl$d2f           fz_wm.l(d2f.o)
    0x08029996   0x00000002   PAD
    0x08029998   0x00000150   Code   RO         1538    x$fpl$dadd          fz_wm.l(daddsub_clz.o)
    0x08029ae8   0x00000010   Code   RO         1828    x$fpl$dcheck1       fz_wm.l(dcheck1.o)
    0x08029af8   0x00000018   Code   RO         1737    x$fpl$dcmpinf       fz_wm.l(dcmpi.o)
    0x08029b10   0x000002b0   Code   RO         1545    x$fpl$ddiv          fz_wm.l(ddiv.o)
    0x08029dc0   0x00000078   Code   RO         1548    x$fpl$deqf          fz_wm.l(deqf.o)
    0x08029e38   0x0000005e   Code   RO         1550    x$fpl$dfix          fz_wm.l(dfix.o)
    0x08029e96   0x0000002e   Code   RO         1555    x$fpl$dflt          fz_wm.l(dflt_clz.o)
    0x08029ec4   0x00000026   Code   RO         1554    x$fpl$dfltu         fz_wm.l(dflt_clz.o)
    0x08029eea   0x00000002   PAD
    0x08029eec   0x00000078   Code   RO         1560    x$fpl$dleqf         fz_wm.l(dleqf.o)
    0x08029f64   0x00000154   Code   RO         1562    x$fpl$dmul          fz_wm.l(dmul.o)
    0x0802a0b8   0x0000009c   Code   RO         1739    x$fpl$dnaninf       fz_wm.l(dnaninf.o)
    0x0802a154   0x0000000c   Code   RO         1741    x$fpl$dretinf       fz_wm.l(dretinf.o)
    0x0802a160   0x0000006c   Code   RO         1564    x$fpl$drleqf        fz_wm.l(drleqf.o)
    0x0802a1cc   0x00000016   Code   RO         1539    x$fpl$drsb          fz_wm.l(daddsub_clz.o)
    0x0802a1e2   0x00000002   PAD
    0x0802a1e4   0x00000198   Code   RO         1743    x$fpl$dsqrt         fz_wm.l(dsqrt_umaal.o)
    0x0802a37c   0x000001d4   Code   RO         1540    x$fpl$dsub          fz_wm.l(daddsub_clz.o)
    0x0802a550   0x00000056   Code   RO         1566    x$fpl$f2d           fz_wm.l(f2d.o)
    0x0802a5a6   0x00000060   Code   RO         1568    x$fpl$ffltll        fz_wm.l(ffltll_clz.o)
    0x0802a606   0x0000008c   Code   RO         1745    x$fpl$fnaninf       fz_wm.l(fnaninf.o)
    0x0802a692   0x0000000a   Code   RO         1915    x$fpl$fpinit        fz_wm.l(fpinit.o)
    0x0802a69c   0x0000000a   Code   RO         1747    x$fpl$fretinf       fz_wm.l(fretinf.o)
    0x0802a6a6   0x00000064   Code   RO         1845    x$fpl$retnan        fz_wm.l(retnan.o)
    0x0802a70a   0x0000005c   Code   RO         1749    x$fpl$scalbn        fz_wm.l(scalbn.o)
    0x0802a766   0x00000030   Code   RO         1898    x$fpl$trapveneer    fz_wm.l(trapv.o)
    0x0802a796   0x00000000   Code   RO         1751    x$fpl$usenofp       fz_wm.l(usenofp.o)
    0x0802a796   0x00000002   PAD
    0x0802a798   0x00000030   Data   RO          259    .constdata          parameter.o
    0x0802a7c8   0x00000018   Data   RO          873    .constdata          alt_fushion.o
    0x0802a7e0   0x00000880   Data   RO          955    .constdata          fastmath.o
    0x0802b060   0x00000024   Data   RO          972    .constdata          quar.o
    0x0802b084   0x0000001c   Data   RO         1058    .constdata          pos_ctrl.o
    0x0802b0a0   0x00000084   Data   RO         1348    .constdata          kf_oldx.lib(kf_oldx.o)
    0x0802b124   0x00000004   PAD
    0x0802b128   0x00000050   Data   RO         1573    .constdata          m_wm.l(asin.o)
    0x0802b178   0x00000098   Data   RO         1599    .constdata          m_wm.l(atan.o)
    0x0802b210   0x00000088   Data   RO         1673    .constdata          m_wm.l(pow.o)
    0x0802b298   0x00000030   Data   RO         1753    .constdata          m_wm.l(cos_i.o)
    0x0802b2c8   0x00000008   Data   RO         1789    .constdata          m_wm.l(qnan.o)
    0x0802b2d0   0x000000c8   Data   RO         1792    .constdata          m_wm.l(rred.o)
    0x0802b398   0x00000020   Data   RO         1796    .constdata          m_wm.l(rredf.o)
    0x0802b3b8   0x00000028   Data   RO         1799    .constdata          m_wm.l(sin_i.o)
    0x0802b3e0   0x00000020   Data   RO         1977    Region$$Table       anon$$obj.o


    Execution Region RW_IRAM1 (Base: 0x20000000, Size: 0x00005e60, Max: 0x00020000, ABSOLUTE, COMPRESSED[0x00000648])

    Base Addr    Size         Type   Attr      Idx    E Section Name        Object

    0x20000000   0x00000037   Data   RW            4    .data               scheduler.o
    0x20000037   0x00000004   Data   RW          218    .data               init.o
    0x2000003b   0x00000001   PAD
    0x2000003c   0x0000000c   Data   RW          260    .data               parameter.o
    0x20000048   0x00000008   Data   RW          312    .data               fly_mode.o
    0x20000050   0x00000001   Data   RW          338    .data               main.o
    0x20000051   0x00000001   PAD
    0x20000052   0x0000000e   Data   RW          376    .data               pwm_out.o
    0x20000060   0x00000001   Data   RW          465    .data               i2c_soft.o
    0x20000061   0x00000001   Data   RW          491    .data               led.o
    0x20000062   0x00000002   PAD
    0x20000064   0x00000010   Data   RW          513    .data               flash.o
    0x20000074   0x00000014   Data   RW          536    .data               time.o
    0x20000088   0x00000001   Data   RW          563    .data               spi.o
    0x20000089   0x00000010   Data   RW          726    .data               stm32f4xx_rcc.o
    0x20000099   0x00000003   PAD
    0x2000009c   0x00000014   Data   RW          808    .data               system_stm32f4xx.o
    0x200000b0   0x00000138   Data   RW          838    .data               imu.o
    0x200001e8   0x0000020c   Data   RW          874    .data               alt_fushion.o
    0x200003f4   0x00000404   Data   RW          914    .data               mymath.o
    0x200007f8   0x00000025   Data   RW          934    .data               filter.o
    0x2000081d   0x00000003   PAD
    0x20000820   0x00000038   Data   RW         1011    .data               ctrl.o
    0x20000858   0x00000168   Data   RW         1034    .data               height_ctrl.o
    0x200009c0   0x00000126   Data   RW         1059    .data               pos_ctrl.o
    0x20000ae6   0x00000002   PAD
    0x20000ae8   0x00000124   Data   RW         1083    .data               usart.o
    0x20000c0c   0x00000028   Data   RW         1146    .data               data_transfer.o
    0x20000c34   0x00000048   Data   RW         1171    .data               rc.o
    0x20000c7c   0x0000001c   Data   RW         1214    .data               mpu6050.o
    0x20000c98   0x00000100   Data   RW         1238    .data               ak8975.o
    0x20000d98   0x0000008d   Data   RW         1269    .data               bmp.o
    0x20000e25   0x00000003   PAD
    0x20000e28   0x0000000d   Data   RW         1300    .data               ultrasonic.o
    0x20000e35   0x00000003   PAD
    0x20000e38   0x0000004c   Data   RW         1323    .data               anotc_baro_ctrl.o
    0x20000e84   0x00000040   Data   RW         1386    .data               eso.lib(eso.o)
    0x20000ec4   0x00000004   PAD
    0x20000ec8   0x00000024   Data   RW         1475    .data               kf_oldx.lib(rt_nonfinite.o)
    0x20000eec   0x00000034   Zero   RW            3    .bss                scheduler.o
    0x20000f20   0x00000100   Zero   RW          258    .bss                parameter.o
    0x20001020   0x00000060   Zero   RW          311    .bss                fly_mode.o
    0x20001080   0x000010c8   Zero   RW          512    .bss                flash.o
    0x20002148   0x00000168   Zero   RW          535    .bss                time.o
    0x200022b0   0x0000000a   Zero   RW          562    .bss                spi.o
    0x200022ba   0x00000002   PAD
    0x200022bc   0x000000c8   Zero   RW          837    .bss                imu.o
    0x20002384   0x00000004   PAD
    0x20002388   0x000002cc   Zero   RW          872    .bss                alt_fushion.o
    0x20002654   0x00000064   Zero   RW          933    .bss                filter.o
    0x200026b8   0x000000e4   Zero   RW          971    .bss                quar.o
    0x2000279c   0x00000204   Zero   RW         1010    .bss                ctrl.o
    0x200029a0   0x00000520   Zero   RW         1033    .bss                height_ctrl.o
    0x20002ec0   0x00000274   Zero   RW         1057    .bss                pos_ctrl.o
    0x20003134   0x00001048   Zero   RW         1082    .bss                usart.o
    0x2000417c   0x00000083   Zero   RW         1145    .bss                data_transfer.o
    0x200041ff   0x00000001   PAD
    0x20004200   0x000000f0   Zero   RW         1170    .bss                rc.o
    0x200042f0   0x00000200   Zero   RW         1213    .bss                mpu6050.o
    0x200044f0   0x00000140   Zero   RW         1237    .bss                ak8975.o
    0x20004630   0x0000003c   Zero   RW         1268    .bss                bmp.o
    0x2000466c   0x000000a0   Zero   RW         1299    .bss                ultrasonic.o
    0x2000470c   0x00000310   Zero   RW         1322    .bss                anotc_baro_ctrl.o
    0x20004a1c   0x000007e0   Zero   RW         1385    .bss                eso.lib(eso.o)
    0x200051fc   0x00000060   Zero   RW         1831    .bss                c_w.l(libspace.o)
    0x2000525c   0x00000004   PAD
    0x20005260   0x00000400   Zero   RW          829    HEAP                startup_stm32f4xx.o
    0x20005660   0x00000800   Zero   RW          828    STACK               startup_stm32f4xx.o


==============================================================================

Image component sizes


      Code (inc. data)   RO Data    RW Data    ZI Data      Debug   Object Name

      2348        124          0        256        320       8002   ak8975.o
      3832        402         24        524        716      10660   alt_fushion.o
      1508        140          0         76        784       6206   anotc_baro_ctrl.o
      1916        182          0        141         60       7143   bmp.o
      8056        536          0         56        516       5749   ctrl.o
     10404        478          0         40        131      13376   data_transfer.o
       232          4          0          0          0       1380   dma.o
      5112        288       2176          0          0      11903   fastmath.o
      1776         72          0         37        100       5775   filter.o
      3240        170          0         16       4296       7548   flash.o
       232         28          0          8         96      10863   fly_mode.o
      7780        854          0        360       1312      10615   height_ctrl.o
       936         10          0          1          0       4478   i2c_soft.o
      1060         14          0          0          0       4755   iic_hml.o
     13344        764          0        312        200      14251   imu.o
       304         42          0          4          0       1472   init.o
       108         10          0          1          0        642   led.o
        20          4          0          1          0        653   main.o
       224         20          0          0          0       1925   misc.o
      2456        118          0         28        512      16662   mpu6050.o
      2320        150          0       1028          0       7384   mymath.o
      1392        132         48         12        256       4490   parameter.o
     14944       1182         28        294        628      11887   pos_ctrl.o
       972         30          0         14          0       3651   pwm_out.o
      8656        150         36          0        228      12024   quar.o
      1644        148          0         72        240       3603   rc.o
      5588        602          0         55         52     301404   scheduler.o
       452         20          0          1         10       2130   spi.o
        64         26        392          0       3072        888   startup_stm32f4xx.o
       936         32          0          0          0       6501   stm32f4xx_dma.o
      1212         26          0          0          0       7193   stm32f4xx_flash.o
       604         36          0          0          0       4229   stm32f4xx_gpio.o
        44          4          0          0          0       1349   stm32f4xx_it.o
      1416         48          0         16          0      11159   stm32f4xx_rcc.o
      1016         22          0          0          0       6953   stm32f4xx_spi.o
      3234         60          0          0          0      23124   stm32f4xx_tim.o
      1050         26          0          0          0       7968   stm32f4xx_usart.o
       528         46          0         20          0       1987   system_stm32f4xx.o
       640         38          0         20        360      21388   time.o
       952         52          0         13        160       3137   ultrasonic.o
     33704       1464          0        292       4168      35594   usart.o

    ----------------------------------------------------------------------
    146260       8554       2736       3716      18224     622101   Object Totals
         0          0         32          0          0          0   (incl. Generated)
         4          0          0         18          7          0   (incl. Padding)

    ----------------------------------------------------------------------

      Code (inc. data)   RO Data    RW Data    ZI Data      Debug   Library Member Name

        90          0          0          0          0          0   __dczerorl2.o
         8          0          0          0          0         68   __main.o
         0          0          0          0          0          0   __rtentry.o
        12          0          0          0          0          0   __rtentry2.o
         6          0          0          0          0          0   __rtentry4.o
        52          8          0          0          0          0   __scatter.o
        28          0          0          0          0          0   __scatter_zi.o
        22          0          0          0          0        100   _rserrno.o
        18          0          0          0          0         80   exit.o
         6          0          0          0          0        152   heapauxi.o
         0          0          0          0          0          0   indicate_semi.o
         2          0          0          0          0          0   libinit.o
         6          0          0          0          0          0   libinit2.o
         2          0          0          0          0          0   libshutdown.o
         2          0          0          0          0          0   libshutdown2.o
         8          4          0          0         96         68   libspace.o
        72          0          0          0          0         76   llsdiv.o
       238          0          0          0          0        100   lludivv7m.o
         8          4          0          0          0         68   rt_errno_addr_intlibspace.o
        78          0          0          0          0         80   rt_memclr_w.o
       100          0          0          0          0         80   rt_memcpy_w.o
         2          0          0          0          0          0   rtexit.o
        10          0          0          0          0          0   rtexit2.o
        12          4          0          0          0         68   sys_exit.o
        74          0          0          0          0         80   sys_stackheap_outer.o
         2          0          0          0          0         68   use_no_semi.o
      5388        194          0         64       2016     226145   eso.o
        24          0          0          0          0        164   basic.o
        98          4          0          0          0        140   d2f.o
       826         16          0          0          0        492   daddsub_clz.o
        16          4          0          0          0        116   dcheck1.o
        24          0          0          0          0        116   dcmpi.o
       688        140          0          0          0        256   ddiv.o
       120          4          0          0          0        140   deqf.o
        94          4          0          0          0        140   dfix.o
        84          0          0          0          0        232   dflt_clz.o
       120          4          0          0          0        140   dleqf.o
       340         12          0          0          0        152   dmul.o
       156          4          0          0          0        140   dnaninf.o
        12          0          0          0          0        116   dretinf.o
       108          0          0          0          0        128   drleqf.o
       408         56          0          0          0        168   dsqrt_umaal.o
        86          4          0          0          0        132   f2d.o
        96          0          0          0          0        132   ffltll_clz.o
       140          4          0          0          0        132   fnaninf.o
        10          0          0          0          0        116   fpinit.o
        10          0          0          0          0        116   fretinf.o
       100          0          0          0          0        116   retnan.o
        92          0          0          0          0        116   scalbn.o
        48          0          0          0          0        116   trapv.o
         0          0          0          0          0          0   usenofp.o
      5976        170        132          0          0       6610   kf_oldx.o
       256         26          0         36          0       1984   rt_nonfinite.o
       308         22          0          0          0       1934   rtgetinf.o
       200         18          0          0          0       1305   rtgetnan.o
       864         94         80          0          0        280   asin.o
       300         42          0          0          0        176   asinf.o
       744        106        152          0          0        352   atan.o
       496         64          0          0          0        192   atan2.o
       592         90          0          0          0        184   atan2f.o
       200         20          0          0          0        164   cos.o
       368         46         48          0          0        200   cos_i.o
       336         56          0          0          0        136   cosf.o
       184         44          0          0          0        744   dunder.o
        44          0          0          0          0        248   fabs.o
       280         28          0          0          0        156   floor.o
        48          0          0          0          0        124   fpclassify.o
        38          0          0          0          0        116   fpclassifyf.o
        44         12          0          0          0        464   funder.o
       248          0          0          0          0        152   poly.o
      3152        296        136          0          0        352   pow.o
         0          0          8          0          0          0   qnan.o
      1080        142        200          0          0        188   rred.o
       340         24         32          0          0        160   rredf.o
       200         20          0          0          0        164   sin.o
       304         24         40          0          0        208   sin_i.o
       400         56          0          0          0        212   sinf.o
       232          0          0          0          0        296   sqrt.o
       120          0          0          0          0        272   sqrtf.o

    ----------------------------------------------------------------------
     27324       1874        832        104       2116     248222   Library Totals
        24          4          4          4          4          0   (incl. Padding)

    ----------------------------------------------------------------------

      Code (inc. data)   RO Data    RW Data    ZI Data      Debug   Library Name

       858         20          0          0         96       1088   c_w.l
      5388        194          0         64       2016     226145   eso.lib
      3700        256          0          0          0       3616   fz_wm.l
      6740        236        132         36          0      11833   kf_oldx.lib
     10614       1164        696          0          0       5540   m_wm.l

    ----------------------------------------------------------------------
     27324       1874        832        104       2116     248222   Library Totals

    ----------------------------------------------------------------------

==============================================================================


      Code (inc. data)   RO Data    RW Data    ZI Data      Debug   

    173584      10428       3568       3820      20340     853655   Grand Totals
    173584      10428       3568       1608      20340     853655   ELF Image Totals (compressed)
    173584      10428       3568       1608          0          0   ROM Totals

==============================================================================

    Total RO  Size (Code + RO Data)               177152 ( 173.00kB)
    Total RW  Size (RW Data + ZI Data)             24160 (  23.59kB)
    Total ROM Size (Code + RO Data + RW Data)     178760 ( 174.57kB)

==============================================================================

